Archive member included because of file (symbol)

D:/CW11.0/CW MCU v11.0/MCU/ARM_GCC_Support/ewl/lib/armv6-m\libc.a(exit.o)
                              ./Project_Settings/Startup_Code/__arm_start.o (exit)
D:/CW11.0/CW MCU v11.0/MCU/ARM_GCC_Support/ewl/lib/armv6-m\libc.a(memset.o)
                              ./Project_Settings/Startup_Code/__arm_start.o (memset)
D:/CW11.0/CW MCU v11.0/MCU/ARM_GCC_Support/ewl/lib/armv6-m\libc.a(__filll_mem.o)
                              D:/CW11.0/CW MCU v11.0/MCU/ARM_GCC_Support/ewl/lib/armv6-m\libc.a(memset.o) (__fill_mem)
d:/cw11.0/cw mcu v11.0/cross_tools/arm-none-eabi-gcc-4_7_3/bin/../lib/gcc/arm-none-eabi/4.7.3/armv6-m\libgcc.a(_thumb1_case_uqi.o)
                              ./Sources/LIN_Stack/bsp/UART/lin_lld_uart.o (__gnu_thumb1_case_uqi)
d:/cw11.0/cw mcu v11.0/cross_tools/arm-none-eabi-gcc-4_7_3/bin/../lib/gcc/arm-none-eabi/4.7.3/armv6-m\libgcc.a(_udivsi3.o)
                              ./Sources/driver/eeprom/eeprom.o (__aeabi_uidiv)
d:/cw11.0/cw mcu v11.0/cross_tools/arm-none-eabi-gcc-4_7_3/bin/../lib/gcc/arm-none-eabi/4.7.3/armv6-m\libgcc.a(_divsi3.o)
                              ./Sources/LIN_Stack/transport/lin_commontl_proto.o (__aeabi_idiv)
d:/cw11.0/cw mcu v11.0/cross_tools/arm-none-eabi-gcc-4_7_3/bin/../lib/gcc/arm-none-eabi/4.7.3/armv6-m\libgcc.a(_dvmd_tls.o)
                              d:/cw11.0/cw mcu v11.0/cross_tools/arm-none-eabi-gcc-4_7_3/bin/../lib/gcc/arm-none-eabi/4.7.3/armv6-m\libgcc.a(_udivsi3.o) (__aeabi_idiv0)
d:/cw11.0/cw mcu v11.0/cross_tools/arm-none-eabi-gcc-4_7_3/bin/../lib/gcc/arm-none-eabi/4.7.3/armv6-m\libgcc.a(_fixunsdfsi.o)
                              ./Sources/LIN_Stack/bsp/UART/lin_isr.o (__aeabi_d2uiz)
d:/cw11.0/cw mcu v11.0/cross_tools/arm-none-eabi-gcc-4_7_3/bin/../lib/gcc/arm-none-eabi/4.7.3/armv6-m\libgcc.a(adddf3.o)
                              ./Sources/LIN_Stack/bsp/UART/lin_isr.o (__aeabi_dadd)
d:/cw11.0/cw mcu v11.0/cross_tools/arm-none-eabi-gcc-4_7_3/bin/../lib/gcc/arm-none-eabi/4.7.3/armv6-m\libgcc.a(subdf3.o)
                              d:/cw11.0/cw mcu v11.0/cross_tools/arm-none-eabi-gcc-4_7_3/bin/../lib/gcc/arm-none-eabi/4.7.3/armv6-m\libgcc.a(_fixunsdfsi.o) (__aeabi_dsub)
d:/cw11.0/cw mcu v11.0/cross_tools/arm-none-eabi-gcc-4_7_3/bin/../lib/gcc/arm-none-eabi/4.7.3/armv6-m\libgcc.a(fixdfsi.o)
                              d:/cw11.0/cw mcu v11.0/cross_tools/arm-none-eabi-gcc-4_7_3/bin/../lib/gcc/arm-none-eabi/4.7.3/armv6-m\libgcc.a(_fixunsdfsi.o) (__aeabi_d2iz)
d:/cw11.0/cw mcu v11.0/cross_tools/arm-none-eabi-gcc-4_7_3/bin/../lib/gcc/arm-none-eabi/4.7.3/armv6-m\libgcc.a(floatunsidf.o)
                              ./Sources/LIN_Stack/bsp/UART/lin_isr.o (__aeabi_ui2d)
d:/cw11.0/cw mcu v11.0/cross_tools/arm-none-eabi-gcc-4_7_3/bin/../lib/gcc/arm-none-eabi/4.7.3/armv6-m\libgcc.a(_arm_cmpdf2.o)
                              d:/cw11.0/cw mcu v11.0/cross_tools/arm-none-eabi-gcc-4_7_3/bin/../lib/gcc/arm-none-eabi/4.7.3/armv6-m\libgcc.a(_fixunsdfsi.o) (__aeabi_dcmpge)
d:/cw11.0/cw mcu v11.0/cross_tools/arm-none-eabi-gcc-4_7_3/bin/../lib/gcc/arm-none-eabi/4.7.3/armv6-m\libgcc.a(_clzsi2.o)
                              d:/cw11.0/cw mcu v11.0/cross_tools/arm-none-eabi-gcc-4_7_3/bin/../lib/gcc/arm-none-eabi/4.7.3/armv6-m\libgcc.a(adddf3.o) (__clzsi2)
d:/cw11.0/cw mcu v11.0/cross_tools/arm-none-eabi-gcc-4_7_3/bin/../lib/gcc/arm-none-eabi/4.7.3/armv6-m\libgcc.a(eqdf2.o)
                              d:/cw11.0/cw mcu v11.0/cross_tools/arm-none-eabi-gcc-4_7_3/bin/../lib/gcc/arm-none-eabi/4.7.3/armv6-m\libgcc.a(_arm_cmpdf2.o) (__eqdf2)
d:/cw11.0/cw mcu v11.0/cross_tools/arm-none-eabi-gcc-4_7_3/bin/../lib/gcc/arm-none-eabi/4.7.3/armv6-m\libgcc.a(gedf2.o)
                              d:/cw11.0/cw mcu v11.0/cross_tools/arm-none-eabi-gcc-4_7_3/bin/../lib/gcc/arm-none-eabi/4.7.3/armv6-m\libgcc.a(_arm_cmpdf2.o) (__gedf2)
d:/cw11.0/cw mcu v11.0/cross_tools/arm-none-eabi-gcc-4_7_3/bin/../lib/gcc/arm-none-eabi/4.7.3/armv6-m\libgcc.a(ledf2.o)
                              d:/cw11.0/cw mcu v11.0/cross_tools/arm-none-eabi-gcc-4_7_3/bin/../lib/gcc/arm-none-eabi/4.7.3/armv6-m\libgcc.a(_arm_cmpdf2.o) (__ledf2)
D:/CW11.0/CW MCU v11.0/MCU/ARM_GCC_Support/ewl/lib/armv6-m\librt.a(gcc_ctor_dtor.o)
                              ./Project_Settings/Startup_Code/__arm_start.o (__init_cpp)
D:/CW11.0/CW MCU v11.0/MCU/ARM_GCC_Support/ewl/lib/armv6-m\librt.a(__arm_eabi_init.o)
                              D:/CW11.0/CW MCU v11.0/MCU/ARM_GCC_Support/ewl/lib/armv6-m\libc.a(exit.o) (__destroy_global_chain)
D:/CW11.0/CW MCU v11.0/MCU/ARM_GCC_Support/ewl/lib/armv6-m\librt.a(ROMCopy.o)
                              ./Project_Settings/Startup_Code/__arm_start.o (__copy_rom_sections_to_ram)

Allocating common symbols
Common symbol       size              file

tl_rx_msg_status    0x1               ./Sources/lin_cfg/lin_cfg.o
tl_ld_error_code    0x1               ./Sources/lin_cfg/lin_cfg.o
data_cn1            0x1               ./Sources/main.o
boot_flashdata_last_cn
                    0x2               ./Sources/main.o
diagnostic_Session  0x1               ./Sources/main.o
tl_receive_msg_status
                    0x1               ./Sources/lin_cfg/lin_cfg.o
tl_check_timeout    0x2               ./Sources/lin_cfg/lin_cfg.o
tl_rx_queue_data    0x30              ./Sources/lin_cfg/lin_cfg.o
tl_frame_counter    0x1               ./Sources/lin_cfg/lin_cfg.o
tl_tx_queue_data    0x30              ./Sources/lin_cfg/lin_cfg.o
boot_data_tansfer_cn
                    0x2               ./Sources/LIN_Stack/transport/lin_commontl_proto.o
tl_tx_msg_size      0x2               ./Sources/lin_cfg/lin_cfg.o
tl_last_cfg_result  0x1               ./Sources/lin_cfg/lin_cfg.o
tl_tx_msg_status    0x1               ./Sources/lin_cfg/lin_cfg.o
boot_write_flash    0x32              ./Sources/main.o
data_cn2            0x1               ./Sources/main.o
tl_last_RSID        0x1               ./Sources/lin_cfg/lin_cfg.o
lin_successful_transfer
                    0x1               ./Sources/lin_cfg/lin_cfg.o
frame_signal_error  0x1               ./Sources/LIN_Stack/coreapi/lin_common_proto.o
boot_rx_ok_id       0x1               ./Sources/main.o
tl_rx_msg_index     0x2               ./Sources/lin_cfg/lin_cfg.o
tl_no_of_pdu        0x1               ./Sources/lin_cfg/lin_cfg.o
lin_diag_signal_tbl
                    0x10              ./Sources/lin_cfg/lin_cfg.o
lin_goto_sleep_flg  0x1               ./Sources/lin_cfg/lin_cfg.o
diagnostic_Session_flg
                    0x1               ./Sources/main.o
tl_rx_msg_size      0x2               ./Sources/lin_cfg/lin_cfg.o
lin_word_status     0x2               ./Sources/lin_cfg/lin_cfg.o
tl_tx_msg_index     0x2               ./Sources/lin_cfg/lin_cfg.o
tl_check_timeout_type
                    0x1               ./Sources/lin_cfg/lin_cfg.o
diagnostic_Session_timer
                    0x2               ./Sources/main.o
frame_index         0x1               ./Sources/LIN_Stack/coreapi/lin_common_proto.o
lin_current_pid     0x1               ./Sources/lin_cfg/lin_cfg.o
tl_ident_data       0x4               ./Sources/lin_cfg/lin_cfg.o
lin_error_in_response
                    0x1               ./Sources/lin_cfg/lin_cfg.o
lin_lld_response_buffer
                    0xa               ./Sources/lin_cfg/lin_cfg.o
diagnostic_Session_pre
                    0x1               ./Sources/main.o
boot_status_flag    0x1               ./Sources/main.o
boot_flashdata_cn   0x2               ./Sources/main.o

Discarded input sections

 .text          0x00000000        0x0 ./Project_Settings/Startup_Code/kinetis_sysinit.o
 .data          0x00000000        0x0 ./Project_Settings/Startup_Code/kinetis_sysinit.o
 .bss           0x00000000        0x0 ./Project_Settings/Startup_Code/kinetis_sysinit.o
 .text          0x00000000        0x0 ./Project_Settings/Startup_Code/__arm_start.o
 .data          0x00000000        0x0 ./Project_Settings/Startup_Code/__arm_start.o
 .bss           0x00000000        0x0 ./Project_Settings/Startup_Code/__arm_start.o
 .text.__iar_program_start
                0x00000000        0x4 ./Project_Settings/Startup_Code/__arm_start.o
 .text          0x00000000        0x0 ./Project_Settings/Startup_Code/__arm_end.o
 .data          0x00000000        0x0 ./Project_Settings/Startup_Code/__arm_end.o
 .bss           0x00000000        0x0 ./Project_Settings/Startup_Code/__arm_end.o
 .text          0x00000000        0x0 ./Sources/LIN_Stack/bsp/UART/lin_lld_uart.o
 .data          0x00000000        0x0 ./Sources/LIN_Stack/bsp/UART/lin_lld_uart.o
 .bss           0x00000000        0x0 ./Sources/LIN_Stack/bsp/UART/lin_lld_uart.o
 .text.lin_lld_uart_int_enable
                0x00000000       0x28 ./Sources/LIN_Stack/bsp/UART/lin_lld_uart.o
 .text.lin_lld_uart_int_disable
                0x00000000       0x30 ./Sources/LIN_Stack/bsp/UART/lin_lld_uart.o
 .text.lin_lld_uart_deinit
                0x00000000       0x14 ./Sources/LIN_Stack/bsp/UART/lin_lld_uart.o
 .text.lin_lld_uart_get_status
                0x00000000        0xc ./Sources/LIN_Stack/bsp/UART/lin_lld_uart.o
 .text.lin_lld_uart_get_state
                0x00000000        0xc ./Sources/LIN_Stack/bsp/UART/lin_lld_uart.o
 .text.lin_lld_uart_tx_wake_up
                0x00000000       0x24 ./Sources/LIN_Stack/bsp/UART/lin_lld_uart.o
 .text          0x00000000        0x0 ./Sources/LIN_Stack/bsp/UART/lin_lld_timesrv.o
 .data          0x00000000        0x0 ./Sources/LIN_Stack/bsp/UART/lin_lld_timesrv.o
 .bss           0x00000000        0x0 ./Sources/LIN_Stack/bsp/UART/lin_lld_timesrv.o
 .text          0x00000000        0x0 ./Sources/LIN_Stack/bsp/UART/lin_isr.o
 .data          0x00000000        0x0 ./Sources/LIN_Stack/bsp/UART/lin_isr.o
 .bss           0x00000000        0x0 ./Sources/LIN_Stack/bsp/UART/lin_isr.o
 .text          0x00000000        0x0 ./Sources/LIN_Stack/coreapi/lin_lin21_proto.o
 .data          0x00000000        0x0 ./Sources/LIN_Stack/coreapi/lin_lin21_proto.o
 .bss           0x00000000        0x0 ./Sources/LIN_Stack/coreapi/lin_lin21_proto.o
 .text          0x00000000        0x0 ./Sources/LIN_Stack/coreapi/lin_lin21_api.o
 .data          0x00000000        0x0 ./Sources/LIN_Stack/coreapi/lin_lin21_api.o
 .bss           0x00000000        0x0 ./Sources/LIN_Stack/coreapi/lin_lin21_api.o
 .debug_info    0x00000000       0x68 ./Sources/LIN_Stack/coreapi/lin_lin21_api.o
 .debug_abbrev  0x00000000       0x28 ./Sources/LIN_Stack/coreapi/lin_lin21_api.o
 .debug_aranges
                0x00000000       0x18 ./Sources/LIN_Stack/coreapi/lin_lin21_api.o
 .debug_macinfo
                0x00000000    0x23464 ./Sources/LIN_Stack/coreapi/lin_lin21_api.o
 .debug_line    0x00000000      0x2fa ./Sources/LIN_Stack/coreapi/lin_lin21_api.o
 .debug_str     0x00000000      0x12a ./Sources/LIN_Stack/coreapi/lin_lin21_api.o
 .comment       0x00000000       0x7a ./Sources/LIN_Stack/coreapi/lin_lin21_api.o
 .ARM.attributes
                0x00000000       0x31 ./Sources/LIN_Stack/coreapi/lin_lin21_api.o
 .text          0x00000000        0x0 ./Sources/LIN_Stack/coreapi/lin_common_proto.o
 .data          0x00000000        0x0 ./Sources/LIN_Stack/coreapi/lin_common_proto.o
 .bss           0x00000000        0x0 ./Sources/LIN_Stack/coreapi/lin_common_proto.o
 .text.lin_make_res_diag_frame
                0x00000000        0x8 ./Sources/LIN_Stack/coreapi/lin_common_proto.o
 .text          0x00000000        0x0 ./Sources/LIN_Stack/coreapi/lin_common_api.o
 .data          0x00000000        0x0 ./Sources/LIN_Stack/coreapi/lin_common_api.o
 .bss           0x00000000        0x0 ./Sources/LIN_Stack/coreapi/lin_common_api.o
 .text.l_ifc_goto_sleep
                0x00000000        0x2 ./Sources/LIN_Stack/coreapi/lin_common_api.o
 .text.l_ifc_wake_up
                0x00000000        0x8 ./Sources/LIN_Stack/coreapi/lin_common_api.o
 .text.l_ifc_rx
                0x00000000        0x2 ./Sources/LIN_Stack/coreapi/lin_common_api.o
 .text.l_ifc_tx
                0x00000000        0x2 ./Sources/LIN_Stack/coreapi/lin_common_api.o
 .text.l_ifc_aux
                0x00000000        0x2 ./Sources/LIN_Stack/coreapi/lin_common_api.o
 .text.l_ifc_read_status
                0x00000000       0x20 ./Sources/LIN_Stack/coreapi/lin_common_api.o
 .text.l_sys_irq_disable
                0x00000000        0x8 ./Sources/LIN_Stack/coreapi/lin_common_api.o
 .text.l_sys_irq_restore
                0x00000000        0x8 ./Sources/LIN_Stack/coreapi/lin_common_api.o
 .bss.tmp_word_status.5056
                0x00000000        0x2 ./Sources/LIN_Stack/coreapi/lin_common_api.o
 .text          0x00000000        0x0 ./Sources/LIN_Stack/diagnostic/lin_diagnostic_service.o
 .data          0x00000000        0x0 ./Sources/LIN_Stack/diagnostic/lin_diagnostic_service.o
 .bss           0x00000000        0x0 ./Sources/LIN_Stack/diagnostic/lin_diagnostic_service.o
 .debug_info    0x00000000       0x21 ./Sources/LIN_Stack/diagnostic/lin_diagnostic_service.o
 .debug_abbrev  0x00000000       0x12 ./Sources/LIN_Stack/diagnostic/lin_diagnostic_service.o
 .debug_aranges
                0x00000000       0x18 ./Sources/LIN_Stack/diagnostic/lin_diagnostic_service.o
 .debug_macinfo
                0x00000000     0x24ed ./Sources/LIN_Stack/diagnostic/lin_diagnostic_service.o
 .debug_line    0x00000000       0xcc ./Sources/LIN_Stack/diagnostic/lin_diagnostic_service.o
 .debug_str     0x00000000       0xb6 ./Sources/LIN_Stack/diagnostic/lin_diagnostic_service.o
 .comment       0x00000000       0x7a ./Sources/LIN_Stack/diagnostic/lin_diagnostic_service.o
 .ARM.attributes
                0x00000000       0x31 ./Sources/LIN_Stack/diagnostic/lin_diagnostic_service.o
 .text          0x00000000        0x0 ./Sources/LIN_Stack/lowlevel/lin.o
 .data          0x00000000        0x0 ./Sources/LIN_Stack/lowlevel/lin.o
 .bss           0x00000000        0x0 ./Sources/LIN_Stack/lowlevel/lin.o
 .text.lin_lld_deinit
                0x00000000        0xa ./Sources/LIN_Stack/lowlevel/lin.o
 .text.lin_lld_get_status
                0x00000000        0xa ./Sources/LIN_Stack/lowlevel/lin.o
 .text.lin_lld_get_state
                0x00000000        0x8 ./Sources/LIN_Stack/lowlevel/lin.o
 .text.lin_lld_tx_wake_up
                0x00000000        0x8 ./Sources/LIN_Stack/lowlevel/lin.o
 .text.lin_lld_int_enable
                0x00000000        0x8 ./Sources/LIN_Stack/lowlevel/lin.o
 .text.lin_lld_int_disable
                0x00000000        0xa ./Sources/LIN_Stack/lowlevel/lin.o
 .text.lin_lld_mcu_reset
                0x00000000        0x2 ./Sources/LIN_Stack/lowlevel/lin.o
 .text.lin_lld_set_etf_collision_flag
                0x00000000        0xc ./Sources/LIN_Stack/lowlevel/lin.o
 .text.lin_lld_clear_etf_collision_flag
                0x00000000        0xc ./Sources/LIN_Stack/lowlevel/lin.o
 .bss.etf_collision_flag
                0x00000000        0x1 ./Sources/LIN_Stack/lowlevel/lin.o
 .text          0x00000000        0x0 ./Sources/LIN_Stack/transport/lin_lin21tl_api.o
 .data          0x00000000        0x0 ./Sources/LIN_Stack/transport/lin_lin21tl_api.o
 .bss           0x00000000        0x0 ./Sources/LIN_Stack/transport/lin_lin21tl_api.o
 .text.diag_get_flag
                0x00000000       0x14 ./Sources/LIN_Stack/transport/lin_lin21tl_api.o
 .text.diag_clear_flag
                0x00000000       0x14 ./Sources/LIN_Stack/transport/lin_lin21tl_api.o
 .debug_info    0x00000000       0xe5 ./Sources/LIN_Stack/transport/lin_lin21tl_api.o
 .debug_abbrev  0x00000000       0xa6 ./Sources/LIN_Stack/transport/lin_lin21tl_api.o
 .debug_loc     0x00000000       0x53 ./Sources/LIN_Stack/transport/lin_lin21tl_api.o
 .debug_aranges
                0x00000000       0x28 ./Sources/LIN_Stack/transport/lin_lin21tl_api.o
 .debug_macinfo
                0x00000000    0x23466 ./Sources/LIN_Stack/transport/lin_lin21tl_api.o
 .debug_line    0x00000000      0x325 ./Sources/LIN_Stack/transport/lin_lin21tl_api.o
 .debug_str     0x00000000      0x173 ./Sources/LIN_Stack/transport/lin_lin21tl_api.o
 .comment       0x00000000       0x7a ./Sources/LIN_Stack/transport/lin_lin21tl_api.o
 .ARM.attributes
                0x00000000       0x31 ./Sources/LIN_Stack/transport/lin_lin21tl_api.o
 .debug_frame   0x00000000       0x40 ./Sources/LIN_Stack/transport/lin_lin21tl_api.o
 .text          0x00000000        0x0 ./Sources/LIN_Stack/transport/lin_commontl_proto.o
 .data          0x00000000        0x0 ./Sources/LIN_Stack/transport/lin_commontl_proto.o
 .bss           0x00000000        0x0 ./Sources/LIN_Stack/transport/lin_commontl_proto.o
 COMMON         0x00000000        0x2 ./Sources/LIN_Stack/transport/lin_commontl_proto.o
 .text          0x00000000        0x0 ./Sources/LIN_Stack/transport/lin_commontl_api.o
 .data          0x00000000        0x0 ./Sources/LIN_Stack/transport/lin_commontl_api.o
 .bss           0x00000000        0x0 ./Sources/LIN_Stack/transport/lin_commontl_api.o
 .text.ld_init  0x00000000       0xb4 ./Sources/LIN_Stack/transport/lin_commontl_api.o
 .text.ld_put_raw
                0x00000000       0x10 ./Sources/LIN_Stack/transport/lin_commontl_api.o
 .text.ld_raw_tx_status
                0x00000000        0xc ./Sources/LIN_Stack/transport/lin_commontl_api.o
 .text.ld_raw_rx_status
                0x00000000        0xc ./Sources/LIN_Stack/transport/lin_commontl_api.o
 .text.ld_send_message
                0x00000000      0x184 ./Sources/LIN_Stack/transport/lin_commontl_api.o
 .text.ld_tx_status
                0x00000000        0xc ./Sources/LIN_Stack/transport/lin_commontl_api.o
 .text.ld_rx_status
                0x00000000        0xc ./Sources/LIN_Stack/transport/lin_commontl_api.o
 .text.ld_read_configuration
                0x00000000       0x34 ./Sources/LIN_Stack/transport/lin_commontl_api.o
 .text.ld_set_configuration
                0x00000000       0x30 ./Sources/LIN_Stack/transport/lin_commontl_api.o
 .text          0x00000000        0x0 ./Sources/driver/clock/clock.o
 .data          0x00000000        0x0 ./Sources/driver/clock/clock.o
 .bss           0x00000000        0x0 ./Sources/driver/clock/clock.o
 .text          0x00000000        0x0 ./Sources/driver/eeprom/eeprom.o
 .data          0x00000000        0x0 ./Sources/driver/eeprom/eeprom.o
 .bss           0x00000000        0x0 ./Sources/driver/eeprom/eeprom.o
 .text          0x00000000        0x0 ./Sources/driver/gpio/gpio.o
 .data          0x00000000        0x0 ./Sources/driver/gpio/gpio.o
 .bss           0x00000000        0x0 ./Sources/driver/gpio/gpio.o
 .text          0x00000000        0x0 ./Sources/lin_cfg/lin_cfg.o
 .data          0x00000000        0x0 ./Sources/lin_cfg/lin_cfg.o
 .bss           0x00000000        0x0 ./Sources/lin_cfg/lin_cfg.o
 .text.ld_read_by_id_callout
                0x00000000       0x22 ./Sources/lin_cfg/lin_cfg.o
 .rodata.product_id
                0x00000000        0x6 ./Sources/lin_cfg/lin_cfg.o
 .rodata.lin_configuration_ROM
                0x00000000       0x10 ./Sources/lin_cfg/lin_cfg.o
 .rodata.lin_initial_NAD
                0x00000000        0x1 ./Sources/lin_cfg/lin_cfg.o
 .rodata.product_serial_num
                0x00000000        0x4 ./Sources/lin_cfg/lin_cfg.o
 .rodata.lin_virtual_ifc
                0x00000000        0x1 ./Sources/lin_cfg/lin_cfg.o
 .text          0x00000000        0x0 ./Sources/main.o
 .data          0x00000000        0x0 ./Sources/main.o
 .bss           0x00000000        0x0 ./Sources/main.o
 .text.lin_diagservice_session_state
                0x00000000       0x40 ./Sources/main.o
 .text.lin_diagservice_write_data_by_identifier
                0x00000000       0x24 ./Sources/main.o
 .text.Flash_bootloader_protect
                0x00000000       0x28 ./Sources/main.o
 .text          0x00000000        0x0 D:/CW11.0/CW MCU v11.0/MCU/ARM_GCC_Support/ewl/lib/armv6-m\libc.a(exit.o)
 .data          0x00000000        0x0 D:/CW11.0/CW MCU v11.0/MCU/ARM_GCC_Support/ewl/lib/armv6-m\libc.a(exit.o)
 .bss           0x00000000        0x0 D:/CW11.0/CW MCU v11.0/MCU/ARM_GCC_Support/ewl/lib/armv6-m\libc.a(exit.o)
 .text          0x00000000        0x0 D:/CW11.0/CW MCU v11.0/MCU/ARM_GCC_Support/ewl/lib/armv6-m\libc.a(memset.o)
 .data          0x00000000        0x0 D:/CW11.0/CW MCU v11.0/MCU/ARM_GCC_Support/ewl/lib/armv6-m\libc.a(memset.o)
 .bss           0x00000000        0x0 D:/CW11.0/CW MCU v11.0/MCU/ARM_GCC_Support/ewl/lib/armv6-m\libc.a(memset.o)
 .text          0x00000000        0x0 D:/CW11.0/CW MCU v11.0/MCU/ARM_GCC_Support/ewl/lib/armv6-m\libc.a(__filll_mem.o)
 .data          0x00000000        0x0 D:/CW11.0/CW MCU v11.0/MCU/ARM_GCC_Support/ewl/lib/armv6-m\libc.a(__filll_mem.o)
 .bss           0x00000000        0x0 D:/CW11.0/CW MCU v11.0/MCU/ARM_GCC_Support/ewl/lib/armv6-m\libc.a(__filll_mem.o)
 .data          0x00000000        0x0 d:/cw11.0/cw mcu v11.0/cross_tools/arm-none-eabi-gcc-4_7_3/bin/../lib/gcc/arm-none-eabi/4.7.3/armv6-m\libgcc.a(_thumb1_case_uqi.o)
 .bss           0x00000000        0x0 d:/cw11.0/cw mcu v11.0/cross_tools/arm-none-eabi-gcc-4_7_3/bin/../lib/gcc/arm-none-eabi/4.7.3/armv6-m\libgcc.a(_thumb1_case_uqi.o)
 .data          0x00000000        0x0 d:/cw11.0/cw mcu v11.0/cross_tools/arm-none-eabi-gcc-4_7_3/bin/../lib/gcc/arm-none-eabi/4.7.3/armv6-m\libgcc.a(_udivsi3.o)
 .bss           0x00000000        0x0 d:/cw11.0/cw mcu v11.0/cross_tools/arm-none-eabi-gcc-4_7_3/bin/../lib/gcc/arm-none-eabi/4.7.3/armv6-m\libgcc.a(_udivsi3.o)
 .data          0x00000000        0x0 d:/cw11.0/cw mcu v11.0/cross_tools/arm-none-eabi-gcc-4_7_3/bin/../lib/gcc/arm-none-eabi/4.7.3/armv6-m\libgcc.a(_divsi3.o)
 .bss           0x00000000        0x0 d:/cw11.0/cw mcu v11.0/cross_tools/arm-none-eabi-gcc-4_7_3/bin/../lib/gcc/arm-none-eabi/4.7.3/armv6-m\libgcc.a(_divsi3.o)
 .data          0x00000000        0x0 d:/cw11.0/cw mcu v11.0/cross_tools/arm-none-eabi-gcc-4_7_3/bin/../lib/gcc/arm-none-eabi/4.7.3/armv6-m\libgcc.a(_dvmd_tls.o)
 .bss           0x00000000        0x0 d:/cw11.0/cw mcu v11.0/cross_tools/arm-none-eabi-gcc-4_7_3/bin/../lib/gcc/arm-none-eabi/4.7.3/armv6-m\libgcc.a(_dvmd_tls.o)
 .data          0x00000000        0x0 d:/cw11.0/cw mcu v11.0/cross_tools/arm-none-eabi-gcc-4_7_3/bin/../lib/gcc/arm-none-eabi/4.7.3/armv6-m\libgcc.a(_fixunsdfsi.o)
 .bss           0x00000000        0x0 d:/cw11.0/cw mcu v11.0/cross_tools/arm-none-eabi-gcc-4_7_3/bin/../lib/gcc/arm-none-eabi/4.7.3/armv6-m\libgcc.a(_fixunsdfsi.o)
 .data          0x00000000        0x0 d:/cw11.0/cw mcu v11.0/cross_tools/arm-none-eabi-gcc-4_7_3/bin/../lib/gcc/arm-none-eabi/4.7.3/armv6-m\libgcc.a(adddf3.o)
 .bss           0x00000000        0x0 d:/cw11.0/cw mcu v11.0/cross_tools/arm-none-eabi-gcc-4_7_3/bin/../lib/gcc/arm-none-eabi/4.7.3/armv6-m\libgcc.a(adddf3.o)
 .data          0x00000000        0x0 d:/cw11.0/cw mcu v11.0/cross_tools/arm-none-eabi-gcc-4_7_3/bin/../lib/gcc/arm-none-eabi/4.7.3/armv6-m\libgcc.a(subdf3.o)
 .bss           0x00000000        0x0 d:/cw11.0/cw mcu v11.0/cross_tools/arm-none-eabi-gcc-4_7_3/bin/../lib/gcc/arm-none-eabi/4.7.3/armv6-m\libgcc.a(subdf3.o)
 .data          0x00000000        0x0 d:/cw11.0/cw mcu v11.0/cross_tools/arm-none-eabi-gcc-4_7_3/bin/../lib/gcc/arm-none-eabi/4.7.3/armv6-m\libgcc.a(fixdfsi.o)
 .bss           0x00000000        0x0 d:/cw11.0/cw mcu v11.0/cross_tools/arm-none-eabi-gcc-4_7_3/bin/../lib/gcc/arm-none-eabi/4.7.3/armv6-m\libgcc.a(fixdfsi.o)
 .data          0x00000000        0x0 d:/cw11.0/cw mcu v11.0/cross_tools/arm-none-eabi-gcc-4_7_3/bin/../lib/gcc/arm-none-eabi/4.7.3/armv6-m\libgcc.a(floatunsidf.o)
 .bss           0x00000000        0x0 d:/cw11.0/cw mcu v11.0/cross_tools/arm-none-eabi-gcc-4_7_3/bin/../lib/gcc/arm-none-eabi/4.7.3/armv6-m\libgcc.a(floatunsidf.o)
 .data          0x00000000        0x0 d:/cw11.0/cw mcu v11.0/cross_tools/arm-none-eabi-gcc-4_7_3/bin/../lib/gcc/arm-none-eabi/4.7.3/armv6-m\libgcc.a(_arm_cmpdf2.o)
 .bss           0x00000000        0x0 d:/cw11.0/cw mcu v11.0/cross_tools/arm-none-eabi-gcc-4_7_3/bin/../lib/gcc/arm-none-eabi/4.7.3/armv6-m\libgcc.a(_arm_cmpdf2.o)
 .data          0x00000000        0x0 d:/cw11.0/cw mcu v11.0/cross_tools/arm-none-eabi-gcc-4_7_3/bin/../lib/gcc/arm-none-eabi/4.7.3/armv6-m\libgcc.a(_clzsi2.o)
 .bss           0x00000000        0x0 d:/cw11.0/cw mcu v11.0/cross_tools/arm-none-eabi-gcc-4_7_3/bin/../lib/gcc/arm-none-eabi/4.7.3/armv6-m\libgcc.a(_clzsi2.o)
 .data          0x00000000        0x0 d:/cw11.0/cw mcu v11.0/cross_tools/arm-none-eabi-gcc-4_7_3/bin/../lib/gcc/arm-none-eabi/4.7.3/armv6-m\libgcc.a(eqdf2.o)
 .bss           0x00000000        0x0 d:/cw11.0/cw mcu v11.0/cross_tools/arm-none-eabi-gcc-4_7_3/bin/../lib/gcc/arm-none-eabi/4.7.3/armv6-m\libgcc.a(eqdf2.o)
 .data          0x00000000        0x0 d:/cw11.0/cw mcu v11.0/cross_tools/arm-none-eabi-gcc-4_7_3/bin/../lib/gcc/arm-none-eabi/4.7.3/armv6-m\libgcc.a(gedf2.o)
 .bss           0x00000000        0x0 d:/cw11.0/cw mcu v11.0/cross_tools/arm-none-eabi-gcc-4_7_3/bin/../lib/gcc/arm-none-eabi/4.7.3/armv6-m\libgcc.a(gedf2.o)
 .data          0x00000000        0x0 d:/cw11.0/cw mcu v11.0/cross_tools/arm-none-eabi-gcc-4_7_3/bin/../lib/gcc/arm-none-eabi/4.7.3/armv6-m\libgcc.a(ledf2.o)
 .bss           0x00000000        0x0 d:/cw11.0/cw mcu v11.0/cross_tools/arm-none-eabi-gcc-4_7_3/bin/../lib/gcc/arm-none-eabi/4.7.3/armv6-m\libgcc.a(ledf2.o)
 .text          0x00000000        0x0 D:/CW11.0/CW MCU v11.0/MCU/ARM_GCC_Support/ewl/lib/armv6-m\librt.a(gcc_ctor_dtor.o)
 .data          0x00000000        0x0 D:/CW11.0/CW MCU v11.0/MCU/ARM_GCC_Support/ewl/lib/armv6-m\librt.a(gcc_ctor_dtor.o)
 .bss           0x00000000        0x0 D:/CW11.0/CW MCU v11.0/MCU/ARM_GCC_Support/ewl/lib/armv6-m\librt.a(gcc_ctor_dtor.o)
 .bss.__dso_handle
                0x00000000        0x4 D:/CW11.0/CW MCU v11.0/MCU/ARM_GCC_Support/ewl/lib/armv6-m\librt.a(gcc_ctor_dtor.o)
 .text          0x00000000        0x0 D:/CW11.0/CW MCU v11.0/MCU/ARM_GCC_Support/ewl/lib/armv6-m\librt.a(__arm_eabi_init.o)
 .data          0x00000000        0x0 D:/CW11.0/CW MCU v11.0/MCU/ARM_GCC_Support/ewl/lib/armv6-m\librt.a(__arm_eabi_init.o)
 .bss           0x00000000        0x0 D:/CW11.0/CW MCU v11.0/MCU/ARM_GCC_Support/ewl/lib/armv6-m\librt.a(__arm_eabi_init.o)
 .text.__register_global_object
                0x00000000       0x14 D:/CW11.0/CW MCU v11.0/MCU/ARM_GCC_Support/ewl/lib/armv6-m\librt.a(__arm_eabi_init.o)
 .text.__cxa_atexit
                0x00000000       0x38 D:/CW11.0/CW MCU v11.0/MCU/ARM_GCC_Support/ewl/lib/armv6-m\librt.a(__arm_eabi_init.o)
 .text.__aeabi_atexit
                0x00000000        0xe D:/CW11.0/CW MCU v11.0/MCU/ARM_GCC_Support/ewl/lib/armv6-m\librt.a(__arm_eabi_init.o)
 .text.__register_atexit
                0x00000000        0xc D:/CW11.0/CW MCU v11.0/MCU/ARM_GCC_Support/ewl/lib/armv6-m\librt.a(__arm_eabi_init.o)
 .text.__init_hardware
                0x00000000        0x4 D:/CW11.0/CW MCU v11.0/MCU/ARM_GCC_Support/ewl/lib/armv6-m\librt.a(__arm_eabi_init.o)
 .bss.atexit_curr_func
                0x00000000        0x4 D:/CW11.0/CW MCU v11.0/MCU/ARM_GCC_Support/ewl/lib/armv6-m\librt.a(__arm_eabi_init.o)
 .bss.atexit_funcs
                0x00000000      0x300 D:/CW11.0/CW MCU v11.0/MCU/ARM_GCC_Support/ewl/lib/armv6-m\librt.a(__arm_eabi_init.o)
 .text          0x00000000        0x0 D:/CW11.0/CW MCU v11.0/MCU/ARM_GCC_Support/ewl/lib/armv6-m\librt.a(ROMCopy.o)
 .data          0x00000000        0x0 D:/CW11.0/CW MCU v11.0/MCU/ARM_GCC_Support/ewl/lib/armv6-m\librt.a(ROMCopy.o)
 .bss           0x00000000        0x0 D:/CW11.0/CW MCU v11.0/MCU/ARM_GCC_Support/ewl/lib/armv6-m\librt.a(ROMCopy.o)
 .text.__flush_cache
                0x00000000        0x2 D:/CW11.0/CW MCU v11.0/MCU/ARM_GCC_Support/ewl/lib/armv6-m\librt.a(ROMCopy.o)

Memory Configuration

Name             Origin             Length             Attributes
m_interrupts     0x00000000         0x000000c0         xr
m_cfmprotrom     0x00000400         0x00000010         xr
m_text           0x00000800         0x0000f800         xr
m_data           0x1ffffc00         0x00001000         xrw
*default*        0x00000000         0xffffffff

Linker script and memory map

LOAD ./Project_Settings/Startup_Code/kinetis_sysinit.o
LOAD ./Project_Settings/Startup_Code/__arm_start.o
LOAD ./Project_Settings/Startup_Code/__arm_end.o
LOAD ./Sources/LIN_Stack/bsp/UART/lin_lld_uart.o
LOAD ./Sources/LIN_Stack/bsp/UART/lin_lld_timesrv.o
LOAD ./Sources/LIN_Stack/bsp/UART/lin_isr.o
LOAD ./Sources/LIN_Stack/coreapi/lin_lin21_proto.o
LOAD ./Sources/LIN_Stack/coreapi/lin_lin21_api.o
LOAD ./Sources/LIN_Stack/coreapi/lin_common_proto.o
LOAD ./Sources/LIN_Stack/coreapi/lin_common_api.o
LOAD ./Sources/LIN_Stack/diagnostic/lin_diagnostic_service.o
LOAD ./Sources/LIN_Stack/lowlevel/lin.o
LOAD ./Sources/LIN_Stack/transport/lin_lin21tl_api.o
LOAD ./Sources/LIN_Stack/transport/lin_commontl_proto.o
LOAD ./Sources/LIN_Stack/transport/lin_commontl_api.o
LOAD ./Sources/driver/clock/clock.o
LOAD ./Sources/driver/eeprom/eeprom.o
LOAD ./Sources/driver/gpio/gpio.o
LOAD ./Sources/lin_cfg/lin_cfg.o
LOAD ./Sources/main.o
START GROUP
LOAD D:/CW11.0/CW MCU v11.0/MCU/ARM_GCC_Support/ewl/lib/armv6-m\libc.a
LOAD D:/CW11.0/CW MCU v11.0/MCU/ARM_GCC_Support/ewl/lib/armv6-m\libm.a
LOAD d:/cw11.0/cw mcu v11.0/cross_tools/arm-none-eabi-gcc-4_7_3/bin/../lib/gcc/arm-none-eabi/4.7.3/armv6-m\libgcc.a
LOAD D:/CW11.0/CW MCU v11.0/MCU/ARM_GCC_Support/ewl/lib/armv6-m\librt.a
END GROUP
                0x20000c00                _estack = 0x20000c00
                0x20000c00                __SP_INIT = _estack
                0x00000100                __heap_size = 0x100
                0x00000100                __stack_size = 0x100

.interrupts     0x00000000       0xc0
                0x00000000                __vector_table = .
                0x00000000                . = ALIGN (0x4)
 *(.vectortable)
 .vectortable   0x00000000       0xc0 ./Project_Settings/Startup_Code/kinetis_sysinit.o
                0x00000000                InterruptVector
                0x000000c0                . = ALIGN (0x4)

.cfmprotect     0x00000400        0x0
                0x00000400                . = ALIGN (0x4)
 *(.cfmconfig)
                0x00000400                . = ALIGN (0x4)

.text           0x00000800     0x3140
                0x00000800                . = ALIGN (0x4)
 *(.text)
 .text          0x00000800       0x14 d:/cw11.0/cw mcu v11.0/cross_tools/arm-none-eabi-gcc-4_7_3/bin/../lib/gcc/arm-none-eabi/4.7.3/armv6-m\libgcc.a(_thumb1_case_uqi.o)
                0x00000800                __gnu_thumb1_case_uqi
 .text          0x00000814       0x9c d:/cw11.0/cw mcu v11.0/cross_tools/arm-none-eabi-gcc-4_7_3/bin/../lib/gcc/arm-none-eabi/4.7.3/armv6-m\libgcc.a(_udivsi3.o)
                0x00000814                __aeabi_uidiv
                0x00000814                __udivsi3
                0x0000089c                __aeabi_uidivmod
 .text          0x000008b0       0xc0 d:/cw11.0/cw mcu v11.0/cross_tools/arm-none-eabi-gcc-4_7_3/bin/../lib/gcc/arm-none-eabi/4.7.3/armv6-m\libgcc.a(_divsi3.o)
                0x000008b0                __divsi3
                0x000008b0                __aeabi_idiv
                0x0000095c                __aeabi_idivmod
 .text          0x00000970        0x4 d:/cw11.0/cw mcu v11.0/cross_tools/arm-none-eabi-gcc-4_7_3/bin/../lib/gcc/arm-none-eabi/4.7.3/armv6-m\libgcc.a(_dvmd_tls.o)
                0x00000970                __aeabi_idiv0
                0x00000970                __aeabi_ldiv0
 *fill*         0x00000974        0x4 00
 .text          0x00000978       0x40 d:/cw11.0/cw mcu v11.0/cross_tools/arm-none-eabi-gcc-4_7_3/bin/../lib/gcc/arm-none-eabi/4.7.3/armv6-m\libgcc.a(_fixunsdfsi.o)
                0x00000978                __aeabi_d2uiz
                0x00000978                __fixunsdfsi
 .text          0x000009b8      0x758 d:/cw11.0/cw mcu v11.0/cross_tools/arm-none-eabi-gcc-4_7_3/bin/../lib/gcc/arm-none-eabi/4.7.3/armv6-m\libgcc.a(adddf3.o)
                0x000009b8                __aeabi_dadd
 .text          0x00001110      0x6f8 d:/cw11.0/cw mcu v11.0/cross_tools/arm-none-eabi-gcc-4_7_3/bin/../lib/gcc/arm-none-eabi/4.7.3/armv6-m\libgcc.a(subdf3.o)
                0x00001110                __aeabi_dsub
 .text          0x00001808       0x68 d:/cw11.0/cw mcu v11.0/cross_tools/arm-none-eabi-gcc-4_7_3/bin/../lib/gcc/arm-none-eabi/4.7.3/armv6-m\libgcc.a(fixdfsi.o)
                0x00001808                __aeabi_d2iz
 .text          0x00001870       0x64 d:/cw11.0/cw mcu v11.0/cross_tools/arm-none-eabi-gcc-4_7_3/bin/../lib/gcc/arm-none-eabi/4.7.3/armv6-m\libgcc.a(floatunsidf.o)
                0x00001870                __aeabi_ui2d
 .text          0x000018d4       0x7c d:/cw11.0/cw mcu v11.0/cross_tools/arm-none-eabi-gcc-4_7_3/bin/../lib/gcc/arm-none-eabi/4.7.3/armv6-m\libgcc.a(_arm_cmpdf2.o)
                0x000018d4                __aeabi_cdrcmple
                0x000018e4                __aeabi_cdcmple
                0x000018e4                __aeabi_cdcmpeq
                0x000018f4                __aeabi_dcmpeq
                0x00001900                __aeabi_dcmplt
                0x00001914                __aeabi_dcmple
                0x00001928                __aeabi_dcmpgt
                0x0000193c                __aeabi_dcmpge
 .text          0x00001950       0x3c d:/cw11.0/cw mcu v11.0/cross_tools/arm-none-eabi-gcc-4_7_3/bin/../lib/gcc/arm-none-eabi/4.7.3/armv6-m\libgcc.a(_clzsi2.o)
                0x00001950                __clzsi2
 .text          0x0000198c       0x7c d:/cw11.0/cw mcu v11.0/cross_tools/arm-none-eabi-gcc-4_7_3/bin/../lib/gcc/arm-none-eabi/4.7.3/armv6-m\libgcc.a(eqdf2.o)
                0x0000198c                __nedf2
                0x0000198c                __eqdf2
 .text          0x00001a08       0xe8 d:/cw11.0/cw mcu v11.0/cross_tools/arm-none-eabi-gcc-4_7_3/bin/../lib/gcc/arm-none-eabi/4.7.3/armv6-m\libgcc.a(gedf2.o)
                0x00001a08                __gedf2
                0x00001a08                __gtdf2
 .text          0x00001af0       0xd8 d:/cw11.0/cw mcu v11.0/cross_tools/arm-none-eabi-gcc-4_7_3/bin/../lib/gcc/arm-none-eabi/4.7.3/armv6-m\libgcc.a(ledf2.o)
                0x00001af0                __ledf2
                0x00001af0                __ltdf2
 *(.text*)
 .text.Default_Handler
                0x00001bc8        0x4 ./Project_Settings/Startup_Code/kinetis_sysinit.o
                0x00001bc8                I2C0_IRQHandler
                0x00001bc8                HardFault_Handler
                0x00001bc8                SysTick_Handler
                0x00001bc8                PendSV_Handler
                0x00001bc8                NMI_Handler
                0x00001bc8                ADC0_IRQHandler
                0x00001bc8                WDG_IRQHandler
                0x00001bc8                SPI1_IRQHandler
                0x00001bc8                UART2_SCI2_IRQHandler
                0x00001bc8                RTC_IRQHandler
                0x00001bc8                IRQ_IRQHandler
                0x00001bc8                PIT_CH0_IRQHandler
                0x00001bc8                Default_Handler
                0x00001bc8                ACMP0_IRQHandler
                0x00001bc8                SVC_Handler
                0x00001bc8                ICS_IRQHandler
                0x00001bc8                PIT_CH1_IRQHandler
                0x00001bc8                FTMRH_IRQHandler
                0x00001bc8                KBI0_IRQHandler
                0x00001bc8                PMC_IRQHandler
                0x00001bc8                SPI0_IRQHandler
                0x00001bc8                FTM0_IRQHandler
                0x00001bc8                FTM2_IRQHandler
                0x00001bc8                ACMP1_IRQHandler
                0x00001bc8                KBI1_IRQHandler
                0x00001bc8                UART1_SCI1_IRQHandler
 .text.__init_hardware
                0x00001bcc       0x2c ./Project_Settings/Startup_Code/kinetis_sysinit.o
                0x00001bcc                __init_hardware
 .text.__thumb_startup
                0x00001bf8       0x38 ./Project_Settings/Startup_Code/__arm_start.o
                0x00001bf8                __thumb_startup
 .text._ExitProcess
                0x00001c30        0x4 ./Project_Settings/Startup_Code/__arm_end.o
                0x00001c30                _ExitProcess
 .text.lin_lld_uart_set_low_power_mode
                0x00001c34        0xc ./Sources/LIN_Stack/bsp/UART/lin_lld_uart.o
                0x00001c34                lin_lld_uart_set_low_power_mode
 .text.lin_lld_uart_rx_response
                0x00001c40       0x28 ./Sources/LIN_Stack/bsp/UART/lin_lld_uart.o
                0x00001c40                lin_lld_uart_rx_response
 .text.lin_lld_uart_tx_response
                0x00001c68       0x40 ./Sources/LIN_Stack/bsp/UART/lin_lld_uart.o
                0x00001c68                lin_lld_uart_tx_response
 .text.lin_goto_idle_state
                0x00001ca8       0x38 ./Sources/LIN_Stack/bsp/UART/lin_lld_uart.o
                0x00001ca8                lin_goto_idle_state
 .text.lin_lld_uart_timeout
                0x00001ce0      0x124 ./Sources/LIN_Stack/bsp/UART/lin_lld_uart.o
                0x00001ce0                lin_lld_uart_timeout
 .text.lin_lld_uart_ignore_response
                0x00001e04        0x8 ./Sources/LIN_Stack/bsp/UART/lin_lld_uart.o
                0x00001e04                lin_lld_uart_ignore_response
 .text.lin_lld_uart_init
                0x00001e0c       0x6c ./Sources/LIN_Stack/bsp/UART/lin_lld_uart.o
                0x00001e0c                lin_lld_uart_init
 .text.lin_lld_uart_rx_isr
                0x00001e78      0x268 ./Sources/LIN_Stack/bsp/UART/lin_lld_uart.o
                0x00001e78                lin_lld_uart_rx_isr
 .text.Strart_next_rx
                0x000020e0       0x24 ./Sources/LIN_Stack/bsp/UART/lin_lld_uart.o
                0x000020e0                Strart_next_rx
 .text.lin_lld_timer_K_init
                0x00002104       0x54 ./Sources/LIN_Stack/bsp/UART/lin_lld_timesrv.o
                0x00002104                lin_lld_timer_K_init
 .text.lin_lld_timer_isr
                0x00002158        0x8 ./Sources/LIN_Stack/bsp/UART/lin_lld_timesrv.o
                0x00002158                lin_lld_timer_isr
 .text.UART0_SCI0_IRQHandler
                0x00002160        0x8 ./Sources/LIN_Stack/bsp/UART/lin_isr.o
                0x00002160                UART0_SCI0_IRQHandler
 .text.FTM1_IRQHandler
                0x00002168       0x40 ./Sources/LIN_Stack/bsp/UART/lin_isr.o
                0x00002168                FTM1_IRQHandler
 .text.lin_update_word_status_lin21
                0x000021a8       0x48 ./Sources/LIN_Stack/coreapi/lin_lin21_proto.o
                0x000021a8                lin_update_word_status_lin21
 .text.lin_update_err_signal
                0x000021f0       0x44 ./Sources/LIN_Stack/coreapi/lin_lin21_proto.o
                0x000021f0                lin_update_err_signal
 .text.lin_make_res_evnt_frame
                0x00002234       0x1c ./Sources/LIN_Stack/coreapi/lin_lin21_proto.o
                0x00002234                lin_make_res_evnt_frame
 .text.lin_bus_activity_timeout
                0x00002250        0xc ./Sources/LIN_Stack/coreapi/lin_common_proto.o
                0x00002250                lin_bus_activity_timeout
 .text.lin_update_tx_flags
                0x0000225c       0x4c ./Sources/LIN_Stack/coreapi/lin_common_proto.o
                0x0000225c                lin_update_tx_flags
 .text.lin_update_rx_diag_frame
                0x000022a8       0x24 ./Sources/LIN_Stack/coreapi/lin_common_proto.o
                0x000022a8                lin_update_rx_diag_frame
 .text.lin_get_frame_index
                0x000022cc       0x28 ./Sources/LIN_Stack/coreapi/lin_common_proto.o
                0x000022cc                lin_get_frame_index
 .text.lin_handle_error
                0x000022f4       0x8c ./Sources/LIN_Stack/coreapi/lin_common_proto.o
                0x000022f4                lin_handle_error
 .text.lin_update_tx
                0x00002380       0x94 ./Sources/LIN_Stack/coreapi/lin_common_proto.o
                0x00002380                lin_update_tx
 .text.lin_process_uncd_frame
                0x00002414       0x80 ./Sources/LIN_Stack/coreapi/lin_common_proto.o
                0x00002414                lin_process_uncd_frame
 .text.lin_update_rx
                0x00002494       0x64 ./Sources/LIN_Stack/coreapi/lin_common_proto.o
                0x00002494                lin_update_rx
 .text.lin_process_pid
                0x000024f8       0xa4 ./Sources/LIN_Stack/coreapi/lin_common_proto.o
                0x000024f8                lin_process_pid
 .text.l_sys_init
                0x0000259c        0xa ./Sources/LIN_Stack/coreapi/lin_common_api.o
                0x0000259c                l_sys_init
 .text.l_ifc_init
                0x000025a6        0x8 ./Sources/LIN_Stack/coreapi/lin_common_api.o
                0x000025a6                l_ifc_init
 .text.lin_lld_init
                0x000025ae        0xc ./Sources/LIN_Stack/lowlevel/lin.o
                0x000025ae                lin_lld_init
 .text.lin_lld_ignore_response
                0x000025ba        0x8 ./Sources/LIN_Stack/lowlevel/lin.o
                0x000025ba                lin_lld_ignore_response
 .text.lin_lld_set_low_power_mode
                0x000025c2        0x8 ./Sources/LIN_Stack/lowlevel/lin.o
                0x000025c2                lin_lld_set_low_power_mode
 *fill*         0x000025ca        0x2 00
 .text.lin_lld_set_response
                0x000025cc       0x1c ./Sources/LIN_Stack/lowlevel/lin.o
                0x000025cc                lin_lld_set_response
 .text.lin_lld_rx_response
                0x000025e8        0xa ./Sources/LIN_Stack/lowlevel/lin.o
                0x000025e8                lin_lld_rx_response
 .text.lin_process_parity
                0x000025f2       0x52 ./Sources/LIN_Stack/lowlevel/lin.o
                0x000025f2                lin_process_parity
 .text.lin_checksum
                0x00002644       0x2e ./Sources/LIN_Stack/lowlevel/lin.o
                0x00002644                lin_checksum
 .text.lin_lld_timer_init
                0x00002672        0x8 ./Sources/LIN_Stack/lowlevel/lin.o
                0x00002672                lin_lld_timer_init
 *fill*         0x0000267a        0x2 00
 .text.lin_tl_make_slaveres_pdu
                0x0000267c      0x110 ./Sources/LIN_Stack/transport/lin_commontl_proto.o
                0x0000267c                lin_tl_make_slaveres_pdu
 .text.lin_tl_attach_service
                0x0000278c       0xbc ./Sources/LIN_Stack/transport/lin_commontl_proto.o
                0x0000278c                lin_tl_attach_service
 .text.tl_put_raw
                0x00002848       0x54 ./Sources/LIN_Stack/transport/lin_commontl_proto.o
                0x00002848                tl_put_raw
 .text.lin_tl_handler
                0x0000289c      0x200 ./Sources/LIN_Stack/transport/lin_commontl_proto.o
                0x0000289c                lin_tl_handler
 .text.tl_get_raw
                0x00002a9c       0x54 ./Sources/LIN_Stack/transport/lin_commontl_proto.o
                0x00002a9c                tl_get_raw
 .text.lin_tl_get_pdu
                0x00002af0       0x28 ./Sources/LIN_Stack/transport/lin_commontl_proto.o
                0x00002af0                lin_tl_get_pdu
 .text.ld_get_raw
                0x00002b18       0x10 ./Sources/LIN_Stack/transport/lin_commontl_api.o
                0x00002b18                ld_get_raw
 .text.ld_receive_message
                0x00002b28       0xf8 ./Sources/LIN_Stack/transport/lin_commontl_api.o
                0x00002b28                ld_receive_message
 .text.Clk_Init
                0x00002c20       0x4c ./Sources/driver/clock/clock.o
                0x00002c20                Clk_Init
 .text.WDOG_Feed
                0x00002c6c       0x1c ./Sources/driver/eeprom/eeprom.o
                0x00002c6c                WDOG_Feed
 .text.FLASH_Init
                0x00002c88       0x64 ./Sources/driver/eeprom/eeprom.o
                0x00002c88                FLASH_Init
 .text.FLASH_LaunchCMD
                0x00002cec       0x2c ./Sources/driver/eeprom/eeprom.o
                0x00002cec                FLASH_LaunchCMD
 .text.FLASH_EraseSector
                0x00002d18       0x74 ./Sources/driver/eeprom/eeprom.o
                0x00002d18                FLASH_EraseSector
 .text.FLASH_Program2LongWords
                0x00002d8c       0xac ./Sources/driver/eeprom/eeprom.o
                0x00002d8c                FLASH_Program2LongWords
 .text.FLASH_Program1LongWord
                0x00002e38       0x90 ./Sources/driver/eeprom/eeprom.o
                0x00002e38                FLASH_Program1LongWord
 .text.FLASH_Program
                0x00002ec8       0x90 ./Sources/driver/eeprom/eeprom.o
                0x00002ec8                FLASH_Program
 .text.EEPROM_EraseSector
                0x00002f58       0x68 ./Sources/driver/eeprom/eeprom.o
                0x00002f58                EEPROM_EraseSector
 .text.EEPROM_ProgramWord
                0x00002fc0       0x78 ./Sources/driver/eeprom/eeprom.o
                0x00002fc0                EEPROM_ProgramWord
 .text.read_data_from_EEPROM
                0x00003038       0x80 ./Sources/driver/eeprom/eeprom.o
                0x00003038                read_data_from_EEPROM
 .text.write_data_from_EEPROM
                0x000030b8      0x18c ./Sources/driver/eeprom/eeprom.o
                0x000030b8                write_data_from_EEPROM
 .text.GPIO_Init
                0x00003244       0x28 ./Sources/driver/gpio/gpio.o
                0x00003244                GPIO_Init
 .text.boot_APP_check
                0x0000326c       0x34 ./Sources/main.o
                0x0000326c                boot_APP_check
 .text.boot_up_check
                0x000032a0       0x28 ./Sources/main.o
                0x000032a0                boot_up_check
 .text.lin_diagservice_session_control
                0x000032c8       0x94 ./Sources/main.o
                0x000032c8                lin_diagservice_session_control
 .text.lin_diagservice_read_data_by_identifier
                0x0000335c       0x48 ./Sources/main.o
                0x0000335c                lin_diagservice_read_data_by_identifier
 .text.lin_diagservice_service_securityaccess
                0x000033a4       0x2a ./Sources/main.o
                0x000033a4                lin_diagservice_service_securityaccess
 *fill*         0x000033ce        0x2 00
 .text.lin_diagservice_request_download
                0x000033d0       0x80 ./Sources/main.o
                0x000033d0                lin_diagservice_request_download
 .text.lin_diagservice_transfer_data
                0x00003450       0xf4 ./Sources/main.o
                0x00003450                lin_diagservice_transfer_data
 .text.lin_diagservice_service_trigger_check
                0x00003544       0x60 ./Sources/main.o
                0x00003544                lin_diagservice_service_trigger_check
 .text.lin_diagservice_exit_transfer
                0x000035a4       0x40 ./Sources/main.o
                0x000035a4                lin_diagservice_exit_transfer
 .text.boot_Var_init
                0x000035e4       0x14 ./Sources/main.o
                0x000035e4                boot_Var_init
 .text.Lin_Sys_Init
                0x000035f8       0x28 ./Sources/main.o
                0x000035f8                Lin_Sys_Init
 .text.boot_sysinit
                0x00003620       0x18 ./Sources/main.o
                0x00003620                boot_sysinit
 .text.boot_jump_to_APP
                0x00003638       0x10 ./Sources/main.o
                0x00003638                boot_jump_to_APP
 .text.startup.main
                0x00003648       0x9c ./Sources/main.o
                0x00003648                main
 .text.exit     0x000036e4       0x38 D:/CW11.0/CW MCU v11.0/MCU/ARM_GCC_Support/ewl/lib/armv6-m\libc.a(exit.o)
                0x000036e4                exit
 .text.memset   0x0000371c        0xc D:/CW11.0/CW MCU v11.0/MCU/ARM_GCC_Support/ewl/lib/armv6-m\libc.a(memset.o)
                0x0000371c                memset
 .text.__fill_mem
                0x00003728       0x7e D:/CW11.0/CW MCU v11.0/MCU/ARM_GCC_Support/ewl/lib/armv6-m\libc.a(__filll_mem.o)
                0x00003728                __fill_mem
 *fill*         0x000037a6        0x2 00
 .text.__init_cpp
                0x000037a8       0x48 D:/CW11.0/CW MCU v11.0/MCU/ARM_GCC_Support/ewl/lib/armv6-m\librt.a(gcc_ctor_dtor.o)
                0x000037a8                __init_cpp
 .text.__fini_cpp
                0x000037f0       0x34 D:/CW11.0/CW MCU v11.0/MCU/ARM_GCC_Support/ewl/lib/armv6-m\librt.a(gcc_ctor_dtor.o)
                0x000037f0                __fini_cpp
 .text.__destroy_global_chain
                0x00003824       0x1c D:/CW11.0/CW MCU v11.0/MCU/ARM_GCC_Support/ewl/lib/armv6-m\librt.a(__arm_eabi_init.o)
                0x00003824                __destroy_global_chain
 .text.__init_registers
                0x00003840       0x1c D:/CW11.0/CW MCU v11.0/MCU/ARM_GCC_Support/ewl/lib/armv6-m\librt.a(__arm_eabi_init.o)
                0x00003840                __init_registers
 .text.__init_user
                0x0000385c        0x4 D:/CW11.0/CW MCU v11.0/MCU/ARM_GCC_Support/ewl/lib/armv6-m\librt.a(__arm_eabi_init.o)
                0x0000385c                __init_user
 .text.__copy_rom_section
                0x00003860       0x48 D:/CW11.0/CW MCU v11.0/MCU/ARM_GCC_Support/ewl/lib/armv6-m\librt.a(ROMCopy.o)
                0x00003860                __copy_rom_section
 .text.__copy_rom_sections_to_ram
                0x000038a8       0x34 D:/CW11.0/CW MCU v11.0/MCU/ARM_GCC_Support/ewl/lib/armv6-m\librt.a(ROMCopy.o)
                0x000038a8                __copy_rom_sections_to_ram
 *(.rodata)
 *(.rodata*)
 .rodata.response_error_byte_offset
                0x000038dc        0x1 ./Sources/lin_cfg/lin_cfg.o
                0x000038dc                response_error_byte_offset
 .rodata.response_error_bit_offset
                0x000038dd        0x1 ./Sources/lin_cfg/lin_cfg.o
                0x000038dd                response_error_bit_offset
 .rodata.LI0_response_error_signal
                0x000038de        0x1 ./Sources/lin_cfg/lin_cfg.o
                0x000038de                LI0_response_error_signal
 *fill*         0x000038df        0x1 00
 .rodata.lin_max_frame_res_timeout_val
                0x000038e0       0x10 ./Sources/lin_cfg/lin_cfg.o
                0x000038e0                lin_max_frame_res_timeout_val
 .rodata.lin_frame_tbl
                0x000038f0       0x48 ./Sources/lin_cfg/lin_cfg.o
                0x000038f0                lin_frame_tbl
 .rodata.lin_diag_services_supported
                0x00003938        0x7 ./Sources/lin_cfg/lin_cfg.o
                0x00003938                lin_diag_services_supported
 .rodata.response_error
                0x0000393f        0x1 ./Sources/lin_cfg/lin_cfg.o
                0x0000393f                response_error
 *(.glue_7)
 .glue_7        0x00000000        0x0 linker stubs
 *(.glue_7t)
 .glue_7t       0x00000000        0x0 linker stubs
 *(.eh_frame)
 *(.init)
 *(.fini)
                0x00003940                . = ALIGN (0x4)
                0x00003940                _etext = .

.vfp11_veneer   0x00003940        0x0
 .vfp11_veneer  0x00000000        0x0 linker stubs

.v4_bx          0x00003940        0x0
 .v4_bx         0x00000000        0x0 linker stubs

.iplt           0x00003940        0x0
 .iplt          0x00000000        0x0 ./Project_Settings/Startup_Code/kinetis_sysinit.o

.rel.dyn        0x00003940        0x0
 .rel.iplt      0x00000000        0x0 ./Project_Settings/Startup_Code/kinetis_sysinit.o

.ARM.extab
 *(.ARM.extab* .gnu.linkonce.armextab.*)

.ARM            0x00003940        0x0
                0x00003940                __exidx_start = .
 *(.ARM.exidx*)
                0x00003940                __exidx_end = .

.ctors          0x00003940        0x0
                0x00003940                __CTOR_LIST__ = .
 *crtbegin.o(.ctors)
 *(EXCLUDE_FILE(*crtend.o) .ctors)
 *(SORT(.ctors.*))
 *(.ctors)
                0x00003940                __CTOR_END__ = .

.dtors          0x00003940        0x0
                0x00003940                __DTOR_LIST__ = .
 *crtbegin.o(.dtors)
 *(EXCLUDE_FILE(*crtend.o) .dtors)
 *(SORT(.dtors.*))
 *(.dtors)
                0x00003940                __DTOR_END__ = .

.preinit_array  0x00003940        0x0
                0x00003940                PROVIDE (__preinit_array_start, .)
 *(.preinit_array*)
                0x00003940                PROVIDE (__preinit_array_end, .)

.init_array     0x00003940        0x0
                0x00003940                PROVIDE (__init_array_start, .)
 *(SORT(.init_array.*))
 *(.init_array*)
                0x00003940                PROVIDE (__init_array_end, .)

.fini_array     0x00003940        0x0
                0x00003940                PROVIDE (__fini_array_start, .)
 *(SORT(.fini_array.*))
 *(.fini_array*)
                0x00003940                PROVIDE (__fini_array_end, .)
                0x00003940                ___ROM_AT = .

.mtb            0x1ffffc00        0x0
                0x1ffffc00                . = ALIGN (0x8)
                0x1ffffc00                _mtb_start = .
 *(.mtb_buf)
                0x1ffffc00                . = ALIGN (0x8)
                0x1ffffc00                _mtb_end = .

.data           0x1ffffc00       0x48 load address 0x00003940
                0x1ffffc00                . = ALIGN (0x4)
                0x1ffffc00                _sdata = .
 *(.data)
 *(.data*)
 .data.state    0x1ffffc00        0x1 ./Sources/LIN_Stack/bsp/UART/lin_lld_uart.o
 .data.ifc      0x1ffffc01        0x1 ./Sources/LIN_Stack/bsp/UART/lin_lld_uart.o
 .data.pid      0x1ffffc02        0x1 ./Sources/LIN_Stack/bsp/UART/lin_lld_uart.o
 *fill*         0x1ffffc03        0x1 00
 .data.lin_tl_rx_queue
                0x1ffffc04       0x10 ./Sources/lin_cfg/lin_cfg.o
                0x1ffffc04                lin_tl_rx_queue
 .data.lin_configured_NAD
                0x1ffffc14        0x1 ./Sources/lin_cfg/lin_cfg.o
                0x1ffffc14                lin_configured_NAD
 *fill*         0x1ffffc15        0x3 00
 .data.lin_tl_tx_queue
                0x1ffffc18       0x10 ./Sources/lin_cfg/lin_cfg.o
                0x1ffffc18                lin_tl_tx_queue
 .data.tl_service_status
                0x1ffffc28        0x1 ./Sources/lin_cfg/lin_cfg.o
                0x1ffffc28                tl_service_status
 .data.lin_pFrameBuf
                0x1ffffc29       0x12 ./Sources/lin_cfg/lin_cfg.o
                0x1ffffc29                lin_pFrameBuf
 .data.lin_configuration_RAM
                0x1ffffc3b        0x8 ./Sources/lin_cfg/lin_cfg.o
                0x1ffffc3b                lin_configuration_RAM
 .data.APP_check_value
                0x1ffffc43        0x4 ./Sources/main.o
                0x1ffffc43                APP_check_value
                0x1ffffc48                . = ALIGN (0x4)
 *fill*         0x1ffffc47        0x1 00
                0x1ffffc48                _edata = .
                0x00000048                ___data_size = (_edata - _sdata)

.igot.plt       0x1ffffc48        0x0 load address 0x00003988
 .igot.plt      0x00000000        0x0 ./Project_Settings/Startup_Code/kinetis_sysinit.o
                0x1ffffc48                . = ALIGN (0x4)

.bss            0x1ffffc48      0x160 load address 0x00003988
                0x1ffffc48                __START_BSS = .
                0x1ffffc48                PROVIDE (__bss_start__, __START_BSS)
 *(.bss)
 *(.bss*)
 .bss.argv      0x1ffffc48        0x4 ./Project_Settings/Startup_Code/__arm_start.o
 .bss.l_status  0x1ffffc4c        0x1 ./Sources/LIN_Stack/bsp/UART/lin_lld_uart.o
 *fill*         0x1ffffc4d        0x1 00
 .bss.idle_timeout_cnt
                0x1ffffc4e        0x2 ./Sources/LIN_Stack/bsp/UART/lin_lld_uart.o
 .bss.ptr       0x1ffffc50        0x4 ./Sources/LIN_Stack/bsp/UART/lin_lld_uart.o
 .bss.response_buffer
                0x1ffffc54        0x4 ./Sources/LIN_Stack/bsp/UART/lin_lld_uart.o
 .bss.frame_timeout_cnt
                0x1ffffc58        0x2 ./Sources/LIN_Stack/bsp/UART/lin_lld_uart.o
 .bss.tbit      0x1ffffc5a        0x2 ./Sources/LIN_Stack/bsp/UART/lin_lld_uart.o
 .bss.res_frame_timeout_cnt
                0x1ffffc5c        0x2 ./Sources/LIN_Stack/bsp/UART/lin_lld_uart.o
 .bss.cnt_byte  0x1ffffc5e        0x1 ./Sources/LIN_Stack/bsp/UART/lin_lld_uart.o
 .bss.current_id
                0x1ffffc5f        0x1 ./Sources/LIN_Stack/bsp/UART/lin_lld_uart.o
 .bss.tl_diag_state
                0x1ffffc60        0x1 ./Sources/lin_cfg/lin_cfg.o
                0x1ffffc60                tl_diag_state
 .bss.lin_flag_handle_tbl
                0x1ffffc61        0x6 ./Sources/lin_cfg/lin_cfg.o
                0x1ffffc61                lin_flag_handle_tbl
 .bss.tl_slaveresp_cnt
                0x1ffffc67        0x1 ./Sources/lin_cfg/lin_cfg.o
                0x1ffffc67                tl_slaveresp_cnt
 .bss.lin_save_configuration_flg
                0x1ffffc68        0x1 ./Sources/lin_cfg/lin_cfg.o
                0x1ffffc68                lin_save_configuration_flg
 .bss.lin_frame_flag_tbl
                0x1ffffc69        0x6 ./Sources/lin_cfg/lin_cfg.o
                0x1ffffc69                lin_frame_flag_tbl
 .bss.lin_diag_services_flag
                0x1ffffc6f        0x7 ./Sources/lin_cfg/lin_cfg.o
                0x1ffffc6f                lin_diag_services_flag
 .bss.service_flash_read
                0x1ffffc76       0x32 ./Sources/main.o
                0x1ffffc76                service_flash_read
 .bss.u16Err_1  0x1ffffca8        0x2 ./Sources/main.o
                0x1ffffca8                u16Err_1
 .bss.updata_length
                0x1ffffcaa        0x2 ./Sources/main.o
                0x1ffffcaa                updata_length
 .bss.updata_flash_ID
                0x1ffffcac        0x4 ./Sources/main.o
                0x1ffffcac                updata_flash_ID
 .bss.__stdio_exit
                0x1ffffcb0        0x4 D:/CW11.0/CW MCU v11.0/MCU/ARM_GCC_Support/ewl/lib/armv6-m\libc.a(exit.o)
                0x1ffffcb0                __stdio_exit
 .bss.__console_exit
                0x1ffffcb4        0x4 D:/CW11.0/CW MCU v11.0/MCU/ARM_GCC_Support/ewl/lib/armv6-m\libc.a(exit.o)
                0x1ffffcb4                __console_exit
 .bss.__global_destructor_chain
                0x1ffffcb8        0x4 D:/CW11.0/CW MCU v11.0/MCU/ARM_GCC_Support/ewl/lib/armv6-m\librt.a(__arm_eabi_init.o)
                0x1ffffcb8                __global_destructor_chain
 .bss.__S_romp  0x1ffffcbc        0xc D:/CW11.0/CW MCU v11.0/MCU/ARM_GCC_Support/ewl/lib/armv6-m\librt.a(ROMCopy.o)
 *(COMMON)
 COMMON         0x1ffffcc8        0x2 ./Sources/LIN_Stack/coreapi/lin_common_proto.o
                0x1ffffcc8                frame_signal_error
                0x1ffffcc9                frame_index
 *fill*         0x1ffffcca        0x2 00
 COMMON         0x1ffffccc       0x9b ./Sources/lin_cfg/lin_cfg.o
                0x1ffffccc                tl_rx_msg_status
                0x1ffffccd                tl_ld_error_code
                0x1ffffcce                tl_receive_msg_status
                0x1ffffcd0                tl_check_timeout
                0x1ffffcd2                tl_rx_queue_data
                0x1ffffd02                tl_frame_counter
                0x1ffffd03                tl_tx_queue_data
                0x1ffffd34                tl_tx_msg_size
                0x1ffffd36                tl_last_cfg_result
                0x1ffffd37                tl_tx_msg_status
                0x1ffffd38                tl_last_RSID
                0x1ffffd39                lin_successful_transfer
                0x1ffffd3a                tl_rx_msg_index
                0x1ffffd3c                tl_no_of_pdu
                0x1ffffd3d                lin_diag_signal_tbl
                0x1ffffd4d                lin_goto_sleep_flg
                0x1ffffd4e                tl_rx_msg_size
                0x1ffffd50                lin_word_status
                0x1ffffd52                tl_tx_msg_index
                0x1ffffd54                tl_check_timeout_type
                0x1ffffd55                lin_current_pid
                0x1ffffd58                tl_ident_data
                0x1ffffd5c                lin_error_in_response
                0x1ffffd5d                lin_lld_response_buffer
 *fill*         0x1ffffd67        0x1 00
 COMMON         0x1ffffd68       0x40 ./Sources/main.o
                0x1ffffd68                data_cn1
                0x1ffffd6a                boot_flashdata_last_cn
                0x1ffffd6c                diagnostic_Session
                0x1ffffd6d                boot_write_flash
                0x1ffffd9f                data_cn2
                0x1ffffda0                boot_rx_ok_id
                0x1ffffda1                diagnostic_Session_flg
                0x1ffffda2                diagnostic_Session_timer
                0x1ffffda4                diagnostic_Session_pre
                0x1ffffda5                boot_status_flag
                0x1ffffda6                boot_flashdata_cn
                0x1ffffda8                . = ALIGN (0x4)
                0x1ffffda8                __END_BSS = .
                0x1ffffda8                PROVIDE (__bss_end__, __END_BSS)
                0x00003988                _romp_at = (___ROM_AT + SIZEOF (.data))

.romp           0x1ffffda8       0x18 load address 0x00003988
                0x00003988                __S_romp = _romp_at
                0x1ffffda8        0x4 LONG 0x3940 ___ROM_AT
                0x1ffffdac        0x4 LONG 0x1ffffc00 _sdata
                0x1ffffdb0        0x4 LONG 0x48 ___data_size
                0x1ffffdb4        0x4 LONG 0x0
                0x1ffffdb8        0x4 LONG 0x0
                0x1ffffdbc        0x4 LONG 0x0

._user_heap_stack
                0x1ffffdc0      0x200 load address 0x000039a0
                0x1ffffdc0                . = ALIGN (0x4)
                0x1ffffdc0                PROVIDE (end, .)
                0x1ffffdc0                PROVIDE (_end, .)
                0x1ffffdc0                __heap_addr = .
                0x1ffffec0                . = (. + __heap_size)
 *fill*         0x1ffffdc0      0x100 00
                0x1fffffc0                . = (. + __stack_size)
 *fill*         0x1ffffec0      0x100 00
                0x1fffffc0                . = ALIGN (0x4)

.ARM.attributes
                0x00000000       0x31
 *(.ARM.attributes)
 .ARM.attributes
                0x00000000       0x31 ./Project_Settings/Startup_Code/kinetis_sysinit.o
 .ARM.attributes
                0x00000031       0x31 ./Project_Settings/Startup_Code/__arm_start.o
 .ARM.attributes
                0x00000062       0x31 ./Project_Settings/Startup_Code/__arm_end.o
 .ARM.attributes
                0x00000093       0x31 ./Sources/LIN_Stack/bsp/UART/lin_lld_uart.o
 .ARM.attributes
                0x000000c4       0x31 ./Sources/LIN_Stack/bsp/UART/lin_lld_timesrv.o
 .ARM.attributes
                0x000000f5       0x31 ./Sources/LIN_Stack/bsp/UART/lin_isr.o
 .ARM.attributes
                0x00000126       0x31 ./Sources/LIN_Stack/coreapi/lin_lin21_proto.o
 .ARM.attributes
                0x00000157       0x31 ./Sources/LIN_Stack/coreapi/lin_common_proto.o
 .ARM.attributes
                0x00000188       0x31 ./Sources/LIN_Stack/coreapi/lin_common_api.o
 .ARM.attributes
                0x000001b9       0x31 ./Sources/LIN_Stack/lowlevel/lin.o
 .ARM.attributes
                0x000001ea       0x31 ./Sources/LIN_Stack/transport/lin_commontl_proto.o
 .ARM.attributes
                0x0000021b       0x31 ./Sources/LIN_Stack/transport/lin_commontl_api.o
 .ARM.attributes
                0x0000024c       0x31 ./Sources/driver/clock/clock.o
 .ARM.attributes
                0x0000027d       0x31 ./Sources/driver/eeprom/eeprom.o
 .ARM.attributes
                0x000002ae       0x31 ./Sources/driver/gpio/gpio.o
 .ARM.attributes
                0x000002df       0x31 ./Sources/lin_cfg/lin_cfg.o
 .ARM.attributes
                0x00000310       0x31 ./Sources/main.o
 .ARM.attributes
                0x00000341       0x31 D:/CW11.0/CW MCU v11.0/MCU/ARM_GCC_Support/ewl/lib/armv6-m\libc.a(exit.o)
 .ARM.attributes
                0x00000372       0x31 D:/CW11.0/CW MCU v11.0/MCU/ARM_GCC_Support/ewl/lib/armv6-m\libc.a(memset.o)
 .ARM.attributes
                0x000003a3       0x31 D:/CW11.0/CW MCU v11.0/MCU/ARM_GCC_Support/ewl/lib/armv6-m\libc.a(__filll_mem.o)
 .ARM.attributes
                0x000003d4       0x1e d:/cw11.0/cw mcu v11.0/cross_tools/arm-none-eabi-gcc-4_7_3/bin/../lib/gcc/arm-none-eabi/4.7.3/armv6-m\libgcc.a(_thumb1_case_uqi.o)
 .ARM.attributes
                0x000003f2       0x1e d:/cw11.0/cw mcu v11.0/cross_tools/arm-none-eabi-gcc-4_7_3/bin/../lib/gcc/arm-none-eabi/4.7.3/armv6-m\libgcc.a(_udivsi3.o)
 .ARM.attributes
                0x00000410       0x1e d:/cw11.0/cw mcu v11.0/cross_tools/arm-none-eabi-gcc-4_7_3/bin/../lib/gcc/arm-none-eabi/4.7.3/armv6-m\libgcc.a(_divsi3.o)
 .ARM.attributes
                0x0000042e       0x1e d:/cw11.0/cw mcu v11.0/cross_tools/arm-none-eabi-gcc-4_7_3/bin/../lib/gcc/arm-none-eabi/4.7.3/armv6-m\libgcc.a(_dvmd_tls.o)
 .ARM.attributes
                0x0000044c       0x2c d:/cw11.0/cw mcu v11.0/cross_tools/arm-none-eabi-gcc-4_7_3/bin/../lib/gcc/arm-none-eabi/4.7.3/armv6-m\libgcc.a(_fixunsdfsi.o)
 .ARM.attributes
                0x00000478       0x2c d:/cw11.0/cw mcu v11.0/cross_tools/arm-none-eabi-gcc-4_7_3/bin/../lib/gcc/arm-none-eabi/4.7.3/armv6-m\libgcc.a(adddf3.o)
 .ARM.attributes
                0x000004a4       0x2c d:/cw11.0/cw mcu v11.0/cross_tools/arm-none-eabi-gcc-4_7_3/bin/../lib/gcc/arm-none-eabi/4.7.3/armv6-m\libgcc.a(subdf3.o)
 .ARM.attributes
                0x000004d0       0x2c d:/cw11.0/cw mcu v11.0/cross_tools/arm-none-eabi-gcc-4_7_3/bin/../lib/gcc/arm-none-eabi/4.7.3/armv6-m\libgcc.a(fixdfsi.o)
 .ARM.attributes
                0x000004fc       0x2c d:/cw11.0/cw mcu v11.0/cross_tools/arm-none-eabi-gcc-4_7_3/bin/../lib/gcc/arm-none-eabi/4.7.3/armv6-m\libgcc.a(floatunsidf.o)
 .ARM.attributes
                0x00000528       0x1e d:/cw11.0/cw mcu v11.0/cross_tools/arm-none-eabi-gcc-4_7_3/bin/../lib/gcc/arm-none-eabi/4.7.3/armv6-m\libgcc.a(_arm_cmpdf2.o)
 .ARM.attributes
                0x00000546       0x1e d:/cw11.0/cw mcu v11.0/cross_tools/arm-none-eabi-gcc-4_7_3/bin/../lib/gcc/arm-none-eabi/4.7.3/armv6-m\libgcc.a(_clzsi2.o)
 .ARM.attributes
                0x00000564       0x2c d:/cw11.0/cw mcu v11.0/cross_tools/arm-none-eabi-gcc-4_7_3/bin/../lib/gcc/arm-none-eabi/4.7.3/armv6-m\libgcc.a(eqdf2.o)
 .ARM.attributes
                0x00000590       0x2c d:/cw11.0/cw mcu v11.0/cross_tools/arm-none-eabi-gcc-4_7_3/bin/../lib/gcc/arm-none-eabi/4.7.3/armv6-m\libgcc.a(gedf2.o)
 .ARM.attributes
                0x000005bc       0x2c d:/cw11.0/cw mcu v11.0/cross_tools/arm-none-eabi-gcc-4_7_3/bin/../lib/gcc/arm-none-eabi/4.7.3/armv6-m\libgcc.a(ledf2.o)
 .ARM.attributes
                0x000005e8       0x31 D:/CW11.0/CW MCU v11.0/MCU/ARM_GCC_Support/ewl/lib/armv6-m\librt.a(gcc_ctor_dtor.o)
 .ARM.attributes
                0x00000619       0x31 D:/CW11.0/CW MCU v11.0/MCU/ARM_GCC_Support/ewl/lib/armv6-m\librt.a(__arm_eabi_init.o)
 .ARM.attributes
                0x0000064a       0x31 D:/CW11.0/CW MCU v11.0/MCU/ARM_GCC_Support/ewl/lib/armv6-m\librt.a(ROMCopy.o)
OUTPUT(RLS.elf elf32-littlearm)

.debug_info     0x00000000     0x5efb
 .debug_info    0x00000000      0x385 ./Project_Settings/Startup_Code/kinetis_sysinit.o
 .debug_info    0x00000385      0x148 ./Project_Settings/Startup_Code/__arm_start.o
 .debug_info    0x000004cd       0x53 ./Project_Settings/Startup_Code/__arm_end.o
 .debug_info    0x00000520      0xd41 ./Sources/LIN_Stack/bsp/UART/lin_lld_uart.o
 .debug_info    0x00001261      0x54c ./Sources/LIN_Stack/bsp/UART/lin_lld_timesrv.o
 .debug_info    0x000017ad      0x2a0 ./Sources/LIN_Stack/bsp/UART/lin_isr.o
 .debug_info    0x00001a4d      0x378 ./Sources/LIN_Stack/coreapi/lin_lin21_proto.o
 .debug_info    0x00001dc5      0x820 ./Sources/LIN_Stack/coreapi/lin_common_proto.o
 .debug_info    0x000025e5      0x337 ./Sources/LIN_Stack/coreapi/lin_common_api.o
 .debug_info    0x0000291c      0x363 ./Sources/LIN_Stack/lowlevel/lin.o
 .debug_info    0x00002c7f      0x641 ./Sources/LIN_Stack/transport/lin_commontl_proto.o
 .debug_info    0x000032c0      0x65b ./Sources/LIN_Stack/transport/lin_commontl_api.o
 .debug_info    0x0000391b       0xf2 ./Sources/driver/clock/clock.o
 .debug_info    0x00003a0d      0x7a9 ./Sources/driver/eeprom/eeprom.o
 .debug_info    0x000041b6      0x1a3 ./Sources/driver/gpio/gpio.o
 .debug_info    0x00004359      0x9e6 ./Sources/lin_cfg/lin_cfg.o
 .debug_info    0x00004d3f      0x927 ./Sources/main.o
 .debug_info    0x00005666       0xe8 D:/CW11.0/CW MCU v11.0/MCU/ARM_GCC_Support/ewl/lib/armv6-m\libc.a(exit.o)
 .debug_info    0x0000574e       0xec D:/CW11.0/CW MCU v11.0/MCU/ARM_GCC_Support/ewl/lib/armv6-m\libc.a(memset.o)
 .debug_info    0x0000583a      0x137 D:/CW11.0/CW MCU v11.0/MCU/ARM_GCC_Support/ewl/lib/armv6-m\libc.a(__filll_mem.o)
 .debug_info    0x00005971      0x136 D:/CW11.0/CW MCU v11.0/MCU/ARM_GCC_Support/ewl/lib/armv6-m\librt.a(gcc_ctor_dtor.o)
 .debug_info    0x00005aa7      0x2b9 D:/CW11.0/CW MCU v11.0/MCU/ARM_GCC_Support/ewl/lib/armv6-m\librt.a(__arm_eabi_init.o)
 .debug_info    0x00005d60      0x19b D:/CW11.0/CW MCU v11.0/MCU/ARM_GCC_Support/ewl/lib/armv6-m\librt.a(ROMCopy.o)

.debug_abbrev   0x00000000     0x1ba9
 .debug_abbrev  0x00000000      0x133 ./Project_Settings/Startup_Code/kinetis_sysinit.o
 .debug_abbrev  0x00000133       0xc2 ./Project_Settings/Startup_Code/__arm_start.o
 .debug_abbrev  0x000001f5       0x4c ./Project_Settings/Startup_Code/__arm_end.o
 .debug_abbrev  0x00000241      0x2dd ./Sources/LIN_Stack/bsp/UART/lin_lld_uart.o
 .debug_abbrev  0x0000051e      0x10c ./Sources/LIN_Stack/bsp/UART/lin_lld_timesrv.o
 .debug_abbrev  0x0000062a       0xb1 ./Sources/LIN_Stack/bsp/UART/lin_isr.o
 .debug_abbrev  0x000006db      0x11a ./Sources/LIN_Stack/coreapi/lin_lin21_proto.o
 .debug_abbrev  0x000007f5      0x1e9 ./Sources/LIN_Stack/coreapi/lin_common_proto.o
 .debug_abbrev  0x000009de      0x158 ./Sources/LIN_Stack/coreapi/lin_common_api.o
 .debug_abbrev  0x00000b36      0x145 ./Sources/LIN_Stack/lowlevel/lin.o
 .debug_abbrev  0x00000c7b      0x1fd ./Sources/LIN_Stack/transport/lin_commontl_proto.o
 .debug_abbrev  0x00000e78      0x1bb ./Sources/LIN_Stack/transport/lin_commontl_api.o
 .debug_abbrev  0x00001033       0x85 ./Sources/driver/clock/clock.o
 .debug_abbrev  0x000010b8      0x24f ./Sources/driver/eeprom/eeprom.o
 .debug_abbrev  0x00001307       0x85 ./Sources/driver/gpio/gpio.o
 .debug_abbrev  0x0000138c      0x138 ./Sources/lin_cfg/lin_cfg.o
 .debug_abbrev  0x000014c4      0x225 ./Sources/main.o
 .debug_abbrev  0x000016e9       0x7a D:/CW11.0/CW MCU v11.0/MCU/ARM_GCC_Support/ewl/lib/armv6-m\libc.a(exit.o)
 .debug_abbrev  0x00001763       0x62 D:/CW11.0/CW MCU v11.0/MCU/ARM_GCC_Support/ewl/lib/armv6-m\libc.a(memset.o)
 .debug_abbrev  0x000017c5       0x78 D:/CW11.0/CW MCU v11.0/MCU/ARM_GCC_Support/ewl/lib/armv6-m\libc.a(__filll_mem.o)
 .debug_abbrev  0x0000183d       0x99 D:/CW11.0/CW MCU v11.0/MCU/ARM_GCC_Support/ewl/lib/armv6-m\librt.a(gcc_ctor_dtor.o)
 .debug_abbrev  0x000018d6      0x1b3 D:/CW11.0/CW MCU v11.0/MCU/ARM_GCC_Support/ewl/lib/armv6-m\librt.a(__arm_eabi_init.o)
 .debug_abbrev  0x00001a89      0x120 D:/CW11.0/CW MCU v11.0/MCU/ARM_GCC_Support/ewl/lib/armv6-m\librt.a(ROMCopy.o)

.debug_aranges  0x00000000      0x628
 .debug_aranges
                0x00000000       0x28 ./Project_Settings/Startup_Code/kinetis_sysinit.o
 .debug_aranges
                0x00000028       0x28 ./Project_Settings/Startup_Code/__arm_start.o
 .debug_aranges
                0x00000050       0x20 ./Project_Settings/Startup_Code/__arm_end.o
 .debug_aranges
                0x00000070       0x90 ./Sources/LIN_Stack/bsp/UART/lin_lld_uart.o
 .debug_aranges
                0x00000100       0x28 ./Sources/LIN_Stack/bsp/UART/lin_lld_timesrv.o
 .debug_aranges
                0x00000128       0x28 ./Sources/LIN_Stack/bsp/UART/lin_isr.o
 .debug_aranges
                0x00000150       0x30 ./Sources/LIN_Stack/coreapi/lin_lin21_proto.o
 .debug_aranges
                0x00000180       0x68 ./Sources/LIN_Stack/coreapi/lin_common_proto.o
 .debug_aranges
                0x000001e8       0x68 ./Sources/LIN_Stack/coreapi/lin_common_api.o
 .debug_aranges
                0x00000250       0xa0 ./Sources/LIN_Stack/lowlevel/lin.o
 .debug_aranges
                0x000002f0       0x48 ./Sources/LIN_Stack/transport/lin_commontl_proto.o
 .debug_aranges
                0x00000338       0x70 ./Sources/LIN_Stack/transport/lin_commontl_api.o
 .debug_aranges
                0x000003a8       0x20 ./Sources/driver/clock/clock.o
 .debug_aranges
                0x000003c8       0x70 ./Sources/driver/eeprom/eeprom.o
 .debug_aranges
                0x00000438       0x20 ./Sources/driver/gpio/gpio.o
 .debug_aranges
                0x00000458       0x20 ./Sources/lin_cfg/lin_cfg.o
 .debug_aranges
                0x00000478       0xa0 ./Sources/main.o
 .debug_aranges
                0x00000518       0x20 D:/CW11.0/CW MCU v11.0/MCU/ARM_GCC_Support/ewl/lib/armv6-m\libc.a(exit.o)
 .debug_aranges
                0x00000538       0x20 D:/CW11.0/CW MCU v11.0/MCU/ARM_GCC_Support/ewl/lib/armv6-m\libc.a(memset.o)
 .debug_aranges
                0x00000558       0x20 D:/CW11.0/CW MCU v11.0/MCU/ARM_GCC_Support/ewl/lib/armv6-m\libc.a(__filll_mem.o)
 .debug_aranges
                0x00000578       0x28 D:/CW11.0/CW MCU v11.0/MCU/ARM_GCC_Support/ewl/lib/armv6-m\librt.a(gcc_ctor_dtor.o)
 .debug_aranges
                0x000005a0       0x58 D:/CW11.0/CW MCU v11.0/MCU/ARM_GCC_Support/ewl/lib/armv6-m\librt.a(__arm_eabi_init.o)
 .debug_aranges
                0x000005f8       0x30 D:/CW11.0/CW MCU v11.0/MCU/ARM_GCC_Support/ewl/lib/armv6-m\librt.a(ROMCopy.o)

.debug_macinfo  0x00000000   0x1f7939
 .debug_macinfo
                0x00000000    0x1a1bc ./Project_Settings/Startup_Code/kinetis_sysinit.o
 .debug_macinfo
                0x0001a1bc     0x3e82 ./Project_Settings/Startup_Code/__arm_start.o
 .debug_macinfo
                0x0001e03e     0x346b ./Project_Settings/Startup_Code/__arm_end.o
 .debug_macinfo
                0x000214a9    0x23571 ./Sources/LIN_Stack/bsp/UART/lin_lld_uart.o
 .debug_macinfo
                0x00044a1a    0x2356d ./Sources/LIN_Stack/bsp/UART/lin_lld_timesrv.o
 .debug_macinfo
                0x00067f87    0x2352d ./Sources/LIN_Stack/bsp/UART/lin_isr.o
 .debug_macinfo
                0x0008b4b4    0x234a6 ./Sources/LIN_Stack/coreapi/lin_lin21_proto.o
 .debug_macinfo
                0x000ae95a    0x237bd ./Sources/LIN_Stack/coreapi/lin_common_proto.o
 .debug_macinfo
                0x000d2117    0x23490 ./Sources/LIN_Stack/coreapi/lin_common_api.o
 .debug_macinfo
                0x000f55a7    0x23531 ./Sources/LIN_Stack/lowlevel/lin.o
 .debug_macinfo
                0x00118ad8    0x23d5e ./Sources/LIN_Stack/transport/lin_commontl_proto.o
 .debug_macinfo
                0x0013c836    0x237b9 ./Sources/LIN_Stack/transport/lin_commontl_api.o
 .debug_macinfo
                0x0015ffef    0x1a1bc ./Sources/driver/clock/clock.o
 .debug_macinfo
                0x0017a1ab    0x1a747 ./Sources/driver/eeprom/eeprom.o
 .debug_macinfo
                0x001948f2    0x1a1f8 ./Sources/driver/gpio/gpio.o
 .debug_macinfo
                0x001aeaea    0x23450 ./Sources/lin_cfg/lin_cfg.o
 .debug_macinfo
                0x001d1f3a    0x259ff ./Sources/main.o

.debug_line     0x00000000     0x4325
 .debug_line    0x00000000      0x207 ./Project_Settings/Startup_Code/kinetis_sysinit.o
 .debug_line    0x00000207      0x27d ./Project_Settings/Startup_Code/__arm_start.o
 .debug_line    0x00000484      0x259 ./Project_Settings/Startup_Code/__arm_end.o
 .debug_line    0x000006dd      0x55f ./Sources/LIN_Stack/bsp/UART/lin_lld_uart.o
 .debug_line    0x00000c3c      0x369 ./Sources/LIN_Stack/bsp/UART/lin_lld_timesrv.o
 .debug_line    0x00000fa5      0x2fd ./Sources/LIN_Stack/bsp/UART/lin_isr.o
 .debug_line    0x000012a2      0x367 ./Sources/LIN_Stack/coreapi/lin_lin21_proto.o
 .debug_line    0x00001609      0x4ba ./Sources/LIN_Stack/coreapi/lin_common_proto.o
 .debug_line    0x00001ac3      0x3c3 ./Sources/LIN_Stack/coreapi/lin_common_api.o
 .debug_line    0x00001e86      0x41c ./Sources/LIN_Stack/lowlevel/lin.o
 .debug_line    0x000022a2      0x53f ./Sources/LIN_Stack/transport/lin_commontl_proto.o
 .debug_line    0x000027e1      0x539 ./Sources/LIN_Stack/transport/lin_commontl_api.o
 .debug_line    0x00002d1a      0x1da ./Sources/driver/clock/clock.o
 .debug_line    0x00002ef4      0x486 ./Sources/driver/eeprom/eeprom.o
 .debug_line    0x0000337a      0x1d0 ./Sources/driver/gpio/gpio.o
 .debug_line    0x0000354a      0x2d5 ./Sources/lin_cfg/lin_cfg.o
 .debug_line    0x0000381f      0x6b3 ./Sources/main.o
 .debug_line    0x00003ed2       0x8d D:/CW11.0/CW MCU v11.0/MCU/ARM_GCC_Support/ewl/lib/armv6-m\libc.a(exit.o)
 .debug_line    0x00003f5f       0x90 D:/CW11.0/CW MCU v11.0/MCU/ARM_GCC_Support/ewl/lib/armv6-m\libc.a(memset.o)
 .debug_line    0x00003fef       0xf6 D:/CW11.0/CW MCU v11.0/MCU/ARM_GCC_Support/ewl/lib/armv6-m\libc.a(__filll_mem.o)
 .debug_line    0x000040e5       0x6c D:/CW11.0/CW MCU v11.0/MCU/ARM_GCC_Support/ewl/lib/armv6-m\librt.a(gcc_ctor_dtor.o)
 .debug_line    0x00004151      0x117 D:/CW11.0/CW MCU v11.0/MCU/ARM_GCC_Support/ewl/lib/armv6-m\librt.a(__arm_eabi_init.o)
 .debug_line    0x00004268       0xbd D:/CW11.0/CW MCU v11.0/MCU/ARM_GCC_Support/ewl/lib/armv6-m\librt.a(ROMCopy.o)

.debug_str      0x00000000     0x26fd
 .debug_str     0x00000000      0x239 ./Project_Settings/Startup_Code/kinetis_sysinit.o
                                0x260 (size before relaxing)
 .debug_str     0x00000239       0x85 ./Project_Settings/Startup_Code/__arm_start.o
                                0x194 (size before relaxing)
 .debug_str     0x000002be       0x3a ./Project_Settings/Startup_Code/__arm_end.o
                                 0xcb (size before relaxing)
 .debug_str     0x000002f8      0x80c ./Sources/LIN_Stack/bsp/UART/lin_lld_uart.o
                                0x96b (size before relaxing)
 .debug_str     0x00000b04      0x382 ./Sources/LIN_Stack/bsp/UART/lin_lld_timesrv.o
                                0x51e (size before relaxing)
 .debug_str     0x00000e86       0x4e ./Sources/LIN_Stack/bsp/UART/lin_isr.o
                                0x214 (size before relaxing)
 .debug_str     0x00000ed4      0x267 ./Sources/LIN_Stack/coreapi/lin_lin21_proto.o
                                0x3c0 (size before relaxing)
 .debug_str     0x0000113b      0x4ab ./Sources/LIN_Stack/coreapi/lin_common_proto.o
                                0xa25 (size before relaxing)
 .debug_str     0x000015e6       0xc5 ./Sources/LIN_Stack/coreapi/lin_common_api.o
                                0x294 (size before relaxing)
 .debug_str     0x000016ab      0x225 ./Sources/LIN_Stack/lowlevel/lin.o
                                0x37f (size before relaxing)
 .debug_str     0x000018d0      0x1a1 ./Sources/LIN_Stack/transport/lin_commontl_proto.o
                                0x661 (size before relaxing)
 .debug_str     0x00001a71      0x1b3 ./Sources/LIN_Stack/transport/lin_commontl_api.o
                                0x6a1 (size before relaxing)
 .debug_str     0x00001c24       0x42 ./Sources/driver/clock/clock.o
                                0x147 (size before relaxing)
 .debug_str     0x00001c66      0x2a4 ./Sources/driver/eeprom/eeprom.o
                                0x42d (size before relaxing)
 .debug_str     0x00001f0a       0x66 ./Sources/driver/gpio/gpio.o
                                0x1af (size before relaxing)
 .debug_str     0x00001f70      0x147 ./Sources/lin_cfg/lin_cfg.o
                                0xba0 (size before relaxing)
 .debug_str     0x000020b7      0x2ef ./Sources/main.o
                                0x7dd (size before relaxing)
 .debug_str     0x000023a6       0x4e D:/CW11.0/CW MCU v11.0/MCU/ARM_GCC_Support/ewl/lib/armv6-m\libc.a(exit.o)
                                0x157 (size before relaxing)
 .debug_str     0x000023f4       0x23 D:/CW11.0/CW MCU v11.0/MCU/ARM_GCC_Support/ewl/lib/armv6-m\libc.a(memset.o)
                                0x140 (size before relaxing)
 .debug_str     0x00002417       0x2d D:/CW11.0/CW MCU v11.0/MCU/ARM_GCC_Support/ewl/lib/armv6-m\libc.a(__filll_mem.o)
                                0x152 (size before relaxing)
 .debug_str     0x00002444      0x126 D:/CW11.0/CW MCU v11.0/MCU/ARM_GCC_Support/ewl/lib/armv6-m\librt.a(gcc_ctor_dtor.o)
                                0x181 (size before relaxing)
 .debug_str     0x0000256a       0xf8 D:/CW11.0/CW MCU v11.0/MCU/ARM_GCC_Support/ewl/lib/armv6-m\librt.a(__arm_eabi_init.o)
                                0x1b5 (size before relaxing)
 .debug_str     0x00002662       0x9b D:/CW11.0/CW MCU v11.0/MCU/ARM_GCC_Support/ewl/lib/armv6-m\librt.a(ROMCopy.o)
                                0x13c (size before relaxing)

.comment        0x00000000       0x79
 .comment       0x00000000       0x79 ./Project_Settings/Startup_Code/kinetis_sysinit.o
                                 0x7a (size before relaxing)
 .comment       0x00000000       0x7a ./Project_Settings/Startup_Code/__arm_start.o
 .comment       0x00000000       0x7a ./Project_Settings/Startup_Code/__arm_end.o
 .comment       0x00000000       0x7a ./Sources/LIN_Stack/bsp/UART/lin_lld_uart.o
 .comment       0x00000000       0x7a ./Sources/LIN_Stack/bsp/UART/lin_lld_timesrv.o
 .comment       0x00000000       0x7a ./Sources/LIN_Stack/bsp/UART/lin_isr.o
 .comment       0x00000000       0x7a ./Sources/LIN_Stack/coreapi/lin_lin21_proto.o
 .comment       0x00000000       0x7a ./Sources/LIN_Stack/coreapi/lin_common_proto.o
 .comment       0x00000000       0x7a ./Sources/LIN_Stack/coreapi/lin_common_api.o
 .comment       0x00000000       0x7a ./Sources/LIN_Stack/lowlevel/lin.o
 .comment       0x00000000       0x7a ./Sources/LIN_Stack/transport/lin_commontl_proto.o
 .comment       0x00000000       0x7a ./Sources/LIN_Stack/transport/lin_commontl_api.o
 .comment       0x00000000       0x7a ./Sources/driver/clock/clock.o
 .comment       0x00000000       0x7a ./Sources/driver/eeprom/eeprom.o
 .comment       0x00000000       0x7a ./Sources/driver/gpio/gpio.o
 .comment       0x00000000       0x7a ./Sources/lin_cfg/lin_cfg.o
 .comment       0x00000000       0x7a ./Sources/main.o
 .comment       0x00000000       0x7a D:/CW11.0/CW MCU v11.0/MCU/ARM_GCC_Support/ewl/lib/armv6-m\libc.a(exit.o)
 .comment       0x00000000       0x7a D:/CW11.0/CW MCU v11.0/MCU/ARM_GCC_Support/ewl/lib/armv6-m\libc.a(memset.o)
 .comment       0x00000000       0x7a D:/CW11.0/CW MCU v11.0/MCU/ARM_GCC_Support/ewl/lib/armv6-m\libc.a(__filll_mem.o)
 .comment       0x00000000       0x7a D:/CW11.0/CW MCU v11.0/MCU/ARM_GCC_Support/ewl/lib/armv6-m\librt.a(gcc_ctor_dtor.o)
 .comment       0x00000000       0x7a D:/CW11.0/CW MCU v11.0/MCU/ARM_GCC_Support/ewl/lib/armv6-m\librt.a(__arm_eabi_init.o)
 .comment       0x00000000       0x7a D:/CW11.0/CW MCU v11.0/MCU/ARM_GCC_Support/ewl/lib/armv6-m\librt.a(ROMCopy.o)

.debug_frame    0x00000000      0xf20
 .debug_frame   0x00000000       0x30 ./Project_Settings/Startup_Code/kinetis_sysinit.o
 .debug_frame   0x00000030       0x30 ./Project_Settings/Startup_Code/__arm_start.o
 .debug_frame   0x00000060       0x28 ./Project_Settings/Startup_Code/__arm_end.o
 .debug_frame   0x00000088      0x160 ./Sources/LIN_Stack/bsp/UART/lin_lld_uart.o
 .debug_frame   0x000001e8       0x38 ./Sources/LIN_Stack/bsp/UART/lin_lld_timesrv.o
 .debug_frame   0x00000220       0x40 ./Sources/LIN_Stack/bsp/UART/lin_isr.o
 .debug_frame   0x00000260       0x58 ./Sources/LIN_Stack/coreapi/lin_lin21_proto.o
 .debug_frame   0x000002b8      0x118 ./Sources/LIN_Stack/coreapi/lin_common_proto.o
 .debug_frame   0x000003d0       0xd8 ./Sources/LIN_Stack/coreapi/lin_common_api.o
 .debug_frame   0x000004a8      0x194 ./Sources/LIN_Stack/lowlevel/lin.o
 .debug_frame   0x0000063c       0xb8 ./Sources/LIN_Stack/transport/lin_commontl_proto.o
 .debug_frame   0x000006f4      0x100 ./Sources/LIN_Stack/transport/lin_commontl_api.o
 .debug_frame   0x000007f4       0x28 ./Sources/driver/clock/clock.o
 .debug_frame   0x0000081c      0x134 ./Sources/driver/eeprom/eeprom.o
 .debug_frame   0x00000950       0x20 ./Sources/driver/gpio/gpio.o
 .debug_frame   0x00000970       0x28 ./Sources/lin_cfg/lin_cfg.o
 .debug_frame   0x00000998      0x1dc ./Sources/main.o
 .debug_frame   0x00000b74       0x2c D:/CW11.0/CW MCU v11.0/MCU/ARM_GCC_Support/ewl/lib/armv6-m\libc.a(exit.o)
 .debug_frame   0x00000ba0       0x28 D:/CW11.0/CW MCU v11.0/MCU/ARM_GCC_Support/ewl/lib/armv6-m\libc.a(memset.o)
 .debug_frame   0x00000bc8       0x2c D:/CW11.0/CW MCU v11.0/MCU/ARM_GCC_Support/ewl/lib/armv6-m\libc.a(__filll_mem.o)
 .debug_frame   0x00000bf4       0x20 d:/cw11.0/cw mcu v11.0/cross_tools/arm-none-eabi-gcc-4_7_3/bin/../lib/gcc/arm-none-eabi/4.7.3/armv6-m\libgcc.a(_udivsi3.o)
 .debug_frame   0x00000c14       0x20 d:/cw11.0/cw mcu v11.0/cross_tools/arm-none-eabi-gcc-4_7_3/bin/../lib/gcc/arm-none-eabi/4.7.3/armv6-m\libgcc.a(_divsi3.o)
 .debug_frame   0x00000c34       0x2c d:/cw11.0/cw mcu v11.0/cross_tools/arm-none-eabi-gcc-4_7_3/bin/../lib/gcc/arm-none-eabi/4.7.3/armv6-m\libgcc.a(_fixunsdfsi.o)
 .debug_frame   0x00000c60       0x3c d:/cw11.0/cw mcu v11.0/cross_tools/arm-none-eabi-gcc-4_7_3/bin/../lib/gcc/arm-none-eabi/4.7.3/armv6-m\libgcc.a(adddf3.o)
 .debug_frame   0x00000c9c       0x38 d:/cw11.0/cw mcu v11.0/cross_tools/arm-none-eabi-gcc-4_7_3/bin/../lib/gcc/arm-none-eabi/4.7.3/armv6-m\libgcc.a(subdf3.o)
 .debug_frame   0x00000cd4       0x2c d:/cw11.0/cw mcu v11.0/cross_tools/arm-none-eabi-gcc-4_7_3/bin/../lib/gcc/arm-none-eabi/4.7.3/armv6-m\libgcc.a(fixdfsi.o)
 .debug_frame   0x00000d00       0x2c d:/cw11.0/cw mcu v11.0/cross_tools/arm-none-eabi-gcc-4_7_3/bin/../lib/gcc/arm-none-eabi/4.7.3/armv6-m\libgcc.a(floatunsidf.o)
 .debug_frame   0x00000d2c       0x34 d:/cw11.0/cw mcu v11.0/cross_tools/arm-none-eabi-gcc-4_7_3/bin/../lib/gcc/arm-none-eabi/4.7.3/armv6-m\libgcc.a(eqdf2.o)
 .debug_frame   0x00000d60       0x38 d:/cw11.0/cw mcu v11.0/cross_tools/arm-none-eabi-gcc-4_7_3/bin/../lib/gcc/arm-none-eabi/4.7.3/armv6-m\libgcc.a(gedf2.o)
 .debug_frame   0x00000d98       0x38 d:/cw11.0/cw mcu v11.0/cross_tools/arm-none-eabi-gcc-4_7_3/bin/../lib/gcc/arm-none-eabi/4.7.3/armv6-m\libgcc.a(ledf2.o)
 .debug_frame   0x00000dd0       0x40 D:/CW11.0/CW MCU v11.0/MCU/ARM_GCC_Support/ewl/lib/armv6-m\librt.a(gcc_ctor_dtor.o)
 .debug_frame   0x00000e10       0xbc D:/CW11.0/CW MCU v11.0/MCU/ARM_GCC_Support/ewl/lib/armv6-m\librt.a(__arm_eabi_init.o)
 .debug_frame   0x00000ecc       0x54 D:/CW11.0/CW MCU v11.0/MCU/ARM_GCC_Support/ewl/lib/armv6-m\librt.a(ROMCopy.o)

.debug_loc      0x00000000     0x246f
 .debug_loc     0x00000000       0x20 ./Project_Settings/Startup_Code/__arm_end.o
 .debug_loc     0x00000020      0x2b5 ./Sources/LIN_Stack/bsp/UART/lin_lld_uart.o
 .debug_loc     0x000002d5       0x20 ./Sources/LIN_Stack/bsp/UART/lin_lld_timesrv.o
 .debug_loc     0x000002f5       0x40 ./Sources/LIN_Stack/bsp/UART/lin_isr.o
 .debug_loc     0x00000335       0x99 ./Sources/LIN_Stack/coreapi/lin_lin21_proto.o
 .debug_loc     0x000003ce      0x43c ./Sources/LIN_Stack/coreapi/lin_common_proto.o
 .debug_loc     0x0000080a       0xff ./Sources/LIN_Stack/coreapi/lin_common_api.o
 .debug_loc     0x00000909      0x2d3 ./Sources/LIN_Stack/lowlevel/lin.o
 .debug_loc     0x00000bdc      0x3d4 ./Sources/LIN_Stack/transport/lin_commontl_proto.o
 .debug_loc     0x00000fb0      0x3d9 ./Sources/LIN_Stack/transport/lin_commontl_api.o
 .debug_loc     0x00001389       0x20 ./Sources/driver/clock/clock.o
 .debug_loc     0x000013a9      0x768 ./Sources/driver/eeprom/eeprom.o
 .debug_loc     0x00001b11       0x46 ./Sources/lin_cfg/lin_cfg.o
 .debug_loc     0x00001b57      0x414 ./Sources/main.o
 .debug_loc     0x00001f6b       0x3e D:/CW11.0/CW MCU v11.0/MCU/ARM_GCC_Support/ewl/lib/armv6-m\libc.a(exit.o)
 .debug_loc     0x00001fa9       0x6f D:/CW11.0/CW MCU v11.0/MCU/ARM_GCC_Support/ewl/lib/armv6-m\libc.a(memset.o)
 .debug_loc     0x00002018      0x14a D:/CW11.0/CW MCU v11.0/MCU/ARM_GCC_Support/ewl/lib/armv6-m\libc.a(__filll_mem.o)
 .debug_loc     0x00002162       0x9d D:/CW11.0/CW MCU v11.0/MCU/ARM_GCC_Support/ewl/lib/armv6-m\librt.a(gcc_ctor_dtor.o)
 .debug_loc     0x000021ff      0x197 D:/CW11.0/CW MCU v11.0/MCU/ARM_GCC_Support/ewl/lib/armv6-m\librt.a(__arm_eabi_init.o)
 .debug_loc     0x00002396       0xd9 D:/CW11.0/CW MCU v11.0/MCU/ARM_GCC_Support/ewl/lib/armv6-m\librt.a(ROMCopy.o)
