Archive member included because of file (symbol)

D:/CW11.0/CW MCU v11.0/MCU/ARM_GCC_Support/ewl/lib/armv6-m\libc.a(exit.o)
                              ./Project_Settings/Startup_Code/__arm_start.o (exit)
D:/CW11.0/CW MCU v11.0/MCU/ARM_GCC_Support/ewl/lib/armv6-m\libc.a(rand.o)
                              ./Sources/Application/Diagnostic/lin_diagnostic_service.o (rand)
D:/CW11.0/CW MCU v11.0/MCU/ARM_GCC_Support/ewl/lib/armv6-m\libc.a(memset.o)
                              ./Project_Settings/Startup_Code/__arm_start.o (memset)
D:/CW11.0/CW MCU v11.0/MCU/ARM_GCC_Support/ewl/lib/armv6-m\libc.a(__filll_mem.o)
                              D:/CW11.0/CW MCU v11.0/MCU/ARM_GCC_Support/ewl/lib/armv6-m\libc.a(memset.o) (__fill_mem)
d:/cw11.0/cw mcu v11.0/cross_tools/arm-none-eabi-gcc-4_7_3/bin/../lib/gcc/arm-none-eabi/4.7.3/armv6-m\libgcc.a(_thumb1_case_uqi.o)
                              ./Sources/Driver/LIN_Stack/bsp/UART/lin_lld_uart.o (__gnu_thumb1_case_uqi)
d:/cw11.0/cw mcu v11.0/cross_tools/arm-none-eabi-gcc-4_7_3/bin/../lib/gcc/arm-none-eabi/4.7.3/armv6-m\libgcc.a(_thumb1_case_uhi.o)
                              ./Sources/Application/Auto_wiper/auto_wiper.o (__gnu_thumb1_case_uhi)
d:/cw11.0/cw mcu v11.0/cross_tools/arm-none-eabi-gcc-4_7_3/bin/../lib/gcc/arm-none-eabi/4.7.3/armv6-m\libgcc.a(_udivsi3.o)
                              ./Sources/Application/Auto_air/auto_air.o (__aeabi_uidiv)
d:/cw11.0/cw mcu v11.0/cross_tools/arm-none-eabi-gcc-4_7_3/bin/../lib/gcc/arm-none-eabi/4.7.3/armv6-m\libgcc.a(_divsi3.o)
                              ./Sources/Application/Auto_wiper/auto_wiper.o (__aeabi_idiv)
d:/cw11.0/cw mcu v11.0/cross_tools/arm-none-eabi-gcc-4_7_3/bin/../lib/gcc/arm-none-eabi/4.7.3/armv6-m\libgcc.a(_dvmd_tls.o)
                              d:/cw11.0/cw mcu v11.0/cross_tools/arm-none-eabi-gcc-4_7_3/bin/../lib/gcc/arm-none-eabi/4.7.3/armv6-m\libgcc.a(_udivsi3.o) (__aeabi_idiv0)
d:/cw11.0/cw mcu v11.0/cross_tools/arm-none-eabi-gcc-4_7_3/bin/../lib/gcc/arm-none-eabi/4.7.3/armv6-m\libgcc.a(_fixunsdfsi.o)
                              ./Sources/Driver/LIN_Stack/bsp/UART/lin_isr.o (__aeabi_d2uiz)
d:/cw11.0/cw mcu v11.0/cross_tools/arm-none-eabi-gcc-4_7_3/bin/../lib/gcc/arm-none-eabi/4.7.3/armv6-m\libgcc.a(adddf3.o)
                              ./Sources/Driver/LIN_Stack/bsp/UART/lin_isr.o (__aeabi_dadd)
d:/cw11.0/cw mcu v11.0/cross_tools/arm-none-eabi-gcc-4_7_3/bin/../lib/gcc/arm-none-eabi/4.7.3/armv6-m\libgcc.a(subdf3.o)
                              d:/cw11.0/cw mcu v11.0/cross_tools/arm-none-eabi-gcc-4_7_3/bin/../lib/gcc/arm-none-eabi/4.7.3/armv6-m\libgcc.a(_fixunsdfsi.o) (__aeabi_dsub)
d:/cw11.0/cw mcu v11.0/cross_tools/arm-none-eabi-gcc-4_7_3/bin/../lib/gcc/arm-none-eabi/4.7.3/armv6-m\libgcc.a(fixdfsi.o)
                              d:/cw11.0/cw mcu v11.0/cross_tools/arm-none-eabi-gcc-4_7_3/bin/../lib/gcc/arm-none-eabi/4.7.3/armv6-m\libgcc.a(_fixunsdfsi.o) (__aeabi_d2iz)
d:/cw11.0/cw mcu v11.0/cross_tools/arm-none-eabi-gcc-4_7_3/bin/../lib/gcc/arm-none-eabi/4.7.3/armv6-m\libgcc.a(floatunsidf.o)
                              ./Sources/Driver/LIN_Stack/bsp/UART/lin_isr.o (__aeabi_ui2d)
d:/cw11.0/cw mcu v11.0/cross_tools/arm-none-eabi-gcc-4_7_3/bin/../lib/gcc/arm-none-eabi/4.7.3/armv6-m\libgcc.a(_arm_cmpdf2.o)
                              d:/cw11.0/cw mcu v11.0/cross_tools/arm-none-eabi-gcc-4_7_3/bin/../lib/gcc/arm-none-eabi/4.7.3/armv6-m\libgcc.a(_fixunsdfsi.o) (__aeabi_dcmpge)
d:/cw11.0/cw mcu v11.0/cross_tools/arm-none-eabi-gcc-4_7_3/bin/../lib/gcc/arm-none-eabi/4.7.3/armv6-m\libgcc.a(_clzsi2.o)
                              d:/cw11.0/cw mcu v11.0/cross_tools/arm-none-eabi-gcc-4_7_3/bin/../lib/gcc/arm-none-eabi/4.7.3/armv6-m\libgcc.a(adddf3.o) (__clzsi2)
d:/cw11.0/cw mcu v11.0/cross_tools/arm-none-eabi-gcc-4_7_3/bin/../lib/gcc/arm-none-eabi/4.7.3/armv6-m\libgcc.a(eqdf2.o)
                              d:/cw11.0/cw mcu v11.0/cross_tools/arm-none-eabi-gcc-4_7_3/bin/../lib/gcc/arm-none-eabi/4.7.3/armv6-m\libgcc.a(_arm_cmpdf2.o) (__eqdf2)
d:/cw11.0/cw mcu v11.0/cross_tools/arm-none-eabi-gcc-4_7_3/bin/../lib/gcc/arm-none-eabi/4.7.3/armv6-m\libgcc.a(gedf2.o)
                              d:/cw11.0/cw mcu v11.0/cross_tools/arm-none-eabi-gcc-4_7_3/bin/../lib/gcc/arm-none-eabi/4.7.3/armv6-m\libgcc.a(_arm_cmpdf2.o) (__gedf2)
d:/cw11.0/cw mcu v11.0/cross_tools/arm-none-eabi-gcc-4_7_3/bin/../lib/gcc/arm-none-eabi/4.7.3/armv6-m\libgcc.a(ledf2.o)
                              d:/cw11.0/cw mcu v11.0/cross_tools/arm-none-eabi-gcc-4_7_3/bin/../lib/gcc/arm-none-eabi/4.7.3/armv6-m\libgcc.a(_arm_cmpdf2.o) (__ledf2)
D:/CW11.0/CW MCU v11.0/MCU/ARM_GCC_Support/ewl/lib/armv6-m\librt.a(gcc_ctor_dtor.o)
                              ./Project_Settings/Startup_Code/__arm_start.o (__init_cpp)
D:/CW11.0/CW MCU v11.0/MCU/ARM_GCC_Support/ewl/lib/armv6-m\librt.a(__arm_eabi_init.o)
                              D:/CW11.0/CW MCU v11.0/MCU/ARM_GCC_Support/ewl/lib/armv6-m\libc.a(exit.o) (__destroy_global_chain)
[...]
Memory Configuration

Name             Origin             Length             Attributes
m_interrupts     0x00000000         0x000000c0         xr
m_cfmprotrom     0x00000400         0x00000010         xr
m_text           0x00000800         0x0000f800         xr
m_data           0x1ffffc00         0x00001000         xrw
*default*        0x00000000         0xffffffff

Linker script and memory map

LOAD ./Project_Settings/Startup_Code/kinetis_sysinit.o
LOAD ./Project_Settings/Startup_Code/__arm_start.o
LOAD ./Project_Settings/Startup_Code/__arm_end.o
LOAD ./Sources/Application/Auto_air/auto_air.o
LOAD ./Sources/Application/Auto_fog/auto_fog.o
LOAD ./Sources/Application/Auto_humid/auto_humid.o
LOAD ./Sources/Application/Auto_light/auto_light.o
LOAD ./Sources/Application/Auto_wiper/auto_wiper.o
LOAD ./Sources/Application/Battery/battery.o
LOAD ./Sources/Application/Config_parameters/config_parameter.o
LOAD ./Sources/Application/Diagnostic/lin_diagnostic_service.o
LOAD ./Sources/Application/Sleep/sleep.o
LOAD ./Sources/Application/main.o
LOAD ./Sources/Driver/IIC/iic.o
LOAD ./Sources/Driver/LIN_Stack/bsp/UART/lin_lld_uart.o
LOAD ./Sources/Driver/LIN_Stack/bsp/UART/lin_lld_timesrv.o
LOAD ./Sources/Driver/LIN_Stack/bsp/UART/lin_isr.o
LOAD ./Sources/Driver/LIN_Stack/coreapi/lin_lin21_proto.o
LOAD ./Sources/Driver/LIN_Stack/coreapi/lin_lin21_api.o
LOAD ./Sources/Driver/LIN_Stack/coreapi/lin_j2602_proto.o
LOAD ./Sources/Driver/LIN_Stack/coreapi/lin_j2602_api.o
LOAD ./Sources/Driver/LIN_Stack/coreapi/lin_common_proto.o
LOAD ./Sources/Driver/LIN_Stack/coreapi/lin_common_api.o
LOAD ./Sources/Driver/LIN_Stack/lowlevel/lin.o
LOAD ./Sources/Driver/SPI/spi.o
LOAD ./Sources/Driver/adc/adc.o
LOAD ./Sources/Driver/clock/clock.o
LOAD ./Sources/Driver/eeprom/eeprom.o
LOAD ./Sources/Driver/ftm/ftm.o
LOAD ./Sources/Driver/gpio/gpio.o
LOAD ./Sources/Driver/pmc/pmc.o
LOAD ./Sources/Driver/rtc/rtc.o
LOAD ./Sources/Driver/watchdog/watchdog.o
LOAD ./Sources/Transport/LIN_app/lin_app.o
LOAD ./Sources/Transport/Local_eep_data/local_eep_data.o
LOAD ./Sources/Transport/MLX75308/mlx75308.o
LOAD ./Sources/Transport/lin_cfg/lin_cfg.o
LOAD ./Sources/Transport/lin_transport/lin_lin21tl_api.o
LOAD ./Sources/Transport/lin_transport/lin_j2602tl_api.o
LOAD ./Sources/Transport/lin_transport/lin_commontl_proto.o
LOAD ./Sources/Transport/lin_transport/lin_commontl_api.o
START GROUP
LOAD D:/CW11.0/CW MCU v11.0/MCU/ARM_GCC_Support/ewl/lib/armv6-m\libc.a
LOAD D:/CW11.0/CW MCU v11.0/MCU/ARM_GCC_Support/ewl/lib/armv6-m\libm.a
LOAD d:/cw11.0/cw mcu v11.0/cross_tools/arm-none-eabi-gcc-4_7_3/bin/../lib/gcc/arm-none-eabi/4.7.3/armv6-m\libgcc.a
LOAD D:/CW11.0/CW MCU v11.0/MCU/ARM_GCC_Support/ewl/lib/armv6-m\librt.a
END GROUP
                0x20000c00                _estack = 0x20000c00
                0x20000c00                __SP_INIT = _estack
                0x00000100                __heap_size = 0x100
                0x00000100                __stack_size = 0x100

.interrupts     0x00000000       0xc0
                0x00000000                __vector_table = .
                0x00000000                . = ALIGN (0x4)
 *(.vectortable)
 .vectortable   0x00000000       0xc0 ./Project_Settings/Startup_Code/kinetis_sysinit.o
                0x00000000                InterruptVector
                0x000000c0                . = ALIGN (0x4)

.cfmprotect     0x00000400        0x0
                0x00000400                . = ALIGN (0x4)
 *(.cfmconfig)
                0x00000400                . = ALIGN (0x4)

.text           0x00000800     0x5a80
                0x00000800                . = ALIGN (0x4)
 *(.text)
 .text          0x00000800       0x14 d:/cw11.0/cw mcu v11.0/cross_tools/arm-none-eabi-gcc-4_7_3/bin/../lib/gcc/arm-none-eabi/4.7.3/armv6-m\libgcc.a(_thumb1_case_uqi.o)
                0x00000800                __gnu_thumb1_case_uqi
 .text          0x00000814       0x14 d:/cw11.0/cw mcu v11.0/cross_tools/arm-none-eabi-gcc-4_7_3/bin/../lib/gcc/arm-none-eabi/4.7.3/armv6-m\libgcc.a(_thumb1_case_uhi.o)
                0x00000814                __gnu_thumb1_case_uhi
 .text          0x00000828       0x9c d:/cw11.0/cw mcu v11.0/cross_tools/arm-none-eabi-gcc-4_7_3/bin/../lib/gcc/arm-none-eabi/4.7.3/armv6-m\libgcc.a(_udivsi3.o)
                0x00000828                __aeabi_uidiv
                0x00000828                __udivsi3
                0x000008b0                __aeabi_uidivmod
 .text          0x000008c4       0xc0 d:/cw11.0/cw mcu v11.0/cross_tools/arm-none-eabi-gcc-4_7_3/bin/../lib/gcc/arm-none-eabi/4.7.3/armv6-m\libgcc.a(_divsi3.o)
                0x000008c4                __divsi3
                0x000008c4                __aeabi_idiv
                0x00000970                __aeabi_idivmod
 .text          0x00000984        0x4 d:/cw11.0/cw mcu v11.0/cross_tools/arm-none-eabi-gcc-4_7_3/bin/../lib/gcc/arm-none-eabi/4.7.3/armv6-m\libgcc.a(_dvmd_tls.o)
                0x00000984                __aeabi_idiv0
                0x00000984                __aeabi_ldiv0
 .text          0x00000988       0x40 d:/cw11.0/cw mcu v11.0/cross_tools/arm-none-eabi-gcc-4_7_3/bin/../lib/gcc/arm-none-eabi/4.7.3/armv6-m\libgcc.a(_fixunsdfsi.o)
                0x00000988                __aeabi_d2uiz
                0x00000988                __fixunsdfsi
 .text          0x000009c8      0x758 d:/cw11.0/cw mcu v11.0/cross_tools/arm-none-eabi-gcc-4_7_3/bin/../lib/gcc/arm-none-eabi/4.7.3/armv6-m\libgcc.a(adddf3.o)
                0x000009c8                __aeabi_dadd
 .text          0x00001120      0x6f8 d:/cw11.0/cw mcu v11.0/cross_tools/arm-none-eabi-gcc-4_7_3/bin/../lib/gcc/arm-none-eabi/4.7.3/armv6-m\libgcc.a(subdf3.o)
                0x00001120                __aeabi_dsub
 .text          0x00001818       0x68 d:/cw11.0/cw mcu v11.0/cross_tools/arm-none-eabi-gcc-4_7_3/bin/../lib/gcc/arm-none-eabi/4.7.3/armv6-m\libgcc.a(fixdfsi.o)
                0x00001818                __aeabi_d2iz
 .text          0x00001880       0x64 d:/cw11.0/cw mcu v11.0/cross_tools/arm-none-eabi-gcc-4_7_3/bin/../lib/gcc/arm-none-eabi/4.7.3/armv6-m\libgcc.a(floatunsidf.o)
                0x00001880                __aeabi_ui2d
 .text          0x000018e4       0x7c d:/cw11.0/cw mcu v11.0/cross_tools/arm-none-eabi-gcc-4_7_3/bin/../lib/gcc/arm-none-eabi/4.7.3/armv6-m\libgcc.a(_arm_cmpdf2.o)
                0x000018e4                __aeabi_cdrcmple
                0x000018f4                __aeabi_cdcmple
                0x000018f4                __aeabi_cdcmpeq
                0x00001904                __aeabi_dcmpeq
                0x00001910                __aeabi_dcmplt
                0x00001924                __aeabi_dcmple
                0x00001938                __aeabi_dcmpgt
                0x0000194c                __aeabi_dcmpge
 .text          0x00001960       0x3c d:/cw11.0/cw mcu v11.0/cross_tools/arm-none-eabi-gcc-4_7_3/bin/../lib/gcc/arm-none-eabi/4.7.3/armv6-m\libgcc.a(_clzsi2.o)
                0x00001960                __clzsi2
 .text          0x0000199c       0x7c d:/cw11.0/cw mcu v11.0/cross_tools/arm-none-eabi-gcc-4_7_3/bin/../lib/gcc/arm-none-eabi/4.7.3/armv6-m\libgcc.a(eqdf2.o)
                0x0000199c                __nedf2
                0x0000199c                __eqdf2
 .text          0x00001a18       0xe8 d:/cw11.0/cw mcu v11.0/cross_tools/arm-none-eabi-gcc-4_7_3/bin/../lib/gcc/arm-none-eabi/4.7.3/armv6-m\libgcc.a(gedf2.o)
                0x00001a18                __gedf2
                0x00001a18                __gtdf2
 .text          0x00001b00       0xd8 d:/cw11.0/cw mcu v11.0/cross_tools/arm-none-eabi-gcc-4_7_3/bin/../lib/gcc/arm-none-eabi/4.7.3/armv6-m\libgcc.a(ledf2.o)
                0x00001b00                __ledf2
                0x00001b00                __ltdf2
 *(.text*)
 .text.Default_Handler
                0x00001bd8        0x4 ./Project_Settings/Startup_Code/kinetis_sysinit.o
                0x00001bd8                I2C0_IRQHandler
                0x00001bd8                HardFault_Handler
                0x00001bd8                SysTick_Handler
                0x00001bd8                PendSV_Handler
                0x00001bd8                NMI_Handler
                0x00001bd8                ADC0_IRQHandler
                0x00001bd8                SPI1_IRQHandler
                0x00001bd8                UART2_SCI2_IRQHandler
                0x00001bd8                IRQ_IRQHandler
                0x00001bd8                PIT_CH0_IRQHandler
                0x00001bd8                Default_Handler
                0x00001bd8                ACMP0_IRQHandler
                0x00001bd8                SVC_Handler
                0x00001bd8                ICS_IRQHandler
                0x00001bd8                PIT_CH1_IRQHandler
                0x00001bd8                FTMRH_IRQHandler
                0x00001bd8                KBI0_IRQHandler
                0x00001bd8                PMC_IRQHandler
                0x00001bd8                SPI0_IRQHandler
                0x00001bd8                FTM2_IRQHandler
                0x00001bd8                ACMP1_IRQHandler
                0x00001bd8                KBI1_IRQHandler
                0x00001bd8                UART1_SCI1_IRQHandler
 .text.__init_hardware
                0x00001bdc       0x2c ./Project_Settings/Startup_Code/kinetis_sysinit.o
                0x00001bdc                __init_hardware
 .text.__thumb_startup
                0x00001c08       0x38 ./Project_Settings/Startup_Code/__arm_start.o
                0x00001c08                __thumb_startup
 .text._ExitProcess
                0x00001c40        0x4 ./Project_Settings/Startup_Code/__arm_end.o
                0x00001c40                _ExitProcess
 .text.Auto_Air_Var_Init
                0x00001c44       0x18 ./Sources/Application/Auto_air/auto_air.o
                0x00001c44                Auto_Air_Var_Init
 .text.Search_Table
                0x00001c5c       0x92 ./Sources/Application/Auto_air/auto_air.o
                0x00001c5c                Search_Table
 *fill*         0x00001cee        0x2 00
 .text.RLS_Auto_Solar_Task
                0x00001cf0       0xdc ./Sources/Application/Auto_air/auto_air.o
                0x00001cf0                RLS_Auto_Solar_Task
 .text.Auto_light_Var_Init
                0x00001dcc       0x10 ./Sources/Application/Auto_light/auto_light.o
                0x00001dcc                Auto_light_Var_Init
 .text.RLS_AutoLightControl
                0x00001ddc       0xf4 ./Sources/Application/Auto_light/auto_light.o
                0x00001ddc                RLS_AutoLightControl
 .text.RLS_Light_Module_Fault_Process
                0x00001ed0       0x74 ./Sources/Application/Auto_light/auto_light.o
                0x00001ed0                RLS_Light_Module_Fault_Process
 .text.RLS_Auto_Light_Task
                0x00001f44       0x60 ./Sources/Application/Auto_light/auto_light.o
                0x00001f44                RLS_Auto_Light_Task
 .text.Auto_Wiper_Var_Init
                0x00001fa4       0x8c ./Sources/Application/Auto_wiper/auto_wiper.o
                0x00001fa4                Auto_Wiper_Var_Init
 .text.RLS_Rain_Module_Fault_Process
                0x00002030       0x70 ./Sources/Application/Auto_wiper/auto_wiper.o
                0x00002030                RLS_Rain_Module_Fault_Process
 .text.RLS_Get_Rain_State
                0x000020a0      0x23c ./Sources/Application/Auto_wiper/auto_wiper.o
                0x000020a0                RLS_Get_Rain_State
 .text.RLS_Get_Rain_ExpectStage
                0x000022dc      0x120 ./Sources/Application/Auto_wiper/auto_wiper.o
                0x000022dc                RLS_Get_Rain_ExpectStage
 .text.RLS_Mask_False_Operation
                0x000023fc      0x100 ./Sources/Application/Auto_wiper/auto_wiper.o
                0x000023fc                RLS_Mask_False_Operation
 .text.RLS_Invalid_DataProcess
                0x000024fc       0xd8 ./Sources/Application/Auto_wiper/auto_wiper.o
                0x000024fc                RLS_Invalid_DataProcess
 .text.RLS_Period_Mode
                0x000025d4       0x28 ./Sources/Application/Auto_wiper/auto_wiper.o
                0x000025d4                RLS_Period_Mode
 .text.RLS_Rain_State_Mchaine
                0x000025fc      0x6d8 ./Sources/Application/Auto_wiper/auto_wiper.o
                0x000025fc                RLS_Rain_State_Mchaine
 .text.RLS_Wipe_Park_Process
                0x00002cd4       0x34 ./Sources/Application/Auto_wiper/auto_wiper.o
                0x00002cd4                RLS_Wipe_Park_Process
 .text.RLS_Auto_Rain_Task
                0x00002d08       0x16 ./Sources/Application/Auto_wiper/auto_wiper.o
                0x00002d08                RLS_Auto_Rain_Task
 *fill*         0x00002d1e        0x2 00
 .text.RLS_SelfAdaptTask
                0x00002d20      0x268 ./Sources/Application/Auto_wiper/auto_wiper.o
                0x00002d20                RLS_SelfAdaptTask
 .text.RLS_Single_Wipe_Function
                0x00002f88       0x78 ./Sources/Application/Auto_wiper/auto_wiper.o
                0x00002f88                RLS_Single_Wipe_Function
 .text.RLS_Lin_Diag_Fucntion
                0x00003000       0x24 ./Sources/Application/Auto_wiper/auto_wiper.o
                0x00003000                RLS_Lin_Diag_Fucntion
 .text.Battery_Var_init
                0x00003024       0x28 ./Sources/Application/Battery/battery.o
                0x00003024                Battery_Var_init
 .text.RLS_Battery_Measurement
                0x0000304c       0x2c ./Sources/Application/Battery/battery.o
                0x0000304c                RLS_Battery_Measurement
 .text.RLS_Battery_State
                0x00003078       0x70 ./Sources/Application/Battery/battery.o
                0x00003078                RLS_Battery_State
 .text.Globle_parameter_Init
                0x000030e8       0x5c ./Sources/Application/Config_parameters/config_parameter.o
                0x000030e8                Globle_parameter_Init
 .text.Diagnostic_Var_init
                0x00003144       0x20 ./Sources/Application/Diagnostic/lin_diagnostic_service.o
                0x00003144                Diagnostic_Var_init
 .text.lin_diagservice_session_state
                0x00003164       0x40 ./Sources/Application/Diagnostic/lin_diagnostic_service.o
                0x00003164                lin_diagservice_session_state
 .text.boot_jump_to_APP
                0x000031a4        0x8 ./Sources/Application/Diagnostic/lin_diagnostic_service.o
                0x000031a4                boot_jump_to_APP
 .text.lin_diagservice_session_control
                0x000031ac       0xb4 ./Sources/Application/Diagnostic/lin_diagnostic_service.o
                0x000031ac                lin_diagservice_session_control
 .text.uds_calc_key
                0x00003260       0x3c ./Sources/Application/Diagnostic/lin_diagnostic_service.o
                0x00003260                uds_calc_key
 .text.lin_diagservice_service_securityaccess
                0x0000329c       0x94 ./Sources/Application/Diagnostic/lin_diagnostic_service.o
                0x0000329c                lin_diagservice_service_securityaccess
 .text.lin_diagservice_read_data_by_identifier
                0x00003330       0xcc ./Sources/Application/Diagnostic/lin_diagnostic_service.o
                0x00003330                lin_diagservice_read_data_by_identifier
 .text.lin_diagservice_write_data_by_identifier
                0x000033fc      0x190 ./Sources/Application/Diagnostic/lin_diagnostic_service.o
                0x000033fc                lin_diagservice_write_data_by_identifier
 .text.lin_diagservice_assign_frame_id_range
                0x0000358c       0x80 ./Sources/Application/Diagnostic/lin_diagnostic_service.o
                0x0000358c                lin_diagservice_assign_frame_id_range
 .text.lin_diagservice_read_by_identifier
                0x0000360c       0x32 ./Sources/Application/Diagnostic/lin_diagnostic_service.o
                0x0000360c                lin_diagservice_read_by_identifier
 *fill*         0x0000363e        0x2 00
 .text.lin_condittional_change_nad
                0x00003640       0x38 ./Sources/Application/Diagnostic/lin_diagnostic_service.o
                0x00003640                lin_condittional_change_nad
 .text.lin_diagsrv_functional_service
                0x00003678       0x10 ./Sources/Application/Diagnostic/lin_diagnostic_service.o
                0x00003678                lin_diagsrv_functional_service
 .text.Sleep_Var_Init
                0x00003688       0x3c ./Sources/Application/Sleep/sleep.o
                0x00003688                Sleep_Var_Init
 .text.Auto_Roof_Process
                0x000036c4      0x118 ./Sources/Application/Sleep/sleep.o
                0x000036c4                Auto_Roof_Process
 .text.Sleep_Process
                0x000037dc      0x114 ./Sources/Application/Sleep/sleep.o
                0x000037dc                Sleep_Process
 .text.Recover_Process
                0x000038f0       0x74 ./Sources/Application/Sleep/sleep.o
                0x000038f0                Recover_Process
 .text.Sleep_check
                0x00003964       0x48 ./Sources/Application/Sleep/sleep.o
                0x00003964                Sleep_check
 .text.Gloable_Var_Init
                0x000039ac       0x74 ./Sources/Application/main.o
                0x000039ac                Gloable_Var_Init
 .text.startup.main
                0x00003a20      0x104 ./Sources/Application/main.o
                0x00003a20                main
 .text.lin_lld_uart_set_low_power_mode
                0x00003b24        0xc ./Sources/Driver/LIN_Stack/bsp/UART/lin_lld_uart.o
                0x00003b24                lin_lld_uart_set_low_power_mode
 .text.lin_lld_uart_rx_response
                0x00003b30       0x28 ./Sources/Driver/LIN_Stack/bsp/UART/lin_lld_uart.o
                0x00003b30                lin_lld_uart_rx_response
 .text.lin_lld_uart_tx_response
                0x00003b58       0x40 ./Sources/Driver/LIN_Stack/bsp/UART/lin_lld_uart.o
                0x00003b58                lin_lld_uart_tx_response
 .text.lin_goto_idle_state
                0x00003b98       0x38 ./Sources/Driver/LIN_Stack/bsp/UART/lin_lld_uart.o
                0x00003b98                lin_goto_idle_state
 .text.lin_lld_uart_timeout
                0x00003bd0      0x124 ./Sources/Driver/LIN_Stack/bsp/UART/lin_lld_uart.o
                0x00003bd0                lin_lld_uart_timeout
 .text.lin_lld_uart_ignore_response
                0x00003cf4        0x8 ./Sources/Driver/LIN_Stack/bsp/UART/lin_lld_uart.o
                0x00003cf4                lin_lld_uart_ignore_response
 .text.lin_lld_uart_init
                0x00003cfc       0x6c ./Sources/Driver/LIN_Stack/bsp/UART/lin_lld_uart.o
                0x00003cfc                lin_lld_uart_init
 .text.lin_lld_uart_rx_isr
                0x00003d68      0x2d0 ./Sources/Driver/LIN_Stack/bsp/UART/lin_lld_uart.o
                0x00003d68                lin_lld_uart_rx_isr
 .text.lin_lld_timer_K_init
                0x00004038       0x54 ./Sources/Driver/LIN_Stack/bsp/UART/lin_lld_timesrv.o
                0x00004038                lin_lld_timer_K_init
 .text.lin_lld_timer_isr
                0x0000408c        0x8 ./Sources/Driver/LIN_Stack/bsp/UART/lin_lld_timesrv.o
                0x0000408c                lin_lld_timer_isr
 .text.UART0_SCI0_IRQHandler
                0x00004094        0x8 ./Sources/Driver/LIN_Stack/bsp/UART/lin_isr.o
                0x00004094                UART0_SCI0_IRQHandler
 *fill*         0x0000409c        0x4 00
 .text.FTM1_IRQHandler
                0x000040a0       0x40 ./Sources/Driver/LIN_Stack/bsp/UART/lin_isr.o
                0x000040a0                FTM1_IRQHandler
 .text.lin_update_word_status_lin21
                0x000040e0       0x48 ./Sources/Driver/LIN_Stack/coreapi/lin_lin21_proto.o
                0x000040e0                lin_update_word_status_lin21
 .text.lin_update_err_signal
                0x00004128       0x44 ./Sources/Driver/LIN_Stack/coreapi/lin_lin21_proto.o
                0x00004128                lin_update_err_signal
 .text.lin_make_res_evnt_frame
                0x0000416c       0x1c ./Sources/Driver/LIN_Stack/coreapi/lin_lin21_proto.o
                0x0000416c                lin_make_res_evnt_frame
 .text.lin_bus_activity_timeout
                0x00004188        0xc ./Sources/Driver/LIN_Stack/coreapi/lin_common_proto.o
                0x00004188                lin_bus_activity_timeout
 .text.lin_update_tx_flags
                0x00004194       0x4c ./Sources/Driver/LIN_Stack/coreapi/lin_common_proto.o
                0x00004194                lin_update_tx_flags
 .text.lin_update_rx_diag_frame
                0x000041e0       0x24 ./Sources/Driver/LIN_Stack/coreapi/lin_common_proto.o
                0x000041e0                lin_update_rx_diag_frame
 .text.lin_get_frame_index
                0x00004204       0x28 ./Sources/Driver/LIN_Stack/coreapi/lin_common_proto.o
                0x00004204                lin_get_frame_index
 .text.lin_handle_error
                0x0000422c       0x98 ./Sources/Driver/LIN_Stack/coreapi/lin_common_proto.o
                0x0000422c                lin_handle_error
 .text.lin_update_tx
                0x000042c4       0x94 ./Sources/Driver/LIN_Stack/coreapi/lin_common_proto.o
                0x000042c4                lin_update_tx
 .text.lin_process_uncd_frame
                0x00004358       0x80 ./Sources/Driver/LIN_Stack/coreapi/lin_common_proto.o
                0x00004358                lin_process_uncd_frame
 .text.lin_update_rx
                0x000043d8       0x60 ./Sources/Driver/LIN_Stack/coreapi/lin_common_proto.o
                0x000043d8                lin_update_rx
 .text.lin_process_pid
                0x00004438       0xa4 ./Sources/Driver/LIN_Stack/coreapi/lin_common_proto.o
                0x00004438                lin_process_pid
 .text.lin_pid_response_callback_handler
                0x000044dc       0x38 ./Sources/Driver/LIN_Stack/coreapi/lin_common_proto.o
                0x000044dc                lin_pid_response_callback_handler
 .text.l_sys_init
                0x00004514        0xa ./Sources/Driver/LIN_Stack/coreapi/lin_common_api.o
                0x00004514                l_sys_init
 .text.l_ifc_init
                0x0000451e        0x8 ./Sources/Driver/LIN_Stack/coreapi/lin_common_api.o
                0x0000451e                l_ifc_init
 .text.lin_lld_init
                0x00004526        0xc ./Sources/Driver/LIN_Stack/lowlevel/lin.o
                0x00004526                lin_lld_init
 .text.lin_lld_ignore_response
                0x00004532        0x8 ./Sources/Driver/LIN_Stack/lowlevel/lin.o
                0x00004532                lin_lld_ignore_response
 .text.lin_lld_set_low_power_mode
                0x0000453a        0x8 ./Sources/Driver/LIN_Stack/lowlevel/lin.o
                0x0000453a                lin_lld_set_low_power_mode
 *fill*         0x00004542        0x2 00
 .text.lin_lld_set_response
                0x00004544       0x1c ./Sources/Driver/LIN_Stack/lowlevel/lin.o
                0x00004544                lin_lld_set_response
 .text.lin_lld_rx_response
                0x00004560        0xa ./Sources/Driver/LIN_Stack/lowlevel/lin.o
                0x00004560                lin_lld_rx_response
 .text.lin_process_parity
                0x0000456a       0x52 ./Sources/Driver/LIN_Stack/lowlevel/lin.o
                0x0000456a                lin_process_parity
 .text.lin_checksum
                0x000045bc       0x2e ./Sources/Driver/LIN_Stack/lowlevel/lin.o
                0x000045bc                lin_checksum
 .text.lin_lld_timer_init
                0x000045ea        0x8 ./Sources/Driver/LIN_Stack/lowlevel/lin.o
                0x000045ea                lin_lld_timer_init
 *fill*         0x000045f2        0x2 00
 .text.SPI_COM  0x000045f4       0x2c ./Sources/Driver/SPI/spi.o
                0x000045f4                SPI_COM
 .text.SPI_SetBaudRate
                0x00004620       0x54 ./Sources/Driver/SPI/spi.o
                0x00004620                SPI_SetBaudRate
 .text.SPI_Init
                0x00004674       0x4c ./Sources/Driver/SPI/spi.o
                0x00004674                SPI_Init
 .text.SPI_Wr_Cmd
                0x000046c0       0x60 ./Sources/Driver/SPI/spi.o
                0x000046c0                SPI_Wr_Cmd
 .text.SPI_Wr_Reg
                0x00004720       0xe4 ./Sources/Driver/SPI/spi.o
                0x00004720                SPI_Wr_Reg
 .text.SPI_Rd_Reg
                0x00004804       0x58 ./Sources/Driver/SPI/spi.o
                0x00004804                SPI_Rd_Reg
 .text.MLX75308_SetPara
                0x0000485c      0x15c ./Sources/Driver/SPI/spi.o
                0x0000485c                MLX75308_SetPara
 .text.SPI_Rd_Mchan
                0x000049b8       0xa8 ./Sources/Driver/SPI/spi.o
                0x000049b8                SPI_Rd_Mchan
 .text.MLX75308_Meansure
                0x00004a60       0x40 ./Sources/Driver/SPI/spi.o
                0x00004a60                MLX75308_Meansure
 .text.ADC_Init
                0x00004aa0       0x2c ./Sources/Driver/adc/adc.o
                0x00004aa0                ADC_Init
 .text.get_adc  0x00004acc       0x20 ./Sources/Driver/adc/adc.o
                0x00004acc                get_adc
 .text.get_adc_times
                0x00004aec       0x28 ./Sources/Driver/adc/adc.o
                0x00004aec                get_adc_times
 .text.Clk_Init
                0x00004b14       0x4c ./Sources/Driver/clock/clock.o
                0x00004b14                Clk_Init
 .text.Delay_Ms
                0x00004b60       0x1e ./Sources/Driver/clock/clock.o
                0x00004b60                Delay_Ms
 .text.Delay_Nus
                0x00004b7e       0x12 ./Sources/Driver/clock/clock.o
                0x00004b7e                Delay_Nus
 .text.FLASH_Init
                0x00004b90       0x64 ./Sources/Driver/eeprom/eeprom.o
                0x00004b90                FLASH_Init
 .text.FLASH_LaunchCMD
                0x00004bf4       0x2c ./Sources/Driver/eeprom/eeprom.o
                0x00004bf4                FLASH_LaunchCMD
 .text.EEPROM_EraseSector
                0x00004c20       0x68 ./Sources/Driver/eeprom/eeprom.o
                0x00004c20                EEPROM_EraseSector
 .text.EEPROM_ProgramWord
                0x00004c88       0x78 ./Sources/Driver/eeprom/eeprom.o
                0x00004c88                EEPROM_ProgramWord
 .text.read_data_from_EEPROM
                0x00004d00       0x80 ./Sources/Driver/eeprom/eeprom.o
                0x00004d00                read_data_from_EEPROM
 .text.write_data_from_EEPROM
                0x00004d80      0x18c ./Sources/Driver/eeprom/eeprom.o
                0x00004d80                write_data_from_EEPROM
 .text.FTM0_Init
                0x00004f0c       0x58 ./Sources/Driver/ftm/ftm.o
                0x00004f0c                FTM0_Init
 *fill*         0x00004f64        0x4 00
 .text.FTM0_IRQHandler
                0x00004f68       0xa0 ./Sources/Driver/ftm/ftm.o
                0x00004f68                FTM0_IRQHandler
 .text.GPIO_Init
                0x00005008      0x144 ./Sources/Driver/gpio/gpio.o
                0x00005008                GPIO_Init
 .text.PMC_Init
                0x0000514c       0x30 ./Sources/Driver/pmc/pmc.o
                0x0000514c                PMC_Init
 .text.RTC_EnableInt
                0x0000517c       0x10 ./Sources/Driver/rtc/rtc.o
                0x0000517c                RTC_EnableInt
 .text.RTC_DisableInt
                0x0000518c       0x10 ./Sources/Driver/rtc/rtc.o
                0x0000518c                RTC_DisableInt
 .text.RTC_Init
                0x0000519c       0x50 ./Sources/Driver/rtc/rtc.o
                0x0000519c                RTC_Init
 .text.RTC_IRQHandler
                0x000051ec       0x10 ./Sources/Driver/rtc/rtc.o
                0x000051ec                RTC_IRQHandler
 .text.WDOG_Feed
                0x000051fc       0x1c ./Sources/Driver/watchdog/watchdog.o
                0x000051fc                WDOG_Feed
 .text.WDG_IRQHandler
                0x00005218       0x10 ./Sources/Driver/watchdog/watchdog.o
                0x00005218                WDG_IRQHandler
 .text.Lin_Var_Init
                0x00005228       0x1c ./Sources/Transport/LIN_app/lin_app.o
                0x00005228                Lin_Var_Init
 .text.Lin_Sys_Init
                0x00005244       0x28 ./Sources/Transport/LIN_app/lin_app.o
                0x00005244                Lin_Sys_Init
 .text.Lin_Busy_Process
                0x0000526c        0xc ./Sources/Transport/LIN_app/lin_app.o
                0x0000526c                Lin_Busy_Process
 .text.message_cnt
                0x00005278        0x2 ./Sources/Transport/LIN_app/lin_app.o
                0x00005278                message_cnt
 *fill*         0x0000527a        0x2 00
 .text.RLS_APP_Get_Data
                0x0000527c       0x54 ./Sources/Transport/LIN_app/lin_app.o
                0x0000527c                RLS_APP_Get_Data
 .text.RLS_Analysis_Master_Data
                0x000052d0       0x34 ./Sources/Transport/LIN_app/lin_app.o
                0x000052d0                RLS_Analysis_Master_Data
 .text.RLS_APP_Send_data
                0x00005304      0x10c ./Sources/Transport/LIN_app/lin_app.o
                0x00005304                RLS_APP_Send_data
 .text.RLHS_APP_Send_data
                0x00005410       0x74 ./Sources/Transport/LIN_app/lin_app.o
                0x00005410                RLHS_APP_Send_data
 .text.RLHS01_APP_Send_data
                0x00005484       0x6c ./Sources/Transport/LIN_app/lin_app.o
                0x00005484                RLHS01_APP_Send_data
 .text.Lin_RLS_data
                0x000054f0       0x14 ./Sources/Transport/LIN_app/lin_app.o
                0x000054f0                Lin_RLS_data
 .text.Lin_RLS_Wakeup_BCM
                0x00005504       0x18 ./Sources/Transport/LIN_app/lin_app.o
                0x00005504                Lin_RLS_Wakeup_BCM
 .text.Get_All_data_From_EEPROM
                0x0000551c       0x18 ./Sources/Transport/Local_eep_data/local_eep_data.o
                0x0000551c                Get_All_data_From_EEPROM
 .text.Set_Data_To_EEPROM
                0x00005534       0x54 ./Sources/Transport/Local_eep_data/local_eep_data.o
                0x00005534                Set_Data_To_EEPROM
 .text.Write_App_value_flag
                0x00005588       0x14 ./Sources/Transport/Local_eep_data/local_eep_data.o
                0x00005588                Write_App_value_flag
 .text.Read_App_value_flag
                0x0000559c       0x14 ./Sources/Transport/Local_eep_data/local_eep_data.o
                0x0000559c                Read_App_value_flag
 .text.RLS_Rain_Get_Measure
                0x000055b0      0x14c ./Sources/Transport/MLX75308/mlx75308.o
                0x000055b0                RLS_Rain_Get_Measure
 .text.MLX75308_Init
                0x000056fc       0xf8 ./Sources/Transport/MLX75308/mlx75308.o
                0x000056fc                MLX75308_Init
 .text.ld_read_by_id_callout
                0x000057f4       0x22 ./Sources/Transport/lin_cfg/lin_cfg.o
                0x000057f4                ld_read_by_id_callout
 *fill*         0x00005816        0x2 00
 .text.lin_tl_make_slaveres_pdu
                0x00005818      0x2ec ./Sources/Transport/lin_transport/lin_commontl_proto.o
                0x00005818                lin_tl_make_slaveres_pdu
 .text.lin_tl_attach_service
                0x00005b04       0xec ./Sources/Transport/lin_transport/lin_commontl_proto.o
                0x00005b04                lin_tl_attach_service
 .text.tl_put_raw
                0x00005bf0       0x54 ./Sources/Transport/lin_transport/lin_commontl_proto.o
                0x00005bf0                tl_put_raw
 .text.lin_tl_handler
                0x00005c44      0x218 ./Sources/Transport/lin_transport/lin_commontl_proto.o
                0x00005c44                lin_tl_handler
 .text.tl_get_raw
                0x00005e5c       0x54 ./Sources/Transport/lin_transport/lin_commontl_proto.o
                0x00005e5c                tl_get_raw
 .text.lin_tl_get_pdu
                0x00005eb0       0x28 ./Sources/Transport/lin_transport/lin_commontl_proto.o
                0x00005eb0                lin_tl_get_pdu
 .text.ld_get_raw
                0x00005ed8       0x10 ./Sources/Transport/lin_transport/lin_commontl_api.o
                0x00005ed8                ld_get_raw
 .text.ld_receive_message
                0x00005ee8       0xf8 ./Sources/Transport/lin_transport/lin_commontl_api.o
                0x00005ee8                ld_receive_message
 .text.exit     0x00005fe0       0x38 D:/CW11.0/CW MCU v11.0/MCU/ARM_GCC_Support/ewl/lib/armv6-m\libc.a(exit.o)
                0x00005fe0                exit
 .text.rand     0x00006018       0x20 D:/CW11.0/CW MCU v11.0/MCU/ARM_GCC_Support/ewl/lib/armv6-m\libc.a(rand.o)
                0x00006018                rand
 .text.memset   0x00006038        0xc D:/CW11.0/CW MCU v11.0/MCU/ARM_GCC_Support/ewl/lib/armv6-m\libc.a(memset.o)
                0x00006038                memset
 .text.__fill_mem
                0x00006044       0x7e D:/CW11.0/CW MCU v11.0/MCU/ARM_GCC_Support/ewl/lib/armv6-m\libc.a(__filll_mem.o)
                0x00006044                __fill_mem
 *fill*         0x000060c2        0x2 00
 .text.__init_cpp
                0x000060c4       0x48 D:/CW11.0/CW MCU v11.0/MCU/ARM_GCC_Support/ewl/lib/armv6-m\librt.a(gcc_ctor_dtor.o)
                0x000060c4                __init_cpp
 .text.__fini_cpp
                0x0000610c       0x34 D:/CW11.0/CW MCU v11.0/MCU/ARM_GCC_Support/ewl/lib/armv6-m\librt.a(gcc_ctor_dtor.o)
                0x0000610c                __fini_cpp
 .text.__destroy_global_chain
                0x00006140       0x1c D:/CW11.0/CW MCU v11.0/MCU/ARM_GCC_Support/ewl/lib/armv6-m\librt.a(__arm_eabi_init.o)
                0x00006140                __destroy_global_chain
 .text.__init_registers
                0x0000615c       0x1c D:/CW11.0/CW MCU v11.0/MCU/ARM_GCC_Support/ewl/lib/armv6-m\librt.a(__arm_eabi_init.o)
                0x0000615c                __init_registers
 .text.__init_user
                0x00006178        0x4 D:/CW11.0/CW MCU v11.0/MCU/ARM_GCC_Support/ewl/lib/armv6-m\librt.a(__arm_eabi_init.o)
                0x00006178                __init_user
 .text.__copy_rom_section
                0x0000617c       0x48 D:/CW11.0/CW MCU v11.0/MCU/ARM_GCC_Support/ewl/lib/armv6-m\librt.a(ROMCopy.o)
                0x0000617c                __copy_rom_section
 .text.__copy_rom_sections_to_ram
                0x000061c4       0x34 D:/CW11.0/CW MCU v11.0/MCU/ARM_GCC_Support/ewl/lib/armv6-m\librt.a(ROMCopy.o)
                0x000061c4                __copy_rom_sections_to_ram
 *(.rodata)
 *(.rodata*)
 .rodata.Software_Versions
                0x000061f8        0x3 ./Sources/Application/Config_parameters/config_parameter.o
                0x000061f8                Software_Versions
 .rodata.Hardware_Versions
                0x000061fb        0x3 ./Sources/Application/Config_parameters/config_parameter.o
                0x000061fb                Hardware_Versions
 .rodata.Mlx75308_Config_Parameter
                0x000061fe       0x12 ./Sources/Transport/MLX75308/mlx75308.o
                0x000061fe                Mlx75308_Config_Parameter
 .rodata.response_error_byte_offset
                0x00006210        0x1 ./Sources/Transport/lin_cfg/lin_cfg.o
                0x00006210                response_error_byte_offset
 *fill*         0x00006211        0x1 00
 .rodata.product_id
                0x00006212        0x6 ./Sources/Transport/lin_cfg/lin_cfg.o
                0x00006212                product_id
 .rodata.lin_initial_NAD
                0x00006218        0x1 ./Sources/Transport/lin_cfg/lin_cfg.o
                0x00006218                lin_initial_NAD
 .rodata.response_error_bit_offset
                0x00006219        0x1 ./Sources/Transport/lin_cfg/lin_cfg.o
                0x00006219                response_error_bit_offset
 .rodata.LI0_response_error_signal
                0x0000621a        0x1 ./Sources/Transport/lin_cfg/lin_cfg.o
                0x0000621a                LI0_response_error_signal
 *fill*         0x0000621b        0x1 00
 .rodata.lin_max_frame_res_timeout_val
                0x0000621c       0x10 ./Sources/Transport/lin_cfg/lin_cfg.o
                0x0000621c                lin_max_frame_res_timeout_val
 .rodata.lin_frame_tbl
                0x0000622c       0x48 ./Sources/Transport/lin_cfg/lin_cfg.o
                0x0000622c                lin_frame_tbl
 .rodata.lin_diag_services_supported
                0x00006274        0x9 ./Sources/Transport/lin_cfg/lin_cfg.o
                0x00006274                lin_diag_services_supported
 .rodata.response_error
                0x0000627d        0x1 ./Sources/Transport/lin_cfg/lin_cfg.o
                0x0000627d                response_error
 *(.glue_7)
 .glue_7        0x00000000        0x0 linker stubs
 *(.glue_7t)
 .glue_7t       0x00000000        0x0 linker stubs
 *(.eh_frame)
 *(.init)
 *(.fini)
                0x00006280                . = ALIGN (0x4)
 *fill*         0x0000627e        0x2 00
                0x00006280                _etext = .

.vfp11_veneer   0x00006280        0x0
 .vfp11_veneer  0x00000000        0x0 linker stubs

.v4_bx          0x00006280        0x0
 .v4_bx         0x00000000        0x0 linker stubs

.iplt           0x00006280        0x0
 .iplt          0x00000000        0x0 ./Project_Settings/Startup_Code/kinetis_sysinit.o

.rel.dyn        0x00006280        0x0
 .rel.iplt      0x00000000        0x0 ./Project_Settings/Startup_Code/kinetis_sysinit.o

.ARM.extab
 *(.ARM.extab* .gnu.linkonce.armextab.*)

.ARM            0x00006280        0x0
                0x00006280                __exidx_start = .
 *(.ARM.exidx*)
                0x00006280                __exidx_end = .

.ctors          0x00006280        0x0
                0x00006280                __CTOR_LIST__ = .
 *crtbegin.o(.ctors)
 *(EXCLUDE_FILE(*crtend.o) .ctors)
 *(SORT(.ctors.*))
 *(.ctors)
                0x00006280                __CTOR_END__ = .

.dtors          0x00006280        0x0
                0x00006280                __DTOR_LIST__ = .
 *crtbegin.o(.dtors)
 *(EXCLUDE_FILE(*crtend.o) .dtors)
 *(SORT(.dtors.*))
 *(.dtors)
                0x00006280                __DTOR_END__ = .

.preinit_array  0x00006280        0x0
                0x00006280                PROVIDE (__preinit_array_start, .)
 *(.preinit_array*)
                0x00006280                PROVIDE (__preinit_array_end, .)

.init_array     0x00006280        0x0
                0x00006280                PROVIDE (__init_array_start, .)
 *(SORT(.init_array.*))
 *(.init_array*)
                0x00006280                PROVIDE (__init_array_end, .)

.fini_array     0x00006280        0x0
                0x00006280                PROVIDE (__fini_array_start, .)
 *(SORT(.fini_array.*))
 *(.fini_array*)
                0x00006280                PROVIDE (__fini_array_end, .)
                0x00006280                ___ROM_AT = .

.mtb            0x1ffffc00        0x0
                0x1ffffc00                . = ALIGN (0x8)
                0x1ffffc00                _mtb_start = .
 *(.mtb_buf)
                0x1ffffc00                . = ALIGN (0x8)
                0x1ffffc00                _mtb_end = .

.data           0x1ffffc00       0xa4 load address 0x00006280
                0x1ffffc00                . = ALIGN (0x4)
                0x1ffffc00                _sdata = .
 *(.data)
 *(.data*)
 .data.Tab_AWG_Solar
                0x1ffffc00       0x40 ./Sources/Application/Auto_air/auto_air.o
 .data.Tab_Brightness_Solar
                0x1ffffc40       0x20 ./Sources/Application/Auto_air/auto_air.o
 .data.state    0x1ffffc60        0x1 ./Sources/Driver/LIN_Stack/bsp/UART/lin_lld_uart.o
 .data.ifc      0x1ffffc61        0x1 ./Sources/Driver/LIN_Stack/bsp/UART/lin_lld_uart.o
 .data.pid      0x1ffffc62        0x1 ./Sources/Driver/LIN_Stack/bsp/UART/lin_lld_uart.o
 *fill*         0x1ffffc63        0x1 00
 .data.lin_tl_rx_queue
                0x1ffffc64       0x10 ./Sources/Transport/lin_cfg/lin_cfg.o
                0x1ffffc64                lin_tl_rx_queue
 .data.lin_configured_NAD
                0x1ffffc74        0x1 ./Sources/Transport/lin_cfg/lin_cfg.o
                0x1ffffc74                lin_configured_NAD
 *fill*         0x1ffffc75        0x3 00
 .data.lin_tl_tx_queue
                0x1ffffc78       0x10 ./Sources/Transport/lin_cfg/lin_cfg.o
                0x1ffffc78                lin_tl_tx_queue
 .data.tl_service_status
                0x1ffffc88        0x1 ./Sources/Transport/lin_cfg/lin_cfg.o
                0x1ffffc88                tl_service_status
 .data.lin_pFrameBuf
                0x1ffffc89        0xd ./Sources/Transport/lin_cfg/lin_cfg.o
                0x1ffffc89                lin_pFrameBuf
 .data.lin_configuration_RAM
                0x1ffffc96        0x8 ./Sources/Transport/lin_cfg/lin_cfg.o
                0x1ffffc96                lin_configuration_RAM
 *fill*         0x1ffffc9e        0x2 00
 .data.random_next
                0x1ffffca0        0x4 D:/CW11.0/CW MCU v11.0/MCU/ARM_GCC_Support/ewl/lib/armv6-m\libc.a(rand.o)
                0x1ffffca4                . = ALIGN (0x4)
                0x1ffffca4                _edata = .
                0x000000a4                ___data_size = (_edata - _sdata)

.igot.plt       0x1ffffca4        0x0 load address 0x00006324
 .igot.plt      0x00000000        0x0 ./Project_Settings/Startup_Code/kinetis_sysinit.o
                0x1ffffca4                . = ALIGN (0x4)

.bss            0x1ffffca4      0x284 load address 0x00006324
                0x1ffffca4                __START_BSS = .
                0x1ffffca4                PROVIDE (__bss_start__, __START_BSS)
 *(.bss)
 *(.bss*)
 .bss.argv      0x1ffffca4        0x4 ./Project_Settings/Startup_Code/__arm_start.o
 .bss.l_status  0x1ffffca8        0x3 ./Sources/Driver/LIN_Stack/bsp/UART/lin_lld_uart.o
 *fill*         0x1ffffcab        0x1 00
 .bss.idle_timeout_cnt
                0x1ffffcac        0x2 ./Sources/Driver/LIN_Stack/bsp/UART/lin_lld_uart.o
 *fill*         0x1ffffcae        0x2 00
 .bss.ptr       0x1ffffcb0        0x4 ./Sources/Driver/LIN_Stack/bsp/UART/lin_lld_uart.o
 .bss.response_buffer
                0x1ffffcb4        0x4 ./Sources/Driver/LIN_Stack/bsp/UART/lin_lld_uart.o
 .bss.frame_timeout_cnt
                0x1ffffcb8        0x2 ./Sources/Driver/LIN_Stack/bsp/UART/lin_lld_uart.o
 .bss.tbit      0x1ffffcba        0x2 ./Sources/Driver/LIN_Stack/bsp/UART/lin_lld_uart.o
 .bss.res_frame_timeout_cnt
                0x1ffffcbc        0x2 ./Sources/Driver/LIN_Stack/bsp/UART/lin_lld_uart.o
 .bss.cnt_byte  0x1ffffcbe        0x1 ./Sources/Driver/LIN_Stack/bsp/UART/lin_lld_uart.o
 .bss.current_id
                0x1ffffcbf        0x1 ./Sources/Driver/LIN_Stack/bsp/UART/lin_lld_uart.o
 .bss.tl_diag_state
                0x1ffffcc0        0x1 ./Sources/Transport/lin_cfg/lin_cfg.o
                0x1ffffcc0                tl_diag_state
 .bss.lin_flag_handle_tbl
                0x1ffffcc1        0x7 ./Sources/Transport/lin_cfg/lin_cfg.o
                0x1ffffcc1                lin_flag_handle_tbl
 .bss.tl_slaveresp_cnt
                0x1ffffcc8        0x1 ./Sources/Transport/lin_cfg/lin_cfg.o
                0x1ffffcc8                tl_slaveresp_cnt
 .bss.lin_save_configuration_flg
                0x1ffffcc9        0x1 ./Sources/Transport/lin_cfg/lin_cfg.o
                0x1ffffcc9                lin_save_configuration_flg
 .bss.lin_frame_flag_tbl
                0x1ffffcca        0x6 ./Sources/Transport/lin_cfg/lin_cfg.o
                0x1ffffcca                lin_frame_flag_tbl
 .bss.lin_diag_services_flag
                0x1ffffcd0        0x9 ./Sources/Transport/lin_cfg/lin_cfg.o
                0x1ffffcd0                lin_diag_services_flag
 *fill*         0x1ffffcd9        0x3 00
 .bss.__stdio_exit
                0x1ffffcdc        0x4 D:/CW11.0/CW MCU v11.0/MCU/ARM_GCC_Support/ewl/lib/armv6-m\libc.a(exit.o)
                0x1ffffcdc                __stdio_exit
 .bss.__console_exit
                0x1ffffce0        0x4 D:/CW11.0/CW MCU v11.0/MCU/ARM_GCC_Support/ewl/lib/armv6-m\libc.a(exit.o)
                0x1ffffce0                __console_exit
 .bss.__global_destructor_chain
                0x1ffffce4        0x4 D:/CW11.0/CW MCU v11.0/MCU/ARM_GCC_Support/ewl/lib/armv6-m\librt.a(__arm_eabi_init.o)
                0x1ffffce4                __global_destructor_chain
 .bss.__S_romp  0x1ffffce8        0xc D:/CW11.0/CW MCU v11.0/MCU/ARM_GCC_Support/ewl/lib/armv6-m\librt.a(ROMCopy.o)
 *(COMMON)
 COMMON         0x1ffffcf4       0x22 ./Sources/Application/Auto_air/auto_air.o
                0x1ffffcf4                Frist_on_flag
                0x1ffffcf6                u16_solar_buffer
 COMMON         0x1ffffd16        0xa ./Sources/Application/Auto_light/auto_light.o
                0x1ffffd16                Light_on_cnt
                0x1ffffd18                u16_Brightness_UP
                0x1ffffd1a                u8_LightOnTimer
                0x1ffffd1b                Light_off_cnt
                0x1ffffd1e                u16_Brightness_FW
 COMMON         0x1ffffd20       0xbe ./Sources/Application/Auto_wiper/auto_wiper.o
                0x1ffffd20                u8_HighHoldCnt
                0x1ffffd21                u8_Rain_Delta
                0x1ffffd22                u16_DC_PD_dt
                0x1ffffd26                u8_enter_period_cnt
                0x1ffffd27                u8_IntSpeedFlgCnt
                0x1ffffd28                u8_Wiper_StatePre
                0x1ffffd29                u8_RainIntensity_Win
                0x1ffffd2c                u8_RLS_WindowCloseReq
                0x1ffffd2e                PD_Meas_Comp_Ref
                0x1ffffd32                u8_cnt_choose_pre
                0x1ffffd34                u16_Dt_PD
                0x1ffffd38                u8_IntSpeedCnt
                0x1ffffd39                u8_low_enter_high_timer
                0x1ffffd3a                u16_Solar_r_value_raw
                0x1ffffd3c                u16_PDA_Wmax
                0x1ffffd3e                App_Rls_Error
                0x1ffffd44                u8_Rain_SensitivityLowValue
                0x1ffffd45                u8_Rain_Invalid_Cnt
                0x1ffffd46                u8_IntSpeedFlg
                0x1ffffd47                u8_EnterLowSpeedCnt
                0x1ffffd48                u8_Int_Time
                0x1ffffd4a                u16_PDB_Wmax
                0x1ffffd4c                PD_Meas_Comp_Ref_Pre
                0x1ffffd50                u8_Vehicle_State_Pre
                0x1ffffd51                u8_ClearEnternIntSpeedCnt
                0x1ffffd52                u16_Solar_l_value_raw_temp
                0x1ffffd54                u8_HighSpeedHoldCnt
                0x1ffffd55                u8_ExitLowSpeedCnt
                0x1ffffd56                u16_Solar_r_value_raw_temp
                0x1ffffd58                u8_WiperSpeed_Expert
                0x1ffffd59                u8_RainIntensityPre
                0x1ffffd5b                u8_Int_Time_pre
                0x1ffffd5c                u8_Splash_cnt
                0x1ffffd5e                u16_DC_Comp_Value
                0x1ffffd62                u8_RainIntensity
                0x1ffffd64                u8_Cmd_Execution
                0x1ffffd65                u8_PD_State
                0x1ffffd67                u8_Wiper_StatePre_Int
                0x1ffffd68                u16_PD_Win_Max
                0x1ffffd6c                u8_Rain_Valid
                0x1ffffd6d                u8_RainIntensity_Max
                0x1ffffd6e                u16_ExitLowSpeedTimer
                0x1ffffd70                u8_Wiper_StatePre_Int_Cnt
                0x1ffffd71                u8_Lin_Diag_Enable_Cnt
                0x1ffffd72                RLS_StopMsureFlg
                0x1ffffd73                u8_enter_period_flg
                0x1ffffd74                u8_ls_error_cnt
                0x1ffffd75                u8_cnt_choose
                0x1ffffd76                u8_Vehicle_State
                0x1ffffd77                u8_Sigle_Wipe_Cnt
                0x1ffffd78                u8_IntSpeedEnterCnt
                0x1ffffd79                Brightness_Infrared_Percentage
                0x1ffffd7a                Lin_Diag_Enable
                0x1ffffd7c                DC_WIN_BUFF
                0x1ffffdcc                u8_Int_Cnt
                0x1ffffdce                u16_Pd_Measure_Value
                0x1ffffdd0                u16_IntWindow_Cnt
                0x1ffffdd2                u8_Rain_Flg
                0x1ffffdd3                u8_Juge_Rain_Cnt
                0x1ffffdd5                u8_IntDelayTimer
                0x1ffffdd6                u16_RainWindow_Cnt
                0x1ffffdd8                u16_Solar_l_value_raw
                0x1ffffdda                u8_Wiper_State
                0x1ffffddb                u8_MeasureSureTime
                0x1ffffddc                u8_Rain_Value
                0x1ffffddd                u8_LowSpeedCnt
 COMMON         0x1ffffdde        0x4 ./Sources/Application/Battery/battery.o
                0x1ffffdde                u8_low_voltage_cnt
                0x1ffffddf                u8_high_voltage_cnt
                0x1ffffde0                u16_Battery_Volt
 COMMON         0x1ffffde2       0x10 ./Sources/Application/Diagnostic/lin_diagnostic_service.o
                0x1ffffde2                diagnostic_Session
                0x1ffffde3                boot_key
                0x1ffffde7                boot_seed
                0x1ffffdec                diagnostic_Session_timer
                0x1ffffdee                boot_up_ret
                0x1ffffdf0                diagnostic_Session_pre
                0x1ffffdf1                boot_status_flag
 COMMON         0x1ffffdf2        0x7 ./Sources/Application/Sleep/sleep.o
                0x1ffffdf2                bool_auto_roof_rain_measure_sleep_flg
                0x1ffffdf3                Auto_Roof_FSM
                0x1ffffdf4                u8_wakeup_bcm_1min_timer
                0x1ffffdf5                bool_Mcu_wakeup_state
                0x1ffffdf6                bool_wakeup_bcm_cnt_sleep_flg
                0x1ffffdf7                bool_lin_cmd_sleep
                0x1ffffdf8                u8_wakeup_bcm_1500ms_timer
 *fill*         0x1ffffdf9        0x3 00
 COMMON         0x1ffffdfc       0x11 ./Sources/Application/main.o
                0x1ffffdfc                Timer_500ms_flag
                0x1ffffdfd                Timer_500ms
                0x1ffffdfe                Timer_600ms
                0x1ffffdff                Timer_4s
                0x1ffffe00                Timer_10ms_flag
                0x1ffffe01                Timer_100ms
                0x1ffffe02                Timer_50ms
                0x1ffffe03                Timer_100ms_flag
                0x1ffffe04                Timer_50ms_flag
                0x1ffffe08                Timer_6h
                0x1ffffe0c                RLS_RunMode
 COMMON         0x1ffffe0d        0x2 ./Sources/Driver/LIN_Stack/coreapi/lin_common_proto.o
                0x1ffffe0d                frame_signal_error
                0x1ffffe0e                frame_index
 *fill*         0x1ffffe0f        0x1 00
 COMMON         0x1ffffe10       0x3c ./Sources/Transport/LIN_app/lin_app.o
                0x1ffffe10                Lin_RLHS_frame
                0x1ffffe1e                RLS_APP_Value
                0x1ffffe26                Lin_RLHS01_frame
                0x1ffffe30                Lin_BCM_Frame
                0x1ffffe35                Lin_Busy_Flag
                0x1ffffe36                BCM_APP_Value
                0x1ffffe3e                Lin_RLS1_frame
 COMMON         0x1ffffe4c       0x1c ./Sources/Transport/Local_eep_data/local_eep_data.o
                0x1ffffe4c                local_info
 COMMON         0x1ffffe68       0x62 ./Sources/Transport/MLX75308/mlx75308.o
                0x1ffffe68                u16_Delta_DC_bre_B
                0x1ffffe6a                u16_Save_DC_bre_A
                0x1ffffe6c                u16_Delta_DC_aft_B
                0x1ffffe6e                Mnrval
                0x1ffffe82                MLX75308_A_Adc
                0x1ffffe83                MLX75308_B_Gain
                0x1ffffe84                u16_Ref_Adc_A
                0x1ffffe86                u16_Delta_DC_bre_A
                0x1ffffe88                u16_Save_DC_aft_A
                0x1ffffe8a                u16_Ref_Adc_B
                0x1ffffe8c                u16_Save_DC_bre_B
                0x1ffffe8e                MLX75308_RxFrame
                0x1ffffea6                u16_DC_comp_value
                0x1ffffea8                u16_Save_DC_aft_B
                0x1ffffeaa                PD_WIN_AVG
                0x1ffffec2                MLX75308_B_Adc
                0x1ffffec4                u16_Delta_DC_aft_A
                0x1ffffec6                MLX75308_A_Gain
                0x1ffffec8                u16_DC_checkValue
 *fill*         0x1ffffeca        0x2 00
 COMMON         0x1ffffecc       0x5b ./Sources/Transport/lin_cfg/lin_cfg.o
                0x1ffffecc                tl_rx_msg_status
                0x1ffffecd                tl_ld_error_code
                0x1ffffece                tl_receive_msg_status
                0x1ffffed0                tl_check_timeout
                0x1ffffed2                tl_rx_queue_data
                0x1ffffee2                tl_frame_counter
                0x1ffffee3                tl_tx_queue_data
                0x1ffffef4                tl_tx_msg_size
                0x1ffffef6                tl_last_cfg_result
                0x1ffffef7                tl_tx_msg_status
                0x1ffffef8                tl_last_RSID
                0x1ffffef9                lin_successful_transfer
                0x1ffffefa                tl_rx_msg_index
                0x1ffffefc                tl_no_of_pdu
                0x1ffffefd                lin_diag_signal_tbl
                0x1fffff0d                lin_goto_sleep_flg
                0x1fffff0e                tl_rx_msg_size
                0x1fffff10                lin_word_status
                0x1fffff12                tl_tx_msg_index
                0x1fffff14                tl_check_timeout_type
                0x1fffff15                lin_current_pid
                0x1fffff18                tl_ident_data
                0x1fffff1c                lin_error_in_response
                0x1fffff1d                lin_lld_response_buffer
                0x1fffff28                . = ALIGN (0x4)
 *fill*         0x1fffff27        0x1 00
                0x1fffff28                __END_BSS = .
                0x1fffff28                PROVIDE (__bss_end__, __END_BSS)
                0x00006324                _romp_at = (___ROM_AT + SIZEOF (.data))

.romp           0x1fffff28       0x18 load address 0x00006324
                0x00006324                __S_romp = _romp_at
                0x1fffff28        0x4 LONG 0x6280 ___ROM_AT
                0x1fffff2c        0x4 LONG 0x1ffffc00 _sdata
                0x1fffff30        0x4 LONG 0xa4 ___data_size
                0x1fffff34        0x4 LONG 0x0
                0x1fffff38        0x4 LONG 0x0
                0x1fffff3c        0x4 LONG 0x0

._user_heap_stack
                0x1fffff40      0x200 load address 0x0000633c
                0x1fffff40                . = ALIGN (0x4)
                0x1fffff40                PROVIDE (end, .)
                0x1fffff40                PROVIDE (_end, .)
                0x1fffff40                __heap_addr = .
                0x20000040                . = (. + __heap_size)
 *fill*         0x1fffff40      0x100 00
                0x20000140                . = (. + __stack_size)
 *fill*         0x20000040      0x100 00
                0x20000140                . = ALIGN (0x4)

.ARM.attributes
                0x00000000       0x31
 *(.ARM.attributes)
 .ARM.attributes
                0x00000000       0x31 ./Project_Settings/Startup_Code/kinetis_sysinit.o
 .ARM.attributes
                0x00000031       0x31 ./Project_Settings/Startup_Code/__arm_start.o
 .ARM.attributes
                0x00000062       0x31 ./Project_Settings/Startup_Code/__arm_end.o
 .ARM.attributes
                0x00000093       0x31 ./Sources/Application/Auto_air/auto_air.o
 .ARM.attributes
                0x000000c4       0x31 ./Sources/Application/Auto_light/auto_light.o
 .ARM.attributes
                0x000000f5       0x31 ./Sources/Application/Auto_wiper/auto_wiper.o
 .ARM.attributes
                0x00000126       0x31 ./Sources/Application/Battery/battery.o
 .ARM.attributes
                0x00000157       0x31 ./Sources/Application/Config_parameters/config_parameter.o
 .ARM.attributes
                0x00000188       0x31 ./Sources/Application/Diagnostic/lin_diagnostic_service.o
 .ARM.attributes
                0x000001b9       0x31 ./Sources/Application/Sleep/sleep.o
 .ARM.attributes
                0x000001ea       0x31 ./Sources/Application/main.o
 .ARM.attributes
                0x0000021b       0x31 ./Sources/Driver/LIN_Stack/bsp/UART/lin_lld_uart.o
 .ARM.attributes
                0x0000024c       0x31 ./Sources/Driver/LIN_Stack/bsp/UART/lin_lld_timesrv.o
 .ARM.attributes
                0x0000027d       0x31 ./Sources/Driver/LIN_Stack/bsp/UART/lin_isr.o
 .ARM.attributes
                0x000002ae       0x31 ./Sources/Driver/LIN_Stack/coreapi/lin_lin21_proto.o
 .ARM.attributes
                0x000002df       0x31 ./Sources/Driver/LIN_Stack/coreapi/lin_common_proto.o
 .ARM.attributes
                0x00000310       0x31 ./Sources/Driver/LIN_Stack/coreapi/lin_common_api.o
 .ARM.attributes
                0x00000341       0x31 ./Sources/Driver/LIN_Stack/lowlevel/lin.o
 .ARM.attributes
                0x00000372       0x31 ./Sources/Driver/SPI/spi.o
 .ARM.attributes
                0x000003a3       0x31 ./Sources/Driver/adc/adc.o
 .ARM.attributes
                0x000003d4       0x31 ./Sources/Driver/clock/clock.o
 .ARM.attributes
                0x00000405       0x31 ./Sources/Driver/eeprom/eeprom.o
 .ARM.attributes
                0x00000436       0x31 ./Sources/Driver/ftm/ftm.o
 .ARM.attributes
                0x00000467       0x31 ./Sources/Driver/gpio/gpio.o
 .ARM.attributes
                0x00000498       0x31 ./Sources/Driver/pmc/pmc.o
 .ARM.attributes
                0x000004c9       0x31 ./Sources/Driver/rtc/rtc.o
 .ARM.attributes
                0x000004fa       0x31 ./Sources/Driver/watchdog/watchdog.o
 .ARM.attributes
                0x0000052b       0x31 ./Sources/Transport/LIN_app/lin_app.o
 .ARM.attributes
                0x0000055c       0x31 ./Sources/Transport/Local_eep_data/local_eep_data.o
 .ARM.attributes
                0x0000058d       0x31 ./Sources/Transport/MLX75308/mlx75308.o
 .ARM.attributes
                0x000005be       0x31 ./Sources/Transport/lin_cfg/lin_cfg.o
 .ARM.attributes
                0x000005ef       0x31 ./Sources/Transport/lin_transport/lin_commontl_proto.o
 .ARM.attributes
                0x00000620       0x31 ./Sources/Transport/lin_transport/lin_commontl_api.o
 .ARM.attributes
                0x00000651       0x31 D:/CW11.0/CW MCU v11.0/MCU/ARM_GCC_Support/ewl/lib/armv6-m\libc.a(exit.o)
 .ARM.attributes
                0x00000682       0x31 D:/CW11.0/CW MCU v11.0/MCU/ARM_GCC_Support/ewl/lib/armv6-m\libc.a(rand.o)
 .ARM.attributes
                0x000006b3       0x31 D:/CW11.0/CW MCU v11.0/MCU/ARM_GCC_Support/ewl/lib/armv6-m\libc.a(memset.o)
 .ARM.attributes
                0x000006e4       0x31 D:/CW11.0/CW MCU v11.0/MCU/ARM_GCC_Support/ewl/lib/armv6-m\libc.a(__filll_mem.o)
 .ARM.attributes
                0x00000715       0x1e d:/cw11.0/cw mcu v11.0/cross_tools/arm-none-eabi-gcc-4_7_3/bin/../lib/gcc/arm-none-eabi/4.7.3/armv6-m\libgcc.a(_thumb1_case_uqi.o)
 .ARM.attributes
                0x00000733       0x1e d:/cw11.0/cw mcu v11.0/cross_tools/arm-none-eabi-gcc-4_7_3/bin/../lib/gcc/arm-none-eabi/4.7.3/armv6-m\libgcc.a(_thumb1_case_uhi.o)
 .ARM.attributes
                0x00000751       0x1e d:/cw11.0/cw mcu v11.0/cross_tools/arm-none-eabi-gcc-4_7_3/bin/../lib/gcc/arm-none-eabi/4.7.3/armv6-m\libgcc.a(_udivsi3.o)
 .ARM.attributes
                0x0000076f       0x1e d:/cw11.0/cw mcu v11.0/cross_tools/arm-none-eabi-gcc-4_7_3/bin/../lib/gcc/arm-none-eabi/4.7.3/armv6-m\libgcc.a(_divsi3.o)
 .ARM.attributes
                0x0000078d       0x1e d:/cw11.0/cw mcu v11.0/cross_tools/arm-none-eabi-gcc-4_7_3/bin/../lib/gcc/arm-none-eabi/4.7.3/armv6-m\libgcc.a(_dvmd_tls.o)
 .ARM.attributes
                0x000007ab       0x2c d:/cw11.0/cw mcu v11.0/cross_tools/arm-none-eabi-gcc-4_7_3/bin/../lib/gcc/arm-none-eabi/4.7.3/armv6-m\libgcc.a(_fixunsdfsi.o)
 .ARM.attributes
                0x000007d7       0x2c d:/cw11.0/cw mcu v11.0/cross_tools/arm-none-eabi-gcc-4_7_3/bin/../lib/gcc/arm-none-eabi/4.7.3/armv6-m\libgcc.a(adddf3.o)
 .ARM.attributes
                0x00000803       0x2c d:/cw11.0/cw mcu v11.0/cross_tools/arm-none-eabi-gcc-4_7_3/bin/../lib/gcc/arm-none-eabi/4.7.3/armv6-m\libgcc.a(subdf3.o)
 .ARM.attributes
                0x0000082f       0x2c d:/cw11.0/cw mcu v11.0/cross_tools/arm-none-eabi-gcc-4_7_3/bin/../lib/gcc/arm-none-eabi/4.7.3/armv6-m\libgcc.a(fixdfsi.o)
 .ARM.attributes
                0x0000085b       0x2c d:/cw11.0/cw mcu v11.0/cross_tools/arm-none-eabi-gcc-4_7_3/bin/../lib/gcc/arm-none-eabi/4.7.3/armv6-m\libgcc.a(floatunsidf.o)
 .ARM.attributes
                0x00000887       0x1e d:/cw11.0/cw mcu v11.0/cross_tools/arm-none-eabi-gcc-4_7_3/bin/../lib/gcc/arm-none-eabi/4.7.3/armv6-m\libgcc.a(_arm_cmpdf2.o)
 .ARM.attributes
                0x000008a5       0x1e d:/cw11.0/cw mcu v11.0/cross_tools/arm-none-eabi-gcc-4_7_3/bin/../lib/gcc/arm-none-eabi/4.7.3/armv6-m\libgcc.a(_clzsi2.o)
 .ARM.attributes
                0x000008c3       0x2c d:/cw11.0/cw mcu v11.0/cross_tools/arm-none-eabi-gcc-4_7_3/bin/../lib/gcc/arm-none-eabi/4.7.3/armv6-m\libgcc.a(eqdf2.o)
 .ARM.attributes
                0x000008ef       0x2c d:/cw11.0/cw mcu v11.0/cross_tools/arm-none-eabi-gcc-4_7_3/bin/../lib/gcc/arm-none-eabi/4.7.3/armv6-m\libgcc.a(gedf2.o)
 .ARM.attributes
                0x0000091b       0x2c d:/cw11.0/cw mcu v11.0/cross_tools/arm-none-eabi-gcc-4_7_3/bin/../lib/gcc/arm-none-eabi/4.7.3/armv6-m\libgcc.a(ledf2.o)
 .ARM.attributes
                0x00000947       0x31 D:/CW11.0/CW MCU v11.0/MCU/ARM_GCC_Support/ewl/lib/armv6-m\librt.a(gcc_ctor_dtor.o)
 .ARM.attributes
                0x00000978       0x31 D:/CW11.0/CW MCU v11.0/MCU/ARM_GCC_Support/ewl/lib/armv6-m\librt.a(__arm_eabi_init.o)
 .ARM.attributes
                0x000009a9       0x31 D:/CW11.0/CW MCU v11.0/MCU/ARM_GCC_Support/ewl/lib/armv6-m\librt.a(ROMCopy.o)
OUTPUT(RLS.elf elf32-littlearm)

.debug_info     0x00000000     0xb899
 .debug_info    0x00000000      0x381 ./Project_Settings/Startup_Code/kinetis_sysinit.o
 .debug_info    0x00000381      0x144 ./Project_Settings/Startup_Code/__arm_start.o
 .debug_info    0x000004c5       0x4f ./Project_Settings/Startup_Code/__arm_end.o
 .debug_info    0x00000514      0x4c8 ./Sources/Application/Auto_air/auto_air.o
 .debug_info    0x000009dc      0x5f1 ./Sources/Application/Auto_light/auto_light.o
 .debug_info    0x00000fcd     0x10c3 ./Sources/Application/Auto_wiper/auto_wiper.o
 .debug_info    0x00002090      0x25e ./Sources/Application/Battery/battery.o
 .debug_info    0x000022ee      0x2dc ./Sources/Application/Config_parameters/config_parameter.o
 .debug_info    0x000025ca      0x8d2 ./Sources/Application/Diagnostic/lin_diagnostic_service.o
 .debug_info    0x00002e9c      0x8d2 ./Sources/Application/Sleep/sleep.o
 .debug_info    0x0000376e      0x1bd ./Sources/Application/main.o
 .debug_info    0x0000392b      0xe9b ./Sources/Driver/LIN_Stack/bsp/UART/lin_lld_uart.o
 .debug_info    0x000047c6      0x538 ./Sources/Driver/LIN_Stack/bsp/UART/lin_lld_timesrv.o
 .debug_info    0x00004cfe      0x29c ./Sources/Driver/LIN_Stack/bsp/UART/lin_isr.o
 .debug_info    0x00004f9a      0x374 ./Sources/Driver/LIN_Stack/coreapi/lin_lin21_proto.o
 .debug_info    0x0000530e      0x8c6 ./Sources/Driver/LIN_Stack/coreapi/lin_common_proto.o
 .debug_info    0x00005bd4      0x333 ./Sources/Driver/LIN_Stack/coreapi/lin_common_api.o
 .debug_info    0x00005f07      0x37d ./Sources/Driver/LIN_Stack/lowlevel/lin.o
 .debug_info    0x00006284      0x616 ./Sources/Driver/SPI/spi.o
 .debug_info    0x0000689a      0x249 ./Sources/Driver/adc/adc.o
 .debug_info    0x00006ae3      0x16e ./Sources/Driver/clock/clock.o
 .debug_info    0x00006c51      0x477 ./Sources/Driver/eeprom/eeprom.o
 .debug_info    0x000070c8      0x59d ./Sources/Driver/ftm/ftm.o
 .debug_info    0x00007665      0x2cd ./Sources/Driver/gpio/gpio.o
 .debug_info    0x00007932       0xdd ./Sources/Driver/pmc/pmc.o
 .debug_info    0x00007a0f      0x3b7 ./Sources/Driver/rtc/rtc.o
 .debug_info    0x00007dc6      0x259 ./Sources/Driver/watchdog/watchdog.o
 .debug_info    0x0000801f      0xd17 ./Sources/Transport/LIN_app/lin_app.o
 .debug_info    0x00008d36      0x278 ./Sources/Transport/Local_eep_data/local_eep_data.o
 .debug_info    0x00008fae      0x5bb ./Sources/Transport/MLX75308/mlx75308.o
 .debug_info    0x00009569      0x9d9 ./Sources/Transport/lin_cfg/lin_cfg.o
 .debug_info    0x00009f42      0x952 ./Sources/Transport/lin_transport/lin_commontl_proto.o
 .debug_info    0x0000a894      0x670 ./Sources/Transport/lin_transport/lin_commontl_api.o
 .debug_info    0x0000af04       0xe8 D:/CW11.0/CW MCU v11.0/MCU/ARM_GCC_Support/ewl/lib/armv6-m\libc.a(exit.o)
 .debug_info    0x0000afec      0x100 D:/CW11.0/CW MCU v11.0/MCU/ARM_GCC_Support/ewl/lib/armv6-m\libc.a(rand.o)
 .debug_info    0x0000b0ec       0xec D:/CW11.0/CW MCU v11.0/MCU/ARM_GCC_Support/ewl/lib/armv6-m\libc.a(memset.o)
 .debug_info    0x0000b1d8      0x137 D:/CW11.0/CW MCU v11.0/MCU/ARM_GCC_Support/ewl/lib/armv6-m\libc.a(__filll_mem.o)
 .debug_info    0x0000b30f      0x136 D:/CW11.0/CW MCU v11.0/MCU/ARM_GCC_Support/ewl/lib/armv6-m\librt.a(gcc_ctor_dtor.o)
 .debug_info    0x0000b445      0x2b9 D:/CW11.0/CW MCU v11.0/MCU/ARM_GCC_Support/ewl/lib/armv6-m\librt.a(__arm_eabi_init.o)
 .debug_info    0x0000b6fe      0x19b D:/CW11.0/CW MCU v11.0/MCU/ARM_GCC_Support/ewl/lib/armv6-m\librt.a(ROMCopy.o)

.debug_abbrev   0x00000000     0x2f63
 .debug_abbrev  0x00000000      0x131 ./Project_Settings/Startup_Code/kinetis_sysinit.o
 .debug_abbrev  0x00000131       0xc0 ./Project_Settings/Startup_Code/__arm_start.o
 .debug_abbrev  0x000001f1       0x4a ./Project_Settings/Startup_Code/__arm_end.o
 .debug_abbrev  0x0000023b      0x175 ./Sources/Application/Auto_air/auto_air.o
 .debug_abbrev  0x000003b0      0x14a ./Sources/Application/Auto_light/auto_light.o
 .debug_abbrev  0x000004fa      0x19b ./Sources/Application/Auto_wiper/auto_wiper.o
 .debug_abbrev  0x00000695       0xef ./Sources/Application/Battery/battery.o
 .debug_abbrev  0x00000784       0xcf ./Sources/Application/Config_parameters/config_parameter.o
 .debug_abbrev  0x00000853      0x263 ./Sources/Application/Diagnostic/lin_diagnostic_service.o
 .debug_abbrev  0x00000ab6      0x181 ./Sources/Application/Sleep/sleep.o
 .debug_abbrev  0x00000c37       0x80 ./Sources/Application/main.o
 .debug_abbrev  0x00000cb7      0x2d7 ./Sources/Driver/LIN_Stack/bsp/UART/lin_lld_uart.o
 .debug_abbrev  0x00000f8e       0xf4 ./Sources/Driver/LIN_Stack/bsp/UART/lin_lld_timesrv.o
 .debug_abbrev  0x00001082       0xaf ./Sources/Driver/LIN_Stack/bsp/UART/lin_isr.o
 .debug_abbrev  0x00001131      0x118 ./Sources/Driver/LIN_Stack/coreapi/lin_lin21_proto.o
 .debug_abbrev  0x00001249      0x1f8 ./Sources/Driver/LIN_Stack/coreapi/lin_common_proto.o
 .debug_abbrev  0x00001441      0x156 ./Sources/Driver/LIN_Stack/coreapi/lin_common_api.o
 .debug_abbrev  0x00001597      0x143 ./Sources/Driver/LIN_Stack/lowlevel/lin.o
 .debug_abbrev  0x000016da      0x213 ./Sources/Driver/SPI/spi.o
 .debug_abbrev  0x000018ed       0xfc ./Sources/Driver/adc/adc.o
 .debug_abbrev  0x000019e9       0xda ./Sources/Driver/clock/clock.o
 .debug_abbrev  0x00001ac3      0x1b6 ./Sources/Driver/eeprom/eeprom.o
 .debug_abbrev  0x00001c79      0x103 ./Sources/Driver/ftm/ftm.o
 .debug_abbrev  0x00001d7c       0x9b ./Sources/Driver/gpio/gpio.o
 .debug_abbrev  0x00001e17       0x90 ./Sources/Driver/pmc/pmc.o
 .debug_abbrev  0x00001ea7       0xe7 ./Sources/Driver/rtc/rtc.o
 .debug_abbrev  0x00001f8e      0x119 ./Sources/Driver/watchdog/watchdog.o
 .debug_abbrev  0x000020a7      0x1a7 ./Sources/Transport/LIN_app/lin_app.o
 .debug_abbrev  0x0000224e      0x140 ./Sources/Transport/Local_eep_data/local_eep_data.o
 .debug_abbrev  0x0000238e      0x17f ./Sources/Transport/MLX75308/mlx75308.o
 .debug_abbrev  0x0000250d      0x136 ./Sources/Transport/lin_cfg/lin_cfg.o
 .debug_abbrev  0x00002643      0x24e ./Sources/Transport/lin_transport/lin_commontl_proto.o
 .debug_abbrev  0x00002891      0x184 ./Sources/Transport/lin_transport/lin_commontl_api.o
 .debug_abbrev  0x00002a15       0x7a D:/CW11.0/CW MCU v11.0/MCU/ARM_GCC_Support/ewl/lib/armv6-m\libc.a(exit.o)
 .debug_abbrev  0x00002a8f       0x8e D:/CW11.0/CW MCU v11.0/MCU/ARM_GCC_Support/ewl/lib/armv6-m\libc.a(rand.o)
 .debug_abbrev  0x00002b1d       0x62 D:/CW11.0/CW MCU v11.0/MCU/ARM_GCC_Support/ewl/lib/armv6-m\libc.a(memset.o)
 .debug_abbrev  0x00002b7f       0x78 D:/CW11.0/CW MCU v11.0/MCU/ARM_GCC_Support/ewl/lib/armv6-m\libc.a(__filll_mem.o)
 .debug_abbrev  0x00002bf7       0x99 D:/CW11.0/CW MCU v11.0/MCU/ARM_GCC_Support/ewl/lib/armv6-m\librt.a(gcc_ctor_dtor.o)
 .debug_abbrev  0x00002c90      0x1b3 D:/CW11.0/CW MCU v11.0/MCU/ARM_GCC_Support/ewl/lib/armv6-m\librt.a(__arm_eabi_init.o)
 .debug_abbrev  0x00002e43      0x120 D:/CW11.0/CW MCU v11.0/MCU/ARM_GCC_Support/ewl/lib/armv6-m\librt.a(ROMCopy.o)

.debug_aranges  0x00000000      0x9d0
 .debug_aranges
                0x00000000       0x28 ./Project_Settings/Startup_Code/kinetis_sysinit.o
 .debug_aranges
                0x00000028       0x28 ./Project_Settings/Startup_Code/__arm_start.o
 .debug_aranges
                0x00000050       0x20 ./Project_Settings/Startup_Code/__arm_end.o
 .debug_aranges
                0x00000070       0x30 ./Sources/Application/Auto_air/auto_air.o
 .debug_aranges
                0x000000a0       0x38 ./Sources/Application/Auto_light/auto_light.o
 .debug_aranges
                0x000000d8       0x80 ./Sources/Application/Auto_wiper/auto_wiper.o
 .debug_aranges
                0x00000158       0x30 ./Sources/Application/Battery/battery.o
 .debug_aranges
                0x00000188       0x20 ./Sources/Application/Config_parameters/config_parameter.o
 .debug_aranges
                0x000001a8       0x78 ./Sources/Application/Diagnostic/lin_diagnostic_service.o
 .debug_aranges
                0x00000220       0x40 ./Sources/Application/Sleep/sleep.o
 .debug_aranges
                0x00000260       0x28 ./Sources/Application/main.o
 .debug_aranges
                0x00000288       0x88 ./Sources/Driver/LIN_Stack/bsp/UART/lin_lld_uart.o
 .debug_aranges
                0x00000310       0x28 ./Sources/Driver/LIN_Stack/bsp/UART/lin_lld_timesrv.o
 .debug_aranges
                0x00000338       0x28 ./Sources/Driver/LIN_Stack/bsp/UART/lin_isr.o
 .debug_aranges
                0x00000360       0x30 ./Sources/Driver/LIN_Stack/coreapi/lin_lin21_proto.o
 .debug_aranges
                0x00000390       0x70 ./Sources/Driver/LIN_Stack/coreapi/lin_common_proto.o
 .debug_aranges
                0x00000400       0x68 ./Sources/Driver/LIN_Stack/coreapi/lin_common_api.o
 .debug_aranges
                0x00000468       0xa0 ./Sources/Driver/LIN_Stack/lowlevel/lin.o
 .debug_aranges
                0x00000508       0x60 ./Sources/Driver/SPI/spi.o
 .debug_aranges
                0x00000568       0x30 ./Sources/Driver/adc/adc.o
 .debug_aranges
                0x00000598       0x30 ./Sources/Driver/clock/clock.o
 .debug_aranges
                0x000005c8       0x48 ./Sources/Driver/eeprom/eeprom.o
 .debug_aranges
                0x00000610       0x28 ./Sources/Driver/ftm/ftm.o
 .debug_aranges
                0x00000638       0x20 ./Sources/Driver/gpio/gpio.o
 .debug_aranges
                0x00000658       0x20 ./Sources/Driver/pmc/pmc.o
 .debug_aranges
                0x00000678       0x38 ./Sources/Driver/rtc/rtc.o
 .debug_aranges
                0x000006b0       0x40 ./Sources/Driver/watchdog/watchdog.o
 .debug_aranges
                0x000006f0       0x70 ./Sources/Transport/LIN_app/lin_app.o
 .debug_aranges
                0x00000760       0x38 ./Sources/Transport/Local_eep_data/local_eep_data.o
 .debug_aranges
                0x00000798       0x28 ./Sources/Transport/MLX75308/mlx75308.o
 .debug_aranges
                0x000007c0       0x20 ./Sources/Transport/lin_cfg/lin_cfg.o
 .debug_aranges
                0x000007e0       0x48 ./Sources/Transport/lin_transport/lin_commontl_proto.o
 .debug_aranges
                0x00000828       0x70 ./Sources/Transport/lin_transport/lin_commontl_api.o
 .debug_aranges
                0x00000898       0x20 D:/CW11.0/CW MCU v11.0/MCU/ARM_GCC_Support/ewl/lib/armv6-m\libc.a(exit.o)
 .debug_aranges
                0x000008b8       0x28 D:/CW11.0/CW MCU v11.0/MCU/ARM_GCC_Support/ewl/lib/armv6-m\libc.a(rand.o)
 .debug_aranges
                0x000008e0       0x20 D:/CW11.0/CW MCU v11.0/MCU/ARM_GCC_Support/ewl/lib/armv6-m\libc.a(memset.o)
 .debug_aranges
                0x00000900       0x20 D:/CW11.0/CW MCU v11.0/MCU/ARM_GCC_Support/ewl/lib/armv6-m\libc.a(__filll_mem.o)
 .debug_aranges
                0x00000920       0x28 D:/CW11.0/CW MCU v11.0/MCU/ARM_GCC_Support/ewl/lib/armv6-m\librt.a(gcc_ctor_dtor.o)
 .debug_aranges
                0x00000948       0x58 D:/CW11.0/CW MCU v11.0/MCU/ARM_GCC_Support/ewl/lib/armv6-m\librt.a(__arm_eabi_init.o)
 .debug_aranges
                0x000009a0       0x30 D:/CW11.0/CW MCU v11.0/MCU/ARM_GCC_Support/ewl/lib/armv6-m\librt.a(ROMCopy.o)

.debug_line     0x00000000     0x4ce3
 .debug_line    0x00000000      0x126 ./Project_Settings/Startup_Code/kinetis_sysinit.o
 .debug_line    0x00000126       0x80 ./Project_Settings/Startup_Code/__arm_start.o
 .debug_line    0x000001a6       0x5d ./Project_Settings/Startup_Code/__arm_end.o
 .debug_line    0x00000203      0x20f ./Sources/Application/Auto_air/auto_air.o
 .debug_line    0x00000412      0x22d ./Sources/Application/Auto_light/auto_light.o
 .debug_line    0x0000063f      0x6d2 ./Sources/Application/Auto_wiper/auto_wiper.o
 .debug_line    0x00000d11      0x177 ./Sources/Application/Battery/battery.o
 .debug_line    0x00000e88      0x170 ./Sources/Application/Config_parameters/config_parameter.o
 .debug_line    0x00000ff8      0x44d ./Sources/Application/Diagnostic/lin_diagnostic_service.o
 .debug_line    0x00001445      0x396 ./Sources/Application/Sleep/sleep.o
 .debug_line    0x000017db      0x12f ./Sources/Application/main.o
 .debug_line    0x0000190a      0x4c5 ./Sources/Driver/LIN_Stack/bsp/UART/lin_lld_uart.o
 .debug_line    0x00001dcf      0x130 ./Sources/Driver/LIN_Stack/bsp/UART/lin_lld_timesrv.o
 .debug_line    0x00001eff      0x117 ./Sources/Driver/LIN_Stack/bsp/UART/lin_isr.o
 .debug_line    0x00002016      0x10f ./Sources/Driver/LIN_Stack/coreapi/lin_lin21_proto.o
 .debug_line    0x00002125      0x316 ./Sources/Driver/LIN_Stack/coreapi/lin_common_proto.o
 .debug_line    0x0000243b      0x1d8 ./Sources/Driver/LIN_Stack/coreapi/lin_common_api.o
 .debug_line    0x00002613      0x224 ./Sources/Driver/LIN_Stack/lowlevel/lin.o
 .debug_line    0x00002837      0x2e8 ./Sources/Driver/SPI/spi.o
 .debug_line    0x00002b1f      0x1a0 ./Sources/Driver/adc/adc.o
 .debug_line    0x00002cbf      0x1a2 ./Sources/Driver/clock/clock.o
 .debug_line    0x00002e61      0x2b2 ./Sources/Driver/eeprom/eeprom.o
 .debug_line    0x00003113      0x1a4 ./Sources/Driver/ftm/ftm.o
 .debug_line    0x000032b7      0x126 ./Sources/Driver/gpio/gpio.o
 .debug_line    0x000033dd      0x169 ./Sources/Driver/pmc/pmc.o
 .debug_line    0x00003546      0x133 ./Sources/Driver/rtc/rtc.o
 .debug_line    0x00003679      0x15f ./Sources/Driver/watchdog/watchdog.o
 .debug_line    0x000037d8      0x3f2 ./Sources/Transport/LIN_app/lin_app.o
 .debug_line    0x00003bca      0x136 ./Sources/Transport/Local_eep_data/local_eep_data.o
 .debug_line    0x00003d00      0x264 ./Sources/Transport/MLX75308/mlx75308.o
 .debug_line    0x00003f64       0xe9 ./Sources/Transport/lin_cfg/lin_cfg.o
 .debug_line    0x0000404d      0x4d2 ./Sources/Transport/lin_transport/lin_commontl_proto.o
 .debug_line    0x0000451f      0x2de ./Sources/Transport/lin_transport/lin_commontl_api.o
 .debug_line    0x000047fd       0x8d D:/CW11.0/CW MCU v11.0/MCU/ARM_GCC_Support/ewl/lib/armv6-m\libc.a(exit.o)
 .debug_line    0x0000488a       0x93 D:/CW11.0/CW MCU v11.0/MCU/ARM_GCC_Support/ewl/lib/armv6-m\libc.a(rand.o)
 .debug_line    0x0000491d       0x90 D:/CW11.0/CW MCU v11.0/MCU/ARM_GCC_Support/ewl/lib/armv6-m\libc.a(memset.o)
 .debug_line    0x000049ad       0xf6 D:/CW11.0/CW MCU v11.0/MCU/ARM_GCC_Support/ewl/lib/armv6-m\libc.a(__filll_mem.o)
 .debug_line    0x00004aa3       0x6c D:/CW11.0/CW MCU v11.0/MCU/ARM_GCC_Support/ewl/lib/armv6-m\librt.a(gcc_ctor_dtor.o)
 .debug_line    0x00004b0f      0x117 D:/CW11.0/CW MCU v11.0/MCU/ARM_GCC_Support/ewl/lib/armv6-m\librt.a(__arm_eabi_init.o)
 .debug_line    0x00004c26       0xbd D:/CW11.0/CW MCU v11.0/MCU/ARM_GCC_Support/ewl/lib/armv6-m\librt.a(ROMCopy.o)

.debug_str      0x00000000     0x4b96
 .debug_str     0x00000000      0x248 ./Project_Settings/Startup_Code/kinetis_sysinit.o
                                0x275 (size before relaxing)
 .debug_str     0x00000248       0x85 ./Project_Settings/Startup_Code/__arm_start.o
                                0x1a9 (size before relaxing)
 .debug_str     0x000002cd       0x3a ./Project_Settings/Startup_Code/__arm_end.o
                                 0xe0 (size before relaxing)
 .debug_str     0x00000307      0x364 ./Sources/Application/Auto_air/auto_air.o
                                0x4b1 (size before relaxing)
 .debug_str     0x0000066b      0x434 ./Sources/Application/Auto_light/auto_light.o
                                0x78a (size before relaxing)
 .debug_str     0x00000a9f      0xca9 ./Sources/Application/Auto_wiper/auto_wiper.o
                               0x12ad (size before relaxing)
 .debug_str     0x00001748       0x9c ./Sources/Application/Battery/battery.o
                                0x35a (size before relaxing)
 .debug_str     0x000017e4      0x1f7 ./Sources/Application/Config_parameters/config_parameter.o
                                0x33c (size before relaxing)
 .debug_str     0x000019db      0x3f6 ./Sources/Application/Diagnostic/lin_diagnostic_service.o
                                0x7aa (size before relaxing)
 .debug_str     0x00001dd1      0x22e ./Sources/Application/Sleep/sleep.o
                                0x8f0 (size before relaxing)
 .debug_str     0x00001fff       0x99 ./Sources/Application/main.o
                                0x250 (size before relaxing)
 .debug_str     0x00002098      0x798 ./Sources/Driver/LIN_Stack/bsp/UART/lin_lld_uart.o
                                0xb1e (size before relaxing)
 .debug_str     0x00002830      0x389 ./Sources/Driver/LIN_Stack/bsp/UART/lin_lld_timesrv.o
                                0x525 (size before relaxing)
 .debug_str     0x00002bb9       0x55 ./Sources/Driver/LIN_Stack/bsp/UART/lin_isr.o
                                0x230 (size before relaxing)
 .debug_str     0x00002c0e      0x26e ./Sources/Driver/LIN_Stack/coreapi/lin_lin21_proto.o
                                0x3dc (size before relaxing)
 .debug_str     0x00002e7c      0x58f ./Sources/Driver/LIN_Stack/coreapi/lin_common_proto.o
                                0xc4a (size before relaxing)
 .debug_str     0x0000340b       0xcc ./Sources/Driver/LIN_Stack/coreapi/lin_common_api.o
                                0x2b0 (size before relaxing)
 .debug_str     0x000034d7      0x22c ./Sources/Driver/LIN_Stack/lowlevel/lin.o
                                0x39b (size before relaxing)
 .debug_str     0x00003703      0x12d ./Sources/Driver/SPI/spi.o
                                0x383 (size before relaxing)
 .debug_str     0x00003830       0x6e ./Sources/Driver/adc/adc.o
                                0x1e7 (size before relaxing)
 .debug_str     0x0000389e       0x55 ./Sources/Driver/clock/clock.o
                                0x17c (size before relaxing)
 .debug_str     0x000038f3      0x1b8 ./Sources/Driver/eeprom/eeprom.o
                                0x32a (size before relaxing)
 .debug_str     0x00003aab       0x36 ./Sources/Driver/ftm/ftm.o
                                0x568 (size before relaxing)
 .debug_str     0x00003ae1      0x108 ./Sources/Driver/gpio/gpio.o
                                0x2a4 (size before relaxing)
 .debug_str     0x00003be9       0x25 ./Sources/Driver/pmc/pmc.o
                                0x16c (size before relaxing)
 .debug_str     0x00003c0e       0x6a ./Sources/Driver/rtc/rtc.o
                                0x48f (size before relaxing)
 .debug_str     0x00003c78       0x83 ./Sources/Driver/watchdog/watchdog.o
                                0x1fd (size before relaxing)
 .debug_str     0x00003cfb      0x53d ./Sources/Transport/LIN_app/lin_app.o
                               0x1193 (size before relaxing)
 .debug_str     0x00004238       0x9d ./Sources/Transport/Local_eep_data/local_eep_data.o
                                0x2b8 (size before relaxing)
 .debug_str     0x000042d5      0x101 ./Sources/Transport/MLX75308/mlx75308.o
                                0x4cd (size before relaxing)
 .debug_str     0x000043d6      0x223 ./Sources/Transport/lin_cfg/lin_cfg.o
                                0xd42 (size before relaxing)
 .debug_str     0x000045f9      0x102 ./Sources/Transport/lin_transport/lin_commontl_proto.o
                                0x8b8 (size before relaxing)
 .debug_str     0x000046fb      0x112 ./Sources/Transport/lin_transport/lin_commontl_api.o
                                0x6ba (size before relaxing)
 .debug_str     0x0000480d       0x5a D:/CW11.0/CW MCU v11.0/MCU/ARM_GCC_Support/ewl/lib/armv6-m\libc.a(exit.o)
                                0x157 (size before relaxing)
 .debug_str     0x00004867       0x2b D:/CW11.0/CW MCU v11.0/MCU/ARM_GCC_Support/ewl/lib/armv6-m\libc.a(rand.o)
                                0x152 (size before relaxing)
 .debug_str     0x00004892       0x23 D:/CW11.0/CW MCU v11.0/MCU/ARM_GCC_Support/ewl/lib/armv6-m\libc.a(memset.o)
                                0x140 (size before relaxing)
 .debug_str     0x000048b5       0x2d D:/CW11.0/CW MCU v11.0/MCU/ARM_GCC_Support/ewl/lib/armv6-m\libc.a(__filll_mem.o)
                                0x152 (size before relaxing)
 .debug_str     0x000048e2      0x126 D:/CW11.0/CW MCU v11.0/MCU/ARM_GCC_Support/ewl/lib/armv6-m\librt.a(gcc_ctor_dtor.o)
                                0x181 (size before relaxing)
 .debug_str     0x00004a08       0xf3 D:/CW11.0/CW MCU v11.0/MCU/ARM_GCC_Support/ewl/lib/armv6-m\librt.a(__arm_eabi_init.o)
                                0x1b5 (size before relaxing)
 .debug_str     0x00004afb       0x9b D:/CW11.0/CW MCU v11.0/MCU/ARM_GCC_Support/ewl/lib/armv6-m\librt.a(ROMCopy.o)
                                0x13c (size before relaxing)

.comment        0x00000000       0x79
 .comment       0x00000000       0x79 ./Project_Settings/Startup_Code/kinetis_sysinit.o
                                 0x7a (size before relaxing)
 .comment       0x00000000       0x7a ./Project_Settings/Startup_Code/__arm_start.o
 .comment       0x00000000       0x7a ./Project_Settings/Startup_Code/__arm_end.o
 .comment       0x00000000       0x7a ./Sources/Application/Auto_air/auto_air.o
 .comment       0x00000000       0x7a ./Sources/Application/Auto_light/auto_light.o
 .comment       0x00000000       0x7a ./Sources/Application/Auto_wiper/auto_wiper.o
 .comment       0x00000000       0x7a ./Sources/Application/Battery/battery.o
 .comment       0x00000000       0x7a ./Sources/Application/Config_parameters/config_parameter.o
 .comment       0x00000000       0x7a ./Sources/Application/Diagnostic/lin_diagnostic_service.o
 .comment       0x00000000       0x7a ./Sources/Application/Sleep/sleep.o
 .comment       0x00000000       0x7a ./Sources/Application/main.o
 .comment       0x00000000       0x7a ./Sources/Driver/LIN_Stack/bsp/UART/lin_lld_uart.o
 .comment       0x00000000       0x7a ./Sources/Driver/LIN_Stack/bsp/UART/lin_lld_timesrv.o
 .comment       0x00000000       0x7a ./Sources/Driver/LIN_Stack/bsp/UART/lin_isr.o
 .comment       0x00000000       0x7a ./Sources/Driver/LIN_Stack/coreapi/lin_lin21_proto.o
 .comment       0x00000000       0x7a ./Sources/Driver/LIN_Stack/coreapi/lin_common_proto.o
 .comment       0x00000000       0x7a ./Sources/Driver/LIN_Stack/coreapi/lin_common_api.o
 .comment       0x00000000       0x7a ./Sources/Driver/LIN_Stack/lowlevel/lin.o
 .comment       0x00000000       0x7a ./Sources/Driver/SPI/spi.o
 .comment       0x00000000       0x7a ./Sources/Driver/adc/adc.o
 .comment       0x00000000       0x7a ./Sources/Driver/clock/clock.o
 .comment       0x00000000       0x7a ./Sources/Driver/eeprom/eeprom.o
 .comment       0x00000000       0x7a ./Sources/Driver/ftm/ftm.o
 .comment       0x00000000       0x7a ./Sources/Driver/gpio/gpio.o
 .comment       0x00000000       0x7a ./Sources/Driver/pmc/pmc.o
 .comment       0x00000000       0x7a ./Sources/Driver/rtc/rtc.o
 .comment       0x00000000       0x7a ./Sources/Driver/watchdog/watchdog.o
 .comment       0x00000000       0x7a ./Sources/Transport/LIN_app/lin_app.o
 .comment       0x00000000       0x7a ./Sources/Transport/Local_eep_data/local_eep_data.o
 .comment       0x00000000       0x7a ./Sources/Transport/MLX75308/mlx75308.o
 .comment       0x00000000       0x7a ./Sources/Transport/lin_cfg/lin_cfg.o
 .comment       0x00000000       0x7a ./Sources/Transport/lin_transport/lin_commontl_proto.o
 .comment       0x00000000       0x7a ./Sources/Transport/lin_transport/lin_commontl_api.o
 .comment       0x00000000       0x7a D:/CW11.0/CW MCU v11.0/MCU/ARM_GCC_Support/ewl/lib/armv6-m\libc.a(exit.o)
 .comment       0x00000000       0x7a D:/CW11.0/CW MCU v11.0/MCU/ARM_GCC_Support/ewl/lib/armv6-m\libc.a(rand.o)
 .comment       0x00000000       0x7a D:/CW11.0/CW MCU v11.0/MCU/ARM_GCC_Support/ewl/lib/armv6-m\libc.a(memset.o)
 .comment       0x00000000       0x7a D:/CW11.0/CW MCU v11.0/MCU/ARM_GCC_Support/ewl/lib/armv6-m\libc.a(__filll_mem.o)
 .comment       0x00000000       0x7a D:/CW11.0/CW MCU v11.0/MCU/ARM_GCC_Support/ewl/lib/armv6-m\librt.a(gcc_ctor_dtor.o)
 .comment       0x00000000       0x7a D:/CW11.0/CW MCU v11.0/MCU/ARM_GCC_Support/ewl/lib/armv6-m\librt.a(__arm_eabi_init.o)
 .comment       0x00000000       0x7a D:/CW11.0/CW MCU v11.0/MCU/ARM_GCC_Support/ewl/lib/armv6-m\librt.a(ROMCopy.o)

.debug_frame    0x00000000     0x1668
 .debug_frame   0x00000000       0x30 ./Project_Settings/Startup_Code/kinetis_sysinit.o
 .debug_frame   0x00000030       0x30 ./Project_Settings/Startup_Code/__arm_start.o
 .debug_frame   0x00000060       0x28 ./Project_Settings/Startup_Code/__arm_end.o
 .debug_frame   0x00000088       0x60 ./Sources/Application/Auto_air/auto_air.o
 .debug_frame   0x000000e8       0x74 ./Sources/Application/Auto_light/auto_light.o
 .debug_frame   0x0000015c      0x168 ./Sources/Application/Auto_wiper/auto_wiper.o
 .debug_frame   0x000002c4       0x50 ./Sources/Application/Battery/battery.o
 .debug_frame   0x00000314       0x28 ./Sources/Application/Config_parameters/config_parameter.o
 .debug_frame   0x0000033c      0x160 ./Sources/Application/Diagnostic/lin_diagnostic_service.o
 .debug_frame   0x0000049c       0x8c ./Sources/Application/Sleep/sleep.o
 .debug_frame   0x00000528       0x40 ./Sources/Application/main.o
 .debug_frame   0x00000568      0x148 ./Sources/Driver/LIN_Stack/bsp/UART/lin_lld_uart.o
 .debug_frame   0x000006b0       0x38 ./Sources/Driver/LIN_Stack/bsp/UART/lin_lld_timesrv.o
 .debug_frame   0x000006e8       0x40 ./Sources/Driver/LIN_Stack/bsp/UART/lin_isr.o
 .debug_frame   0x00000728       0x58 ./Sources/Driver/LIN_Stack/coreapi/lin_lin21_proto.o
 .debug_frame   0x00000780      0x130 ./Sources/Driver/LIN_Stack/coreapi/lin_common_proto.o
 .debug_frame   0x000008b0       0xd8 ./Sources/Driver/LIN_Stack/coreapi/lin_common_api.o
 .debug_frame   0x00000988      0x194 ./Sources/Driver/LIN_Stack/lowlevel/lin.o
 .debug_frame   0x00000b1c      0x118 ./Sources/Driver/SPI/spi.o
 .debug_frame   0x00000c34       0x58 ./Sources/Driver/adc/adc.o
 .debug_frame   0x00000c8c       0x58 ./Sources/Driver/clock/clock.o
 .debug_frame   0x00000ce4       0xb0 ./Sources/Driver/eeprom/eeprom.o
 .debug_frame   0x00000d94       0x3c ./Sources/Driver/ftm/ftm.o
 .debug_frame   0x00000dd0       0x20 ./Sources/Driver/gpio/gpio.o
 .debug_frame   0x00000df0       0x20 ./Sources/Driver/pmc/pmc.o
 .debug_frame   0x00000e10       0x58 ./Sources/Driver/rtc/rtc.o
 .debug_frame   0x00000e68       0x7c ./Sources/Driver/watchdog/watchdog.o
 .debug_frame   0x00000ee4       0xfc ./Sources/Transport/LIN_app/lin_app.o
 .debug_frame   0x00000fe0       0x78 ./Sources/Transport/Local_eep_data/local_eep_data.o
 .debug_frame   0x00001058       0x4c ./Sources/Transport/MLX75308/mlx75308.o
 .debug_frame   0x000010a4       0x28 ./Sources/Transport/lin_cfg/lin_cfg.o
 .debug_frame   0x000010cc       0xc0 ./Sources/Transport/lin_transport/lin_commontl_proto.o
 .debug_frame   0x0000118c      0x100 ./Sources/Transport/lin_transport/lin_commontl_api.o
 .debug_frame   0x0000128c       0x2c D:/CW11.0/CW MCU v11.0/MCU/ARM_GCC_Support/ewl/lib/armv6-m\libc.a(exit.o)
 .debug_frame   0x000012b8       0x30 D:/CW11.0/CW MCU v11.0/MCU/ARM_GCC_Support/ewl/lib/armv6-m\libc.a(rand.o)
 .debug_frame   0x000012e8       0x28 D:/CW11.0/CW MCU v11.0/MCU/ARM_GCC_Support/ewl/lib/armv6-m\libc.a(memset.o)
 .debug_frame   0x00001310       0x2c D:/CW11.0/CW MCU v11.0/MCU/ARM_GCC_Support/ewl/lib/armv6-m\libc.a(__filll_mem.o)
 .debug_frame   0x0000133c       0x20 d:/cw11.0/cw mcu v11.0/cross_tools/arm-none-eabi-gcc-4_7_3/bin/../lib/gcc/arm-none-eabi/4.7.3/armv6-m\libgcc.a(_udivsi3.o)
 .debug_frame   0x0000135c       0x20 d:/cw11.0/cw mcu v11.0/cross_tools/arm-none-eabi-gcc-4_7_3/bin/../lib/gcc/arm-none-eabi/4.7.3/armv6-m\libgcc.a(_divsi3.o)
 .debug_frame   0x0000137c       0x2c d:/cw11.0/cw mcu v11.0/cross_tools/arm-none-eabi-gcc-4_7_3/bin/../lib/gcc/arm-none-eabi/4.7.3/armv6-m\libgcc.a(_fixunsdfsi.o)
 .debug_frame   0x000013a8       0x3c d:/cw11.0/cw mcu v11.0/cross_tools/arm-none-eabi-gcc-4_7_3/bin/../lib/gcc/arm-none-eabi/4.7.3/armv6-m\libgcc.a(adddf3.o)
 .debug_frame   0x000013e4       0x38 d:/cw11.0/cw mcu v11.0/cross_tools/arm-none-eabi-gcc-4_7_3/bin/../lib/gcc/arm-none-eabi/4.7.3/armv6-m\libgcc.a(subdf3.o)
 .debug_frame   0x0000141c       0x2c d:/cw11.0/cw mcu v11.0/cross_tools/arm-none-eabi-gcc-4_7_3/bin/../lib/gcc/arm-none-eabi/4.7.3/armv6-m\libgcc.a(fixdfsi.o)
 .debug_frame   0x00001448       0x2c d:/cw11.0/cw mcu v11.0/cross_tools/arm-none-eabi-gcc-4_7_3/bin/../lib/gcc/arm-none-eabi/4.7.3/armv6-m\libgcc.a(floatunsidf.o)
 .debug_frame   0x00001474       0x34 d:/cw11.0/cw mcu v11.0/cross_tools/arm-none-eabi-gcc-4_7_3/bin/../lib/gcc/arm-none-eabi/4.7.3/armv6-m\libgcc.a(eqdf2.o)
 .debug_frame   0x000014a8       0x38 d:/cw11.0/cw mcu v11.0/cross_tools/arm-none-eabi-gcc-4_7_3/bin/../lib/gcc/arm-none-eabi/4.7.3/armv6-m\libgcc.a(gedf2.o)
 .debug_frame   0x000014e0       0x38 d:/cw11.0/cw mcu v11.0/cross_tools/arm-none-eabi-gcc-4_7_3/bin/../lib/gcc/arm-none-eabi/4.7.3/armv6-m\libgcc.a(ledf2.o)
 .debug_frame   0x00001518       0x40 D:/CW11.0/CW MCU v11.0/MCU/ARM_GCC_Support/ewl/lib/armv6-m\librt.a(gcc_ctor_dtor.o)
 .debug_frame   0x00001558       0xbc D:/CW11.0/CW MCU v11.0/MCU/ARM_GCC_Support/ewl/lib/armv6-m\librt.a(__arm_eabi_init.o)
 .debug_frame   0x00001614       0x54 D:/CW11.0/CW MCU v11.0/MCU/ARM_GCC_Support/ewl/lib/armv6-m\librt.a(ROMCopy.o)

.debug_loc      0x00000000     0x3661
 .debug_loc     0x00000000       0x20 ./Project_Settings/Startup_Code/__arm_end.o
 .debug_loc     0x00000020      0x23d ./Sources/Application/Auto_air/auto_air.o
 .debug_loc     0x0000025d       0xf9 ./Sources/Application/Auto_light/auto_light.o
 .debug_loc     0x00000356      0x380 ./Sources/Application/Auto_wiper/auto_wiper.o
 .debug_loc     0x000006d6       0x40 ./Sources/Application/Battery/battery.o
 .debug_loc     0x00000716       0x20 ./Sources/Application/Config_parameters/config_parameter.o
 .debug_loc     0x00000736      0x426 ./Sources/Application/Diagnostic/lin_diagnostic_service.o
 .debug_loc     0x00000b5c       0x80 ./Sources/Application/Sleep/sleep.o
 .debug_loc     0x00000bdc       0x40 ./Sources/Application/main.o
 .debug_loc     0x00000c1c      0x29b ./Sources/Driver/LIN_Stack/bsp/UART/lin_lld_uart.o
 .debug_loc     0x00000eb7       0x20 ./Sources/Driver/LIN_Stack/bsp/UART/lin_lld_timesrv.o
 .debug_loc     0x00000ed7       0x40 ./Sources/Driver/LIN_Stack/bsp/UART/lin_isr.o
 .debug_loc     0x00000f17       0x99 ./Sources/Driver/LIN_Stack/coreapi/lin_lin21_proto.o
 .debug_loc     0x00000fb0      0x4da ./Sources/Driver/LIN_Stack/coreapi/lin_common_proto.o
 .debug_loc     0x0000148a       0xff ./Sources/Driver/LIN_Stack/coreapi/lin_common_api.o
 .debug_loc     0x00001589      0x2d3 ./Sources/Driver/LIN_Stack/lowlevel/lin.o
 .debug_loc     0x0000185c      0x512 ./Sources/Driver/SPI/spi.o
 .debug_loc     0x00001d6e       0xaa ./Sources/Driver/adc/adc.o
 .debug_loc     0x00001e18       0x9c ./Sources/Driver/clock/clock.o
 .debug_loc     0x00001eb4      0x3f8 ./Sources/Driver/eeprom/eeprom.o
 .debug_loc     0x000022ac       0x20 ./Sources/Driver/ftm/ftm.o
 .debug_loc     0x000022cc       0x20 ./Sources/Driver/rtc/rtc.o
 .debug_loc     0x000022ec       0x84 ./Sources/Driver/watchdog/watchdog.o
 .debug_loc     0x00002370       0xe0 ./Sources/Transport/LIN_app/lin_app.o
 .debug_loc     0x00002450      0x101 ./Sources/Transport/Local_eep_data/local_eep_data.o
 .debug_loc     0x00002551      0x193 ./Sources/Transport/MLX75308/mlx75308.o
 .debug_loc     0x000026e4       0x46 ./Sources/Transport/lin_cfg/lin_cfg.o
 .debug_loc     0x0000272a      0x65a ./Sources/Transport/lin_transport/lin_commontl_proto.o