Archive member included because of file (symbol)

D:/CW11.0/CW MCU v11.0/MCU/ARM_GCC_Support/ewl/lib/armv6-m\libc.a(exit.o)
                              ./Project_Settings/Startup_Code/__arm_start.o (exit)
D:/CW11.0/CW MCU v11.0/MCU/ARM_GCC_Support/ewl/lib/armv6-m\libc.a(memset.o)
                              ./Project_Settings/Startup_Code/__arm_start.o (memset)
D:/CW11.0/CW MCU v11.0/MCU/ARM_GCC_Support/ewl/lib/armv6-m\libc.a(__filll_mem.o)
                              D:/CW11.0/CW MCU v11.0/MCU/ARM_GCC_Support/ewl/lib/armv6-m\libc.a(memset.o) (__fill_mem)
d:/cw11.0/cw mcu v11.0/cross_tools/arm-none-eabi-gcc-4_7_3/bin/../lib/gcc/arm-none-eabi/4.7.3/armv6-m\libgcc.a(_udivsi3.o)
                              ./Sources/driver/eeprom/eeprom.o (__aeabi_uidiv)
d:/cw11.0/cw mcu v11.0/cross_tools/arm-none-eabi-gcc-4_7_3/bin/../lib/gcc/arm-none-eabi/4.7.3/armv6-m\libgcc.a(_divsi3.o)
                              ./Sources/LIN_Stack/transport/lin_commontl_proto.o (__aeabi_idiv)
d:/cw11.0/cw mcu v11.0/cross_tools/arm-none-eabi-gcc-4_7_3/bin/../lib/gcc/arm-none-eabi/4.7.3/armv6-m\libgcc.a(_dvmd_tls.o)
                              d:/cw11.0/cw mcu v11.0/cross_tools/arm-none-eabi-gcc-4_7_3/bin/../lib/gcc/arm-none-eabi/4.7.3/armv6-m\libgcc.a(_udivsi3.o) (__aeabi_idiv0)
d:/cw11.0/cw mcu v11.0/cross_tools/arm-none-eabi-gcc-4_7_3/bin/../lib/gcc/arm-none-eabi/4.7.3/armv6-m\libgcc.a(_fixunsdfsi.o)
                              ./Sources/LIN_Stack/bsp/UART/lin_isr.o (__aeabi_d2uiz)
d:/cw11.0/cw mcu v11.0/cross_tools/arm-none-eabi-gcc-4_7_3/bin/../lib/gcc/arm-none-eabi/4.7.3/armv6-m\libgcc.a(adddf3.o)
                              ./Sources/LIN_Stack/bsp/UART/lin_isr.o (__aeabi_dadd)
d:/cw11.0/cw mcu v11.0/cross_tools/arm-none-eabi-gcc-4_7_3/bin/../lib/gcc/arm-none-eabi/4.7.3/armv6-m\libgcc.a(subdf3.o)
                              d:/cw11.0/cw mcu v11.0/cross_tools/arm-none-eabi-gcc-4_7_3/bin/../lib/gcc/arm-none-eabi/4.7.3/armv6-m\libgcc.a(_fixunsdfsi.o) (__aeabi_dsub)
d:/cw11.0/cw mcu v11.0/cross_tools/arm-none-eabi-gcc-4_7_3/bin/../lib/gcc/arm-none-eabi/4.7.3/armv6-m\libgcc.a(fixdfsi.o)
                              d:/cw11.0/cw mcu v11.0/cross_tools/arm-none-eabi-gcc-4_7_3/bin/../lib/gcc/arm-none-eabi/4.7.3/armv6-m\libgcc.a(_fixunsdfsi.o) (__aeabi_d2iz)
d:/cw11.0/cw mcu v11.0/cross_tools/arm-none-eabi-gcc-4_7_3/bin/../lib/gcc/arm-none-eabi/4.7.3/armv6-m\libgcc.a(floatunsidf.o)
                              ./Sources/LIN_Stack/bsp/UART/lin_isr.o (__aeabi_ui2d)
d:/cw11.0/cw mcu v11.0/cross_tools/arm-none-eabi-gcc-4_7_3/bin/../lib/gcc/arm-none-eabi/4.7.3/armv6-m\libgcc.a(_arm_cmpdf2.o)
                              d:/cw11.0/cw mcu v11.0/cross_tools/arm-none-eabi-gcc-4_7_3/bin/../lib/gcc/arm-none-eabi/4.7.3/armv6-m\libgcc.a(_fixunsdfsi.o) (__aeabi_dcmpge)
d:/cw11.0/cw mcu v11.0/cross_tools/arm-none-eabi-gcc-4_7_3/bin/../lib/gcc/arm-none-eabi/4.7.3/armv6-m\libgcc.a(_clzsi2.o)
                              d:/cw11.0/cw mcu v11.0/cross_tools/arm-none-eabi-gcc-4_7_3/bin/../lib/gcc/arm-none-eabi/4.7.3/armv6-m\libgcc.a(adddf3.o) (__clzsi2)
d:/cw11.0/cw mcu v11.0/cross_tools/arm-none-eabi-gcc-4_7_3/bin/../lib/gcc/arm-none-eabi/4.7.3/armv6-m\libgcc.a(eqdf2.o)
                              d:/cw11.0/cw mcu v11.0/cross_tools/arm-none-eabi-gcc-4_7_3/bin/../lib/gcc/arm-none-eabi/4.7.3/armv6-m\libgcc.a(_arm_cmpdf2.o) (__eqdf2)
d:/cw11.0/cw mcu v11.0/cross_tools/arm-none-eabi-gcc-4_7_3/bin/../lib/gcc/arm-none-eabi/4.7.3/armv6-m\libgcc.a(gedf2.o)
                              d:/cw11.0/cw mcu v11.0/cross_tools/arm-none-eabi-gcc-4_7_3/bin/../lib/gcc/arm-none-eabi/4.7.3/armv6-m\libgcc.a(_arm_cmpdf2.o) (__gedf2)
d:/cw11.0/cw mcu v11.0/cross_tools/arm-none-eabi-gcc-4_7_3/bin/../lib/gcc/arm-none-eabi/4.7.3/armv6-m\libgcc.a(ledf2.o)
                              d:/cw11.0/cw mcu v11.0/cross_tools/arm-none-eabi-gcc-4_7_3/bin/../lib/gcc/arm-none-eabi/4.7.3/armv6-m\libgcc.a(_arm_cmpdf2.o) (__ledf2)
D:/CW11.0/CW MCU v11.0/MCU/ARM_GCC_Support/ewl/lib/armv6-m\librt.a(gcc_ctor_dtor.o)
                              ./Project_Settings/Startup_Code/__arm_start.o (__init_cpp)
D:/CW11.0/CW MCU v11.0/MCU/ARM_GCC_Support/ewl/lib/armv6-m\librt.a(__arm_eabi_init.o)
                              D:/CW11.0/CW MCU v11.0/MCU/ARM_GCC_Support/ewl/lib/armv6-m\libc.a(exit.o) (__destroy_global_chain)
D:/CW11.0/CW MCU v11.0/MCU/ARM_GCC_Support/ewl/lib/armv6-m\librt.a(ROMCopy.o)
                              ./Project_Settings/Startup_Code/__arm_start.o (__copy_rom_sections_to_ram)

Allocating common symbols
Common symbol       size              file

tl_rx_msg_status    0x1               ./Sources/lin_cfg/lin_cfg.o
tl_ld_error_code    0x1               ./Sources/lin_cfg/lin_cfg.o
diagnostic_Session  0x1               ./Sources/LIN_Stack/diagnostic/lin_diagnostic_service.o
updata_flash_ID     0x2               ./Sources/LIN_Stack/diagnostic/lin_diagnostic_service.o
tl_receive_msg_status
                    0x1               ./Sources/lin_cfg/lin_cfg.o
tl_check_timeout    0x2               ./Sources/lin_cfg/lin_cfg.o
tl_rx_queue_data    0x30              ./Sources/lin_cfg/lin_cfg.o
tl_frame_counter    0x1               ./Sources/lin_cfg/lin_cfg.o
tl_tx_queue_data    0x30              ./Sources/lin_cfg/lin_cfg.o
tl_tx_msg_size      0x2               ./Sources/lin_cfg/lin_cfg.o
tl_last_cfg_result  0x1               ./Sources/lin_cfg/lin_cfg.o
tl_tx_msg_status    0x1               ./Sources/lin_cfg/lin_cfg.o
tl_last_RSID        0x1               ./Sources/lin_cfg/lin_cfg.o
lin_successful_transfer
                    0x1               ./Sources/lin_cfg/lin_cfg.o
frame_signal_error  0x1               ./Sources/LIN_Stack/coreapi/lin_common_proto.o
updata_length       0x2               ./Sources/LIN_Stack/diagnostic/lin_diagnostic_service.o
tl_rx_msg_index     0x2               ./Sources/lin_cfg/lin_cfg.o
tl_no_of_pdu        0x1               ./Sources/lin_cfg/lin_cfg.o
lin_diag_signal_tbl
                    0x10              ./Sources/lin_cfg/lin_cfg.o
lin_goto_sleep_flg  0x1               ./Sources/lin_cfg/lin_cfg.o
diagnostic_Session_flg
                    0x1               ./Sources/LIN_Stack/diagnostic/lin_diagnostic_service.o
tl_rx_msg_size      0x2               ./Sources/lin_cfg/lin_cfg.o
lin_word_status     0x2               ./Sources/lin_cfg/lin_cfg.o
tl_tx_msg_index     0x2               ./Sources/lin_cfg/lin_cfg.o
pJumpTo             0x4               ./Sources/main.o
tl_check_timeout_type
                    0x1               ./Sources/lin_cfg/lin_cfg.o
diagnostic_Session_timer
                    0x2               ./Sources/LIN_Stack/diagnostic/lin_diagnostic_service.o
frame_index         0x1               ./Sources/LIN_Stack/coreapi/lin_common_proto.o
lin_current_pid     0x1               ./Sources/lin_cfg/lin_cfg.o
tl_ident_data       0x4               ./Sources/lin_cfg/lin_cfg.o
lin_error_in_response
                    0x1               ./Sources/lin_cfg/lin_cfg.o
lin_lld_response_buffer
                    0xa               ./Sources/lin_cfg/lin_cfg.o
diagnostic_Session_pre
                    0x1               ./Sources/LIN_Stack/diagnostic/lin_diagnostic_service.o

Discarded input sections

 .text          0x00000000        0x0 ./Project_Settings/Startup_Code/kinetis_sysinit.o
 .data          0x00000000        0x0 ./Project_Settings/Startup_Code/kinetis_sysinit.o
 .bss           0x00000000        0x0 ./Project_Settings/Startup_Code/kinetis_sysinit.o
 .text          0x00000000        0x0 ./Project_Settings/Startup_Code/__arm_start.o
 .data          0x00000000        0x0 ./Project_Settings/Startup_Code/__arm_start.o
 .bss           0x00000000        0x0 ./Project_Settings/Startup_Code/__arm_start.o
 .text.__iar_program_start
                0x00000000        0x4 ./Project_Settings/Startup_Code/__arm_start.o
 .text          0x00000000        0x0 ./Project_Settings/Startup_Code/__arm_end.o
 .data          0x00000000        0x0 ./Project_Settings/Startup_Code/__arm_end.o
 .bss           0x00000000        0x0 ./Project_Settings/Startup_Code/__arm_end.o
 .text          0x00000000        0x0 ./Sources/LIN_Stack/bsp/UART/lin_lld_uart.o
 .data          0x00000000        0x0 ./Sources/LIN_Stack/bsp/UART/lin_lld_uart.o
 .bss           0x00000000        0x0 ./Sources/LIN_Stack/bsp/UART/lin_lld_uart.o
 .text.lin_lld_uart_deinit
                0x00000000       0x18 ./Sources/LIN_Stack/bsp/UART/lin_lld_uart.o
 .text.lin_lld_uart_tx_wake_up
                0x00000000       0x3c ./Sources/LIN_Stack/bsp/UART/lin_lld_uart.o
 .text.lin_lld_uart_int_enable
                0x00000000       0x40 ./Sources/LIN_Stack/bsp/UART/lin_lld_uart.o
 .text.lin_lld_uart_int_disable
                0x00000000       0x4c ./Sources/LIN_Stack/bsp/UART/lin_lld_uart.o
 .text.lin_lld_uart_get_status
                0x00000000       0x14 ./Sources/LIN_Stack/bsp/UART/lin_lld_uart.o
 .text.lin_lld_uart_get_state
                0x00000000       0x14 ./Sources/LIN_Stack/bsp/UART/lin_lld_uart.o
 .text          0x00000000        0x0 ./Sources/LIN_Stack/bsp/UART/lin_lld_timesrv.o
 .data          0x00000000        0x0 ./Sources/LIN_Stack/bsp/UART/lin_lld_timesrv.o
 .bss           0x00000000        0x0 ./Sources/LIN_Stack/bsp/UART/lin_lld_timesrv.o
 .text          0x00000000        0x0 ./Sources/LIN_Stack/bsp/UART/lin_isr.o
 .data          0x00000000        0x0 ./Sources/LIN_Stack/bsp/UART/lin_isr.o
 .bss           0x00000000        0x0 ./Sources/LIN_Stack/bsp/UART/lin_isr.o
 .text          0x00000000        0x0 ./Sources/LIN_Stack/coreapi/lin_lin21_proto.o
 .data          0x00000000        0x0 ./Sources/LIN_Stack/coreapi/lin_lin21_proto.o
 .bss           0x00000000        0x0 ./Sources/LIN_Stack/coreapi/lin_lin21_proto.o
 .text          0x00000000        0x0 ./Sources/LIN_Stack/coreapi/lin_lin21_api.o
 .data          0x00000000        0x0 ./Sources/LIN_Stack/coreapi/lin_lin21_api.o
 .bss           0x00000000        0x0 ./Sources/LIN_Stack/coreapi/lin_lin21_api.o
 .debug_info    0x00000000       0x68 ./Sources/LIN_Stack/coreapi/lin_lin21_api.o
 .debug_abbrev  0x00000000       0x28 ./Sources/LIN_Stack/coreapi/lin_lin21_api.o
 .debug_aranges
                0x00000000       0x18 ./Sources/LIN_Stack/coreapi/lin_lin21_api.o
 .debug_macinfo
                0x00000000    0x23453 ./Sources/LIN_Stack/coreapi/lin_lin21_api.o
 .debug_line    0x00000000      0x2fa ./Sources/LIN_Stack/coreapi/lin_lin21_api.o
 .debug_str     0x00000000      0x12a ./Sources/LIN_Stack/coreapi/lin_lin21_api.o
 .comment       0x00000000       0x7a ./Sources/LIN_Stack/coreapi/lin_lin21_api.o
 .ARM.attributes
                0x00000000       0x31 ./Sources/LIN_Stack/coreapi/lin_lin21_api.o
 .text          0x00000000        0x0 ./Sources/LIN_Stack/coreapi/lin_common_proto.o
 .data          0x00000000        0x0 ./Sources/LIN_Stack/coreapi/lin_common_proto.o
 .bss           0x00000000        0x0 ./Sources/LIN_Stack/coreapi/lin_common_proto.o
 .text          0x00000000        0x0 ./Sources/LIN_Stack/coreapi/lin_common_api.o
 .data          0x00000000        0x0 ./Sources/LIN_Stack/coreapi/lin_common_api.o
 .bss           0x00000000        0x0 ./Sources/LIN_Stack/coreapi/lin_common_api.o
 .text.l_ifc_goto_sleep
                0x00000000       0x14 ./Sources/LIN_Stack/coreapi/lin_common_api.o
 .text.l_ifc_wake_up
                0x00000000       0x18 ./Sources/LIN_Stack/coreapi/lin_common_api.o
 .text.l_ifc_rx
                0x00000000       0x14 ./Sources/LIN_Stack/coreapi/lin_common_api.o
 .text.l_ifc_tx
                0x00000000       0x14 ./Sources/LIN_Stack/coreapi/lin_common_api.o
 .text.l_ifc_aux
                0x00000000       0x14 ./Sources/LIN_Stack/coreapi/lin_common_api.o
 .text.l_ifc_read_status
                0x00000000       0x38 ./Sources/LIN_Stack/coreapi/lin_common_api.o
 .text.l_sys_irq_disable
                0x00000000       0x1c ./Sources/LIN_Stack/coreapi/lin_common_api.o
 .text.l_sys_irq_restore
                0x00000000       0x18 ./Sources/LIN_Stack/coreapi/lin_common_api.o
 .bss.tmp_word_status.5054
                0x00000000        0x2 ./Sources/LIN_Stack/coreapi/lin_common_api.o
 .text          0x00000000        0x0 ./Sources/LIN_Stack/diagnostic/lin_diagnostic_service.o
 .data          0x00000000        0x0 ./Sources/LIN_Stack/diagnostic/lin_diagnostic_service.o
 .bss           0x00000000        0x0 ./Sources/LIN_Stack/diagnostic/lin_diagnostic_service.o
 .text.lin_diagservice_session_state
                0x00000000       0x58 ./Sources/LIN_Stack/diagnostic/lin_diagnostic_service.o
 .text.lin_diagservice_write_data_by_identifier
                0x00000000       0x64 ./Sources/LIN_Stack/diagnostic/lin_diagnostic_service.o
 .text          0x00000000        0x0 ./Sources/LIN_Stack/lowlevel/lin.o
 .data          0x00000000        0x0 ./Sources/LIN_Stack/lowlevel/lin.o
 .bss           0x00000000        0x0 ./Sources/LIN_Stack/lowlevel/lin.o
 .bss.etf_collision_flag
                0x00000000        0x1 ./Sources/LIN_Stack/lowlevel/lin.o
 .text.lin_lld_deinit
                0x00000000       0x10 ./Sources/LIN_Stack/lowlevel/lin.o
 .text.lin_lld_get_status
                0x00000000       0x1c ./Sources/LIN_Stack/lowlevel/lin.o
 .text.lin_lld_get_state
                0x00000000       0x24 ./Sources/LIN_Stack/lowlevel/lin.o
 .text.lin_lld_tx_wake_up
                0x00000000       0x10 ./Sources/LIN_Stack/lowlevel/lin.o
 .text.lin_lld_int_enable
                0x00000000       0x10 ./Sources/LIN_Stack/lowlevel/lin.o
 .text.lin_lld_int_disable
                0x00000000       0x10 ./Sources/LIN_Stack/lowlevel/lin.o
 .text.lin_lld_mcu_reset
                0x00000000        0x8 ./Sources/LIN_Stack/lowlevel/lin.o
 .text.lin_lld_set_etf_collision_flag
                0x00000000       0x14 ./Sources/LIN_Stack/lowlevel/lin.o
 .text.lin_lld_clear_etf_collision_flag
                0x00000000       0x14 ./Sources/LIN_Stack/lowlevel/lin.o
 .text          0x00000000        0x0 ./Sources/LIN_Stack/transport/lin_lin21tl_api.o
 .data          0x00000000        0x0 ./Sources/LIN_Stack/transport/lin_lin21tl_api.o
 .bss           0x00000000        0x0 ./Sources/LIN_Stack/transport/lin_lin21tl_api.o
 .text.diag_get_flag
                0x00000000       0x2c ./Sources/LIN_Stack/transport/lin_lin21tl_api.o
 .text.diag_clear_flag
                0x00000000       0x28 ./Sources/LIN_Stack/transport/lin_lin21tl_api.o
 .debug_info    0x00000000       0xe5 ./Sources/LIN_Stack/transport/lin_lin21tl_api.o
 .debug_abbrev  0x00000000       0x97 ./Sources/LIN_Stack/transport/lin_lin21tl_api.o
 .debug_loc     0x00000000       0x70 ./Sources/LIN_Stack/transport/lin_lin21tl_api.o
 .debug_aranges
                0x00000000       0x28 ./Sources/LIN_Stack/transport/lin_lin21tl_api.o
 .debug_macinfo
                0x00000000    0x23455 ./Sources/LIN_Stack/transport/lin_lin21tl_api.o
 .debug_line    0x00000000      0x325 ./Sources/LIN_Stack/transport/lin_lin21tl_api.o
 .debug_str     0x00000000      0x173 ./Sources/LIN_Stack/transport/lin_lin21tl_api.o
 .comment       0x00000000       0x7a ./Sources/LIN_Stack/transport/lin_lin21tl_api.o
 .ARM.attributes
                0x00000000       0x31 ./Sources/LIN_Stack/transport/lin_lin21tl_api.o
 .debug_frame   0x00000000       0x50 ./Sources/LIN_Stack/transport/lin_lin21tl_api.o
 .text          0x00000000        0x0 ./Sources/LIN_Stack/transport/lin_commontl_proto.o
 .data          0x00000000        0x0 ./Sources/LIN_Stack/transport/lin_commontl_proto.o
 .bss           0x00000000        0x0 ./Sources/LIN_Stack/transport/lin_commontl_proto.o
 .text          0x00000000        0x0 ./Sources/LIN_Stack/transport/lin_commontl_api.o
 .data          0x00000000        0x0 ./Sources/LIN_Stack/transport/lin_commontl_api.o
 .bss           0x00000000        0x0 ./Sources/LIN_Stack/transport/lin_commontl_api.o
 .text.ld_init  0x00000000       0xec ./Sources/LIN_Stack/transport/lin_commontl_api.o
 .text.ld_put_raw
                0x00000000       0x20 ./Sources/LIN_Stack/transport/lin_commontl_api.o
 .text.ld_raw_tx_status
                0x00000000       0x14 ./Sources/LIN_Stack/transport/lin_commontl_api.o
 .text.ld_raw_rx_status
                0x00000000       0x14 ./Sources/LIN_Stack/transport/lin_commontl_api.o
 .text.ld_send_message
                0x00000000      0x3a8 ./Sources/LIN_Stack/transport/lin_commontl_api.o
 .text.ld_tx_status
                0x00000000       0x14 ./Sources/LIN_Stack/transport/lin_commontl_api.o
 .text.ld_rx_status
                0x00000000       0x14 ./Sources/LIN_Stack/transport/lin_commontl_api.o
 .text.ld_read_configuration
                0x00000000       0xa4 ./Sources/LIN_Stack/transport/lin_commontl_api.o
 .text.ld_set_configuration
                0x00000000       0x9c ./Sources/LIN_Stack/transport/lin_commontl_api.o
 .text          0x00000000        0x0 ./Sources/driver/clock/clock.o
 .data          0x00000000        0x0 ./Sources/driver/clock/clock.o
 .bss           0x00000000        0x0 ./Sources/driver/clock/clock.o
 .text          0x00000000        0x0 ./Sources/driver/eeprom/eeprom.o
 .data          0x00000000        0x0 ./Sources/driver/eeprom/eeprom.o
 .bss           0x00000000        0x0 ./Sources/driver/eeprom/eeprom.o
 .text.FLASH_EraseSector
                0x00000000      0x100 ./Sources/driver/eeprom/eeprom.o
 .text.EEPROM_EraseSector
                0x00000000       0xbc ./Sources/driver/eeprom/eeprom.o
 .text.EEPROM_ProgramWord
                0x00000000       0xdc ./Sources/driver/eeprom/eeprom.o
 .text.write_data_from_EEPROM
                0x00000000      0x310 ./Sources/driver/eeprom/eeprom.o
 .text.read_data_from_EEPROM
                0x00000000      0x108 ./Sources/driver/eeprom/eeprom.o
 .text          0x00000000        0x0 ./Sources/driver/ftm/ftm.o
 .data          0x00000000        0x0 ./Sources/driver/ftm/ftm.o
 .bss           0x00000000        0x0 ./Sources/driver/ftm/ftm.o
 .bss.G_20ms_counter
                0x00000000        0x1 ./Sources/driver/ftm/ftm.o
 .bss.G_20msFlag
                0x00000000        0x1 ./Sources/driver/ftm/ftm.o
 .text.FTM0_Init
                0x00000000       0x80 ./Sources/driver/ftm/ftm.o
 .text          0x00000000        0x0 ./Sources/driver/gpio/gpio.o
 .data          0x00000000        0x0 ./Sources/driver/gpio/gpio.o
 .bss           0x00000000        0x0 ./Sources/driver/gpio/gpio.o
 .text          0x00000000        0x0 ./Sources/lin_cfg/lin_cfg.o
 .data          0x00000000        0x0 ./Sources/lin_cfg/lin_cfg.o
 .bss           0x00000000        0x0 ./Sources/lin_cfg/lin_cfg.o
 .rodata.lin_virtual_ifc
                0x00000000        0x1 ./Sources/lin_cfg/lin_cfg.o
 .rodata.lin_configuration_ROM
                0x00000000       0x10 ./Sources/lin_cfg/lin_cfg.o
 .rodata.product_id
                0x00000000        0x8 ./Sources/lin_cfg/lin_cfg.o
 .rodata.product_serial_num
                0x00000000        0x4 ./Sources/lin_cfg/lin_cfg.o
 .text.ld_read_by_id_callout
                0x00000000       0x78 ./Sources/lin_cfg/lin_cfg.o
 .text          0x00000000        0x0 ./Sources/main.o
 .data          0x00000000        0x0 ./Sources/main.o
 .bss           0x00000000        0x0 ./Sources/main.o
 .data.pNewAppEntry
                0x00000000        0x4 ./Sources/main.o
 .text.FLASH_Erase_APPSector
                0x00000000       0x50 ./Sources/main.o
 .bss.u8DataBuff
                0x00000000      0x200 ./Sources/main.o
 .bss.u8DataBuff_read
                0x00000000      0x200 ./Sources/main.o
 .data.APP_check_value
                0x00000000        0x4 ./Sources/main.o
 .text.boot_APP_check
                0x00000000       0x6c ./Sources/main.o
 .text.boot_up_check
                0x00000000       0x2c ./Sources/main.o
 .text.boot_up_close
                0x00000000       0x2c ./Sources/main.o
 .text.boot_jump_to_APP
                0x00000000       0x20 ./Sources/main.o
 COMMON         0x00000000        0x4 ./Sources/main.o
 .text          0x00000000        0x0 D:/CW11.0/CW MCU v11.0/MCU/ARM_GCC_Support/ewl/lib/armv6-m\libc.a(exit.o)
 .data          0x00000000        0x0 D:/CW11.0/CW MCU v11.0/MCU/ARM_GCC_Support/ewl/lib/armv6-m\libc.a(exit.o)
 .bss           0x00000000        0x0 D:/CW11.0/CW MCU v11.0/MCU/ARM_GCC_Support/ewl/lib/armv6-m\libc.a(exit.o)
 .text          0x00000000        0x0 D:/CW11.0/CW MCU v11.0/MCU/ARM_GCC_Support/ewl/lib/armv6-m\libc.a(memset.o)
 .data          0x00000000        0x0 D:/CW11.0/CW MCU v11.0/MCU/ARM_GCC_Support/ewl/lib/armv6-m\libc.a(memset.o)
 .bss           0x00000000        0x0 D:/CW11.0/CW MCU v11.0/MCU/ARM_GCC_Support/ewl/lib/armv6-m\libc.a(memset.o)
 .text          0x00000000        0x0 D:/CW11.0/CW MCU v11.0/MCU/ARM_GCC_Support/ewl/lib/armv6-m\libc.a(__filll_mem.o)
 .data          0x00000000        0x0 D:/CW11.0/CW MCU v11.0/MCU/ARM_GCC_Support/ewl/lib/armv6-m\libc.a(__filll_mem.o)
 .bss           0x00000000        0x0 D:/CW11.0/CW MCU v11.0/MCU/ARM_GCC_Support/ewl/lib/armv6-m\libc.a(__filll_mem.o)
 .data          0x00000000        0x0 d:/cw11.0/cw mcu v11.0/cross_tools/arm-none-eabi-gcc-4_7_3/bin/../lib/gcc/arm-none-eabi/4.7.3/armv6-m\libgcc.a(_udivsi3.o)
 .bss           0x00000000        0x0 d:/cw11.0/cw mcu v11.0/cross_tools/arm-none-eabi-gcc-4_7_3/bin/../lib/gcc/arm-none-eabi/4.7.3/armv6-m\libgcc.a(_udivsi3.o)
 .data          0x00000000        0x0 d:/cw11.0/cw mcu v11.0/cross_tools/arm-none-eabi-gcc-4_7_3/bin/../lib/gcc/arm-none-eabi/4.7.3/armv6-m\libgcc.a(_divsi3.o)
 .bss           0x00000000        0x0 d:/cw11.0/cw mcu v11.0/cross_tools/arm-none-eabi-gcc-4_7_3/bin/../lib/gcc/arm-none-eabi/4.7.3/armv6-m\libgcc.a(_divsi3.o)
 .data          0x00000000        0x0 d:/cw11.0/cw mcu v11.0/cross_tools/arm-none-eabi-gcc-4_7_3/bin/../lib/gcc/arm-none-eabi/4.7.3/armv6-m\libgcc.a(_dvmd_tls.o)
 .bss           0x00000000        0x0 d:/cw11.0/cw mcu v11.0/cross_tools/arm-none-eabi-gcc-4_7_3/bin/../lib/gcc/arm-none-eabi/4.7.3/armv6-m\libgcc.a(_dvmd_tls.o)
 .data          0x00000000        0x0 d:/cw11.0/cw mcu v11.0/cross_tools/arm-none-eabi-gcc-4_7_3/bin/../lib/gcc/arm-none-eabi/4.7.3/armv6-m\libgcc.a(_fixunsdfsi.o)
 .bss           0x00000000        0x0 d:/cw11.0/cw mcu v11.0/cross_tools/arm-none-eabi-gcc-4_7_3/bin/../lib/gcc/arm-none-eabi/4.7.3/armv6-m\libgcc.a(_fixunsdfsi.o)
 .data          0x00000000        0x0 d:/cw11.0/cw mcu v11.0/cross_tools/arm-none-eabi-gcc-4_7_3/bin/../lib/gcc/arm-none-eabi/4.7.3/armv6-m\libgcc.a(adddf3.o)
 .bss           0x00000000        0x0 d:/cw11.0/cw mcu v11.0/cross_tools/arm-none-eabi-gcc-4_7_3/bin/../lib/gcc/arm-none-eabi/4.7.3/armv6-m\libgcc.a(adddf3.o)
 .data          0x00000000        0x0 d:/cw11.0/cw mcu v11.0/cross_tools/arm-none-eabi-gcc-4_7_3/bin/../lib/gcc/arm-none-eabi/4.7.3/armv6-m\libgcc.a(subdf3.o)
 .bss           0x00000000        0x0 d:/cw11.0/cw mcu v11.0/cross_tools/arm-none-eabi-gcc-4_7_3/bin/../lib/gcc/arm-none-eabi/4.7.3/armv6-m\libgcc.a(subdf3.o)
 .data          0x00000000        0x0 d:/cw11.0/cw mcu v11.0/cross_tools/arm-none-eabi-gcc-4_7_3/bin/../lib/gcc/arm-none-eabi/4.7.3/armv6-m\libgcc.a(fixdfsi.o)
 .bss           0x00000000        0x0 d:/cw11.0/cw mcu v11.0/cross_tools/arm-none-eabi-gcc-4_7_3/bin/../lib/gcc/arm-none-eabi/4.7.3/armv6-m\libgcc.a(fixdfsi.o)
 .data          0x00000000        0x0 d:/cw11.0/cw mcu v11.0/cross_tools/arm-none-eabi-gcc-4_7_3/bin/../lib/gcc/arm-none-eabi/4.7.3/armv6-m\libgcc.a(floatunsidf.o)
 .bss           0x00000000        0x0 d:/cw11.0/cw mcu v11.0/cross_tools/arm-none-eabi-gcc-4_7_3/bin/../lib/gcc/arm-none-eabi/4.7.3/armv6-m\libgcc.a(floatunsidf.o)
 .data          0x00000000        0x0 d:/cw11.0/cw mcu v11.0/cross_tools/arm-none-eabi-gcc-4_7_3/bin/../lib/gcc/arm-none-eabi/4.7.3/armv6-m\libgcc.a(_arm_cmpdf2.o)
 .bss           0x00000000        0x0 d:/cw11.0/cw mcu v11.0/cross_tools/arm-none-eabi-gcc-4_7_3/bin/../lib/gcc/arm-none-eabi/4.7.3/armv6-m\libgcc.a(_arm_cmpdf2.o)
 .data          0x00000000        0x0 d:/cw11.0/cw mcu v11.0/cross_tools/arm-none-eabi-gcc-4_7_3/bin/../lib/gcc/arm-none-eabi/4.7.3/armv6-m\libgcc.a(_clzsi2.o)
 .bss           0x00000000        0x0 d:/cw11.0/cw mcu v11.0/cross_tools/arm-none-eabi-gcc-4_7_3/bin/../lib/gcc/arm-none-eabi/4.7.3/armv6-m\libgcc.a(_clzsi2.o)
 .data          0x00000000        0x0 d:/cw11.0/cw mcu v11.0/cross_tools/arm-none-eabi-gcc-4_7_3/bin/../lib/gcc/arm-none-eabi/4.7.3/armv6-m\libgcc.a(eqdf2.o)
 .bss           0x00000000        0x0 d:/cw11.0/cw mcu v11.0/cross_tools/arm-none-eabi-gcc-4_7_3/bin/../lib/gcc/arm-none-eabi/4.7.3/armv6-m\libgcc.a(eqdf2.o)
 .data          0x00000000        0x0 d:/cw11.0/cw mcu v11.0/cross_tools/arm-none-eabi-gcc-4_7_3/bin/../lib/gcc/arm-none-eabi/4.7.3/armv6-m\libgcc.a(gedf2.o)
 .bss           0x00000000        0x0 d:/cw11.0/cw mcu v11.0/cross_tools/arm-none-eabi-gcc-4_7_3/bin/../lib/gcc/arm-none-eabi/4.7.3/armv6-m\libgcc.a(gedf2.o)
 .data          0x00000000        0x0 d:/cw11.0/cw mcu v11.0/cross_tools/arm-none-eabi-gcc-4_7_3/bin/../lib/gcc/arm-none-eabi/4.7.3/armv6-m\libgcc.a(ledf2.o)
 .bss           0x00000000        0x0 d:/cw11.0/cw mcu v11.0/cross_tools/arm-none-eabi-gcc-4_7_3/bin/../lib/gcc/arm-none-eabi/4.7.3/armv6-m\libgcc.a(ledf2.o)
 .text          0x00000000        0x0 D:/CW11.0/CW MCU v11.0/MCU/ARM_GCC_Support/ewl/lib/armv6-m\librt.a(gcc_ctor_dtor.o)
 .data          0x00000000        0x0 D:/CW11.0/CW MCU v11.0/MCU/ARM_GCC_Support/ewl/lib/armv6-m\librt.a(gcc_ctor_dtor.o)
 .bss           0x00000000        0x0 D:/CW11.0/CW MCU v11.0/MCU/ARM_GCC_Support/ewl/lib/armv6-m\librt.a(gcc_ctor_dtor.o)
 .bss.__dso_handle
                0x00000000        0x4 D:/CW11.0/CW MCU v11.0/MCU/ARM_GCC_Support/ewl/lib/armv6-m\librt.a(gcc_ctor_dtor.o)
 .text          0x00000000        0x0 D:/CW11.0/CW MCU v11.0/MCU/ARM_GCC_Support/ewl/lib/armv6-m\librt.a(__arm_eabi_init.o)
 .data          0x00000000        0x0 D:/CW11.0/CW MCU v11.0/MCU/ARM_GCC_Support/ewl/lib/armv6-m\librt.a(__arm_eabi_init.o)
 .bss           0x00000000        0x0 D:/CW11.0/CW MCU v11.0/MCU/ARM_GCC_Support/ewl/lib/armv6-m\librt.a(__arm_eabi_init.o)
 .text.__register_global_object
                0x00000000       0x14 D:/CW11.0/CW MCU v11.0/MCU/ARM_GCC_Support/ewl/lib/armv6-m\librt.a(__arm_eabi_init.o)
 .text.__cxa_atexit
                0x00000000       0x38 D:/CW11.0/CW MCU v11.0/MCU/ARM_GCC_Support/ewl/lib/armv6-m\librt.a(__arm_eabi_init.o)
 .text.__aeabi_atexit
                0x00000000        0xe D:/CW11.0/CW MCU v11.0/MCU/ARM_GCC_Support/ewl/lib/armv6-m\librt.a(__arm_eabi_init.o)
 .text.__register_atexit
                0x00000000        0xc D:/CW11.0/CW MCU v11.0/MCU/ARM_GCC_Support/ewl/lib/armv6-m\librt.a(__arm_eabi_init.o)
 .text.__init_hardware
                0x00000000        0x4 D:/CW11.0/CW MCU v11.0/MCU/ARM_GCC_Support/ewl/lib/armv6-m\librt.a(__arm_eabi_init.o)
 .bss.atexit_curr_func
                0x00000000        0x4 D:/CW11.0/CW MCU v11.0/MCU/ARM_GCC_Support/ewl/lib/armv6-m\librt.a(__arm_eabi_init.o)
 .bss.atexit_funcs
                0x00000000      0x300 D:/CW11.0/CW MCU v11.0/MCU/ARM_GCC_Support/ewl/lib/armv6-m\librt.a(__arm_eabi_init.o)
 .text          0x00000000        0x0 D:/CW11.0/CW MCU v11.0/MCU/ARM_GCC_Support/ewl/lib/armv6-m\librt.a(ROMCopy.o)
 .data          0x00000000        0x0 D:/CW11.0/CW MCU v11.0/MCU/ARM_GCC_Support/ewl/lib/armv6-m\librt.a(ROMCopy.o)
 .bss           0x00000000        0x0 D:/CW11.0/CW MCU v11.0/MCU/ARM_GCC_Support/ewl/lib/armv6-m\librt.a(ROMCopy.o)
 .text.__flush_cache
                0x00000000        0x2 D:/CW11.0/CW MCU v11.0/MCU/ARM_GCC_Support/ewl/lib/armv6-m\librt.a(ROMCopy.o)

Memory Configuration

Name             Origin             Length             Attributes
m_interrupts     0x00000000         0x000000c0         xr
m_cfmprotrom     0x00000400         0x00000010         xr
m_text           0x00000800         0x0000f800         xr
m_data           0x1ffffc00         0x00001000         xrw
*default*        0x00000000         0xffffffff

Linker script and memory map

LOAD ./Project_Settings/Startup_Code/kinetis_sysinit.o
LOAD ./Project_Settings/Startup_Code/__arm_start.o
LOAD ./Project_Settings/Startup_Code/__arm_end.o
LOAD ./Sources/LIN_Stack/bsp/UART/lin_lld_uart.o
LOAD ./Sources/LIN_Stack/bsp/UART/lin_lld_timesrv.o
LOAD ./Sources/LIN_Stack/bsp/UART/lin_isr.o
LOAD ./Sources/LIN_Stack/coreapi/lin_lin21_proto.o
LOAD ./Sources/LIN_Stack/coreapi/lin_lin21_api.o
LOAD ./Sources/LIN_Stack/coreapi/lin_common_proto.o
LOAD ./Sources/LIN_Stack/coreapi/lin_common_api.o
LOAD ./Sources/LIN_Stack/diagnostic/lin_diagnostic_service.o
LOAD ./Sources/LIN_Stack/lowlevel/lin.o
LOAD ./Sources/LIN_Stack/transport/lin_lin21tl_api.o
LOAD ./Sources/LIN_Stack/transport/lin_commontl_proto.o
LOAD ./Sources/LIN_Stack/transport/lin_commontl_api.o
LOAD ./Sources/driver/clock/clock.o
LOAD ./Sources/driver/eeprom/eeprom.o
LOAD ./Sources/driver/ftm/ftm.o
LOAD ./Sources/driver/gpio/gpio.o
LOAD ./Sources/lin_cfg/lin_cfg.o
LOAD ./Sources/main.o
START GROUP
LOAD D:/CW11.0/CW MCU v11.0/MCU/ARM_GCC_Support/ewl/lib/armv6-m\libc.a
LOAD D:/CW11.0/CW MCU v11.0/MCU/ARM_GCC_Support/ewl/lib/armv6-m\libm.a
LOAD d:/cw11.0/cw mcu v11.0/cross_tools/arm-none-eabi-gcc-4_7_3/bin/../lib/gcc/arm-none-eabi/4.7.3/armv6-m\libgcc.a
LOAD D:/CW11.0/CW MCU v11.0/MCU/ARM_GCC_Support/ewl/lib/armv6-m\librt.a
END GROUP
                0x20000c00                _estack = 0x20000c00
                0x20000c00                __SP_INIT = _estack
                0x00000100                __heap_size = 0x100
                0x00000100                __stack_size = 0x100

.interrupts     0x00000000       0xc0
                0x00000000                __vector_table = .
                0x00000000                . = ALIGN (0x4)
 *(.vectortable)
 .vectortable   0x00000000       0xc0 ./Project_Settings/Startup_Code/kinetis_sysinit.o
                0x00000000                InterruptVector
                0x000000c0                . = ALIGN (0x4)

.cfmprotect     0x00000400        0x0
                0x00000400                . = ALIGN (0x4)
 *(.cfmconfig)
                0x00000400                . = ALIGN (0x4)

.text           0x00000800     0x4144
                0x00000800                . = ALIGN (0x4)
 *(.text)
 .text          0x00000800       0x9c d:/cw11.0/cw mcu v11.0/cross_tools/arm-none-eabi-gcc-4_7_3/bin/../lib/gcc/arm-none-eabi/4.7.3/armv6-m\libgcc.a(_udivsi3.o)
                0x00000800                __aeabi_uidiv
                0x00000800                __udivsi3
                0x00000888                __aeabi_uidivmod
 .text          0x0000089c       0xc0 d:/cw11.0/cw mcu v11.0/cross_tools/arm-none-eabi-gcc-4_7_3/bin/../lib/gcc/arm-none-eabi/4.7.3/armv6-m\libgcc.a(_divsi3.o)
                0x0000089c                __divsi3
                0x0000089c                __aeabi_idiv
                0x00000948                __aeabi_idivmod
 .text          0x0000095c        0x4 d:/cw11.0/cw mcu v11.0/cross_tools/arm-none-eabi-gcc-4_7_3/bin/../lib/gcc/arm-none-eabi/4.7.3/armv6-m\libgcc.a(_dvmd_tls.o)
                0x0000095c                __aeabi_idiv0
                0x0000095c                __aeabi_ldiv0
 .text          0x00000960       0x40 d:/cw11.0/cw mcu v11.0/cross_tools/arm-none-eabi-gcc-4_7_3/bin/../lib/gcc/arm-none-eabi/4.7.3/armv6-m\libgcc.a(_fixunsdfsi.o)
                0x00000960                __aeabi_d2uiz
                0x00000960                __fixunsdfsi
 .text          0x000009a0      0x758 d:/cw11.0/cw mcu v11.0/cross_tools/arm-none-eabi-gcc-4_7_3/bin/../lib/gcc/arm-none-eabi/4.7.3/armv6-m\libgcc.a(adddf3.o)
                0x000009a0                __aeabi_dadd
 .text          0x000010f8      0x6f8 d:/cw11.0/cw mcu v11.0/cross_tools/arm-none-eabi-gcc-4_7_3/bin/../lib/gcc/arm-none-eabi/4.7.3/armv6-m\libgcc.a(subdf3.o)
                0x000010f8                __aeabi_dsub
 .text          0x000017f0       0x68 d:/cw11.0/cw mcu v11.0/cross_tools/arm-none-eabi-gcc-4_7_3/bin/../lib/gcc/arm-none-eabi/4.7.3/armv6-m\libgcc.a(fixdfsi.o)
                0x000017f0                __aeabi_d2iz
 .text          0x00001858       0x64 d:/cw11.0/cw mcu v11.0/cross_tools/arm-none-eabi-gcc-4_7_3/bin/../lib/gcc/arm-none-eabi/4.7.3/armv6-m\libgcc.a(floatunsidf.o)
                0x00001858                __aeabi_ui2d
 .text          0x000018bc       0x7c d:/cw11.0/cw mcu v11.0/cross_tools/arm-none-eabi-gcc-4_7_3/bin/../lib/gcc/arm-none-eabi/4.7.3/armv6-m\libgcc.a(_arm_cmpdf2.o)
                0x000018bc                __aeabi_cdrcmple
                0x000018cc                __aeabi_cdcmple
                0x000018cc                __aeabi_cdcmpeq
                0x000018dc                __aeabi_dcmpeq
                0x000018e8                __aeabi_dcmplt
                0x000018fc                __aeabi_dcmple
                0x00001910                __aeabi_dcmpgt
                0x00001924                __aeabi_dcmpge
 .text          0x00001938       0x3c d:/cw11.0/cw mcu v11.0/cross_tools/arm-none-eabi-gcc-4_7_3/bin/../lib/gcc/arm-none-eabi/4.7.3/armv6-m\libgcc.a(_clzsi2.o)
                0x00001938                __clzsi2
 .text          0x00001974       0x7c d:/cw11.0/cw mcu v11.0/cross_tools/arm-none-eabi-gcc-4_7_3/bin/../lib/gcc/arm-none-eabi/4.7.3/armv6-m\libgcc.a(eqdf2.o)
                0x00001974                __nedf2
                0x00001974                __eqdf2
 .text          0x000019f0       0xe8 d:/cw11.0/cw mcu v11.0/cross_tools/arm-none-eabi-gcc-4_7_3/bin/../lib/gcc/arm-none-eabi/4.7.3/armv6-m\libgcc.a(gedf2.o)
                0x000019f0                __gedf2
                0x000019f0                __gtdf2
 .text          0x00001ad8       0xd8 d:/cw11.0/cw mcu v11.0/cross_tools/arm-none-eabi-gcc-4_7_3/bin/../lib/gcc/arm-none-eabi/4.7.3/armv6-m\libgcc.a(ledf2.o)
                0x00001ad8                __ledf2
                0x00001ad8                __ltdf2
 *(.text*)
 .text.Default_Handler
                0x00001bb0        0xc ./Project_Settings/Startup_Code/kinetis_sysinit.o
                0x00001bb0                I2C0_IRQHandler
                0x00001bb0                HardFault_Handler
                0x00001bb0                SysTick_Handler
                0x00001bb0                PendSV_Handler
                0x00001bb0                NMI_Handler
                0x00001bb0                ADC0_IRQHandler
                0x00001bb0                WDG_IRQHandler
                0x00001bb0                SPI1_IRQHandler
                0x00001bb0                UART2_SCI2_IRQHandler
                0x00001bb0                RTC_IRQHandler
                0x00001bb0                IRQ_IRQHandler
                0x00001bb0                PIT_CH0_IRQHandler
                0x00001bb0                Default_Handler
                0x00001bb0                ACMP0_IRQHandler
                0x00001bb0                SVC_Handler
                0x00001bb0                ICS_IRQHandler
                0x00001bb0                PIT_CH1_IRQHandler
                0x00001bb0                FTMRH_IRQHandler
                0x00001bb0                KBI0_IRQHandler
                0x00001bb0                PMC_IRQHandler
                0x00001bb0                SPI0_IRQHandler
                0x00001bb0                FTM2_IRQHandler
                0x00001bb0                ACMP1_IRQHandler
                0x00001bb0                KBI1_IRQHandler
                0x00001bb0                UART1_SCI1_IRQHandler
 .text.__init_hardware
                0x00001bbc       0x1c ./Project_Settings/Startup_Code/kinetis_sysinit.o
                0x00001bbc                __init_hardware
 .text.zero_fill_bss
                0x00001bd8       0x24 ./Project_Settings/Startup_Code/__arm_start.o
 .text.__thumb_startup
                0x00001bfc       0x30 ./Project_Settings/Startup_Code/__arm_start.o
                0x00001bfc                __thumb_startup
 .text._ExitProcess
                0x00001c2c        0xc ./Project_Settings/Startup_Code/__arm_end.o
                0x00001c2c                _ExitProcess
 .text.lin_lld_uart_init
                0x00001c38       0xdc ./Sources/LIN_Stack/bsp/UART/lin_lld_uart.o
                0x00001c38                lin_lld_uart_init
 .text.lin_lld_uart_ignore_response
                0x00001d14        0xc ./Sources/LIN_Stack/bsp/UART/lin_lld_uart.o
                0x00001d14                lin_lld_uart_ignore_response
 .text.lin_lld_uart_set_low_power_mode
                0x00001d20       0x14 ./Sources/LIN_Stack/bsp/UART/lin_lld_uart.o
                0x00001d20                lin_lld_uart_set_low_power_mode
 .text.lin_lld_uart_rx_response
                0x00001d34       0x40 ./Sources/LIN_Stack/bsp/UART/lin_lld_uart.o
                0x00001d34                lin_lld_uart_rx_response
 .text.lin_lld_uart_tx_response
                0x00001d74       0x58 ./Sources/LIN_Stack/bsp/UART/lin_lld_uart.o
                0x00001d74                lin_lld_uart_tx_response
 .text.lin_lld_uart_timeout
                0x00001dcc      0x168 ./Sources/LIN_Stack/bsp/UART/lin_lld_uart.o
                0x00001dcc                lin_lld_uart_timeout
 .text.lin_goto_idle_state
                0x00001f34       0x44 ./Sources/LIN_Stack/bsp/UART/lin_lld_uart.o
                0x00001f34                lin_goto_idle_state
 .text.lin_lld_uart_rx_isr
                0x00001f78      0x448 ./Sources/LIN_Stack/bsp/UART/lin_lld_uart.o
                0x00001f78                lin_lld_uart_rx_isr
 .text.lin_lld_timer_K_init
                0x000023c0       0x7c ./Sources/LIN_Stack/bsp/UART/lin_lld_timesrv.o
                0x000023c0                lin_lld_timer_K_init
 .text.lin_lld_timer_isr
                0x0000243c        0xc ./Sources/LIN_Stack/bsp/UART/lin_lld_timesrv.o
                0x0000243c                lin_lld_timer_isr
 .text.UART0_SCI0_IRQHandler
                0x00002448        0xc ./Sources/LIN_Stack/bsp/UART/lin_isr.o
                0x00002448                UART0_SCI0_IRQHandler
 *fill*         0x00002454        0x4 00
 .text.FTM1_IRQHandler
                0x00002458       0x68 ./Sources/LIN_Stack/bsp/UART/lin_isr.o
                0x00002458                FTM1_IRQHandler
 .text.lin_update_word_status_lin21
                0x000024c0       0x7c ./Sources/LIN_Stack/coreapi/lin_lin21_proto.o
                0x000024c0                lin_update_word_status_lin21
 .text.lin_update_err_signal
                0x0000253c       0x7c ./Sources/LIN_Stack/coreapi/lin_lin21_proto.o
                0x0000253c                lin_update_err_signal
 .text.lin_make_res_evnt_frame
                0x000025b8       0x38 ./Sources/LIN_Stack/coreapi/lin_lin21_proto.o
                0x000025b8                lin_make_res_evnt_frame
 .text.lin_pid_response_callback_handler
                0x000025f0       0x78 ./Sources/LIN_Stack/coreapi/lin_common_proto.o
                0x000025f0                lin_pid_response_callback_handler
 .text.lin_process_pid
                0x00002668      0x15c ./Sources/LIN_Stack/coreapi/lin_common_proto.o
                0x00002668                lin_process_pid
 .text.lin_update_rx
                0x000027c4       0xe8 ./Sources/LIN_Stack/coreapi/lin_common_proto.o
                0x000027c4                lin_update_rx
 .text.lin_update_tx
                0x000028ac       0xd0 ./Sources/LIN_Stack/coreapi/lin_common_proto.o
                0x000028ac                lin_update_tx
 .text.lin_handle_error
                0x0000297c       0xc4 ./Sources/LIN_Stack/coreapi/lin_common_proto.o
                0x0000297c                lin_handle_error
 .text.lin_bus_activity_timeout
                0x00002a40       0x20 ./Sources/LIN_Stack/coreapi/lin_common_proto.o
                0x00002a40                lin_bus_activity_timeout
 .text.lin_update_tx_flags
                0x00002a60       0xe0 ./Sources/LIN_Stack/coreapi/lin_common_proto.o
                0x00002a60                lin_update_tx_flags
 .text.lin_update_rx_diag_frame
                0x00002b40       0x28 ./Sources/LIN_Stack/coreapi/lin_common_proto.o
                0x00002b40                lin_update_rx_diag_frame
 .text.lin_make_res_diag_frame
                0x00002b68        0xc ./Sources/LIN_Stack/coreapi/lin_common_proto.o
                0x00002b68                lin_make_res_diag_frame
 .text.lin_get_frame_index
                0x00002b74       0x5c ./Sources/LIN_Stack/coreapi/lin_common_proto.o
                0x00002b74                lin_get_frame_index
 .text.lin_process_uncd_frame
                0x00002bd0      0x130 ./Sources/LIN_Stack/coreapi/lin_common_proto.o
                0x00002bd0                lin_process_uncd_frame
 .text.l_sys_init
                0x00002d00       0x10 ./Sources/LIN_Stack/coreapi/lin_common_api.o
                0x00002d00                l_sys_init
 .text.l_ifc_init
                0x00002d10       0x1c ./Sources/LIN_Stack/coreapi/lin_common_api.o
                0x00002d10                l_ifc_init
 .text.lin_diagservice_session_control
                0x00002d2c       0xb8 ./Sources/LIN_Stack/diagnostic/lin_diagnostic_service.o
                0x00002d2c                lin_diagservice_session_control
 .text.lin_diagservice_read_data_by_identifier
                0x00002de4       0x80 ./Sources/LIN_Stack/diagnostic/lin_diagnostic_service.o
                0x00002de4                lin_diagservice_read_data_by_identifier
 .text.lin_diagsrv_functional_service
                0x00002e64       0x1c ./Sources/LIN_Stack/diagnostic/lin_diagnostic_service.o
                0x00002e64                lin_diagsrv_functional_service
 .text.lin_diagservice_request_download
                0x00002e80       0x78 ./Sources/LIN_Stack/diagnostic/lin_diagnostic_service.o
                0x00002e80                lin_diagservice_request_download
 .text.lin_diagservice_transfer_data
                0x00002ef8      0x1e4 ./Sources/LIN_Stack/diagnostic/lin_diagnostic_service.o
                0x00002ef8                lin_diagservice_transfer_data
 .text.lin_lld_init
                0x000030dc       0x14 ./Sources/LIN_Stack/lowlevel/lin.o
                0x000030dc                lin_lld_init
 .text.lin_lld_ignore_response
                0x000030f0       0x10 ./Sources/LIN_Stack/lowlevel/lin.o
                0x000030f0                lin_lld_ignore_response
 .text.lin_lld_set_low_power_mode
                0x00003100       0x10 ./Sources/LIN_Stack/lowlevel/lin.o
                0x00003100                lin_lld_set_low_power_mode
 .text.lin_lld_set_response
                0x00003110       0x4c ./Sources/LIN_Stack/lowlevel/lin.o
                0x00003110                lin_lld_set_response
 .text.lin_lld_rx_response
                0x0000315c       0x20 ./Sources/LIN_Stack/lowlevel/lin.o
                0x0000315c                lin_lld_rx_response
 .text.lin_process_parity
                0x0000317c       0xf0 ./Sources/LIN_Stack/lowlevel/lin.o
                0x0000317c                lin_process_parity
 .text.lin_checksum
                0x0000326c       0x9c ./Sources/LIN_Stack/lowlevel/lin.o
                0x0000326c                lin_checksum
 .text.lin_lld_timer_init
                0x00003308        0xc ./Sources/LIN_Stack/lowlevel/lin.o
                0x00003308                lin_lld_timer_init
 .text.lin_tl_make_slaveres_pdu
                0x00003314      0x1bc ./Sources/LIN_Stack/transport/lin_commontl_proto.o
                0x00003314                lin_tl_make_slaveres_pdu
 .text.lin_tl_get_pdu
                0x000034d0       0x5c ./Sources/LIN_Stack/transport/lin_commontl_proto.o
                0x000034d0                lin_tl_get_pdu
 .text.lin_process_pdu
                0x0000352c      0x260 ./Sources/LIN_Stack/transport/lin_commontl_proto.o
 .text.lin_tl_handler
                0x0000378c      0x164 ./Sources/LIN_Stack/transport/lin_commontl_proto.o
                0x0000378c                lin_tl_handler
 .text.lin_tl_attach_service
                0x000038f0      0x138 ./Sources/LIN_Stack/transport/lin_commontl_proto.o
                0x000038f0                lin_tl_attach_service
 .text.tl_put_raw
                0x00003a28       0xcc ./Sources/LIN_Stack/transport/lin_commontl_proto.o
                0x00003a28                tl_put_raw
 .text.tl_get_raw
                0x00003af4       0xe8 ./Sources/LIN_Stack/transport/lin_commontl_proto.o
                0x00003af4                tl_get_raw
 .text.ld_get_raw
                0x00003bdc       0x20 ./Sources/LIN_Stack/transport/lin_commontl_api.o
                0x00003bdc                ld_get_raw
 .text.ld_receive_message
                0x00003bfc      0x284 ./Sources/LIN_Stack/transport/lin_commontl_api.o
                0x00003bfc                ld_receive_message
 .text.Clk_Init
                0x00003e80       0x84 ./Sources/driver/clock/clock.o
                0x00003e80                Clk_Init
 .text.FLASH_Init
                0x00003f04       0xd4 ./Sources/driver/eeprom/eeprom.o
                0x00003f04                FLASH_Init
 .text.FLASH_LaunchCMD
                0x00003fd8       0x48 ./Sources/driver/eeprom/eeprom.o
                0x00003fd8                FLASH_LaunchCMD
 .text.FLASH_Program2LongWords
                0x00004020      0x138 ./Sources/driver/eeprom/eeprom.o
                0x00004020                FLASH_Program2LongWords
 .text.FLASH_Program
                0x00004158      0x15c ./Sources/driver/eeprom/eeprom.o
                0x00004158                FLASH_Program
 .text.FLASH_Program1LongWord
                0x000042b4      0x134 ./Sources/driver/eeprom/eeprom.o
                0x000042b4                FLASH_Program1LongWord
 .text.FTM0_IRQHandler
                0x000043e8      0x130 ./Sources/driver/ftm/ftm.o
                0x000043e8                FTM0_IRQHandler
 .text.GPIO_Init
                0x00004518       0x38 ./Sources/driver/gpio/gpio.o
                0x00004518                GPIO_Init
 .text.Lin_Sys_Init
                0x00004550       0x74 ./Sources/main.o
                0x00004550                Lin_Sys_Init
 .text.boot_Var_init
                0x000045c4        0x8 ./Sources/main.o
                0x000045c4                boot_Var_init
 .text.boot_sysinit
                0x000045cc       0x1c ./Sources/main.o
                0x000045cc                boot_sysinit
 .text.main     0x000045e8       0x14 ./Sources/main.o
                0x000045e8                main
 .text.exit     0x000045fc       0x38 D:/CW11.0/CW MCU v11.0/MCU/ARM_GCC_Support/ewl/lib/armv6-m\libc.a(exit.o)
                0x000045fc                exit
 .text.memset   0x00004634        0xc D:/CW11.0/CW MCU v11.0/MCU/ARM_GCC_Support/ewl/lib/armv6-m\libc.a(memset.o)
                0x00004634                memset
 .text.__fill_mem
                0x00004640       0x7e D:/CW11.0/CW MCU v11.0/MCU/ARM_GCC_Support/ewl/lib/armv6-m\libc.a(__filll_mem.o)
                0x00004640                __fill_mem
 *fill*         0x000046be        0x2 00
 .text.__init_cpp
                0x000046c0       0x48 D:/CW11.0/CW MCU v11.0/MCU/ARM_GCC_Support/ewl/lib/armv6-m\librt.a(gcc_ctor_dtor.o)
                0x000046c0                __init_cpp
 .text.__fini_cpp
                0x00004708       0x34 D:/CW11.0/CW MCU v11.0/MCU/ARM_GCC_Support/ewl/lib/armv6-m\librt.a(gcc_ctor_dtor.o)
                0x00004708                __fini_cpp
 .text.__destroy_global_chain
                0x0000473c       0x1c D:/CW11.0/CW MCU v11.0/MCU/ARM_GCC_Support/ewl/lib/armv6-m\librt.a(__arm_eabi_init.o)
                0x0000473c                __destroy_global_chain
 .text.__init_registers
                0x00004758       0x1c D:/CW11.0/CW MCU v11.0/MCU/ARM_GCC_Support/ewl/lib/armv6-m\librt.a(__arm_eabi_init.o)
                0x00004758                __init_registers
 .text.__init_user
                0x00004774        0x4 D:/CW11.0/CW MCU v11.0/MCU/ARM_GCC_Support/ewl/lib/armv6-m\librt.a(__arm_eabi_init.o)
                0x00004774                __init_user
 .text.__copy_rom_section
                0x00004778       0x48 D:/CW11.0/CW MCU v11.0/MCU/ARM_GCC_Support/ewl/lib/armv6-m\librt.a(ROMCopy.o)
                0x00004778                __copy_rom_section
 .text.__copy_rom_sections_to_ram
                0x000047c0       0x34 D:/CW11.0/CW MCU v11.0/MCU/ARM_GCC_Support/ewl/lib/armv6-m\librt.a(ROMCopy.o)
                0x000047c0                __copy_rom_sections_to_ram
 *(.rodata)
 *(.rodata*)
 .rodata.lin_lld_uart_timeout
                0x000047f4       0x28 ./Sources/LIN_Stack/bsp/UART/lin_lld_uart.o
 .rodata.lin_lld_uart_rx_isr
                0x0000481c       0x20 ./Sources/LIN_Stack/bsp/UART/lin_lld_uart.o
 .rodata.lin_tl_attach_service
                0x0000483c       0xa0 ./Sources/LIN_Stack/transport/lin_commontl_proto.o
 .rodata.LI0_response_error_signal
                0x000048dc        0x1 ./Sources/lin_cfg/lin_cfg.o
                0x000048dc                LI0_response_error_signal
 .rodata.response_error_byte_offset
                0x000048dd        0x1 ./Sources/lin_cfg/lin_cfg.o
                0x000048dd                response_error_byte_offset
 .rodata.response_error_bit_offset
                0x000048de        0x1 ./Sources/lin_cfg/lin_cfg.o
                0x000048de                response_error_bit_offset
 *fill*         0x000048df        0x1 00
 .rodata.lin_frame_tbl
                0x000048e0       0x48 ./Sources/lin_cfg/lin_cfg.o
                0x000048e0                lin_frame_tbl
 .rodata.lin_max_frame_res_timeout_val
                0x00004928       0x10 ./Sources/lin_cfg/lin_cfg.o
                0x00004928                lin_max_frame_res_timeout_val
 .rodata.lin_initial_NAD
                0x00004938        0x1 ./Sources/lin_cfg/lin_cfg.o
                0x00004938                lin_initial_NAD
 .rodata.response_error
                0x00004939        0x1 ./Sources/lin_cfg/lin_cfg.o
                0x00004939                response_error
 *fill*         0x0000493a        0x2 00
 .rodata.lin_diag_services_supported
                0x0000493c        0x8 ./Sources/lin_cfg/lin_cfg.o
                0x0000493c                lin_diag_services_supported
 *(.glue_7)
 .glue_7        0x00000000        0x0 linker stubs
 *(.glue_7t)
 .glue_7t       0x00000000        0x0 linker stubs
 *(.eh_frame)
 *(.init)
 *(.fini)
                0x00004944                . = ALIGN (0x4)
                0x00004944                _etext = .

.vfp11_veneer   0x00004944        0x0
 .vfp11_veneer  0x00000000        0x0 linker stubs

.v4_bx          0x00004944        0x0
 .v4_bx         0x00000000        0x0 linker stubs

.iplt           0x00004944        0x0
 .iplt          0x00000000        0x0 ./Project_Settings/Startup_Code/kinetis_sysinit.o

.rel.dyn        0x00004944        0x0
 .rel.iplt      0x00000000        0x0 ./Project_Settings/Startup_Code/kinetis_sysinit.o

.ARM.extab
 *(.ARM.extab* .gnu.linkonce.armextab.*)

.ARM            0x00004944        0x0
                0x00004944                __exidx_start = .
 *(.ARM.exidx*)
                0x00004944                __exidx_end = .

.ctors          0x00004944        0x0
                0x00004944                __CTOR_LIST__ = .
 *crtbegin.o(.ctors)
 *(EXCLUDE_FILE(*crtend.o) .ctors)
 *(SORT(.ctors.*))
 *(.ctors)
                0x00004944                __CTOR_END__ = .

.dtors          0x00004944        0x0
                0x00004944                __DTOR_LIST__ = .
 *crtbegin.o(.dtors)
 *(EXCLUDE_FILE(*crtend.o) .dtors)
 *(SORT(.dtors.*))
 *(.dtors)
                0x00004944                __DTOR_END__ = .

.preinit_array  0x00004944        0x0
                0x00004944                PROVIDE (__preinit_array_start, .)
 *(.preinit_array*)
                0x00004944                PROVIDE (__preinit_array_end, .)

.init_array     0x00004944        0x0
                0x00004944                PROVIDE (__init_array_start, .)
 *(SORT(.init_array.*))
 *(.init_array*)
                0x00004944                PROVIDE (__init_array_end, .)

.fini_array     0x00004944        0x0
                0x00004944                PROVIDE (__fini_array_start, .)
 *(SORT(.fini_array.*))
 *(.fini_array*)
                0x00004944                PROVIDE (__fini_array_end, .)
                0x00004944                ___ROM_AT = .

.mtb            0x1ffffc00        0x0
                0x1ffffc00                . = ALIGN (0x8)
                0x1ffffc00                _mtb_start = .
 *(.mtb_buf)
                0x1ffffc00                . = ALIGN (0x8)
                0x1ffffc00                _mtb_end = .

.data           0x1ffffc00       0x4c load address 0x00004944
                0x1ffffc00                . = ALIGN (0x4)
                0x1ffffc00                _sdata = .
 *(.data)
 *(.data*)
 .data.pUART    0x1ffffc00        0x4 ./Sources/LIN_Stack/bsp/UART/lin_lld_uart.o
 .data.ifc      0x1ffffc04        0x1 ./Sources/LIN_Stack/bsp/UART/lin_lld_uart.o
 .data.state    0x1ffffc05        0x1 ./Sources/LIN_Stack/bsp/UART/lin_lld_uart.o
 .data.pid      0x1ffffc06        0x1 ./Sources/LIN_Stack/bsp/UART/lin_lld_uart.o
 *fill*         0x1ffffc07        0x1 00
 .data.lin_pFrameBuf
                0x1ffffc08       0x14 ./Sources/lin_cfg/lin_cfg.o
                0x1ffffc08                lin_pFrameBuf
 .data.lin_configuration_RAM
                0x1ffffc1c        0x8 ./Sources/lin_cfg/lin_cfg.o
                0x1ffffc1c                lin_configuration_RAM
 .data.lin_configured_NAD
                0x1ffffc24        0x1 ./Sources/lin_cfg/lin_cfg.o
                0x1ffffc24                lin_configured_NAD
 *fill*         0x1ffffc25        0x3 00
 .data.lin_tl_tx_queue
                0x1ffffc28       0x10 ./Sources/lin_cfg/lin_cfg.o
                0x1ffffc28                lin_tl_tx_queue
 .data.lin_tl_rx_queue
                0x1ffffc38       0x10 ./Sources/lin_cfg/lin_cfg.o
                0x1ffffc38                lin_tl_rx_queue
 .data.tl_service_status
                0x1ffffc48        0x1 ./Sources/lin_cfg/lin_cfg.o
                0x1ffffc48                tl_service_status
                0x1ffffc4c                . = ALIGN (0x4)
 *fill*         0x1ffffc49        0x3 00
                0x1ffffc4c                _edata = .
                0x0000004c                ___data_size = (_edata - _sdata)

.igot.plt       0x1ffffc4c        0x0 load address 0x00004990
 .igot.plt      0x00000000        0x0 ./Project_Settings/Startup_Code/kinetis_sysinit.o
                0x1ffffc4c                . = ALIGN (0x4)

.bss            0x1ffffc4c      0x124 load address 0x00004990
                0x1ffffc4c                __START_BSS = .
                0x1ffffc4c                PROVIDE (__bss_start__, __START_BSS)
 *(.bss)
 *(.bss*)
 .bss.argv      0x1ffffc4c        0x4 ./Project_Settings/Startup_Code/__arm_start.o
 .bss.l_status  0x1ffffc50        0x4 ./Sources/LIN_Stack/bsp/UART/lin_lld_uart.o
 .bss.cnt_byte  0x1ffffc54        0x1 ./Sources/LIN_Stack/bsp/UART/lin_lld_uart.o
 *fill*         0x1ffffc55        0x3 00
 .bss.ptr       0x1ffffc58        0x4 ./Sources/LIN_Stack/bsp/UART/lin_lld_uart.o
 .bss.current_id
                0x1ffffc5c        0x1 ./Sources/LIN_Stack/bsp/UART/lin_lld_uart.o
 *fill*         0x1ffffc5d        0x3 00
 .bss.response_buffer
                0x1ffffc60        0x4 ./Sources/LIN_Stack/bsp/UART/lin_lld_uart.o
 .bss.tbit      0x1ffffc64        0x2 ./Sources/LIN_Stack/bsp/UART/lin_lld_uart.o
 .bss.frame_timeout_cnt
                0x1ffffc66        0x2 ./Sources/LIN_Stack/bsp/UART/lin_lld_uart.o
 .bss.res_frame_timeout_cnt
                0x1ffffc68        0x2 ./Sources/LIN_Stack/bsp/UART/lin_lld_uart.o
 .bss.idle_timeout_cnt
                0x1ffffc6a        0x2 ./Sources/LIN_Stack/bsp/UART/lin_lld_uart.o
 .bss.DRIVE_flag
                0x1ffffc6c        0x1 ./Sources/LIN_Stack/diagnostic/lin_diagnostic_service.o
                0x1ffffc6c                DRIVE_flag
 .bss.G_10ms_counter
                0x1ffffc6d        0x1 ./Sources/driver/ftm/ftm.o
                0x1ffffc6d                G_10ms_counter
 .bss.G_50ms_counter
                0x1ffffc6e        0x1 ./Sources/driver/ftm/ftm.o
                0x1ffffc6e                G_50ms_counter
 .bss.G_100ms_counter
                0x1ffffc6f        0x1 ./Sources/driver/ftm/ftm.o
                0x1ffffc6f                G_100ms_counter
 .bss.G_500ms_counter
                0x1ffffc70        0x1 ./Sources/driver/ftm/ftm.o
                0x1ffffc70                G_500ms_counter
 *fill*         0x1ffffc71        0x3 00
 .bss.G_4s_counter
                0x1ffffc74        0x4 ./Sources/driver/ftm/ftm.o
                0x1ffffc74                G_4s_counter
 .bss.G_10msFlag
                0x1ffffc78        0x1 ./Sources/driver/ftm/ftm.o
                0x1ffffc78                G_10msFlag
 .bss.G_50msFlag
                0x1ffffc79        0x1 ./Sources/driver/ftm/ftm.o
                0x1ffffc79                G_50msFlag
 .bss.G_100msFlag
                0x1ffffc7a        0x1 ./Sources/driver/ftm/ftm.o
                0x1ffffc7a                G_100msFlag
 .bss.G_500msFlag
                0x1ffffc7b        0x1 ./Sources/driver/ftm/ftm.o
                0x1ffffc7b                G_500msFlag
 .bss.G_4sFlag  0x1ffffc7c        0x1 ./Sources/driver/ftm/ftm.o
                0x1ffffc7c                G_4sFlag
 .bss.lin_save_configuration_flg
                0x1ffffc7d        0x1 ./Sources/lin_cfg/lin_cfg.o
                0x1ffffc7d                lin_save_configuration_flg
 *fill*         0x1ffffc7e        0x2 00
 .bss.lin_flag_handle_tbl
                0x1ffffc80        0x8 ./Sources/lin_cfg/lin_cfg.o
                0x1ffffc80                lin_flag_handle_tbl
 .bss.lin_frame_flag_tbl
                0x1ffffc88        0x8 ./Sources/lin_cfg/lin_cfg.o
                0x1ffffc88                lin_frame_flag_tbl
 .bss.tl_diag_state
                0x1ffffc90        0x1 ./Sources/lin_cfg/lin_cfg.o
                0x1ffffc90                tl_diag_state
 *fill*         0x1ffffc91        0x3 00
 .bss.lin_diag_services_flag
                0x1ffffc94        0x8 ./Sources/lin_cfg/lin_cfg.o
                0x1ffffc94                lin_diag_services_flag
 .bss.tl_slaveresp_cnt
                0x1ffffc9c        0x1 ./Sources/lin_cfg/lin_cfg.o
                0x1ffffc9c                tl_slaveresp_cnt
 *fill*         0x1ffffc9d        0x3 00
 .bss.__stdio_exit
                0x1ffffca0        0x4 D:/CW11.0/CW MCU v11.0/MCU/ARM_GCC_Support/ewl/lib/armv6-m\libc.a(exit.o)
                0x1ffffca0                __stdio_exit
 .bss.__console_exit
                0x1ffffca4        0x4 D:/CW11.0/CW MCU v11.0/MCU/ARM_GCC_Support/ewl/lib/armv6-m\libc.a(exit.o)
                0x1ffffca4                __console_exit
 .bss.__global_destructor_chain
                0x1ffffca8        0x4 D:/CW11.0/CW MCU v11.0/MCU/ARM_GCC_Support/ewl/lib/armv6-m\librt.a(__arm_eabi_init.o)
                0x1ffffca8                __global_destructor_chain
 .bss.__S_romp  0x1ffffcac        0xc D:/CW11.0/CW MCU v11.0/MCU/ARM_GCC_Support/ewl/lib/armv6-m\librt.a(ROMCopy.o)
 *(COMMON)
 COMMON         0x1ffffcb8        0x2 ./Sources/LIN_Stack/coreapi/lin_common_proto.o
                0x1ffffcb8                frame_signal_error
                0x1ffffcb9                frame_index
 COMMON         0x1ffffcba        0xb ./Sources/LIN_Stack/diagnostic/lin_diagnostic_service.o
                0x1ffffcba                diagnostic_Session
                0x1ffffcbc                updata_flash_ID
                0x1ffffcbe                updata_length
                0x1ffffcc0                diagnostic_Session_flg
                0x1ffffcc2                diagnostic_Session_timer
                0x1ffffcc4                diagnostic_Session_pre
 *fill*         0x1ffffcc5        0x3 00
 COMMON         0x1ffffcc8       0xa6 ./Sources/lin_cfg/lin_cfg.o
                0x1ffffcc8                tl_rx_msg_status
                0x1ffffcc9                tl_ld_error_code
                0x1ffffcca                tl_receive_msg_status
                0x1ffffccc                tl_check_timeout
                0x1ffffcd0                tl_rx_queue_data
                0x1ffffd00                tl_frame_counter
                0x1ffffd04                tl_tx_queue_data
                0x1ffffd34                tl_tx_msg_size
                0x1ffffd36                tl_last_cfg_result
                0x1ffffd37                tl_tx_msg_status
                0x1ffffd38                tl_last_RSID
                0x1ffffd39                lin_successful_transfer
                0x1ffffd3a                tl_rx_msg_index
                0x1ffffd3c                tl_no_of_pdu
                0x1ffffd40                lin_diag_signal_tbl
                0x1ffffd50                lin_goto_sleep_flg
                0x1ffffd52                tl_rx_msg_size
                0x1ffffd54                lin_word_status
                0x1ffffd56                tl_tx_msg_index
                0x1ffffd58                tl_check_timeout_type
                0x1ffffd59                lin_current_pid
                0x1ffffd5c                tl_ident_data
                0x1ffffd60                lin_error_in_response
                0x1ffffd64                lin_lld_response_buffer
                0x1ffffd70                . = ALIGN (0x4)
 *fill*         0x1ffffd6e        0x2 00
                0x1ffffd70                __END_BSS = .
                0x1ffffd70                PROVIDE (__bss_end__, __END_BSS)
                0x00004990                _romp_at = (___ROM_AT + SIZEOF (.data))

.romp           0x1ffffd70       0x18 load address 0x00004990
                0x00004990                __S_romp = _romp_at
                0x1ffffd70        0x4 LONG 0x4944 ___ROM_AT
                0x1ffffd74        0x4 LONG 0x1ffffc00 _sdata
                0x1ffffd78        0x4 LONG 0x4c ___data_size
                0x1ffffd7c        0x4 LONG 0x0
                0x1ffffd80        0x4 LONG 0x0
                0x1ffffd84        0x4 LONG 0x0

._user_heap_stack
                0x1ffffd88      0x200 load address 0x000049a8
                0x1ffffd88                . = ALIGN (0x4)
                0x1ffffd88                PROVIDE (end, .)
                0x1ffffd88                PROVIDE (_end, .)
                0x1ffffd88                __heap_addr = .
                0x1ffffe88                . = (. + __heap_size)
 *fill*         0x1ffffd88      0x100 00
                0x1fffff88                . = (. + __stack_size)
 *fill*         0x1ffffe88      0x100 00
                0x1fffff88                . = ALIGN (0x4)

.ARM.attributes
                0x00000000       0x31
 *(.ARM.attributes)
 .ARM.attributes
                0x00000000       0x31 ./Project_Settings/Startup_Code/kinetis_sysinit.o
 .ARM.attributes
                0x00000031       0x31 ./Project_Settings/Startup_Code/__arm_start.o
 .ARM.attributes
                0x00000062       0x31 ./Project_Settings/Startup_Code/__arm_end.o
 .ARM.attributes
                0x00000093       0x31 ./Sources/LIN_Stack/bsp/UART/lin_lld_uart.o
 .ARM.attributes
                0x000000c4       0x31 ./Sources/LIN_Stack/bsp/UART/lin_lld_timesrv.o
 .ARM.attributes
                0x000000f5       0x31 ./Sources/LIN_Stack/bsp/UART/lin_isr.o
 .ARM.attributes
                0x00000126       0x31 ./Sources/LIN_Stack/coreapi/lin_lin21_proto.o
 .ARM.attributes
                0x00000157       0x31 ./Sources/LIN_Stack/coreapi/lin_common_proto.o
 .ARM.attributes
                0x00000188       0x31 ./Sources/LIN_Stack/coreapi/lin_common_api.o
 .ARM.attributes
                0x000001b9       0x31 ./Sources/LIN_Stack/diagnostic/lin_diagnostic_service.o
 .ARM.attributes
                0x000001ea       0x31 ./Sources/LIN_Stack/lowlevel/lin.o
 .ARM.attributes
                0x0000021b       0x31 ./Sources/LIN_Stack/transport/lin_commontl_proto.o
 .ARM.attributes
                0x0000024c       0x31 ./Sources/LIN_Stack/transport/lin_commontl_api.o
 .ARM.attributes
                0x0000027d       0x31 ./Sources/driver/clock/clock.o
 .ARM.attributes
                0x000002ae       0x31 ./Sources/driver/eeprom/eeprom.o
 .ARM.attributes
                0x000002df       0x31 ./Sources/driver/ftm/ftm.o
 .ARM.attributes
                0x00000310       0x31 ./Sources/driver/gpio/gpio.o
 .ARM.attributes
                0x00000341       0x31 ./Sources/lin_cfg/lin_cfg.o
 .ARM.attributes
                0x00000372       0x31 ./Sources/main.o
 .ARM.attributes
                0x000003a3       0x31 D:/CW11.0/CW MCU v11.0/MCU/ARM_GCC_Support/ewl/lib/armv6-m\libc.a(exit.o)
 .ARM.attributes
                0x000003d4       0x31 D:/CW11.0/CW MCU v11.0/MCU/ARM_GCC_Support/ewl/lib/armv6-m\libc.a(memset.o)
 .ARM.attributes
                0x00000405       0x31 D:/CW11.0/CW MCU v11.0/MCU/ARM_GCC_Support/ewl/lib/armv6-m\libc.a(__filll_mem.o)
 .ARM.attributes
                0x00000436       0x1e d:/cw11.0/cw mcu v11.0/cross_tools/arm-none-eabi-gcc-4_7_3/bin/../lib/gcc/arm-none-eabi/4.7.3/armv6-m\libgcc.a(_udivsi3.o)
 .ARM.attributes
                0x00000454       0x1e d:/cw11.0/cw mcu v11.0/cross_tools/arm-none-eabi-gcc-4_7_3/bin/../lib/gcc/arm-none-eabi/4.7.3/armv6-m\libgcc.a(_divsi3.o)
 .ARM.attributes
                0x00000472       0x1e d:/cw11.0/cw mcu v11.0/cross_tools/arm-none-eabi-gcc-4_7_3/bin/../lib/gcc/arm-none-eabi/4.7.3/armv6-m\libgcc.a(_dvmd_tls.o)
 .ARM.attributes
                0x00000490       0x2c d:/cw11.0/cw mcu v11.0/cross_tools/arm-none-eabi-gcc-4_7_3/bin/../lib/gcc/arm-none-eabi/4.7.3/armv6-m\libgcc.a(_fixunsdfsi.o)
 .ARM.attributes
                0x000004bc       0x2c d:/cw11.0/cw mcu v11.0/cross_tools/arm-none-eabi-gcc-4_7_3/bin/../lib/gcc/arm-none-eabi/4.7.3/armv6-m\libgcc.a(adddf3.o)
 .ARM.attributes
                0x000004e8       0x2c d:/cw11.0/cw mcu v11.0/cross_tools/arm-none-eabi-gcc-4_7_3/bin/../lib/gcc/arm-none-eabi/4.7.3/armv6-m\libgcc.a(subdf3.o)
 .ARM.attributes
                0x00000514       0x2c d:/cw11.0/cw mcu v11.0/cross_tools/arm-none-eabi-gcc-4_7_3/bin/../lib/gcc/arm-none-eabi/4.7.3/armv6-m\libgcc.a(fixdfsi.o)
 .ARM.attributes
                0x00000540       0x2c d:/cw11.0/cw mcu v11.0/cross_tools/arm-none-eabi-gcc-4_7_3/bin/../lib/gcc/arm-none-eabi/4.7.3/armv6-m\libgcc.a(floatunsidf.o)
 .ARM.attributes
                0x0000056c       0x1e d:/cw11.0/cw mcu v11.0/cross_tools/arm-none-eabi-gcc-4_7_3/bin/../lib/gcc/arm-none-eabi/4.7.3/armv6-m\libgcc.a(_arm_cmpdf2.o)
 .ARM.attributes
                0x0000058a       0x1e d:/cw11.0/cw mcu v11.0/cross_tools/arm-none-eabi-gcc-4_7_3/bin/../lib/gcc/arm-none-eabi/4.7.3/armv6-m\libgcc.a(_clzsi2.o)
 .ARM.attributes
                0x000005a8       0x2c d:/cw11.0/cw mcu v11.0/cross_tools/arm-none-eabi-gcc-4_7_3/bin/../lib/gcc/arm-none-eabi/4.7.3/armv6-m\libgcc.a(eqdf2.o)
 .ARM.attributes
                0x000005d4       0x2c d:/cw11.0/cw mcu v11.0/cross_tools/arm-none-eabi-gcc-4_7_3/bin/../lib/gcc/arm-none-eabi/4.7.3/armv6-m\libgcc.a(gedf2.o)
 .ARM.attributes
                0x00000600       0x2c d:/cw11.0/cw mcu v11.0/cross_tools/arm-none-eabi-gcc-4_7_3/bin/../lib/gcc/arm-none-eabi/4.7.3/armv6-m\libgcc.a(ledf2.o)
 .ARM.attributes
                0x0000062c       0x31 D:/CW11.0/CW MCU v11.0/MCU/ARM_GCC_Support/ewl/lib/armv6-m\librt.a(gcc_ctor_dtor.o)
 .ARM.attributes
                0x0000065d       0x31 D:/CW11.0/CW MCU v11.0/MCU/ARM_GCC_Support/ewl/lib/armv6-m\librt.a(__arm_eabi_init.o)
 .ARM.attributes
                0x0000068e       0x31 D:/CW11.0/CW MCU v11.0/MCU/ARM_GCC_Support/ewl/lib/armv6-m\librt.a(ROMCopy.o)
OUTPUT(RLS.elf elf32-littlearm)

.debug_info     0x00000000     0x6129
 .debug_info    0x00000000      0x243 ./Project_Settings/Startup_Code/kinetis_sysinit.o
 .debug_info    0x00000243      0x12a ./Project_Settings/Startup_Code/__arm_start.o
 .debug_info    0x0000036d       0x54 ./Project_Settings/Startup_Code/__arm_end.o
 .debug_info    0x000003c1      0xd1a ./Sources/LIN_Stack/bsp/UART/lin_lld_uart.o
 .debug_info    0x000010db      0x53d ./Sources/LIN_Stack/bsp/UART/lin_lld_timesrv.o
 .debug_info    0x00001618      0x2a0 ./Sources/LIN_Stack/bsp/UART/lin_isr.o
 .debug_info    0x000018b8      0x375 ./Sources/LIN_Stack/coreapi/lin_lin21_proto.o
 .debug_info    0x00001c2d      0x843 ./Sources/LIN_Stack/coreapi/lin_common_proto.o
 .debug_info    0x00002470      0x33b ./Sources/LIN_Stack/coreapi/lin_common_api.o
 .debug_info    0x000027ab      0x382 ./Sources/LIN_Stack/diagnostic/lin_diagnostic_service.o
 .debug_info    0x00002b2d      0x35e ./Sources/LIN_Stack/lowlevel/lin.o
 .debug_info    0x00002e8b      0x624 ./Sources/LIN_Stack/transport/lin_commontl_proto.o
 .debug_info    0x000034af      0x65e ./Sources/LIN_Stack/transport/lin_commontl_api.o
 .debug_info    0x00003b0d       0xf2 ./Sources/driver/clock/clock.o
 .debug_info    0x00003bff      0x5f4 ./Sources/driver/eeprom/eeprom.o
 .debug_info    0x000041f3      0x631 ./Sources/driver/ftm/ftm.o
 .debug_info    0x00004824      0x1a4 ./Sources/driver/gpio/gpio.o
 .debug_info    0x000049c8      0x9e5 ./Sources/lin_cfg/lin_cfg.o
 .debug_info    0x000053ad      0x4e7 ./Sources/main.o
 .debug_info    0x00005894       0xe8 D:/CW11.0/CW MCU v11.0/MCU/ARM_GCC_Support/ewl/lib/armv6-m\libc.a(exit.o)
 .debug_info    0x0000597c       0xec D:/CW11.0/CW MCU v11.0/MCU/ARM_GCC_Support/ewl/lib/armv6-m\libc.a(memset.o)
 .debug_info    0x00005a68      0x137 D:/CW11.0/CW MCU v11.0/MCU/ARM_GCC_Support/ewl/lib/armv6-m\libc.a(__filll_mem.o)
 .debug_info    0x00005b9f      0x136 D:/CW11.0/CW MCU v11.0/MCU/ARM_GCC_Support/ewl/lib/armv6-m\librt.a(gcc_ctor_dtor.o)
 .debug_info    0x00005cd5      0x2b9 D:/CW11.0/CW MCU v11.0/MCU/ARM_GCC_Support/ewl/lib/armv6-m\librt.a(__arm_eabi_init.o)
 .debug_info    0x00005f8e      0x19b D:/CW11.0/CW MCU v11.0/MCU/ARM_GCC_Support/ewl/lib/armv6-m\librt.a(ROMCopy.o)

.debug_abbrev   0x00000000     0x18cb
 .debug_abbrev  0x00000000       0xe7 ./Project_Settings/Startup_Code/kinetis_sysinit.o
 .debug_abbrev  0x000000e7       0x92 ./Project_Settings/Startup_Code/__arm_start.o
 .debug_abbrev  0x00000179       0x4c ./Project_Settings/Startup_Code/__arm_end.o
 .debug_abbrev  0x000001c5      0x25e ./Sources/LIN_Stack/bsp/UART/lin_lld_uart.o
 .debug_abbrev  0x00000423       0xe1 ./Sources/LIN_Stack/bsp/UART/lin_lld_timesrv.o
 .debug_abbrev  0x00000504       0xb1 ./Sources/LIN_Stack/bsp/UART/lin_isr.o
 .debug_abbrev  0x000005b5      0x11a ./Sources/LIN_Stack/coreapi/lin_lin21_proto.o
 .debug_abbrev  0x000006cf      0x199 ./Sources/LIN_Stack/coreapi/lin_common_proto.o
 .debug_abbrev  0x00000868      0x119 ./Sources/LIN_Stack/coreapi/lin_common_api.o
 .debug_abbrev  0x00000981       0xd1 ./Sources/LIN_Stack/diagnostic/lin_diagnostic_service.o
 .debug_abbrev  0x00000a52      0x112 ./Sources/LIN_Stack/lowlevel/lin.o
 .debug_abbrev  0x00000b64      0x160 ./Sources/LIN_Stack/transport/lin_commontl_proto.o
 .debug_abbrev  0x00000cc4      0x174 ./Sources/LIN_Stack/transport/lin_commontl_api.o
 .debug_abbrev  0x00000e38       0x85 ./Sources/driver/clock/clock.o
 .debug_abbrev  0x00000ebd      0x158 ./Sources/driver/eeprom/eeprom.o
 .debug_abbrev  0x00001015      0x105 ./Sources/driver/ftm/ftm.o
 .debug_abbrev  0x0000111a       0x85 ./Sources/driver/gpio/gpio.o
 .debug_abbrev  0x0000119f      0x138 ./Sources/lin_cfg/lin_cfg.o
 .debug_abbrev  0x000012d7      0x134 ./Sources/main.o
 .debug_abbrev  0x0000140b       0x7a D:/CW11.0/CW MCU v11.0/MCU/ARM_GCC_Support/ewl/lib/armv6-m\libc.a(exit.o)
 .debug_abbrev  0x00001485       0x62 D:/CW11.0/CW MCU v11.0/MCU/ARM_GCC_Support/ewl/lib/armv6-m\libc.a(memset.o)
 .debug_abbrev  0x000014e7       0x78 D:/CW11.0/CW MCU v11.0/MCU/ARM_GCC_Support/ewl/lib/armv6-m\libc.a(__filll_mem.o)
 .debug_abbrev  0x0000155f       0x99 D:/CW11.0/CW MCU v11.0/MCU/ARM_GCC_Support/ewl/lib/armv6-m\librt.a(gcc_ctor_dtor.o)
 .debug_abbrev  0x000015f8      0x1b3 D:/CW11.0/CW MCU v11.0/MCU/ARM_GCC_Support/ewl/lib/armv6-m\librt.a(__arm_eabi_init.o)
 .debug_abbrev  0x000017ab      0x120 D:/CW11.0/CW MCU v11.0/MCU/ARM_GCC_Support/ewl/lib/armv6-m\librt.a(ROMCopy.o)

.debug_loc      0x00000000     0x1b6e
 .debug_loc     0x00000000       0x58 ./Project_Settings/Startup_Code/kinetis_sysinit.o
 .debug_loc     0x00000058       0x2c ./Project_Settings/Startup_Code/__arm_start.o
 .debug_loc     0x00000084       0x38 ./Project_Settings/Startup_Code/__arm_end.o
 .debug_loc     0x000000bc      0x298 ./Sources/LIN_Stack/bsp/UART/lin_lld_uart.o
 .debug_loc     0x00000354       0x58 ./Sources/LIN_Stack/bsp/UART/lin_lld_timesrv.o
 .debug_loc     0x000003ac       0x58 ./Sources/LIN_Stack/bsp/UART/lin_isr.o
 .debug_loc     0x00000404       0xa8 ./Sources/LIN_Stack/coreapi/lin_lin21_proto.o
 .debug_loc     0x000004ac      0x250 ./Sources/LIN_Stack/coreapi/lin_common_proto.o
 .debug_loc     0x000006fc      0x224 ./Sources/LIN_Stack/coreapi/lin_common_api.o
 .debug_loc     0x00000920      0x17e ./Sources/LIN_Stack/diagnostic/lin_diagnostic_service.o
 .debug_loc     0x00000a9e      0x334 ./Sources/LIN_Stack/lowlevel/lin.o
 .debug_loc     0x00000dd2      0x18a ./Sources/LIN_Stack/transport/lin_commontl_proto.o
 .debug_loc     0x00000f5c      0x22c ./Sources/LIN_Stack/transport/lin_commontl_api.o
 .debug_loc     0x00001188       0x2c ./Sources/driver/clock/clock.o
 .debug_loc     0x000011b4      0x232 ./Sources/driver/eeprom/eeprom.o
 .debug_loc     0x000013e6       0x58 ./Sources/driver/ftm/ftm.o
 .debug_loc     0x0000143e       0x2c ./Sources/driver/gpio/gpio.o
 .debug_loc     0x0000146a       0x38 ./Sources/lin_cfg/lin_cfg.o
 .debug_loc     0x000014a2      0x1c8 ./Sources/main.o
 .debug_loc     0x0000166a       0x3e D:/CW11.0/CW MCU v11.0/MCU/ARM_GCC_Support/ewl/lib/armv6-m\libc.a(exit.o)
 .debug_loc     0x000016a8       0x6f D:/CW11.0/CW MCU v11.0/MCU/ARM_GCC_Support/ewl/lib/armv6-m\libc.a(memset.o)
 .debug_loc     0x00001717      0x14a D:/CW11.0/CW MCU v11.0/MCU/ARM_GCC_Support/ewl/lib/armv6-m\libc.a(__filll_mem.o)
 .debug_loc     0x00001861       0x9d D:/CW11.0/CW MCU v11.0/MCU/ARM_GCC_Support/ewl/lib/armv6-m\librt.a(gcc_ctor_dtor.o)
 .debug_loc     0x000018fe      0x197 D:/CW11.0/CW MCU v11.0/MCU/ARM_GCC_Support/ewl/lib/armv6-m\librt.a(__arm_eabi_init.o)
 .debug_loc     0x00001a95       0xd9 D:/CW11.0/CW MCU v11.0/MCU/ARM_GCC_Support/ewl/lib/armv6-m\librt.a(ROMCopy.o)

.debug_aranges  0x00000000      0x668
 .debug_aranges
                0x00000000       0x28 ./Project_Settings/Startup_Code/kinetis_sysinit.o
 .debug_aranges
                0x00000028       0x30 ./Project_Settings/Startup_Code/__arm_start.o
 .debug_aranges
                0x00000058       0x20 ./Project_Settings/Startup_Code/__arm_end.o
 .debug_aranges
                0x00000078       0x88 ./Sources/LIN_Stack/bsp/UART/lin_lld_uart.o
 .debug_aranges
                0x00000100       0x28 ./Sources/LIN_Stack/bsp/UART/lin_lld_timesrv.o
 .debug_aranges
                0x00000128       0x28 ./Sources/LIN_Stack/bsp/UART/lin_isr.o
 .debug_aranges
                0x00000150       0x30 ./Sources/LIN_Stack/coreapi/lin_lin21_proto.o
 .debug_aranges
                0x00000180       0x70 ./Sources/LIN_Stack/coreapi/lin_common_proto.o
 .debug_aranges
                0x000001f0       0x68 ./Sources/LIN_Stack/coreapi/lin_common_api.o
 .debug_aranges
                0x00000258       0x50 ./Sources/LIN_Stack/diagnostic/lin_diagnostic_service.o
 .debug_aranges
                0x000002a8       0xa0 ./Sources/LIN_Stack/lowlevel/lin.o
 .debug_aranges
                0x00000348       0x50 ./Sources/LIN_Stack/transport/lin_commontl_proto.o
 .debug_aranges
                0x00000398       0x70 ./Sources/LIN_Stack/transport/lin_commontl_api.o
 .debug_aranges
                0x00000408       0x20 ./Sources/driver/clock/clock.o
 .debug_aranges
                0x00000428       0x68 ./Sources/driver/eeprom/eeprom.o
 .debug_aranges
                0x00000490       0x28 ./Sources/driver/ftm/ftm.o
 .debug_aranges
                0x000004b8       0x20 ./Sources/driver/gpio/gpio.o
 .debug_aranges
                0x000004d8       0x20 ./Sources/lin_cfg/lin_cfg.o
 .debug_aranges
                0x000004f8       0x60 ./Sources/main.o
 .debug_aranges
                0x00000558       0x20 D:/CW11.0/CW MCU v11.0/MCU/ARM_GCC_Support/ewl/lib/armv6-m\libc.a(exit.o)
 .debug_aranges
                0x00000578       0x20 D:/CW11.0/CW MCU v11.0/MCU/ARM_GCC_Support/ewl/lib/armv6-m\libc.a(memset.o)
 .debug_aranges
                0x00000598       0x20 D:/CW11.0/CW MCU v11.0/MCU/ARM_GCC_Support/ewl/lib/armv6-m\libc.a(__filll_mem.o)
 .debug_aranges
                0x000005b8       0x28 D:/CW11.0/CW MCU v11.0/MCU/ARM_GCC_Support/ewl/lib/armv6-m\librt.a(gcc_ctor_dtor.o)
 .debug_aranges
                0x000005e0       0x58 D:/CW11.0/CW MCU v11.0/MCU/ARM_GCC_Support/ewl/lib/armv6-m\librt.a(__arm_eabi_init.o)
 .debug_aranges
                0x00000638       0x30 D:/CW11.0/CW MCU v11.0/MCU/ARM_GCC_Support/ewl/lib/armv6-m\librt.a(ROMCopy.o)

.debug_macinfo  0x00000000   0x235d9a
 .debug_macinfo
                0x00000000    0x1a1a7 ./Project_Settings/Startup_Code/kinetis_sysinit.o
 .debug_macinfo
                0x0001a1a7     0x3e6d ./Project_Settings/Startup_Code/__arm_start.o
 .debug_macinfo
                0x0001e014     0x3456 ./Project_Settings/Startup_Code/__arm_end.o
 .debug_macinfo
                0x0002146a    0x23654 ./Sources/LIN_Stack/bsp/UART/lin_lld_uart.o
 .debug_macinfo
                0x00044abe    0x2356e ./Sources/LIN_Stack/bsp/UART/lin_lld_timesrv.o
 .debug_macinfo
                0x0006802c    0x2352e ./Sources/LIN_Stack/bsp/UART/lin_isr.o
 .debug_macinfo
                0x0008b55a    0x23495 ./Sources/LIN_Stack/coreapi/lin_lin21_proto.o
 .debug_macinfo
                0x000ae9ef    0x237ac ./Sources/LIN_Stack/coreapi/lin_common_proto.o
 .debug_macinfo
                0x000d219b    0x2347f ./Sources/LIN_Stack/coreapi/lin_common_api.o
 .debug_macinfo
                0x000f561a    0x23c7e ./Sources/LIN_Stack/diagnostic/lin_diagnostic_service.o
 .debug_macinfo
                0x00119298    0x23532 ./Sources/LIN_Stack/lowlevel/lin.o
 .debug_macinfo
                0x0013c7ca    0x23d08 ./Sources/LIN_Stack/transport/lin_commontl_proto.o
 .debug_macinfo
                0x001604d2    0x237a8 ./Sources/LIN_Stack/transport/lin_commontl_api.o
 .debug_macinfo
                0x00183c7a    0x1a1a7 ./Sources/driver/clock/clock.o
 .debug_macinfo
                0x0019de21    0x1a6ed ./Sources/driver/eeprom/eeprom.o
 .debug_macinfo
                0x001b850e    0x1a3dc ./Sources/driver/ftm/ftm.o
 .debug_macinfo
                0x001d28ea    0x1a640 ./Sources/driver/gpio/gpio.o
 .debug_macinfo
                0x001ecf2a    0x2343f ./Sources/lin_cfg/lin_cfg.o
 .debug_macinfo
                0x00210369    0x25a31 ./Sources/main.o

.debug_line     0x00000000     0x4870
 .debug_line    0x00000000      0x1ff ./Project_Settings/Startup_Code/kinetis_sysinit.o
 .debug_line    0x000001ff      0x28f ./Project_Settings/Startup_Code/__arm_start.o
 .debug_line    0x0000048e      0x25a ./Project_Settings/Startup_Code/__arm_end.o
 .debug_line    0x000006e8      0x5a3 ./Sources/LIN_Stack/bsp/UART/lin_lld_uart.o
 .debug_line    0x00000c8b      0x35d ./Sources/LIN_Stack/bsp/UART/lin_lld_timesrv.o
 .debug_line    0x00000fe8      0x2fe ./Sources/LIN_Stack/bsp/UART/lin_isr.o
 .debug_line    0x000012e6      0x355 ./Sources/LIN_Stack/coreapi/lin_lin21_proto.o
 .debug_line    0x0000163b      0x49c ./Sources/LIN_Stack/coreapi/lin_common_proto.o
 .debug_line    0x00001ad7      0x3c1 ./Sources/LIN_Stack/coreapi/lin_common_api.o
 .debug_line    0x00001e98      0x4a0 ./Sources/LIN_Stack/diagnostic/lin_diagnostic_service.o
 .debug_line    0x00002338      0x429 ./Sources/LIN_Stack/lowlevel/lin.o
 .debug_line    0x00002761      0x558 ./Sources/LIN_Stack/transport/lin_commontl_proto.o
 .debug_line    0x00002cb9      0x4a7 ./Sources/LIN_Stack/transport/lin_commontl_api.o
 .debug_line    0x00003160      0x1d8 ./Sources/driver/clock/clock.o
 .debug_line    0x00003338      0x455 ./Sources/driver/eeprom/eeprom.o
 .debug_line    0x0000378d      0x292 ./Sources/driver/ftm/ftm.o
 .debug_line    0x00003a1f      0x1d2 ./Sources/driver/gpio/gpio.o
 .debug_line    0x00003bf1      0x2cf ./Sources/lin_cfg/lin_cfg.o
 .debug_line    0x00003ec0      0x55d ./Sources/main.o
 .debug_line    0x0000441d       0x8d D:/CW11.0/CW MCU v11.0/MCU/ARM_GCC_Support/ewl/lib/armv6-m\libc.a(exit.o)
 .debug_line    0x000044aa       0x90 D:/CW11.0/CW MCU v11.0/MCU/ARM_GCC_Support/ewl/lib/armv6-m\libc.a(memset.o)
 .debug_line    0x0000453a       0xf6 D:/CW11.0/CW MCU v11.0/MCU/ARM_GCC_Support/ewl/lib/armv6-m\libc.a(__filll_mem.o)
 .debug_line    0x00004630       0x6c D:/CW11.0/CW MCU v11.0/MCU/ARM_GCC_Support/ewl/lib/armv6-m\librt.a(gcc_ctor_dtor.o)
 .debug_line    0x0000469c      0x117 D:/CW11.0/CW MCU v11.0/MCU/ARM_GCC_Support/ewl/lib/armv6-m\librt.a(__arm_eabi_init.o)
 .debug_line    0x000047b3       0xbd D:/CW11.0/CW MCU v11.0/MCU/ARM_GCC_Support/ewl/lib/armv6-m\librt.a(ROMCopy.o)

.debug_str      0x00000000     0x270a
 .debug_str     0x00000000      0x1d9 ./Project_Settings/Startup_Code/kinetis_sysinit.o
                                0x200 (size before relaxing)
 .debug_str     0x000001d9       0x85 ./Project_Settings/Startup_Code/__arm_start.o
                                0x194 (size before relaxing)
 .debug_str     0x0000025e       0x3a ./Project_Settings/Startup_Code/__arm_end.o
                                 0xcb (size before relaxing)
 .debug_str     0x00000298      0x7de ./Sources/LIN_Stack/bsp/UART/lin_lld_uart.o
                                0x94a (size before relaxing)
 .debug_str     0x00000a76      0x382 ./Sources/LIN_Stack/bsp/UART/lin_lld_timesrv.o
                                0x509 (size before relaxing)
 .debug_str     0x00000df8       0x4e ./Sources/LIN_Stack/bsp/UART/lin_isr.o
                                0x214 (size before relaxing)
 .debug_str     0x00000e46      0x267 ./Sources/LIN_Stack/coreapi/lin_lin21_proto.o
                                0x3c0 (size before relaxing)
 .debug_str     0x000010ad      0x4cd ./Sources/LIN_Stack/coreapi/lin_common_proto.o
                                0xa47 (size before relaxing)
 .debug_str     0x0000157a       0xc5 ./Sources/LIN_Stack/coreapi/lin_common_api.o
                                0x294 (size before relaxing)
 .debug_str     0x0000163f      0x1aa ./Sources/LIN_Stack/diagnostic/lin_diagnostic_service.o
                                0x313 (size before relaxing)
 .debug_str     0x000017e9      0x225 ./Sources/LIN_Stack/lowlevel/lin.o
                                0x37f (size before relaxing)
 .debug_str     0x00001a0e      0x17f ./Sources/LIN_Stack/transport/lin_commontl_proto.o
                                0x657 (size before relaxing)
 .debug_str     0x00001b8d      0x1ae ./Sources/LIN_Stack/transport/lin_commontl_api.o
                                0x6a1 (size before relaxing)
 .debug_str     0x00001d3b       0x42 ./Sources/driver/clock/clock.o
                                0x147 (size before relaxing)
 .debug_str     0x00001d7d      0x2aa ./Sources/driver/eeprom/eeprom.o
                                0x3ed (size before relaxing)
 .debug_str     0x00002027       0xd2 ./Sources/driver/ftm/ftm.o
                                0x59e (size before relaxing)
 .debug_str     0x000020f9       0x66 ./Sources/driver/gpio/gpio.o
                                0x1af (size before relaxing)
 .debug_str     0x0000215f      0x137 ./Sources/lin_cfg/lin_cfg.o
                                0xba0 (size before relaxing)
 .debug_str     0x00002296      0x11d ./Sources/main.o
                                0x51e (size before relaxing)
 .debug_str     0x000023b3       0x4e D:/CW11.0/CW MCU v11.0/MCU/ARM_GCC_Support/ewl/lib/armv6-m\libc.a(exit.o)
                                0x157 (size before relaxing)
 .debug_str     0x00002401       0x23 D:/CW11.0/CW MCU v11.0/MCU/ARM_GCC_Support/ewl/lib/armv6-m\libc.a(memset.o)
                                0x140 (size before relaxing)
 .debug_str     0x00002424       0x2d D:/CW11.0/CW MCU v11.0/MCU/ARM_GCC_Support/ewl/lib/armv6-m\libc.a(__filll_mem.o)
                                0x152 (size before relaxing)
 .debug_str     0x00002451      0x126 D:/CW11.0/CW MCU v11.0/MCU/ARM_GCC_Support/ewl/lib/armv6-m\librt.a(gcc_ctor_dtor.o)
                                0x181 (size before relaxing)
 .debug_str     0x00002577       0xf8 D:/CW11.0/CW MCU v11.0/MCU/ARM_GCC_Support/ewl/lib/armv6-m\librt.a(__arm_eabi_init.o)
                                0x1b5 (size before relaxing)
 .debug_str     0x0000266f       0x9b D:/CW11.0/CW MCU v11.0/MCU/ARM_GCC_Support/ewl/lib/armv6-m\librt.a(ROMCopy.o)
                                0x13c (size before relaxing)

.comment        0x00000000       0x79
 .comment       0x00000000       0x79 ./Project_Settings/Startup_Code/kinetis_sysinit.o
                                 0x7a (size before relaxing)
 .comment       0x00000000       0x7a ./Project_Settings/Startup_Code/__arm_start.o
 .comment       0x00000000       0x7a ./Project_Settings/Startup_Code/__arm_end.o
 .comment       0x00000000       0x7a ./Sources/LIN_Stack/bsp/UART/lin_lld_uart.o
 .comment       0x00000000       0x7a ./Sources/LIN_Stack/bsp/UART/lin_lld_timesrv.o
 .comment       0x00000000       0x7a ./Sources/LIN_Stack/bsp/UART/lin_isr.o
 .comment       0x00000000       0x7a ./Sources/LIN_Stack/coreapi/lin_lin21_proto.o
 .comment       0x00000000       0x7a ./Sources/LIN_Stack/coreapi/lin_common_proto.o
 .comment       0x00000000       0x7a ./Sources/LIN_Stack/coreapi/lin_common_api.o
 .comment       0x00000000       0x7a ./Sources/LIN_Stack/diagnostic/lin_diagnostic_service.o
 .comment       0x00000000       0x7a ./Sources/LIN_Stack/lowlevel/lin.o
 .comment       0x00000000       0x7a ./Sources/LIN_Stack/transport/lin_commontl_proto.o
 .comment       0x00000000       0x7a ./Sources/LIN_Stack/transport/lin_commontl_api.o
 .comment       0x00000000       0x7a ./Sources/driver/clock/clock.o
 .comment       0x00000000       0x7a ./Sources/driver/eeprom/eeprom.o
 .comment       0x00000000       0x7a ./Sources/driver/ftm/ftm.o
 .comment       0x00000000       0x7a ./Sources/driver/gpio/gpio.o
 .comment       0x00000000       0x7a ./Sources/lin_cfg/lin_cfg.o
 .comment       0x00000000       0x7a ./Sources/main.o
 .comment       0x00000000       0x7a D:/CW11.0/CW MCU v11.0/MCU/ARM_GCC_Support/ewl/lib/armv6-m\libc.a(exit.o)
 .comment       0x00000000       0x7a D:/CW11.0/CW MCU v11.0/MCU/ARM_GCC_Support/ewl/lib/armv6-m\libc.a(memset.o)
 .comment       0x00000000       0x7a D:/CW11.0/CW MCU v11.0/MCU/ARM_GCC_Support/ewl/lib/armv6-m\libc.a(__filll_mem.o)
 .comment       0x00000000       0x7a D:/CW11.0/CW MCU v11.0/MCU/ARM_GCC_Support/ewl/lib/armv6-m\librt.a(gcc_ctor_dtor.o)
 .comment       0x00000000       0x7a D:/CW11.0/CW MCU v11.0/MCU/ARM_GCC_Support/ewl/lib/armv6-m\librt.a(__arm_eabi_init.o)
 .comment       0x00000000       0x7a D:/CW11.0/CW MCU v11.0/MCU/ARM_GCC_Support/ewl/lib/armv6-m\librt.a(ROMCopy.o)

.debug_frame    0x00000000     0x1254
 .debug_frame   0x00000000       0x48 ./Project_Settings/Startup_Code/kinetis_sysinit.o
 .debug_frame   0x00000048       0x4c ./Project_Settings/Startup_Code/__arm_start.o
 .debug_frame   0x00000094       0x30 ./Project_Settings/Startup_Code/__arm_end.o
 .debug_frame   0x000000c4      0x1ac ./Sources/LIN_Stack/bsp/UART/lin_lld_uart.o
 .debug_frame   0x00000270       0x48 ./Sources/LIN_Stack/bsp/UART/lin_lld_timesrv.o
 .debug_frame   0x000002b8       0x4c ./Sources/LIN_Stack/bsp/UART/lin_isr.o
 .debug_frame   0x00000304       0x70 ./Sources/LIN_Stack/coreapi/lin_lin21_proto.o
 .debug_frame   0x00000374      0x168 ./Sources/LIN_Stack/coreapi/lin_common_proto.o
 .debug_frame   0x000004dc      0x14c ./Sources/LIN_Stack/coreapi/lin_common_api.o
 .debug_frame   0x00000628       0xec ./Sources/LIN_Stack/diagnostic/lin_diagnostic_service.o
 .debug_frame   0x00000714      0x204 ./Sources/LIN_Stack/lowlevel/lin.o
 .debug_frame   0x00000918       0xf0 ./Sources/LIN_Stack/transport/lin_commontl_proto.o
 .debug_frame   0x00000a08      0x15c ./Sources/LIN_Stack/transport/lin_commontl_api.o
 .debug_frame   0x00000b64       0x2c ./Sources/driver/clock/clock.o
 .debug_frame   0x00000b90      0x150 ./Sources/driver/eeprom/eeprom.o
 .debug_frame   0x00000ce0       0x4c ./Sources/driver/ftm/ftm.o
 .debug_frame   0x00000d2c       0x2c ./Sources/driver/gpio/gpio.o
 .debug_frame   0x00000d58       0x30 ./Sources/lin_cfg/lin_cfg.o
 .debug_frame   0x00000d88      0x120 ./Sources/main.o
 .debug_frame   0x00000ea8       0x2c D:/CW11.0/CW MCU v11.0/MCU/ARM_GCC_Support/ewl/lib/armv6-m\libc.a(exit.o)
 .debug_frame   0x00000ed4       0x28 D:/CW11.0/CW MCU v11.0/MCU/ARM_GCC_Support/ewl/lib/armv6-m\libc.a(memset.o)
 .debug_frame   0x00000efc       0x2c D:/CW11.0/CW MCU v11.0/MCU/ARM_GCC_Support/ewl/lib/armv6-m\libc.a(__filll_mem.o)
 .debug_frame   0x00000f28       0x20 d:/cw11.0/cw mcu v11.0/cross_tools/arm-none-eabi-gcc-4_7_3/bin/../lib/gcc/arm-none-eabi/4.7.3/armv6-m\libgcc.a(_udivsi3.o)
 .debug_frame   0x00000f48       0x20 d:/cw11.0/cw mcu v11.0/cross_tools/arm-none-eabi-gcc-4_7_3/bin/../lib/gcc/arm-none-eabi/4.7.3/armv6-m\libgcc.a(_divsi3.o)
 .debug_frame   0x00000f68       0x2c d:/cw11.0/cw mcu v11.0/cross_tools/arm-none-eabi-gcc-4_7_3/bin/../lib/gcc/arm-none-eabi/4.7.3/armv6-m\libgcc.a(_fixunsdfsi.o)
 .debug_frame   0x00000f94       0x3c d:/cw11.0/cw mcu v11.0/cross_tools/arm-none-eabi-gcc-4_7_3/bin/../lib/gcc/arm-none-eabi/4.7.3/armv6-m\libgcc.a(adddf3.o)
 .debug_frame   0x00000fd0       0x38 d:/cw11.0/cw mcu v11.0/cross_tools/arm-none-eabi-gcc-4_7_3/bin/../lib/gcc/arm-none-eabi/4.7.3/armv6-m\libgcc.a(subdf3.o)
 .debug_frame   0x00001008       0x2c d:/cw11.0/cw mcu v11.0/cross_tools/arm-none-eabi-gcc-4_7_3/bin/../lib/gcc/arm-none-eabi/4.7.3/armv6-m\libgcc.a(fixdfsi.o)
 .debug_frame   0x00001034       0x2c d:/cw11.0/cw mcu v11.0/cross_tools/arm-none-eabi-gcc-4_7_3/bin/../lib/gcc/arm-none-eabi/4.7.3/armv6-m\libgcc.a(floatunsidf.o)
 .debug_frame   0x00001060       0x34 d:/cw11.0/cw mcu v11.0/cross_tools/arm-none-eabi-gcc-4_7_3/bin/../lib/gcc/arm-none-eabi/4.7.3/armv6-m\libgcc.a(eqdf2.o)
 .debug_frame   0x00001094       0x38 d:/cw11.0/cw mcu v11.0/cross_tools/arm-none-eabi-gcc-4_7_3/bin/../lib/gcc/arm-none-eabi/4.7.3/armv6-m\libgcc.a(gedf2.o)
 .debug_frame   0x000010cc       0x38 d:/cw11.0/cw mcu v11.0/cross_tools/arm-none-eabi-gcc-4_7_3/bin/../lib/gcc/arm-none-eabi/4.7.3/armv6-m\libgcc.a(ledf2.o)
 .debug_frame   0x00001104       0x40 D:/CW11.0/CW MCU v11.0/MCU/ARM_GCC_Support/ewl/lib/armv6-m\librt.a(gcc_ctor_dtor.o)
 .debug_frame   0x00001144       0xbc D:/CW11.0/CW MCU v11.0/MCU/ARM_GCC_Support/ewl/lib/armv6-m\librt.a(__arm_eabi_init.o)
 .debug_frame   0x00001200       0x54 D:/CW11.0/CW MCU v11.0/MCU/ARM_GCC_Support/ewl/lib/armv6-m\librt.a(ROMCopy.o)
