Archive member included because of file (symbol)

D:/CW11.0/CW MCU v11.0/MCU/ARM_GCC_Support/ewl/lib/armv6-m\libc.a(exit.o)
                              ./Project_Settings/Startup_Code/__arm_start.o (exit)
D:/CW11.0/CW MCU v11.0/MCU/ARM_GCC_Support/ewl/lib/armv6-m\libc.a(rand.o)
                              ./Sources/Driver/LIN_Stack/Diagnostic/lin_diagnostic_service.o (rand)
D:/CW11.0/CW MCU v11.0/MCU/ARM_GCC_Support/ewl/lib/armv6-m\libc.a(memset.o)
                              ./Project_Settings/Startup_Code/__arm_start.o (memset)
D:/CW11.0/CW MCU v11.0/MCU/ARM_GCC_Support/ewl/lib/armv6-m\libc.a(__filll_mem.o)
                              D:/CW11.0/CW MCU v11.0/MCU/ARM_GCC_Support/ewl/lib/armv6-m\libc.a(memset.o) (__fill_mem)
d:/cw11.0/cw mcu v11.0/cross_tools/arm-none-eabi-gcc-4_7_3/bin/../lib/gcc/arm-none-eabi/4.7.3/armv6-m\libgcc.a(_udivsi3.o)
                              ./Sources/Application/Auto_air/auto_air.o (__aeabi_uidiv)
d:/cw11.0/cw mcu v11.0/cross_tools/arm-none-eabi-gcc-4_7_3/bin/../lib/gcc/arm-none-eabi/4.7.3/armv6-m\libgcc.a(_divsi3.o)
                              ./Sources/Transport/lin_transport/lin_commontl_proto.o (__aeabi_idiv)
d:/cw11.0/cw mcu v11.0/cross_tools/arm-none-eabi-gcc-4_7_3/bin/../lib/gcc/arm-none-eabi/4.7.3/armv6-m\libgcc.a(_dvmd_tls.o)
                              d:/cw11.0/cw mcu v11.0/cross_tools/arm-none-eabi-gcc-4_7_3/bin/../lib/gcc/arm-none-eabi/4.7.3/armv6-m\libgcc.a(_udivsi3.o) (__aeabi_idiv0)
d:/cw11.0/cw mcu v11.0/cross_tools/arm-none-eabi-gcc-4_7_3/bin/../lib/gcc/arm-none-eabi/4.7.3/armv6-m\libgcc.a(_fixunsdfsi.o)
                              ./Sources/Driver/LIN_Stack/bsp/UART/lin_isr.o (__aeabi_d2uiz)
d:/cw11.0/cw mcu v11.0/cross_tools/arm-none-eabi-gcc-4_7_3/bin/../lib/gcc/arm-none-eabi/4.7.3/armv6-m\libgcc.a(adddf3.o)
                              ./Sources/Driver/LIN_Stack/bsp/UART/lin_isr.o (__aeabi_dadd)
d:/cw11.0/cw mcu v11.0/cross_tools/arm-none-eabi-gcc-4_7_3/bin/../lib/gcc/arm-none-eabi/4.7.3/armv6-m\libgcc.a(subdf3.o)
                              d:/cw11.0/cw mcu v11.0/cross_tools/arm-none-eabi-gcc-4_7_3/bin/../lib/gcc/arm-none-eabi/4.7.3/armv6-m\libgcc.a(_fixunsdfsi.o) (__aeabi_dsub)
d:/cw11.0/cw mcu v11.0/cross_tools/arm-none-eabi-gcc-4_7_3/bin/../lib/gcc/arm-none-eabi/4.7.3/armv6-m\libgcc.a(fixdfsi.o)
                              d:/cw11.0/cw mcu v11.0/cross_tools/arm-none-eabi-gcc-4_7_3/bin/../lib/gcc/arm-none-eabi/4.7.3/armv6-m\libgcc.a(_fixunsdfsi.o) (__aeabi_d2iz)
d:/cw11.0/cw mcu v11.0/cross_tools/arm-none-eabi-gcc-4_7_3/bin/../lib/gcc/arm-none-eabi/4.7.3/armv6-m\libgcc.a(floatunsidf.o)
                              ./Sources/Driver/LIN_Stack/bsp/UART/lin_isr.o (__aeabi_ui2d)
d:/cw11.0/cw mcu v11.0/cross_tools/arm-none-eabi-gcc-4_7_3/bin/../lib/gcc/arm-none-eabi/4.7.3/armv6-m\libgcc.a(_arm_cmpdf2.o)
                              d:/cw11.0/cw mcu v11.0/cross_tools/arm-none-eabi-gcc-4_7_3/bin/../lib/gcc/arm-none-eabi/4.7.3/armv6-m\libgcc.a(_fixunsdfsi.o) (__aeabi_dcmpge)
d:/cw11.0/cw mcu v11.0/cross_tools/arm-none-eabi-gcc-4_7_3/bin/../lib/gcc/arm-none-eabi/4.7.3/armv6-m\libgcc.a(_clzsi2.o)
                              d:/cw11.0/cw mcu v11.0/cross_tools/arm-none-eabi-gcc-4_7_3/bin/../lib/gcc/arm-none-eabi/4.7.3/armv6-m\libgcc.a(adddf3.o) (__clzsi2)
d:/cw11.0/cw mcu v11.0/cross_tools/arm-none-eabi-gcc-4_7_3/bin/../lib/gcc/arm-none-eabi/4.7.3/armv6-m\libgcc.a(eqdf2.o)
                              d:/cw11.0/cw mcu v11.0/cross_tools/arm-none-eabi-gcc-4_7_3/bin/../lib/gcc/arm-none-eabi/4.7.3/armv6-m\libgcc.a(_arm_cmpdf2.o) (__eqdf2)
d:/cw11.0/cw mcu v11.0/cross_tools/arm-none-eabi-gcc-4_7_3/bin/../lib/gcc/arm-none-eabi/4.7.3/armv6-m\libgcc.a(gedf2.o)
                              d:/cw11.0/cw mcu v11.0/cross_tools/arm-none-eabi-gcc-4_7_3/bin/../lib/gcc/arm-none-eabi/4.7.3/armv6-m\libgcc.a(_arm_cmpdf2.o) (__gedf2)
d:/cw11.0/cw mcu v11.0/cross_tools/arm-none-eabi-gcc-4_7_3/bin/../lib/gcc/arm-none-eabi/4.7.3/armv6-m\libgcc.a(ledf2.o)
                              d:/cw11.0/cw mcu v11.0/cross_tools/arm-none-eabi-gcc-4_7_3/bin/../lib/gcc/arm-none-eabi/4.7.3/armv6-m\libgcc.a(_arm_cmpdf2.o) (__ledf2)
D:/CW11.0/CW MCU v11.0/MCU/ARM_GCC_Support/ewl/lib/armv6-m\librt.a(gcc_ctor_dtor.o)
                              ./Project_Settings/Startup_Code/__arm_start.o (__init_cpp)
D:/CW11.0/CW MCU v11.0/MCU/ARM_GCC_Support/ewl/lib/armv6-m\librt.a(__arm_eabi_init.o)
                              D:/CW11.0/CW MCU v11.0/MCU/ARM_GCC_Support/ewl/lib/armv6-m\libc.a(exit.o) (__destroy_global_chain)
D:/CW11.0/CW MCU v11.0/MCU/ARM_GCC_Support/ewl/lib/armv6-m\librt.a(ROMCopy.o)
                              ./Project_Settings/Startup_Code/__arm_start.o (__copy_rom_sections_to_ram)

Allocating common symbols
Common symbol       size              file

tl_rx_msg_status    0x1               ./Sources/Transport/lin_cfg/lin_cfg.o
Timer_500ms_flag    0x1               ./Sources/Application/main.o
[...]
Memory Configuration

Name             Origin             Length             Attributes
m_interrupts     0x00005000         0x000000c0         xr
m_cfmprotrom     0x00000400         0x00000010         xr
m_text           0x000050c0         0x0000af40         xr
m_data           0x1ffffc00         0x00001000         xrw
*default*        0x00000000         0xffffffff

Linker script and memory map

LOAD ./Project_Settings/Startup_Code/kinetis_sysinit.o
LOAD ./Project_Settings/Startup_Code/__arm_start.o
LOAD ./Project_Settings/Startup_Code/__arm_end.o
LOAD ./Sources/Application/Auto_air/auto_air.o
LOAD ./Sources/Application/Auto_hud/auto_hud.o
LOAD ./Sources/Application/Auto_humid/auto_humid.o
LOAD ./Sources/Application/Auto_light/auto_light.o
LOAD ./Sources/Application/Auto_wiper/auto_wiper.o
LOAD ./Sources/Application/Battery/battery.o
LOAD ./Sources/Application/Config_parameters/config_parameter.o
LOAD ./Sources/Application/Self_Adapt/self_adapt.o
LOAD ./Sources/Application/Sleep/sleep.o
LOAD ./Sources/Application/main.o
LOAD ./Sources/Driver/IIC/iic.o
LOAD ./Sources/Driver/LIN_Stack/Diagnostic/lin_diagnostic_service.o
LOAD ./Sources/Driver/LIN_Stack/bsp/UART/lin_lld_uart.o
LOAD ./Sources/Driver/LIN_Stack/bsp/UART/lin_lld_timesrv.o
LOAD ./Sources/Driver/LIN_Stack/bsp/UART/lin_isr.o
LOAD ./Sources/Driver/LIN_Stack/coreapi/lin_lin21_proto.o
LOAD ./Sources/Driver/LIN_Stack/coreapi/lin_lin21_api.o
LOAD ./Sources/Driver/LIN_Stack/coreapi/lin_j2602_proto.o
LOAD ./Sources/Driver/LIN_Stack/coreapi/lin_j2602_api.o
LOAD ./Sources/Driver/LIN_Stack/coreapi/lin_common_proto.o
LOAD ./Sources/Driver/LIN_Stack/coreapi/lin_common_api.o
LOAD ./Sources/Driver/LIN_Stack/lowlevel/lin.o
LOAD ./Sources/Driver/SPI/spi.o
LOAD ./Sources/Driver/adc/adc.o
LOAD ./Sources/Driver/clock/clock.o
LOAD ./Sources/Driver/eeprom/eeprom.o
LOAD ./Sources/Driver/ftm/ftm.o
LOAD ./Sources/Driver/gpio/gpio.o
LOAD ./Sources/Driver/pmc/pmc.o
LOAD ./Sources/Driver/rtc/rtc.o
LOAD ./Sources/Driver/watchdog/watchdog.o
LOAD ./Sources/Transport/LIN_app/lin_app.o
LOAD ./Sources/Transport/Local_eep_data/local_eep_data.o
LOAD ./Sources/Transport/MLX75308/mlx75308.o
LOAD ./Sources/Transport/lin_cfg/lin_cfg.o
LOAD ./Sources/Transport/lin_transport/lin_lin21tl_api.o
LOAD ./Sources/Transport/lin_transport/lin_j2602tl_api.o
LOAD ./Sources/Transport/lin_transport/lin_commontl_proto.o
LOAD ./Sources/Transport/lin_transport/lin_commontl_api.o
START GROUP
LOAD D:/CW11.0/CW MCU v11.0/MCU/ARM_GCC_Support/ewl/lib/armv6-m\libc.a
LOAD D:/CW11.0/CW MCU v11.0/MCU/ARM_GCC_Support/ewl/lib/armv6-m\libm.a
LOAD d:/cw11.0/cw mcu v11.0/cross_tools/arm-none-eabi-gcc-4_7_3/bin/../lib/gcc/arm-none-eabi/4.7.3/armv6-m\libgcc.a
LOAD D:/CW11.0/CW MCU v11.0/MCU/ARM_GCC_Support/ewl/lib/armv6-m\librt.a
END GROUP
                0x20000c00                _estack = 0x20000c00
                0x20000c00                __SP_INIT = _estack
                0x00000100                __heap_size = 0x100
                0x00000100                __stack_size = 0x100

.interrupts     0x00005000       0xc0
                0x00005000                __vector_table = .
                0x00005000                . = ALIGN (0x4)
 *(.vectortable)
 .vectortable   0x00005000       0xc0 ./Project_Settings/Startup_Code/kinetis_sysinit.o
                0x00005000                InterruptVector
                0x000050c0                . = ALIGN (0x4)

.cfmprotect     0x00000400        0x0
                0x00000400                . = ALIGN (0x4)
 *(.cfmconfig)
                0x00000400                . = ALIGN (0x4)

.text           0x000050c0     0x9674
                0x000050c0                . = ALIGN (0x4)
 *(.text)
 .text          0x000050c0       0x9c d:/cw11.0/cw mcu v11.0/cross_tools/arm-none-eabi-gcc-4_7_3/bin/../lib/gcc/arm-none-eabi/4.7.3/armv6-m\libgcc.a(_udivsi3.o)
                0x000050c0                __aeabi_uidiv
                0x000050c0                __udivsi3
                0x00005148                __aeabi_uidivmod
 .text          0x0000515c       0xc0 d:/cw11.0/cw mcu v11.0/cross_tools/arm-none-eabi-gcc-4_7_3/bin/../lib/gcc/arm-none-eabi/4.7.3/armv6-m\libgcc.a(_divsi3.o)
                0x0000515c                __divsi3
                0x0000515c                __aeabi_idiv
                0x00005208                __aeabi_idivmod
 .text          0x0000521c        0x4 d:/cw11.0/cw mcu v11.0/cross_tools/arm-none-eabi-gcc-4_7_3/bin/../lib/gcc/arm-none-eabi/4.7.3/armv6-m\libgcc.a(_dvmd_tls.o)
                0x0000521c                __aeabi_idiv0
                0x0000521c                __aeabi_ldiv0
 .text          0x00005220       0x40 d:/cw11.0/cw mcu v11.0/cross_tools/arm-none-eabi-gcc-4_7_3/bin/../lib/gcc/arm-none-eabi/4.7.3/armv6-m\libgcc.a(_fixunsdfsi.o)
                0x00005220                __aeabi_d2uiz
                0x00005220                __fixunsdfsi
 .text          0x00005260      0x758 d:/cw11.0/cw mcu v11.0/cross_tools/arm-none-eabi-gcc-4_7_3/bin/../lib/gcc/arm-none-eabi/4.7.3/armv6-m\libgcc.a(adddf3.o)
                0x00005260                __aeabi_dadd
 .text          0x000059b8      0x6f8 d:/cw11.0/cw mcu v11.0/cross_tools/arm-none-eabi-gcc-4_7_3/bin/../lib/gcc/arm-none-eabi/4.7.3/armv6-m\libgcc.a(subdf3.o)
                0x000059b8                __aeabi_dsub
 .text          0x000060b0       0x68 d:/cw11.0/cw mcu v11.0/cross_tools/arm-none-eabi-gcc-4_7_3/bin/../lib/gcc/arm-none-eabi/4.7.3/armv6-m\libgcc.a(fixdfsi.o)
                0x000060b0                __aeabi_d2iz
 .text          0x00006118       0x64 d:/cw11.0/cw mcu v11.0/cross_tools/arm-none-eabi-gcc-4_7_3/bin/../lib/gcc/arm-none-eabi/4.7.3/armv6-m\libgcc.a(floatunsidf.o)
                0x00006118                __aeabi_ui2d
 .text          0x0000617c       0x7c d:/cw11.0/cw mcu v11.0/cross_tools/arm-none-eabi-gcc-4_7_3/bin/../lib/gcc/arm-none-eabi/4.7.3/armv6-m\libgcc.a(_arm_cmpdf2.o)
                0x0000617c                __aeabi_cdrcmple
                0x0000618c                __aeabi_cdcmple
                0x0000618c                __aeabi_cdcmpeq
                0x0000619c                __aeabi_dcmpeq
                0x000061a8                __aeabi_dcmplt
                0x000061bc                __aeabi_dcmple
                0x000061d0                __aeabi_dcmpgt
                0x000061e4                __aeabi_dcmpge
 .text          0x000061f8       0x3c d:/cw11.0/cw mcu v11.0/cross_tools/arm-none-eabi-gcc-4_7_3/bin/../lib/gcc/arm-none-eabi/4.7.3/armv6-m\libgcc.a(_clzsi2.o)
                0x000061f8                __clzsi2
 .text          0x00006234       0x7c d:/cw11.0/cw mcu v11.0/cross_tools/arm-none-eabi-gcc-4_7_3/bin/../lib/gcc/arm-none-eabi/4.7.3/armv6-m\libgcc.a(eqdf2.o)
                0x00006234                __nedf2
                0x00006234                __eqdf2
 .text          0x000062b0       0xe8 d:/cw11.0/cw mcu v11.0/cross_tools/arm-none-eabi-gcc-4_7_3/bin/../lib/gcc/arm-none-eabi/4.7.3/armv6-m\libgcc.a(gedf2.o)
                0x000062b0                __gedf2
                0x000062b0                __gtdf2
 .text          0x00006398       0xd8 d:/cw11.0/cw mcu v11.0/cross_tools/arm-none-eabi-gcc-4_7_3/bin/../lib/gcc/arm-none-eabi/4.7.3/armv6-m\libgcc.a(ledf2.o)
                0x00006398                __ledf2
                0x00006398                __ltdf2
 *(.text*)
 .text.Default_Handler
                0x00006470        0xc ./Project_Settings/Startup_Code/kinetis_sysinit.o
                0x00006470                I2C0_IRQHandler
                0x00006470                HardFault_Handler
                0x00006470                SysTick_Handler
                0x00006470                PendSV_Handler
                0x00006470                NMI_Handler
                0x00006470                ADC0_IRQHandler
                0x00006470                SPI1_IRQHandler
                0x00006470                UART2_SCI2_IRQHandler
                0x00006470                IRQ_IRQHandler
                0x00006470                PIT_CH0_IRQHandler
                0x00006470                Default_Handler
                0x00006470                ACMP0_IRQHandler
                0x00006470                SVC_Handler
                0x00006470                ICS_IRQHandler
                0x00006470                PIT_CH1_IRQHandler
                0x00006470                FTMRH_IRQHandler
                0x00006470                KBI0_IRQHandler
                0x00006470                PMC_IRQHandler
                0x00006470                SPI0_IRQHandler
                0x00006470                FTM2_IRQHandler
                0x00006470                ACMP1_IRQHandler
                0x00006470                KBI1_IRQHandler
                0x00006470                UART1_SCI1_IRQHandler
 .text.__init_hardware
                0x0000647c       0x38 ./Project_Settings/Startup_Code/kinetis_sysinit.o
                0x0000647c                __init_hardware
 .text.zero_fill_bss
                0x000064b4       0x24 ./Project_Settings/Startup_Code/__arm_start.o
 .text.__thumb_startup
                0x000064d8       0x30 ./Project_Settings/Startup_Code/__arm_start.o
                0x000064d8                __thumb_startup
 .text._ExitProcess
                0x00006508        0xc ./Project_Settings/Startup_Code/__arm_end.o
                0x00006508                _ExitProcess
 .text.Auto_Air_Var_Init
                0x00006514       0x24 ./Sources/Application/Auto_air/auto_air.o
                0x00006514                Auto_Air_Var_Init
 .text.Search_Table
                0x00006538      0x234 ./Sources/Application/Auto_air/auto_air.o
                0x00006538                Search_Table
 .text.RLS_Auto_Solar_Task
                0x0000676c      0x1e4 ./Sources/Application/Auto_air/auto_air.o
                0x0000676c                RLS_Auto_Solar_Task
 .text.Auto_Humid_Var_Init
                0x00006950       0x14 ./Sources/Application/Auto_humid/auto_humid.o
                0x00006950                Auto_Humid_Var_Init
 .text.Auto_light_Var_Init
                0x00006964       0x24 ./Sources/Application/Auto_light/auto_light.o
                0x00006964                Auto_light_Var_Init
 .text.RLS_AutoLightControl
                0x00006988      0x1bc ./Sources/Application/Auto_light/auto_light.o
                0x00006988                RLS_AutoLightControl
 .text.RLS_Light_Module_Fault_Process
                0x00006b44       0x88 ./Sources/Application/Auto_light/auto_light.o
                0x00006b44                RLS_Light_Module_Fault_Process
 .text.RLS_Auto_Light_Task
                0x00006bcc       0xa0 ./Sources/Application/Auto_light/auto_light.o
                0x00006bcc                RLS_Auto_Light_Task
 .text.Auto_Wiper_Var_Init
                0x00006c6c       0x68 ./Sources/Application/Auto_wiper/auto_wiper.o
                0x00006c6c                Auto_Wiper_Var_Init
 .text.RLS_Rain_Module_Fault_Process
                0x00006cd4       0x70 ./Sources/Application/Auto_wiper/auto_wiper.o
                0x00006cd4                RLS_Rain_Module_Fault_Process
 .text.RLS_Get_Rain_State
                0x00006d44      0x448 ./Sources/Application/Auto_wiper/auto_wiper.o
                0x00006d44                RLS_Get_Rain_State
 .text.RLS_Get_Rain_RainIntensity
                0x0000718c      0x1c0 ./Sources/Application/Auto_wiper/auto_wiper.o
                0x0000718c                RLS_Get_Rain_RainIntensity
 .text.RLS_Get_Rain_ExpectStage
                0x0000734c       0x14 ./Sources/Application/Auto_wiper/auto_wiper.o
                0x0000734c                RLS_Get_Rain_ExpectStage
 .text.RLS_Mask_False_Operation
                0x00007360      0x164 ./Sources/Application/Auto_wiper/auto_wiper.o
                0x00007360                RLS_Mask_False_Operation
 .text.RLS_Invalid_DataProcess
                0x000074c4      0x1a0 ./Sources/Application/Auto_wiper/auto_wiper.o
                0x000074c4                RLS_Invalid_DataProcess
 .text.RLS_Period_Time_Choose
                0x00007664      0x13c ./Sources/Application/Auto_wiper/auto_wiper.o
                0x00007664                RLS_Period_Time_Choose
 .text.RLS_Rain_State_Mchaine
                0x000077a0      0x5d4 ./Sources/Application/Auto_wiper/auto_wiper.o
                0x000077a0                RLS_Rain_State_Mchaine
 .text.RLS_Wipe_Park_Process
                0x00007d74       0x6c ./Sources/Application/Auto_wiper/auto_wiper.o
                0x00007d74                RLS_Wipe_Park_Process
 .text.RLS_Auto_Rain_Task
                0x00007de0       0x18 ./Sources/Application/Auto_wiper/auto_wiper.o
                0x00007de0                RLS_Auto_Rain_Task
 .text.RLS_Lin_Diag_Fucntion
                0x00007df8       0x34 ./Sources/Application/Auto_wiper/auto_wiper.o
                0x00007df8                RLS_Lin_Diag_Fucntion
 .text.Battery_Var_init
                0x00007e2c       0x30 ./Sources/Application/Battery/battery.o
                0x00007e2c                Battery_Var_init
 .text.RLS_Battery_Measurement
                0x00007e5c       0x3c ./Sources/Application/Battery/battery.o
                0x00007e5c                RLS_Battery_Measurement
 .text.RLS_Battery_State
                0x00007e98       0x94 ./Sources/Application/Battery/battery.o
                0x00007e98                RLS_Battery_State
 .text.Globle_Eep_parameter_Init
                0x00007f2c       0xa4 ./Sources/Application/Config_parameters/config_parameter.o
                0x00007f2c                Globle_Eep_parameter_Init
 .text.RLS_Chan_Self_Adapt
                0x00007fd0      0x250 ./Sources/Application/Self_Adapt/self_adapt.o
                0x00007fd0                RLS_Chan_Self_Adapt
 .text.RLS_SelfAdaptTask
                0x00008220       0x4c ./Sources/Application/Self_Adapt/self_adapt.o
                0x00008220                RLS_SelfAdaptTask
 .text.SPI_Enable
                0x0000826c       0x1c ./Sources/Application/Sleep/sleep.o
 .text.SPI_Disable
                0x00008288       0x1c ./Sources/Application/Sleep/sleep.o
 .text.Sleep_Var_Init
                0x000082a4       0x50 ./Sources/Application/Sleep/sleep.o
                0x000082a4                Sleep_Var_Init
 .text.Sleep_check
                0x000082f4       0x58 ./Sources/Application/Sleep/sleep.o
                0x000082f4                Sleep_check
 .text.Auto_Roof_Process
                0x0000834c      0x168 ./Sources/Application/Sleep/sleep.o
                0x0000834c                Auto_Roof_Process
 .text.Sleep_Process
                0x000084b4      0x144 ./Sources/Application/Sleep/sleep.o
                0x000084b4                Sleep_Process
 .text.Recover_Process
                0x000085f8       0x90 ./Sources/Application/Sleep/sleep.o
                0x000085f8                Recover_Process
 .text.Gloable_Var_Init
                0x00008688       0x8c ./Sources/Application/main.o
                0x00008688                Gloable_Var_Init
 .text.main     0x00008714      0x12c ./Sources/Application/main.o
                0x00008714                main
 .text.Diagnostic_Var_init
                0x00008840       0x28 ./Sources/Driver/LIN_Stack/Diagnostic/lin_diagnostic_service.o
                0x00008840                Diagnostic_Var_init
 .text.lin_diagservice_session_state
                0x00008868       0x58 ./Sources/Driver/LIN_Stack/Diagnostic/lin_diagnostic_service.o
                0x00008868                lin_diagservice_session_state
 .text.boot_jump_to_APP
                0x000088c0       0x18 ./Sources/Driver/LIN_Stack/Diagnostic/lin_diagnostic_service.o
                0x000088c0                boot_jump_to_APP
 .text.lin_diagservice_session_control
                0x000088d8       0xf8 ./Sources/Driver/LIN_Stack/Diagnostic/lin_diagnostic_service.o
                0x000088d8                lin_diagservice_session_control
 .text.uds_calc_key
                0x000089d0       0xa0 ./Sources/Driver/LIN_Stack/Diagnostic/lin_diagnostic_service.o
                0x000089d0                uds_calc_key
 .text.lin_diagservice_service_securityaccess
                0x00008a70      0x100 ./Sources/Driver/LIN_Stack/Diagnostic/lin_diagnostic_service.o
                0x00008a70                lin_diagservice_service_securityaccess
 .text.lin_diagservice_read_data_by_identifier
                0x00008b70      0x12c ./Sources/Driver/LIN_Stack/Diagnostic/lin_diagnostic_service.o
                0x00008b70                lin_diagservice_read_data_by_identifier
 .text.lin_diagservice_write_data_by_identifier
                0x00008c9c      0x2b8 ./Sources/Driver/LIN_Stack/Diagnostic/lin_diagnostic_service.o
                0x00008c9c                lin_diagservice_write_data_by_identifier
 .text.lin_diagservice_assign_frame_id_range
                0x00008f54      0x140 ./Sources/Driver/LIN_Stack/Diagnostic/lin_diagnostic_service.o
                0x00008f54                lin_diagservice_assign_frame_id_range
 .text.lin_diagservice_read_by_identifier
                0x00009094       0x74 ./Sources/Driver/LIN_Stack/Diagnostic/lin_diagnostic_service.o
                0x00009094                lin_diagservice_read_by_identifier
 .text.lin_condittional_change_nad
                0x00009108       0xa0 ./Sources/Driver/LIN_Stack/Diagnostic/lin_diagnostic_service.o
                0x00009108                lin_condittional_change_nad
 .text.lin_diagsrv_functional_service
                0x000091a8       0x1c ./Sources/Driver/LIN_Stack/Diagnostic/lin_diagnostic_service.o
                0x000091a8                lin_diagsrv_functional_service
 .text.lin_lld_uart_init
                0x000091c4       0xdc ./Sources/Driver/LIN_Stack/bsp/UART/lin_lld_uart.o
                0x000091c4                lin_lld_uart_init
 .text.lin_lld_uart_ignore_response
                0x000092a0        0xc ./Sources/Driver/LIN_Stack/bsp/UART/lin_lld_uart.o
                0x000092a0                lin_lld_uart_ignore_response
 .text.lin_lld_uart_set_low_power_mode
                0x000092ac       0x14 ./Sources/Driver/LIN_Stack/bsp/UART/lin_lld_uart.o
                0x000092ac                lin_lld_uart_set_low_power_mode
 .text.lin_lld_uart_rx_response
                0x000092c0       0x40 ./Sources/Driver/LIN_Stack/bsp/UART/lin_lld_uart.o
                0x000092c0                lin_lld_uart_rx_response
 .text.lin_lld_uart_tx_response
                0x00009300       0x58 ./Sources/Driver/LIN_Stack/bsp/UART/lin_lld_uart.o
                0x00009300                lin_lld_uart_tx_response
 .text.lin_lld_uart_timeout
                0x00009358      0x168 ./Sources/Driver/LIN_Stack/bsp/UART/lin_lld_uart.o
                0x00009358                lin_lld_uart_timeout
 .text.lin_goto_idle_state
                0x000094c0       0x44 ./Sources/Driver/LIN_Stack/bsp/UART/lin_lld_uart.o
                0x000094c0                lin_goto_idle_state
 .text.lin_lld_uart_rx_isr
                0x00009504      0x4f0 ./Sources/Driver/LIN_Stack/bsp/UART/lin_lld_uart.o
                0x00009504                lin_lld_uart_rx_isr
 .text.lin_lld_timer_K_init
                0x000099f4       0x7c ./Sources/Driver/LIN_Stack/bsp/UART/lin_lld_timesrv.o
                0x000099f4                lin_lld_timer_K_init
 .text.lin_lld_timer_isr
                0x00009a70        0xc ./Sources/Driver/LIN_Stack/bsp/UART/lin_lld_timesrv.o
                0x00009a70                lin_lld_timer_isr
 .text.UART0_SCI0_IRQHandler
                0x00009a7c        0xc ./Sources/Driver/LIN_Stack/bsp/UART/lin_isr.o
                0x00009a7c                UART0_SCI0_IRQHandler
 .text.FTM1_IRQHandler
                0x00009a88       0x68 ./Sources/Driver/LIN_Stack/bsp/UART/lin_isr.o
                0x00009a88                FTM1_IRQHandler
 .text.lin_update_word_status_lin21
                0x00009af0       0x7c ./Sources/Driver/LIN_Stack/coreapi/lin_lin21_proto.o
                0x00009af0                lin_update_word_status_lin21
 .text.lin_update_err_signal
                0x00009b6c       0x7c ./Sources/Driver/LIN_Stack/coreapi/lin_lin21_proto.o
                0x00009b6c                lin_update_err_signal
 .text.lin_make_res_evnt_frame
                0x00009be8       0x38 ./Sources/Driver/LIN_Stack/coreapi/lin_lin21_proto.o
                0x00009be8                lin_make_res_evnt_frame
 .text.lin_pid_response_callback_handler
                0x00009c20       0x78 ./Sources/Driver/LIN_Stack/coreapi/lin_common_proto.o
                0x00009c20                lin_pid_response_callback_handler
 .text.lin_process_pid
                0x00009c98      0x15c ./Sources/Driver/LIN_Stack/coreapi/lin_common_proto.o
                0x00009c98                lin_process_pid
 .text.lin_update_rx
                0x00009df4       0xe8 ./Sources/Driver/LIN_Stack/coreapi/lin_common_proto.o
                0x00009df4                lin_update_rx
 .text.lin_update_tx
                0x00009edc       0xd0 ./Sources/Driver/LIN_Stack/coreapi/lin_common_proto.o
                0x00009edc                lin_update_tx
 .text.lin_handle_error
                0x00009fac       0xd8 ./Sources/Driver/LIN_Stack/coreapi/lin_common_proto.o
                0x00009fac                lin_handle_error
 .text.lin_bus_activity_timeout
                0x0000a084       0x20 ./Sources/Driver/LIN_Stack/coreapi/lin_common_proto.o
                0x0000a084                lin_bus_activity_timeout
 .text.lin_update_tx_flags
                0x0000a0a4       0xe0 ./Sources/Driver/LIN_Stack/coreapi/lin_common_proto.o
                0x0000a0a4                lin_update_tx_flags
 .text.lin_update_rx_diag_frame
                0x0000a184       0x28 ./Sources/Driver/LIN_Stack/coreapi/lin_common_proto.o
                0x0000a184                lin_update_rx_diag_frame
 .text.lin_make_res_diag_frame
                0x0000a1ac        0xc ./Sources/Driver/LIN_Stack/coreapi/lin_common_proto.o
                0x0000a1ac                lin_make_res_diag_frame
 .text.lin_get_frame_index
                0x0000a1b8       0x5c ./Sources/Driver/LIN_Stack/coreapi/lin_common_proto.o
                0x0000a1b8                lin_get_frame_index
 .text.lin_process_uncd_frame
                0x0000a214      0x130 ./Sources/Driver/LIN_Stack/coreapi/lin_common_proto.o
                0x0000a214                lin_process_uncd_frame
 .text.l_sys_init
                0x0000a344       0x10 ./Sources/Driver/LIN_Stack/coreapi/lin_common_api.o
                0x0000a344                l_sys_init
 .text.l_ifc_init
                0x0000a354       0x1c ./Sources/Driver/LIN_Stack/coreapi/lin_common_api.o
                0x0000a354                l_ifc_init
 .text.lin_lld_init
                0x0000a370       0x14 ./Sources/Driver/LIN_Stack/lowlevel/lin.o
                0x0000a370                lin_lld_init
 .text.lin_lld_ignore_response
                0x0000a384       0x10 ./Sources/Driver/LIN_Stack/lowlevel/lin.o
                0x0000a384                lin_lld_ignore_response
 .text.lin_lld_set_low_power_mode
                0x0000a394       0x10 ./Sources/Driver/LIN_Stack/lowlevel/lin.o
                0x0000a394                lin_lld_set_low_power_mode
 .text.lin_lld_set_response
                0x0000a3a4       0x4c ./Sources/Driver/LIN_Stack/lowlevel/lin.o
                0x0000a3a4                lin_lld_set_response
 .text.lin_lld_rx_response
                0x0000a3f0       0x20 ./Sources/Driver/LIN_Stack/lowlevel/lin.o
                0x0000a3f0                lin_lld_rx_response
 .text.lin_process_parity
                0x0000a410       0xf0 ./Sources/Driver/LIN_Stack/lowlevel/lin.o
                0x0000a410                lin_process_parity
 .text.lin_checksum
                0x0000a500       0x9c ./Sources/Driver/LIN_Stack/lowlevel/lin.o
                0x0000a500                lin_checksum
 .text.lin_lld_timer_init
                0x0000a59c        0xc ./Sources/Driver/LIN_Stack/lowlevel/lin.o
                0x0000a59c                lin_lld_timer_init
 .text.SPI_COM  0x0000a5a8       0x68 ./Sources/Driver/SPI/spi.o
                0x0000a5a8                SPI_COM
 .text.SPI_Init
                0x0000a610       0x74 ./Sources/Driver/SPI/spi.o
                0x0000a610                SPI_Init
 .text.SPI_SetBaudRate
                0x0000a684       0xe4 ./Sources/Driver/SPI/spi.o
                0x0000a684                SPI_SetBaudRate
 .text.SPI_Wr_Cmd
                0x0000a768      0x174 ./Sources/Driver/SPI/spi.o
                0x0000a768                SPI_Wr_Cmd
 .text.SPI_Wr_Reg
                0x0000a8dc      0x298 ./Sources/Driver/SPI/spi.o
                0x0000a8dc                SPI_Wr_Reg
 .text.SPI_Rd_Reg
                0x0000ab74       0xc4 ./Sources/Driver/SPI/spi.o
                0x0000ab74                SPI_Rd_Reg
 .text.MLX75308_SetPara
                0x0000ac38      0x49c ./Sources/Driver/SPI/spi.o
                0x0000ac38                MLX75308_SetPara
 .text.SPI_Rd_Mchan
                0x0000b0d4      0x1f0 ./Sources/Driver/SPI/spi.o
                0x0000b0d4                SPI_Rd_Mchan
 .text.MLX75308_Meansure
                0x0000b2c4       0xac ./Sources/Driver/SPI/spi.o
                0x0000b2c4                MLX75308_Meansure
 .text.ADC_Init
                0x0000b370       0x38 ./Sources/Driver/adc/adc.o
                0x0000b370                ADC_Init
 .text.get_adc  0x0000b3a8       0x38 ./Sources/Driver/adc/adc.o
                0x0000b3a8                get_adc
 .text.get_adc_times
                0x0000b3e0       0x74 ./Sources/Driver/adc/adc.o
                0x0000b3e0                get_adc_times
 .text.Clk_Init
                0x0000b454       0x84 ./Sources/Driver/clock/clock.o
                0x0000b454                Clk_Init
 .text.Delay_Ms
                0x0000b4d8       0x64 ./Sources/Driver/clock/clock.o
                0x0000b4d8                Delay_Ms
 .text.Delay_Nus
                0x0000b53c       0x3c ./Sources/Driver/clock/clock.o
                0x0000b53c                Delay_Nus
 .text.FLASH_Init
                0x0000b578       0xfc ./Sources/Driver/eeprom/eeprom.o
                0x0000b578                FLASH_Init
 .text.FLASH_LaunchCMD
                0x0000b674       0x48 ./Sources/Driver/eeprom/eeprom.o
                0x0000b674                FLASH_LaunchCMD
 .text.EEPROM_EraseSector
                0x0000b6bc       0xe4 ./Sources/Driver/eeprom/eeprom.o
                0x0000b6bc                EEPROM_EraseSector
 .text.EEPROM_ProgramWord
                0x0000b7a0      0x110 ./Sources/Driver/eeprom/eeprom.o
                0x0000b7a0                EEPROM_ProgramWord
 .text.write_data_from_EEPROM
                0x0000b8b0      0x388 ./Sources/Driver/eeprom/eeprom.o
                0x0000b8b0                write_data_from_EEPROM
 .text.read_data_from_EEPROM
                0x0000bc38      0x11c ./Sources/Driver/eeprom/eeprom.o
                0x0000bc38                read_data_from_EEPROM
 .text.FTM0_Init
                0x0000bd54       0x80 ./Sources/Driver/ftm/ftm.o
                0x0000bd54                FTM0_Init
 *fill*         0x0000bdd4        0x4 00
 .text.FTM0_IRQHandler
                0x0000bdd8       0xe8 ./Sources/Driver/ftm/ftm.o
                0x0000bdd8                FTM0_IRQHandler
 .text.GPIO_Init
                0x0000bec0      0x208 ./Sources/Driver/gpio/gpio.o
                0x0000bec0                GPIO_Init
 .text.PMC_Init
                0x0000c0c8       0x64 ./Sources/Driver/pmc/pmc.o
                0x0000c0c8                PMC_Init
 .text.RTC_EnableInt
                0x0000c12c       0x18 ./Sources/Driver/rtc/rtc.o
                0x0000c12c                RTC_EnableInt
 .text.RTC_DisableInt
                0x0000c144       0x18 ./Sources/Driver/rtc/rtc.o
                0x0000c144                RTC_DisableInt
 .text.RTC_Init
                0x0000c15c       0x6c ./Sources/Driver/rtc/rtc.o
                0x0000c15c                RTC_Init
 .text.RTC_IRQHandler
                0x0000c1c8       0x18 ./Sources/Driver/rtc/rtc.o
                0x0000c1c8                RTC_IRQHandler
 .text.WDOG_Feed
                0x0000c1e0       0x24 ./Sources/Driver/watchdog/watchdog.o
                0x0000c1e0                WDOG_Feed
 .text.WDG_IRQHandler
                0x0000c204       0x1c ./Sources/Driver/watchdog/watchdog.o
                0x0000c204                WDG_IRQHandler
 .text.Lin_Var_Init
                0x0000c220       0x28 ./Sources/Transport/LIN_app/lin_app.o
                0x0000c220                Lin_Var_Init
 .text.Lin_Sys_Init
                0x0000c248       0x64 ./Sources/Transport/LIN_app/lin_app.o
                0x0000c248                Lin_Sys_Init
 .text.Lin_Busy_Process
                0x0000c2ac       0x14 ./Sources/Transport/LIN_app/lin_app.o
                0x0000c2ac                Lin_Busy_Process
 .text.message_cnt
                0x0000c2c0        0x8 ./Sources/Transport/LIN_app/lin_app.o
                0x0000c2c0                message_cnt
 .text.RLS_Analysis_Master_Data
                0x0000c2c8       0x68 ./Sources/Transport/LIN_app/lin_app.o
                0x0000c2c8                RLS_Analysis_Master_Data
 .text.RLS_APP_Get_Data
                0x0000c330       0xa0 ./Sources/Transport/LIN_app/lin_app.o
                0x0000c330                RLS_APP_Get_Data
 .text.Lin_RLS_data
                0x0000c3d0       0x14 ./Sources/Transport/LIN_app/lin_app.o
                0x0000c3d0                Lin_RLS_data
 .text.RLS_APP_Send_data
                0x0000c3e4      0x328 ./Sources/Transport/LIN_app/lin_app.o
                0x0000c3e4                RLS_APP_Send_data
 .text.RLHS_APP_Send_data
                0x0000c70c      0x270 ./Sources/Transport/LIN_app/lin_app.o
                0x0000c70c                RLHS_APP_Send_data
 .text.RLHS01_APP_Send_data
                0x0000c97c      0x1f0 ./Sources/Transport/LIN_app/lin_app.o
                0x0000c97c                RLHS01_APP_Send_data
 .text.Lin_RLS_Wakeup_BCM
                0x0000cb6c       0x2c ./Sources/Transport/LIN_app/lin_app.o
                0x0000cb6c                Lin_RLS_Wakeup_BCM
 .text.Get_All_data_From_EEPROM
                0x0000cb98       0x20 ./Sources/Transport/Local_eep_data/local_eep_data.o
                0x0000cb98                Get_All_data_From_EEPROM
 .text.Set_Data_To_EEPROM
                0x0000cbb8       0xdc ./Sources/Transport/Local_eep_data/local_eep_data.o
                0x0000cbb8                Set_Data_To_EEPROM
 .text.Write_App_value_flag
                0x0000cc94       0x24 ./Sources/Transport/Local_eep_data/local_eep_data.o
                0x0000cc94                Write_App_value_flag
 .text.Read_App_value_flag
                0x0000ccb8       0x24 ./Sources/Transport/Local_eep_data/local_eep_data.o
                0x0000ccb8                Read_App_value_flag
 .text.RLS_Rain_Get_Measure
                0x0000ccdc      0x318 ./Sources/Transport/MLX75308/mlx75308.o
                0x0000ccdc                RLS_Rain_Get_Measure
 .text.MLX75308_Init
                0x0000cff4      0x120 ./Sources/Transport/MLX75308/mlx75308.o
                0x0000cff4                MLX75308_Init
 .text.ld_read_by_id_callout
                0x0000d114       0x78 ./Sources/Transport/lin_cfg/lin_cfg.o
                0x0000d114                ld_read_by_id_callout
 .text.lin_tl_make_slaveres_pdu
                0x0000d18c      0x764 ./Sources/Transport/lin_transport/lin_commontl_proto.o
                0x0000d18c                lin_tl_make_slaveres_pdu
 .text.lin_tl_get_pdu
                0x0000d8f0       0x5c ./Sources/Transport/lin_transport/lin_commontl_proto.o
                0x0000d8f0                lin_tl_get_pdu
 .text.lin_process_pdu
                0x0000d94c      0x260 ./Sources/Transport/lin_transport/lin_commontl_proto.o
 .text.lin_tl_handler
                0x0000dbac      0x164 ./Sources/Transport/lin_transport/lin_commontl_proto.o
                0x0000dbac                lin_tl_handler
 .text.lin_tl_attach_service
                0x0000dd10      0x1a4 ./Sources/Transport/lin_transport/lin_commontl_proto.o
                0x0000dd10                lin_tl_attach_service
 .text.tl_put_raw
                0x0000deb4       0xcc ./Sources/Transport/lin_transport/lin_commontl_proto.o
                0x0000deb4                tl_put_raw
 .text.tl_get_raw
                0x0000df80       0xe8 ./Sources/Transport/lin_transport/lin_commontl_proto.o
                0x0000df80                tl_get_raw
 .text.ld_get_raw
                0x0000e068       0x20 ./Sources/Transport/lin_transport/lin_commontl_api.o
                0x0000e068                ld_get_raw
 .text.ld_receive_message
                0x0000e088      0x284 ./Sources/Transport/lin_transport/lin_commontl_api.o
                0x0000e088                ld_receive_message
 .text.exit     0x0000e30c       0x38 D:/CW11.0/CW MCU v11.0/MCU/ARM_GCC_Support/ewl/lib/armv6-m\libc.a(exit.o)
                0x0000e30c                exit
 .text.rand     0x0000e344       0x20 D:/CW11.0/CW MCU v11.0/MCU/ARM_GCC_Support/ewl/lib/armv6-m\libc.a(rand.o)
                0x0000e344                rand
 .text.memset   0x0000e364        0xc D:/CW11.0/CW MCU v11.0/MCU/ARM_GCC_Support/ewl/lib/armv6-m\libc.a(memset.o)
                0x0000e364                memset
 .text.__fill_mem
                0x0000e370       0x7e D:/CW11.0/CW MCU v11.0/MCU/ARM_GCC_Support/ewl/lib/armv6-m\libc.a(__filll_mem.o)
                0x0000e370                __fill_mem
 *fill*         0x0000e3ee        0x2 00
 .text.__init_cpp
                0x0000e3f0       0x48 D:/CW11.0/CW MCU v11.0/MCU/ARM_GCC_Support/ewl/lib/armv6-m\librt.a(gcc_ctor_dtor.o)
                0x0000e3f0                __init_cpp
 .text.__fini_cpp
                0x0000e438       0x34 D:/CW11.0/CW MCU v11.0/MCU/ARM_GCC_Support/ewl/lib/armv6-m\librt.a(gcc_ctor_dtor.o)
                0x0000e438                __fini_cpp
 .text.__destroy_global_chain
                0x0000e46c       0x1c D:/CW11.0/CW MCU v11.0/MCU/ARM_GCC_Support/ewl/lib/armv6-m\librt.a(__arm_eabi_init.o)
                0x0000e46c                __destroy_global_chain
 .text.__init_registers
                0x0000e488       0x1c D:/CW11.0/CW MCU v11.0/MCU/ARM_GCC_Support/ewl/lib/armv6-m\librt.a(__arm_eabi_init.o)
                0x0000e488                __init_registers
 .text.__init_user
                0x0000e4a4        0x4 D:/CW11.0/CW MCU v11.0/MCU/ARM_GCC_Support/ewl/lib/armv6-m\librt.a(__arm_eabi_init.o)
                0x0000e4a4                __init_user
 .text.__copy_rom_section
                0x0000e4a8       0x48 D:/CW11.0/CW MCU v11.0/MCU/ARM_GCC_Support/ewl/lib/armv6-m\librt.a(ROMCopy.o)
                0x0000e4a8                __copy_rom_section
 .text.__copy_rom_sections_to_ram
                0x0000e4f0       0x34 D:/CW11.0/CW MCU v11.0/MCU/ARM_GCC_Support/ewl/lib/armv6-m\librt.a(ROMCopy.o)
                0x0000e4f0                __copy_rom_sections_to_ram
 *(.rodata)
 *(.rodata*)
 .rodata.Light_Stastegy_Parameter
                0x0000e524        0xc ./Sources/Application/Auto_light/auto_light.o
                0x0000e524                Light_Stastegy_Parameter
 .rodata.Rain_Stastegy_Parameter
                0x0000e530       0xa0 ./Sources/Application/Auto_wiper/auto_wiper.o
                0x0000e530                Rain_Stastegy_Parameter
 .rodata.RLS_Rain_State_Mchaine
                0x0000e5d0       0x18 ./Sources/Application/Auto_wiper/auto_wiper.o
 .rodata.Software_Versions
                0x0000e5e8        0x4 ./Sources/Application/Config_parameters/config_parameter.o
                0x0000e5e8                Software_Versions
 .rodata.Hardware_Versions
                0x0000e5ec        0x4 ./Sources/Application/Config_parameters/config_parameter.o
                0x0000e5ec                Hardware_Versions
 .rodata.lin_lld_uart_timeout
                0x0000e5f0       0x28 ./Sources/Driver/LIN_Stack/bsp/UART/lin_lld_uart.o
 .rodata.lin_lld_uart_rx_isr
                0x0000e618       0x20 ./Sources/Driver/LIN_Stack/bsp/UART/lin_lld_uart.o
 .rodata.MLX75308_SetPara
                0x0000e638       0x54 ./Sources/Driver/SPI/spi.o
 .rodata.RLS_APP_Get_Data
                0x0000e68c       0x1c ./Sources/Transport/LIN_app/lin_app.o
 .rodata.Mlx75308_Config_Parameter
                0x0000e6a8       0x14 ./Sources/Transport/MLX75308/mlx75308.o
                0x0000e6a8                Mlx75308_Config_Parameter
 .rodata.LI0_response_error_signal
                0x0000e6bc        0x1 ./Sources/Transport/lin_cfg/lin_cfg.o
                0x0000e6bc                LI0_response_error_signal
 .rodata.response_error_byte_offset
                0x0000e6bd        0x1 ./Sources/Transport/lin_cfg/lin_cfg.o
                0x0000e6bd                response_error_byte_offset
 .rodata.response_error_bit_offset
                0x0000e6be        0x1 ./Sources/Transport/lin_cfg/lin_cfg.o
                0x0000e6be                response_error_bit_offset
 *fill*         0x0000e6bf        0x1 00
 .rodata.lin_frame_tbl
                0x0000e6c0       0x48 ./Sources/Transport/lin_cfg/lin_cfg.o
                0x0000e6c0                lin_frame_tbl
 .rodata.lin_max_frame_res_timeout_val
                0x0000e708       0x10 ./Sources/Transport/lin_cfg/lin_cfg.o
                0x0000e708                lin_max_frame_res_timeout_val
 .rodata.lin_initial_NAD
                0x0000e718        0x1 ./Sources/Transport/lin_cfg/lin_cfg.o
                0x0000e718                lin_initial_NAD
 *fill*         0x0000e719        0x3 00
 .rodata.product_id
                0x0000e71c        0x8 ./Sources/Transport/lin_cfg/lin_cfg.o
                0x0000e71c                product_id
 .rodata.response_error
                0x0000e724        0x1 ./Sources/Transport/lin_cfg/lin_cfg.o
                0x0000e724                response_error
 *fill*         0x0000e725        0x3 00
 .rodata.lin_diag_services_supported
                0x0000e728        0xc ./Sources/Transport/lin_cfg/lin_cfg.o
                0x0000e728                lin_diag_services_supported
 *(.glue_7)
 .glue_7        0x00000000        0x0 linker stubs
 *(.glue_7t)
 .glue_7t       0x00000000        0x0 linker stubs
 *(.eh_frame)
 *(.init)
 *(.fini)
                0x0000e734                . = ALIGN (0x4)
                0x0000e734                _etext = .

.vfp11_veneer   0x0000e734        0x0
 .vfp11_veneer  0x00000000        0x0 linker stubs

.v4_bx          0x0000e734        0x0
 .v4_bx         0x00000000        0x0 linker stubs

.iplt           0x0000e734        0x0
 .iplt          0x00000000        0x0 ./Project_Settings/Startup_Code/kinetis_sysinit.o

.rel.dyn        0x0000e734        0x0
 .rel.iplt      0x00000000        0x0 ./Project_Settings/Startup_Code/kinetis_sysinit.o

.ARM.extab
 *(.ARM.extab* .gnu.linkonce.armextab.*)

.ARM            0x0000e734        0x0
                0x0000e734                __exidx_start = .
 *(.ARM.exidx*)
                0x0000e734                __exidx_end = .

.ctors          0x0000e734        0x0
                0x0000e734                __CTOR_LIST__ = .
 *crtbegin.o(.ctors)
 *(EXCLUDE_FILE(*crtend.o) .ctors)
 *(SORT(.ctors.*))
 *(.ctors)
                0x0000e734                __CTOR_END__ = .

.dtors          0x0000e734        0x0
                0x0000e734                __DTOR_LIST__ = .
 *crtbegin.o(.dtors)
 *(EXCLUDE_FILE(*crtend.o) .dtors)
 *(SORT(.dtors.*))
 *(.dtors)
                0x0000e734                __DTOR_END__ = .

.preinit_array  0x0000e734        0x0
                0x0000e734                PROVIDE (__preinit_array_start, .)
 *(.preinit_array*)
                0x0000e734                PROVIDE (__preinit_array_end, .)

.init_array     0x0000e734        0x0
                0x0000e734                PROVIDE (__init_array_start, .)
 *(SORT(.init_array.*))
 *(.init_array*)
                0x0000e734                PROVIDE (__init_array_end, .)

.fini_array     0x0000e734        0x0
                0x0000e734                PROVIDE (__fini_array_start, .)
 *(SORT(.fini_array.*))
 *(.fini_array*)
                0x0000e734                PROVIDE (__fini_array_end, .)
                0x0000e734                ___ROM_AT = .

.mtb            0x1ffffc00        0x0
                0x1ffffc00                . = ALIGN (0x8)
                0x1ffffc00                _mtb_start = .
 *(.mtb_buf)
                0x1ffffc00                . = ALIGN (0x8)
                0x1ffffc00                _mtb_end = .

.data           0x1ffffc00       0xb4 load address 0x0000e734
                0x1ffffc00                . = ALIGN (0x4)
                0x1ffffc00                _sdata = .
 *(.data)
 *(.data*)
 .data.Tab_AWG_Solar
                0x1ffffc00       0x40 ./Sources/Application/Auto_air/auto_air.o
 .data.Tab_Brightness_Solar
                0x1ffffc40       0x20 ./Sources/Application/Auto_air/auto_air.o
 .data.Period_Mode_Timer
                0x1ffffc60        0x8 ./Sources/Application/Auto_wiper/auto_wiper.o
                0x1ffffc60                Period_Mode_Timer
 .data.pUART    0x1ffffc68        0x4 ./Sources/Driver/LIN_Stack/bsp/UART/lin_lld_uart.o
 .data.ifc      0x1ffffc6c        0x1 ./Sources/Driver/LIN_Stack/bsp/UART/lin_lld_uart.o
 .data.state    0x1ffffc6d        0x1 ./Sources/Driver/LIN_Stack/bsp/UART/lin_lld_uart.o
 .data.pid      0x1ffffc6e        0x1 ./Sources/Driver/LIN_Stack/bsp/UART/lin_lld_uart.o
 *fill*         0x1ffffc6f        0x1 00
 .data.lin_pFrameBuf
                0x1ffffc70       0x10 ./Sources/Transport/lin_cfg/lin_cfg.o
                0x1ffffc70                lin_pFrameBuf
 .data.lin_configuration_RAM
                0x1ffffc80        0x8 ./Sources/Transport/lin_cfg/lin_cfg.o
                0x1ffffc80                lin_configuration_RAM
 .data.lin_configured_NAD
                0x1ffffc88        0x1 ./Sources/Transport/lin_cfg/lin_cfg.o
                0x1ffffc88                lin_configured_NAD
 *fill*         0x1ffffc89        0x3 00
 .data.lin_tl_tx_queue
                0x1ffffc8c       0x10 ./Sources/Transport/lin_cfg/lin_cfg.o
                0x1ffffc8c                lin_tl_tx_queue
 .data.lin_tl_rx_queue
                0x1ffffc9c       0x10 ./Sources/Transport/lin_cfg/lin_cfg.o
                0x1ffffc9c                lin_tl_rx_queue
 .data.tl_service_status
                0x1ffffcac        0x1 ./Sources/Transport/lin_cfg/lin_cfg.o
                0x1ffffcac                tl_service_status
 *fill*         0x1ffffcad        0x3 00
 .data.random_next
                0x1ffffcb0        0x4 D:/CW11.0/CW MCU v11.0/MCU/ARM_GCC_Support/ewl/lib/armv6-m\libc.a(rand.o)
                0x1ffffcb4                . = ALIGN (0x4)
                0x1ffffcb4                _edata = .
                0x000000b4                ___data_size = (_edata - _sdata)

.igot.plt       0x1ffffcb4        0x0 load address 0x0000e7e8
 .igot.plt      0x00000000        0x0 ./Project_Settings/Startup_Code/kinetis_sysinit.o
                0x1ffffcb4                . = ALIGN (0x4)

.bss            0x1ffffcb4      0x288 load address 0x0000e7e8
                0x1ffffcb4                __START_BSS = .
                0x1ffffcb4                PROVIDE (__bss_start__, __START_BSS)
 *(.bss)
 *(.bss*)
 .bss.argv      0x1ffffcb4        0x4 ./Project_Settings/Startup_Code/__arm_start.o
 .bss.l_status  0x1ffffcb8        0x4 ./Sources/Driver/LIN_Stack/bsp/UART/lin_lld_uart.o
 .bss.cnt_byte  0x1ffffcbc        0x1 ./Sources/Driver/LIN_Stack/bsp/UART/lin_lld_uart.o
 *fill*         0x1ffffcbd        0x3 00
 .bss.ptr       0x1ffffcc0        0x4 ./Sources/Driver/LIN_Stack/bsp/UART/lin_lld_uart.o
 .bss.current_id
                0x1ffffcc4        0x1 ./Sources/Driver/LIN_Stack/bsp/UART/lin_lld_uart.o
 *fill*         0x1ffffcc5        0x3 00
 .bss.response_buffer
                0x1ffffcc8        0x4 ./Sources/Driver/LIN_Stack/bsp/UART/lin_lld_uart.o
 .bss.tbit      0x1ffffccc        0x2 ./Sources/Driver/LIN_Stack/bsp/UART/lin_lld_uart.o
 .bss.frame_timeout_cnt
                0x1ffffcce        0x2 ./Sources/Driver/LIN_Stack/bsp/UART/lin_lld_uart.o
 .bss.res_frame_timeout_cnt
                0x1ffffcd0        0x2 ./Sources/Driver/LIN_Stack/bsp/UART/lin_lld_uart.o
 .bss.idle_timeout_cnt
                0x1ffffcd2        0x2 ./Sources/Driver/LIN_Stack/bsp/UART/lin_lld_uart.o
 .bss.lin_save_configuration_flg
                0x1ffffcd4        0x1 ./Sources/Transport/lin_cfg/lin_cfg.o
                0x1ffffcd4                lin_save_configuration_flg
 *fill*         0x1ffffcd5        0x3 00
 .bss.lin_flag_handle_tbl
                0x1ffffcd8        0x8 ./Sources/Transport/lin_cfg/lin_cfg.o
                0x1ffffcd8                lin_flag_handle_tbl
 .bss.lin_frame_flag_tbl
                0x1ffffce0        0x8 ./Sources/Transport/lin_cfg/lin_cfg.o
                0x1ffffce0                lin_frame_flag_tbl
 .bss.tl_diag_state
                0x1ffffce8        0x1 ./Sources/Transport/lin_cfg/lin_cfg.o
                0x1ffffce8                tl_diag_state
 *fill*         0x1ffffce9        0x3 00
 .bss.lin_diag_services_flag
                0x1ffffcec        0xc ./Sources/Transport/lin_cfg/lin_cfg.o
                0x1ffffcec                lin_diag_services_flag
 .bss.tl_slaveresp_cnt
                0x1ffffcf8        0x1 ./Sources/Transport/lin_cfg/lin_cfg.o
                0x1ffffcf8                tl_slaveresp_cnt
 *fill*         0x1ffffcf9        0x3 00
 .bss.__stdio_exit
                0x1ffffcfc        0x4 D:/CW11.0/CW MCU v11.0/MCU/ARM_GCC_Support/ewl/lib/armv6-m\libc.a(exit.o)
                0x1ffffcfc                __stdio_exit
 .bss.__console_exit
                0x1ffffd00        0x4 D:/CW11.0/CW MCU v11.0/MCU/ARM_GCC_Support/ewl/lib/armv6-m\libc.a(exit.o)
                0x1ffffd00                __console_exit
 .bss.__global_destructor_chain
                0x1ffffd04        0x4 D:/CW11.0/CW MCU v11.0/MCU/ARM_GCC_Support/ewl/lib/armv6-m\librt.a(__arm_eabi_init.o)
                0x1ffffd04                __global_destructor_chain
 .bss.__S_romp  0x1ffffd08        0xc D:/CW11.0/CW MCU v11.0/MCU/ARM_GCC_Support/ewl/lib/armv6-m\librt.a(ROMCopy.o)
 *(COMMON)
 COMMON         0x1ffffd14       0x24 ./Sources/Application/Auto_air/auto_air.o
                0x1ffffd14                Frist_on_flag
                0x1ffffd18                u16_solar_buffer
 COMMON         0x1ffffd38       0x1b ./Sources/Application/Auto_humid/auto_humid.o
                0x1ffffd38                Temp_error_cnt
                0x1ffffd3a                iic_error_cnt
                0x1ffffd3c                Temp_measure_TP
                0x1ffffd3e                Temp_measure
                0x1ffffd40                Temp_buffer
                0x1ffffd44                Humid_buffer
                0x1ffffd48                Dew_Point
                0x1ffffd4a                Humid_Temp_Error
                0x1ffffd4c                Hum_measure_TP
                0x1ffffd4e                Humid_Avg
                0x1ffffd4f                Hum_measure
                0x1ffffd50                Hum_error_cnt
                0x1ffffd52                Temp_Avg
 *fill*         0x1ffffd53        0x1 00
 COMMON         0x1ffffd54        0xc ./Sources/Application/Auto_light/auto_light.o
                0x1ffffd54                Light_on_cnt
                0x1ffffd56                u16_Brightness_UP
                0x1ffffd58                u8_LightOnTimer
                0x1ffffd5c                Light_off_cnt
                0x1ffffd5e                u16_Brightness_FW
 COMMON         0x1ffffd60       0x94 ./Sources/Application/Auto_wiper/auto_wiper.o
                0x1ffffd60                u8_RainIntensity_Win
                0x1ffffd63                u8_cnt_choose_now
                0x1ffffd64                u8_cnt_choose_pre
                0x1ffffd66                FSM_Timer_Cn
                0x1ffffd68                App_Rls_Error
                0x1ffffd6d                FSM_Timer_Cn1
                0x1ffffd6e                PARK_MODE_FSM
                0x1ffffd6f                FSM_Timer_Cn2
                0x1ffffd70                u8_WiperSpeed_Expert
                0x1ffffd74                u16_DC_Comp_Value
                0x1ffffd78                u8_RainIntensity
                0x1ffffd7a                u8_Cmd_Execution
                0x1ffffd7b                u8_Int_Time_now
                0x1ffffd7c                u8_RainIntensity_Max
                0x1ffffd7d                u8_Lin_Diag_Enable_Cnt
                0x1ffffd7e                RLS_StopMsureFlg
                0x1ffffd7f                u8_IntSpeedEnterCnt
                0x1ffffd80                Lin_Diag_Enable
                0x1ffffd84                PD_WIN_AVG
                0x1ffffd9c                DC_WIN_BUFF
                0x1ffffdec                Wiper_State_FsmPre
                0x1ffffded                Wiper_State_Fsm
                0x1ffffdf0                u8_Dt_Rain_Cnt
                0x1ffffdf2                u8_MeasureSureTime
                0x1ffffdf3                u8_Rain_Value
 COMMON         0x1ffffdf4        0x4 ./Sources/Application/Battery/battery.o
                0x1ffffdf4                u8_low_voltage_cnt
                0x1ffffdf5                u8_high_voltage_cnt
                0x1ffffdf6                u16_Battery_Volt
 COMMON         0x1ffffdf8        0x8 ./Sources/Application/Sleep/sleep.o
                0x1ffffdf8                bool_auto_roof_rain_measure_sleep_flg
                0x1ffffdf9                u8_RLS_WindowCloseReq
                0x1ffffdfa                Auto_Roof_FSM
                0x1ffffdfb                u8_wakeup_bcm_1min_timer
                0x1ffffdfc                bool_Mcu_wakeup_state
                0x1ffffdfd                bool_wakeup_bcm_cnt_sleep_flg
                0x1ffffdfe                bool_lin_cmd_sleep
                0x1ffffdff                u8_wakeup_bcm_1500ms_timer
 COMMON         0x1ffffe00       0x11 ./Sources/Application/main.o
                0x1ffffe00                Timer_500ms_flag
                0x1ffffe01                Timer_500ms
                0x1ffffe02                Timer_600ms
                0x1ffffe03                Timer_4s
                0x1ffffe04                Timer_10ms_flag
                0x1ffffe05                Timer_100ms
                0x1ffffe06                Timer_50ms
                0x1ffffe07                Timer_100ms_flag
                0x1ffffe08                Timer_50ms_flag
                0x1ffffe0c                Timer_6h
                0x1ffffe10                RLS_RunMode
 *fill*         0x1ffffe11        0x3 00
 COMMON         0x1ffffe14       0x14 ./Sources/Driver/LIN_Stack/Diagnostic/lin_diagnostic_service.o
                0x1ffffe14                diagnostic_Session
                0x1ffffe18                boot_key
                0x1ffffe1c                boot_seed
                0x1ffffe20                diagnostic_Session_timer
                0x1ffffe24                boot_up_ret
                0x1ffffe26                diagnostic_Session_pre
                0x1ffffe27                boot_status_flag
 COMMON         0x1ffffe28        0x2 ./Sources/Driver/LIN_Stack/coreapi/lin_common_proto.o
                0x1ffffe28                frame_signal_error
                0x1ffffe29                frame_index
 *fill*         0x1ffffe2a        0x2 00
 COMMON         0x1ffffe2c       0x46 ./Sources/Transport/LIN_app/lin_app.o
                0x1ffffe2c                Lin_RLHS_frame
                0x1ffffe3c                RLS_APP_Value
                0x1ffffe48                Lin_RLHS01_frame
                0x1ffffe54                Lin_BCM_Frame
                0x1ffffe59                Lin_Busy_Flag
                0x1ffffe5c                BCM_APP_Value
                0x1ffffe64                Lin_RLS1_frame
 *fill*         0x1ffffe72        0x2 00
 COMMON         0x1ffffe74       0x16 ./Sources/Transport/Local_eep_data/local_eep_data.o
                0x1ffffe74                local_info
 *fill*         0x1ffffe8a        0x2 00
 COMMON         0x1ffffe8c       0x45 ./Sources/Transport/MLX75308/mlx75308.o
                0x1ffffe8c                Mnrval
                0x1ffffea0                u16_Save_DC_aft_
                0x1ffffea4                u16_Delta_DC_bre_
                0x1ffffea8                MLX75308_B_Gain
                0x1ffffeac                u16_Delta_DC_aft_
                0x1ffffeb0                MLX75308_RxFrame
                0x1ffffec8                u16_DC_comp_value
                0x1ffffecc                u16_Save_DC_bre_
                0x1ffffed0                MLX75308_A_Gain
 *fill*         0x1ffffed1        0x3 00
 COMMON         0x1ffffed4       0x66 ./Sources/Transport/lin_cfg/lin_cfg.o
                0x1ffffed4                tl_rx_msg_status
                0x1ffffed5                tl_ld_error_code
                0x1ffffed6                tl_receive_msg_status
                0x1ffffed8                tl_check_timeout
                0x1ffffedc                tl_rx_queue_data
                0x1ffffeec                tl_frame_counter
                0x1ffffef0                tl_tx_queue_data
                0x1fffff00                tl_tx_msg_size
                0x1fffff02                tl_last_cfg_result
                0x1fffff03                tl_tx_msg_status
                0x1fffff04                tl_last_RSID
                0x1fffff05                lin_successful_transfer
                0x1fffff06                tl_rx_msg_index
                0x1fffff08                tl_no_of_pdu
                0x1fffff0c                lin_diag_signal_tbl
                0x1fffff1c                lin_goto_sleep_flg
                0x1fffff1e                tl_rx_msg_size
                0x1fffff20                lin_word_status
                0x1fffff22                tl_tx_msg_index
                0x1fffff24                tl_check_timeout_type
                0x1fffff25                lin_current_pid
                0x1fffff28                tl_ident_data
                0x1fffff2c                lin_error_in_response
                0x1fffff30                lin_lld_response_buffer
                0x1fffff3c                . = ALIGN (0x4)
 *fill*         0x1fffff3a        0x2 00
                0x1fffff3c                __END_BSS = .
                0x1fffff3c                PROVIDE (__bss_end__, __END_BSS)
                0x0000e7e8                _romp_at = (___ROM_AT + SIZEOF (.data))

.romp           0x1fffff3c       0x18 load address 0x0000e7e8
                0x0000e7e8                __S_romp = _romp_at
                0x1fffff3c        0x4 LONG 0xe734 ___ROM_AT
                0x1fffff40        0x4 LONG 0x1ffffc00 _sdata
                0x1fffff44        0x4 LONG 0xb4 ___data_size
                0x1fffff48        0x4 LONG 0x0
                0x1fffff4c        0x4 LONG 0x0
                0x1fffff50        0x4 LONG 0x0

._user_heap_stack
                0x1fffff54      0x200 load address 0x0000e800
                0x1fffff54                . = ALIGN (0x4)
                0x1fffff54                PROVIDE (end, .)
                0x1fffff54                PROVIDE (_end, .)
                0x1fffff54                __heap_addr = .
                0x20000054                . = (. + __heap_size)
 *fill*         0x1fffff54      0x100 00
                0x20000154                . = (. + __stack_size)
 *fill*         0x20000054      0x100 00
                0x20000154                . = ALIGN (0x4)

.ARM.attributes
                0x00000000       0x31
 *(.ARM.attributes)
 .ARM.attributes
                0x00000000       0x31 ./Project_Settings/Startup_Code/kinetis_sysinit.o
 .ARM.attributes
                0x00000031       0x31 ./Project_Settings/Startup_Code/__arm_start.o
 .ARM.attributes
                0x00000062       0x31 ./Project_Settings/Startup_Code/__arm_end.o
 .ARM.attributes
                0x00000093       0x31 ./Sources/Application/Auto_air/auto_air.o
 .ARM.attributes
                0x000000c4       0x31 ./Sources/Application/Auto_humid/auto_humid.o
 .ARM.attributes
                0x000000f5       0x31 ./Sources/Application/Auto_light/auto_light.o
 .ARM.attributes
                0x00000126       0x31 ./Sources/Application/Auto_wiper/auto_wiper.o
 .ARM.attributes
                0x00000157       0x31 ./Sources/Application/Battery/battery.o
 .ARM.attributes
                0x00000188       0x31 ./Sources/Application/Config_parameters/config_parameter.o
 .ARM.attributes
                0x000001b9       0x31 ./Sources/Application/Self_Adapt/self_adapt.o
 .ARM.attributes
                0x000001ea       0x31 ./Sources/Application/Sleep/sleep.o
 .ARM.attributes
                0x0000021b       0x31 ./Sources/Application/main.o
 .ARM.attributes
                0x0000024c       0x31 ./Sources/Driver/LIN_Stack/Diagnostic/lin_diagnostic_service.o
 .ARM.attributes
                0x0000027d       0x31 ./Sources/Driver/LIN_Stack/bsp/UART/lin_lld_uart.o
 .ARM.attributes
                0x000002ae       0x31 ./Sources/Driver/LIN_Stack/bsp/UART/lin_lld_timesrv.o
 .ARM.attributes
                0x000002df       0x31 ./Sources/Driver/LIN_Stack/bsp/UART/lin_isr.o
 .ARM.attributes
                0x00000310       0x31 ./Sources/Driver/LIN_Stack/coreapi/lin_lin21_proto.o
 .ARM.attributes
                0x00000341       0x31 ./Sources/Driver/LIN_Stack/coreapi/lin_common_proto.o
 .ARM.attributes
                0x00000372       0x31 ./Sources/Driver/LIN_Stack/coreapi/lin_common_api.o
 .ARM.attributes
                0x000003a3       0x31 ./Sources/Driver/LIN_Stack/lowlevel/lin.o
 .ARM.attributes
                0x000003d4       0x31 ./Sources/Driver/SPI/spi.o
 .ARM.attributes
                0x00000405       0x31 ./Sources/Driver/adc/adc.o
 .ARM.attributes
                0x00000436       0x31 ./Sources/Driver/clock/clock.o
 .ARM.attributes
                0x00000467       0x31 ./Sources/Driver/eeprom/eeprom.o
 .ARM.attributes
                0x00000498       0x31 ./Sources/Driver/ftm/ftm.o
 .ARM.attributes
                0x000004c9       0x31 ./Sources/Driver/gpio/gpio.o
 .ARM.attributes
                0x000004fa       0x31 ./Sources/Driver/pmc/pmc.o
 .ARM.attributes
                0x0000052b       0x31 ./Sources/Driver/rtc/rtc.o
 .ARM.attributes
                0x0000055c       0x31 ./Sources/Driver/watchdog/watchdog.o
 .ARM.attributes
                0x0000058d       0x31 ./Sources/Transport/LIN_app/lin_app.o
 .ARM.attributes
                0x000005be       0x31 ./Sources/Transport/Local_eep_data/local_eep_data.o
 .ARM.attributes
                0x000005ef       0x31 ./Sources/Transport/MLX75308/mlx75308.o
 .ARM.attributes
                0x00000620       0x31 ./Sources/Transport/lin_cfg/lin_cfg.o
 .ARM.attributes
                0x00000651       0x31 ./Sources/Transport/lin_transport/lin_commontl_proto.o
 .ARM.attributes
                0x00000682       0x31 ./Sources/Transport/lin_transport/lin_commontl_api.o
 .ARM.attributes
                0x000006b3       0x31 D:/CW11.0/CW MCU v11.0/MCU/ARM_GCC_Support/ewl/lib/armv6-m\libc.a(exit.o)
 .ARM.attributes
                0x000006e4       0x31 D:/CW11.0/CW MCU v11.0/MCU/ARM_GCC_Support/ewl/lib/armv6-m\libc.a(rand.o)
 .ARM.attributes
                0x00000715       0x31 D:/CW11.0/CW MCU v11.0/MCU/ARM_GCC_Support/ewl/lib/armv6-m\libc.a(memset.o)
 .ARM.attributes
                0x00000746       0x31 D:/CW11.0/CW MCU v11.0/MCU/ARM_GCC_Support/ewl/lib/armv6-m\libc.a(__filll_mem.o)
 .ARM.attributes
                0x00000777       0x1e d:/cw11.0/cw mcu v11.0/cross_tools/arm-none-eabi-gcc-4_7_3/bin/../lib/gcc/arm-none-eabi/4.7.3/armv6-m\libgcc.a(_udivsi3.o)
 .ARM.attributes
                0x00000795       0x1e d:/cw11.0/cw mcu v11.0/cross_tools/arm-none-eabi-gcc-4_7_3/bin/../lib/gcc/arm-none-eabi/4.7.3/armv6-m\libgcc.a(_divsi3.o)
 .ARM.attributes
                0x000007b3       0x1e d:/cw11.0/cw mcu v11.0/cross_tools/arm-none-eabi-gcc-4_7_3/bin/../lib/gcc/arm-none-eabi/4.7.3/armv6-m\libgcc.a(_dvmd_tls.o)
 .ARM.attributes
                0x000007d1       0x2c d:/cw11.0/cw mcu v11.0/cross_tools/arm-none-eabi-gcc-4_7_3/bin/../lib/gcc/arm-none-eabi/4.7.3/armv6-m\libgcc.a(_fixunsdfsi.o)
 .ARM.attributes
                0x000007fd       0x2c d:/cw11.0/cw mcu v11.0/cross_tools/arm-none-eabi-gcc-4_7_3/bin/../lib/gcc/arm-none-eabi/4.7.3/armv6-m\libgcc.a(adddf3.o)
 .ARM.attributes
                0x00000829       0x2c d:/cw11.0/cw mcu v11.0/cross_tools/arm-none-eabi-gcc-4_7_3/bin/../lib/gcc/arm-none-eabi/4.7.3/armv6-m\libgcc.a(subdf3.o)
 .ARM.attributes
                0x00000855       0x2c d:/cw11.0/cw mcu v11.0/cross_tools/arm-none-eabi-gcc-4_7_3/bin/../lib/gcc/arm-none-eabi/4.7.3/armv6-m\libgcc.a(fixdfsi.o)
 .ARM.attributes
                0x00000881       0x2c d:/cw11.0/cw mcu v11.0/cross_tools/arm-none-eabi-gcc-4_7_3/bin/../lib/gcc/arm-none-eabi/4.7.3/armv6-m\libgcc.a(floatunsidf.o)
 .ARM.attributes
                0x000008ad       0x1e d:/cw11.0/cw mcu v11.0/cross_tools/arm-none-eabi-gcc-4_7_3/bin/../lib/gcc/arm-none-eabi/4.7.3/armv6-m\libgcc.a(_arm_cmpdf2.o)
 .ARM.attributes
                0x000008cb       0x1e d:/cw11.0/cw mcu v11.0/cross_tools/arm-none-eabi-gcc-4_7_3/bin/../lib/gcc/arm-none-eabi/4.7.3/armv6-m\libgcc.a(_clzsi2.o)
 .ARM.attributes
                0x000008e9       0x2c d:/cw11.0/cw mcu v11.0/cross_tools/arm-none-eabi-gcc-4_7_3/bin/../lib/gcc/arm-none-eabi/4.7.3/armv6-m\libgcc.a(eqdf2.o)
 .ARM.attributes
                0x00000915       0x2c d:/cw11.0/cw mcu v11.0/cross_tools/arm-none-eabi-gcc-4_7_3/bin/../lib/gcc/arm-none-eabi/4.7.3/armv6-m\libgcc.a(gedf2.o)
 .ARM.attributes
                0x00000941       0x2c d:/cw11.0/cw mcu v11.0/cross_tools/arm-none-eabi-gcc-4_7_3/bin/../lib/gcc/arm-none-eabi/4.7.3/armv6-m\libgcc.a(ledf2.o)
 .ARM.attributes
                0x0000096d       0x31 D:/CW11.0/CW MCU v11.0/MCU/ARM_GCC_Support/ewl/lib/armv6-m\librt.a(gcc_ctor_dtor.o)
 .ARM.attributes
                0x0000099e       0x31 D:/CW11.0/CW MCU v11.0/MCU/ARM_GCC_Support/ewl/lib/armv6-m\librt.a(__arm_eabi_init.o)
 .ARM.attributes
                0x000009cf       0x31 D:/CW11.0/CW MCU v11.0/MCU/ARM_GCC_Support/ewl/lib/armv6-m\librt.a(ROMCopy.o)
OUTPUT(RLS.elf elf32-littlearm)

.debug_info     0x00000000     0xb8e4
 .debug_info    0x00000000      0x383 ./Project_Settings/Startup_Code/kinetis_sysinit.o
 .debug_info    0x00000383      0x126 ./Project_Settings/Startup_Code/__arm_start.o
 .debug_info    0x000004a9       0x50 ./Project_Settings/Startup_Code/__arm_end.o
 .debug_info    0x000004f9      0x4d9 ./Sources/Application/Auto_air/auto_air.o
 .debug_info    0x000009d2      0x308 ./Sources/Application/Auto_humid/auto_humid.o
 .debug_info    0x00000cda      0x5e9 ./Sources/Application/Auto_light/auto_light.o
 .debug_info    0x000012c3      0xb66 ./Sources/Application/Auto_wiper/auto_wiper.o
 .debug_info    0x00001e29      0x293 ./Sources/Application/Battery/battery.o
 .debug_info    0x000020bc      0x2d3 ./Sources/Application/Config_parameters/config_parameter.o
 .debug_info    0x0000238f      0x257 ./Sources/Application/Self_Adapt/self_adapt.o
 .debug_info    0x000025e6      0x8b4 ./Sources/Application/Sleep/sleep.o
 .debug_info    0x00002e9a      0x1c1 ./Sources/Application/main.o
 .debug_info    0x0000305b      0x90b ./Sources/Driver/LIN_Stack/Diagnostic/lin_diagnostic_service.o
 .debug_info    0x00003966      0xece ./Sources/Driver/LIN_Stack/bsp/UART/lin_lld_uart.o
 .debug_info    0x00004834      0x539 ./Sources/Driver/LIN_Stack/bsp/UART/lin_lld_timesrv.o
 .debug_info    0x00004d6d      0x29c ./Sources/Driver/LIN_Stack/bsp/UART/lin_isr.o
 .debug_info    0x00005009      0x371 ./Sources/Driver/LIN_Stack/coreapi/lin_lin21_proto.o
 .debug_info    0x0000537a      0x8b1 ./Sources/Driver/LIN_Stack/coreapi/lin_common_proto.o
 .debug_info    0x00005c2b      0x337 ./Sources/Driver/LIN_Stack/coreapi/lin_common_api.o
 .debug_info    0x00005f62      0x378 ./Sources/Driver/LIN_Stack/lowlevel/lin.o
 .debug_info    0x000062da      0x635 ./Sources/Driver/SPI/spi.o
 .debug_info    0x0000690f      0x248 ./Sources/Driver/adc/adc.o
 .debug_info    0x00006b57      0x171 ./Sources/Driver/clock/clock.o
 .debug_info    0x00006cc8      0x43a ./Sources/Driver/eeprom/eeprom.o
 .debug_info    0x00007102      0x5bc ./Sources/Driver/ftm/ftm.o
 .debug_info    0x000076be      0x2ce ./Sources/Driver/gpio/gpio.o
 .debug_info    0x0000798c       0xe1 ./Sources/Driver/pmc/pmc.o
 .debug_info    0x00007a6d      0x3ba ./Sources/Driver/rtc/rtc.o
 .debug_info    0x00007e27      0x259 ./Sources/Driver/watchdog/watchdog.o
 .debug_info    0x00008080      0xd24 ./Sources/Transport/LIN_app/lin_app.o
 .debug_info    0x00008da4      0x287 ./Sources/Transport/Local_eep_data/local_eep_data.o
 .debug_info    0x0000902b      0x5cd ./Sources/Transport/MLX75308/mlx75308.o
 .debug_info    0x000095f8      0x9d8 ./Sources/Transport/lin_cfg/lin_cfg.o
 .debug_info    0x00009fd0      0x90c ./Sources/Transport/lin_transport/lin_commontl_proto.o
 .debug_info    0x0000a8dc      0x673 ./Sources/Transport/lin_transport/lin_commontl_api.o
 .debug_info    0x0000af4f       0xe8 D:/CW11.0/CW MCU v11.0/MCU/ARM_GCC_Support/ewl/lib/armv6-m\libc.a(exit.o)
 .debug_info    0x0000b037      0x100 D:/CW11.0/CW MCU v11.0/MCU/ARM_GCC_Support/ewl/lib/armv6-m\libc.a(rand.o)
 .debug_info    0x0000b137       0xec D:/CW11.0/CW MCU v11.0/MCU/ARM_GCC_Support/ewl/lib/armv6-m\libc.a(memset.o)
 .debug_info    0x0000b223      0x137 D:/CW11.0/CW MCU v11.0/MCU/ARM_GCC_Support/ewl/lib/armv6-m\libc.a(__filll_mem.o)
 .debug_info    0x0000b35a      0x136 D:/CW11.0/CW MCU v11.0/MCU/ARM_GCC_Support/ewl/lib/armv6-m\librt.a(gcc_ctor_dtor.o)
 .debug_info    0x0000b490      0x2b9 D:/CW11.0/CW MCU v11.0/MCU/ARM_GCC_Support/ewl/lib/armv6-m\librt.a(__arm_eabi_init.o)
 .debug_info    0x0000b749      0x19b D:/CW11.0/CW MCU v11.0/MCU/ARM_GCC_Support/ewl/lib/armv6-m\librt.a(ROMCopy.o)

.debug_abbrev   0x00000000     0x2de2
 .debug_abbrev  0x00000000      0x131 ./Project_Settings/Startup_Code/kinetis_sysinit.o
 .debug_abbrev  0x00000131       0x90 ./Project_Settings/Startup_Code/__arm_start.o
 .debug_abbrev  0x000001c1       0x4a ./Project_Settings/Startup_Code/__arm_end.o
 .debug_abbrev  0x0000020b      0x168 ./Sources/Application/Auto_air/auto_air.o
 .debug_abbrev  0x00000373       0xfe ./Sources/Application/Auto_humid/auto_humid.o
 .debug_abbrev  0x00000471      0x144 ./Sources/Application/Auto_light/auto_light.o
 .debug_abbrev  0x000005b5      0x1d8 ./Sources/Application/Auto_wiper/auto_wiper.o
 .debug_abbrev  0x0000078d       0xdc ./Sources/Application/Battery/battery.o
 .debug_abbrev  0x00000869       0xcf ./Sources/Application/Config_parameters/config_parameter.o
 .debug_abbrev  0x00000938       0xed ./Sources/Application/Self_Adapt/self_adapt.o
 .debug_abbrev  0x00000a25      0x150 ./Sources/Application/Sleep/sleep.o
 .debug_abbrev  0x00000b75       0x97 ./Sources/Application/main.o
 .debug_abbrev  0x00000c0c      0x221 ./Sources/Driver/LIN_Stack/Diagnostic/lin_diagnostic_service.o
 .debug_abbrev  0x00000e2d      0x26b ./Sources/Driver/LIN_Stack/bsp/UART/lin_lld_uart.o
 .debug_abbrev  0x00001098       0xdf ./Sources/Driver/LIN_Stack/bsp/UART/lin_lld_timesrv.o
 .debug_abbrev  0x00001177       0xaf ./Sources/Driver/LIN_Stack/bsp/UART/lin_isr.o
 .debug_abbrev  0x00001226      0x118 ./Sources/Driver/LIN_Stack/coreapi/lin_lin21_proto.o
 .debug_abbrev  0x0000133e      0x1a8 ./Sources/Driver/LIN_Stack/coreapi/lin_common_proto.o
 .debug_abbrev  0x000014e6      0x117 ./Sources/Driver/LIN_Stack/coreapi/lin_common_api.o
 .debug_abbrev  0x000015fd      0x110 ./Sources/Driver/LIN_Stack/lowlevel/lin.o
 .debug_abbrev  0x0000170d      0x1d9 ./Sources/Driver/SPI/spi.o
 .debug_abbrev  0x000018e6       0xfe ./Sources/Driver/adc/adc.o
 .debug_abbrev  0x000019e4       0xcd ./Sources/Driver/clock/clock.o
 .debug_abbrev  0x00001ab1      0x146 ./Sources/Driver/eeprom/eeprom.o
 .debug_abbrev  0x00001bf7      0x124 ./Sources/Driver/ftm/ftm.o
 .debug_abbrev  0x00001d1b       0x9b ./Sources/Driver/gpio/gpio.o
 .debug_abbrev  0x00001db6       0x92 ./Sources/Driver/pmc/pmc.o
 .debug_abbrev  0x00001e48       0xd2 ./Sources/Driver/rtc/rtc.o
 .debug_abbrev  0x00001f1a       0xf5 ./Sources/Driver/watchdog/watchdog.o
 .debug_abbrev  0x0000200f      0x17f ./Sources/Transport/LIN_app/lin_app.o
 .debug_abbrev  0x0000218e      0x133 ./Sources/Transport/Local_eep_data/local_eep_data.o
 .debug_abbrev  0x000022c1      0x184 ./Sources/Transport/MLX75308/mlx75308.o
 .debug_abbrev  0x00002445      0x136 ./Sources/Transport/lin_cfg/lin_cfg.o
 .debug_abbrev  0x0000257b      0x1eb ./Sources/Transport/lin_transport/lin_commontl_proto.o
 .debug_abbrev  0x00002766      0x12e ./Sources/Transport/lin_transport/lin_commontl_api.o
 .debug_abbrev  0x00002894       0x7a D:/CW11.0/CW MCU v11.0/MCU/ARM_GCC_Support/ewl/lib/armv6-m\libc.a(exit.o)
 .debug_abbrev  0x0000290e       0x8e D:/CW11.0/CW MCU v11.0/MCU/ARM_GCC_Support/ewl/lib/armv6-m\libc.a(rand.o)
 .debug_abbrev  0x0000299c       0x62 D:/CW11.0/CW MCU v11.0/MCU/ARM_GCC_Support/ewl/lib/armv6-m\libc.a(memset.o)
 .debug_abbrev  0x000029fe       0x78 D:/CW11.0/CW MCU v11.0/MCU/ARM_GCC_Support/ewl/lib/armv6-m\libc.a(__filll_mem.o)
 .debug_abbrev  0x00002a76       0x99 D:/CW11.0/CW MCU v11.0/MCU/ARM_GCC_Support/ewl/lib/armv6-m\librt.a(gcc_ctor_dtor.o)
 .debug_abbrev  0x00002b0f      0x1b3 D:/CW11.0/CW MCU v11.0/MCU/ARM_GCC_Support/ewl/lib/armv6-m\librt.a(__arm_eabi_init.o)
 .debug_abbrev  0x00002cc2      0x120 D:/CW11.0/CW MCU v11.0/MCU/ARM_GCC_Support/ewl/lib/armv6-m\librt.a(ROMCopy.o)

.debug_loc      0x00000000     0x298e
 .debug_loc     0x00000000       0x58 ./Project_Settings/Startup_Code/kinetis_sysinit.o
 .debug_loc     0x00000058       0x2c ./Project_Settings/Startup_Code/__arm_start.o
 .debug_loc     0x00000084       0x38 ./Project_Settings/Startup_Code/__arm_end.o
 .debug_loc     0x000000bc       0x9c ./Sources/Application/Auto_air/auto_air.o
 .debug_loc     0x00000158      0x144 ./Sources/Application/Auto_humid/auto_humid.o
 .debug_loc     0x0000029c       0xc8 ./Sources/Application/Auto_light/auto_light.o
 .debug_loc     0x00000364      0x264 ./Sources/Application/Auto_wiper/auto_wiper.o
 .debug_loc     0x000005c8       0x90 ./Sources/Application/Battery/battery.o
 .debug_loc     0x00000658       0x2c ./Sources/Application/Config_parameters/config_parameter.o
 .debug_loc     0x00000684       0x70 ./Sources/Application/Self_Adapt/self_adapt.o
 .debug_loc     0x000006f4      0x140 ./Sources/Application/Sleep/sleep.o
 .debug_loc     0x00000834       0x58 ./Sources/Application/main.o
 .debug_loc     0x0000088c      0x288 ./Sources/Driver/LIN_Stack/Diagnostic/lin_diagnostic_service.o
 .debug_loc     0x00000b14      0x298 ./Sources/Driver/LIN_Stack/bsp/UART/lin_lld_uart.o
 .debug_loc     0x00000dac       0x58 ./Sources/Driver/LIN_Stack/bsp/UART/lin_lld_timesrv.o
 .debug_loc     0x00000e04       0x58 ./Sources/Driver/LIN_Stack/bsp/UART/lin_isr.o
 .debug_loc     0x00000e5c       0xa8 ./Sources/Driver/LIN_Stack/coreapi/lin_lin21_proto.o
 .debug_loc     0x00000f04      0x250 ./Sources/Driver/LIN_Stack/coreapi/lin_common_proto.o
 .debug_loc     0x00001154      0x224 ./Sources/Driver/LIN_Stack/coreapi/lin_common_api.o
 .debug_loc     0x00001378      0x334 ./Sources/Driver/LIN_Stack/lowlevel/lin.o
 .debug_loc     0x000016ac      0x1ec ./Sources/Driver/SPI/spi.o
 .debug_loc     0x00001898       0x9c ./Sources/Driver/adc/adc.o
 .debug_loc     0x00001934       0x9c ./Sources/Driver/clock/clock.o
 .debug_loc     0x000019d0      0x150 ./Sources/Driver/eeprom/eeprom.o
 .debug_loc     0x00001b20       0x58 ./Sources/Driver/ftm/ftm.o
 .debug_loc     0x00001b78       0x2c ./Sources/Driver/gpio/gpio.o
 .debug_loc     0x00001ba4       0x38 ./Sources/Driver/pmc/pmc.o
 .debug_loc     0x00001bdc       0xb0 ./Sources/Driver/rtc/rtc.o
 .debug_loc     0x00001c8c       0xe8 ./Sources/Driver/watchdog/watchdog.o
 .debug_loc     0x00001d74      0x1f0 ./Sources/Transport/LIN_app/lin_app.o
 .debug_loc     0x00001f64       0xd4 ./Sources/Transport/Local_eep_data/local_eep_data.o
 .debug_loc     0x00002038       0x64 ./Sources/Transport/MLX75308/mlx75308.o
 .debug_loc     0x0000209c       0x38 ./Sources/Transport/lin_cfg/lin_cfg.o
 .debug_loc     0x000020d4      0x18a ./Sources/Transport/lin_transport/lin_commontl_proto.o
 .debug_loc     0x0000225e      0x22c ./Sources/Transport/lin_transport/lin_commontl_api.o
 .debug_loc     0x0000248a       0x3e D:/CW11.0/CW MCU v11.0/MCU/ARM_GCC_Support/ewl/lib/armv6-m\libc.a(exit.o)
 .debug_loc     0x000024c8       0x6f D:/CW11.0/CW MCU v11.0/MCU/ARM_GCC_Support/ewl/lib/armv6-m\libc.a(memset.o)
 .debug_loc     0x00002537      0x14a D:/CW11.0/CW MCU v11.0/MCU/ARM_GCC_Support/ewl/lib/armv6-m\libc.a(__filll_mem.o)
 .debug_loc     0x00002681       0x9d D:/CW11.0/CW MCU v11.0/MCU/ARM_GCC_Support/ewl/lib/armv6-m\librt.a(gcc_ctor_dtor.o)
 .debug_loc     0x0000271e      0x197 D:/CW11.0/CW MCU v11.0/MCU/ARM_GCC_Support/ewl/lib/armv6-m\librt.a(__arm_eabi_init.o)
 .debug_loc     0x000028b5       0xd9 D:/CW11.0/CW MCU v11.0/MCU/ARM_GCC_Support/ewl/lib/armv6-m\librt.a(ROMCopy.o)

.debug_aranges  0x00000000      0xa58
 .debug_aranges
                0x00000000       0x28 ./Project_Settings/Startup_Code/kinetis_sysinit.o
 .debug_aranges
                0x00000028       0x30 ./Project_Settings/Startup_Code/__arm_start.o
 .debug_aranges
                0x00000058       0x20 ./Project_Settings/Startup_Code/__arm_end.o
 .debug_aranges
                0x00000078       0x30 ./Sources/Application/Auto_air/auto_air.o
 .debug_aranges
                0x000000a8       0x48 ./Sources/Application/Auto_humid/auto_humid.o
 .debug_aranges
                0x000000f0       0x38 ./Sources/Application/Auto_light/auto_light.o
 .debug_aranges
                0x00000128       0x78 ./Sources/Application/Auto_wiper/auto_wiper.o
 .debug_aranges
                0x000001a0       0x30 ./Sources/Application/Battery/battery.o
 .debug_aranges
                0x000001d0       0x20 ./Sources/Application/Config_parameters/config_parameter.o
 .debug_aranges
                0x000001f0       0x28 ./Sources/Application/Self_Adapt/self_adapt.o
 .debug_aranges
                0x00000218       0x50 ./Sources/Application/Sleep/sleep.o
 .debug_aranges
                0x00000268       0x28 ./Sources/Application/main.o
 .debug_aranges
                0x00000290       0x78 ./Sources/Driver/LIN_Stack/Diagnostic/lin_diagnostic_service.o
 .debug_aranges
                0x00000308       0x88 ./Sources/Driver/LIN_Stack/bsp/UART/lin_lld_uart.o
 .debug_aranges
                0x00000390       0x28 ./Sources/Driver/LIN_Stack/bsp/UART/lin_lld_timesrv.o
 .debug_aranges
                0x000003b8       0x28 ./Sources/Driver/LIN_Stack/bsp/UART/lin_isr.o
 .debug_aranges
                0x000003e0       0x30 ./Sources/Driver/LIN_Stack/coreapi/lin_lin21_proto.o
 .debug_aranges
                0x00000410       0x70 ./Sources/Driver/LIN_Stack/coreapi/lin_common_proto.o
 .debug_aranges
                0x00000480       0x68 ./Sources/Driver/LIN_Stack/coreapi/lin_common_api.o
 .debug_aranges
                0x000004e8       0xa0 ./Sources/Driver/LIN_Stack/lowlevel/lin.o
 .debug_aranges
                0x00000588       0x60 ./Sources/Driver/SPI/spi.o
 .debug_aranges
                0x000005e8       0x30 ./Sources/Driver/adc/adc.o
 .debug_aranges
                0x00000618       0x30 ./Sources/Driver/clock/clock.o
 .debug_aranges
                0x00000648       0x48 ./Sources/Driver/eeprom/eeprom.o
 .debug_aranges
                0x00000690       0x28 ./Sources/Driver/ftm/ftm.o
 .debug_aranges
                0x000006b8       0x20 ./Sources/Driver/gpio/gpio.o
 .debug_aranges
                0x000006d8       0x20 ./Sources/Driver/pmc/pmc.o
 .debug_aranges
                0x000006f8       0x38 ./Sources/Driver/rtc/rtc.o
 .debug_aranges
                0x00000730       0x40 ./Sources/Driver/watchdog/watchdog.o
 .debug_aranges
                0x00000770       0x70 ./Sources/Transport/LIN_app/lin_app.o
 .debug_aranges
                0x000007e0       0x38 ./Sources/Transport/Local_eep_data/local_eep_data.o
 .debug_aranges
                0x00000818       0x28 ./Sources/Transport/MLX75308/mlx75308.o
 .debug_aranges
                0x00000840       0x20 ./Sources/Transport/lin_cfg/lin_cfg.o
 .debug_aranges
                0x00000860       0x50 ./Sources/Transport/lin_transport/lin_commontl_proto.o
 .debug_aranges
                0x000008b0       0x70 ./Sources/Transport/lin_transport/lin_commontl_api.o
 .debug_aranges
                0x00000920       0x20 D:/CW11.0/CW MCU v11.0/MCU/ARM_GCC_Support/ewl/lib/armv6-m\libc.a(exit.o)
 .debug_aranges
                0x00000940       0x28 D:/CW11.0/CW MCU v11.0/MCU/ARM_GCC_Support/ewl/lib/armv6-m\libc.a(rand.o)
 .debug_aranges
                0x00000968       0x20 D:/CW11.0/CW MCU v11.0/MCU/ARM_GCC_Support/ewl/lib/armv6-m\libc.a(memset.o)
 .debug_aranges
                0x00000988       0x20 D:/CW11.0/CW MCU v11.0/MCU/ARM_GCC_Support/ewl/lib/armv6-m\libc.a(__filll_mem.o)
 .debug_aranges
                0x000009a8       0x28 D:/CW11.0/CW MCU v11.0/MCU/ARM_GCC_Support/ewl/lib/armv6-m\librt.a(gcc_ctor_dtor.o)
 .debug_aranges
                0x000009d0       0x58 D:/CW11.0/CW MCU v11.0/MCU/ARM_GCC_Support/ewl/lib/armv6-m\librt.a(__arm_eabi_init.o)
 .debug_aranges
                0x00000a28       0x30 D:/CW11.0/CW MCU v11.0/MCU/ARM_GCC_Support/ewl/lib/armv6-m\librt.a(ROMCopy.o)

.debug_line     0x00000000     0x4d79
 .debug_line    0x00000000      0x11a ./Project_Settings/Startup_Code/kinetis_sysinit.o
 .debug_line    0x0000011a       0x92 ./Project_Settings/Startup_Code/__arm_start.o
 .debug_line    0x000001ac       0x5e ./Project_Settings/Startup_Code/__arm_end.o
 .debug_line    0x0000020a      0x223 ./Sources/Application/Auto_air/auto_air.o
 .debug_line    0x0000042d      0x1b1 ./Sources/Application/Auto_humid/auto_humid.o
 .debug_line    0x000005de      0x23d ./Sources/Application/Auto_light/auto_light.o
 .debug_line    0x0000081b      0x425 ./Sources/Application/Auto_wiper/auto_wiper.o
 .debug_line    0x00000c40      0x172 ./Sources/Application/Battery/battery.o
 .debug_line    0x00000db2      0x178 ./Sources/Application/Config_parameters/config_parameter.o
 .debug_line    0x00000f2a      0x198 ./Sources/Application/Self_Adapt/self_adapt.o
 .debug_line    0x000010c2      0x38b ./Sources/Application/Sleep/sleep.o
 .debug_line    0x0000144d      0x125 ./Sources/Application/main.o
 .debug_line    0x00001572      0x471 ./Sources/Driver/LIN_Stack/Diagnostic/lin_diagnostic_service.o
 .debug_line    0x000019e3      0x494 ./Sources/Driver/LIN_Stack/bsp/UART/lin_lld_uart.o
 .debug_line    0x00001e77      0x129 ./Sources/Driver/LIN_Stack/bsp/UART/lin_lld_timesrv.o
 .debug_line    0x00001fa0      0x11d ./Sources/Driver/LIN_Stack/bsp/UART/lin_isr.o
 .debug_line    0x000020bd      0x102 ./Sources/Driver/LIN_Stack/coreapi/lin_lin21_proto.o
 .debug_line    0x000021bf      0x2f3 ./Sources/Driver/LIN_Stack/coreapi/lin_common_proto.o
 .debug_line    0x000024b2      0x1de ./Sources/Driver/LIN_Stack/coreapi/lin_common_api.o
 .debug_line    0x00002690      0x234 ./Sources/Driver/LIN_Stack/lowlevel/lin.o
 .debug_line    0x000028c4      0x307 ./Sources/Driver/SPI/spi.o
 .debug_line    0x00002bcb      0x192 ./Sources/Driver/adc/adc.o
 .debug_line    0x00002d5d      0x19f ./Sources/Driver/clock/clock.o
 .debug_line    0x00002efc      0x281 ./Sources/Driver/eeprom/eeprom.o
 .debug_line    0x0000317d      0x18a ./Sources/Driver/ftm/ftm.o
 .debug_line    0x00003307      0x11c ./Sources/Driver/gpio/gpio.o
 .debug_line    0x00003423      0x165 ./Sources/Driver/pmc/pmc.o
 .debug_line    0x00003588      0x125 ./Sources/Driver/rtc/rtc.o
 .debug_line    0x000036ad      0x14e ./Sources/Driver/watchdog/watchdog.o
 .debug_line    0x000037fb      0x469 ./Sources/Transport/LIN_app/lin_app.o
 .debug_line    0x00003c64      0x131 ./Sources/Transport/Local_eep_data/local_eep_data.o
 .debug_line    0x00003d95      0x2a5 ./Sources/Transport/MLX75308/mlx75308.o
 .debug_line    0x0000403a       0xe8 ./Sources/Transport/lin_cfg/lin_cfg.o
 .debug_line    0x00004122      0x520 ./Sources/Transport/lin_transport/lin_commontl_proto.o
 .debug_line    0x00004642      0x251 ./Sources/Transport/lin_transport/lin_commontl_api.o
 .debug_line    0x00004893       0x8d D:/CW11.0/CW MCU v11.0/MCU/ARM_GCC_Support/ewl/lib/armv6-m\libc.a(exit.o)
 .debug_line    0x00004920       0x93 D:/CW11.0/CW MCU v11.0/MCU/ARM_GCC_Support/ewl/lib/armv6-m\libc.a(rand.o)
 .debug_line    0x000049b3       0x90 D:/CW11.0/CW MCU v11.0/MCU/ARM_GCC_Support/ewl/lib/armv6-m\libc.a(memset.o)
 .debug_line    0x00004a43       0xf6 D:/CW11.0/CW MCU v11.0/MCU/ARM_GCC_Support/ewl/lib/armv6-m\libc.a(__filll_mem.o)
 .debug_line    0x00004b39       0x6c D:/CW11.0/CW MCU v11.0/MCU/ARM_GCC_Support/ewl/lib/armv6-m\librt.a(gcc_ctor_dtor.o)
 .debug_line    0x00004ba5      0x117 D:/CW11.0/CW MCU v11.0/MCU/ARM_GCC_Support/ewl/lib/armv6-m\librt.a(__arm_eabi_init.o)
 .debug_line    0x00004cbc       0xbd D:/CW11.0/CW MCU v11.0/MCU/ARM_GCC_Support/ewl/lib/armv6-m\librt.a(ROMCopy.o)

.debug_str      0x00000000     0x479f
 .debug_str     0x00000000      0x246 ./Project_Settings/Startup_Code/kinetis_sysinit.o
                                0x273 (size before relaxing)
 .debug_str     0x00000246       0x85 ./Project_Settings/Startup_Code/__arm_start.o
                                0x1a7 (size before relaxing)
 .debug_str     0x000002cb       0x3a ./Project_Settings/Startup_Code/__arm_end.o
                                 0xde (size before relaxing)
 .debug_str     0x00000305      0x3c3 ./Sources/Application/Auto_air/auto_air.o
                                0x4c7 (size before relaxing)
 .debug_str     0x000006c8      0x146 ./Sources/Application/Auto_humid/auto_humid.o
                                0x281 (size before relaxing)
 .debug_str     0x0000080e      0x434 ./Sources/Application/Auto_light/auto_light.o
                                0x7a0 (size before relaxing)
 .debug_str     0x00000c42      0x670 ./Sources/Application/Auto_wiper/auto_wiper.o
                                0xc8a (size before relaxing)
 .debug_str     0x000012b2       0x9c ./Sources/Application/Battery/battery.o
                                0x39b (size before relaxing)
 .debug_str     0x0000134e      0x209 ./Sources/Application/Config_parameters/config_parameter.o
                                0x32d (size before relaxing)
 .debug_str     0x00001557       0xa8 ./Sources/Application/Self_Adapt/self_adapt.o
                                0x2ad (size before relaxing)
 .debug_str     0x000015ff      0x244 ./Sources/Application/Sleep/sleep.o
                                0x8cd (size before relaxing)
 .debug_str     0x00001843       0x99 ./Sources/Application/main.o
                                0x255 (size before relaxing)
 .debug_str     0x000018dc      0x3fb ./Sources/Driver/LIN_Stack/Diagnostic/lin_diagnostic_service.o
                                0x7df (size before relaxing)
 .debug_str     0x00001cd7      0x798 ./Sources/Driver/LIN_Stack/bsp/UART/lin_lld_uart.o
                                0xb5f (size before relaxing)
 .debug_str     0x0000246f      0x389 ./Sources/Driver/LIN_Stack/bsp/UART/lin_lld_timesrv.o
                                0x52a (size before relaxing)
 .debug_str     0x000027f8       0x55 ./Sources/Driver/LIN_Stack/bsp/UART/lin_isr.o
                                0x235 (size before relaxing)
 .debug_str     0x0000284d      0x26e ./Sources/Driver/LIN_Stack/coreapi/lin_lin21_proto.o
                                0x3e1 (size before relaxing)
 .debug_str     0x00002abb      0x58f ./Sources/Driver/LIN_Stack/coreapi/lin_common_proto.o
                                0xc4f (size before relaxing)
 .debug_str     0x0000304a       0xcc ./Sources/Driver/LIN_Stack/coreapi/lin_common_api.o
                                0x2b5 (size before relaxing)
 .debug_str     0x00003116      0x22c ./Sources/Driver/LIN_Stack/lowlevel/lin.o
                                0x3a0 (size before relaxing)
 .debug_str     0x00003342      0x12d ./Sources/Driver/SPI/spi.o
                                0x38f (size before relaxing)
 .debug_str     0x0000346f       0x6e ./Sources/Driver/adc/adc.o
                                0x1e5 (size before relaxing)
 .debug_str     0x000034dd       0x55 ./Sources/Driver/clock/clock.o
                                0x17a (size before relaxing)
 .debug_str     0x00003532      0x1b8 ./Sources/Driver/eeprom/eeprom.o
                                0x328 (size before relaxing)
 .debug_str     0x000036ea       0x36 ./Sources/Driver/ftm/ftm.o
                                0x57c (size before relaxing)
 .debug_str     0x00003720      0x108 ./Sources/Driver/gpio/gpio.o
                                0x2a2 (size before relaxing)
 .debug_str     0x00003828       0x25 ./Sources/Driver/pmc/pmc.o
                                0x16a (size before relaxing)
 .debug_str     0x0000384d       0x6a ./Sources/Driver/rtc/rtc.o
                                0x48d (size before relaxing)
 .debug_str     0x000038b7       0x83 ./Sources/Driver/watchdog/watchdog.o
                                0x1fb (size before relaxing)
 .debug_str     0x0000393a      0x53d ./Sources/Transport/LIN_app/lin_app.o
                               0x11a9 (size before relaxing)
 .debug_str     0x00003e77       0x9d ./Sources/Transport/Local_eep_data/local_eep_data.o
                                0x2a5 (size before relaxing)
 .debug_str     0x00003f14       0xc1 ./Sources/Transport/MLX75308/mlx75308.o
                                0x4d4 (size before relaxing)
 .debug_str     0x00003fd5      0x223 ./Sources/Transport/lin_cfg/lin_cfg.o
                                0xd47 (size before relaxing)
 .debug_str     0x000041f8      0x10c ./Sources/Transport/lin_transport/lin_commontl_proto.o
                                0x87a (size before relaxing)
 .debug_str     0x00004304      0x112 ./Sources/Transport/lin_transport/lin_commontl_api.o
                                0x6bf (size before relaxing)
 .debug_str     0x00004416       0x5a D:/CW11.0/CW MCU v11.0/MCU/ARM_GCC_Support/ewl/lib/armv6-m\libc.a(exit.o)
                                0x157 (size before relaxing)
 .debug_str     0x00004470       0x2b D:/CW11.0/CW MCU v11.0/MCU/ARM_GCC_Support/ewl/lib/armv6-m\libc.a(rand.o)
                                0x152 (size before relaxing)
 .debug_str     0x0000449b       0x23 D:/CW11.0/CW MCU v11.0/MCU/ARM_GCC_Support/ewl/lib/armv6-m\libc.a(memset.o)
                                0x140 (size before relaxing)
 .debug_str     0x000044be       0x2d D:/CW11.0/CW MCU v11.0/MCU/ARM_GCC_Support/ewl/lib/armv6-m\libc.a(__filll_mem.o)
                                0x152 (size before relaxing)
 .debug_str     0x000044eb      0x126 D:/CW11.0/CW MCU v11.0/MCU/ARM_GCC_Support/ewl/lib/armv6-m\librt.a(gcc_ctor_dtor.o)
                                0x181 (size before relaxing)
 .debug_str     0x00004611       0xf3 D:/CW11.0/CW MCU v11.0/MCU/ARM_GCC_Support/ewl/lib/armv6-m\librt.a(__arm_eabi_init.o)
                                0x1b5 (size before relaxing)
 .debug_str     0x00004704       0x9b D:/CW11.0/CW MCU v11.0/MCU/ARM_GCC_Support/ewl/lib/armv6-m\librt.a(ROMCopy.o)
                                0x13c (size before relaxing)

.comment        0x00000000       0x79
 .comment       0x00000000       0x79 ./Project_Settings/Startup_Code/kinetis_sysinit.o
                                 0x7a (size before relaxing)
 .comment       0x00000000       0x7a ./Project_Settings/Startup_Code/__arm_start.o
 .comment       0x00000000       0x7a ./Project_Settings/Startup_Code/__arm_end.o
 .comment       0x00000000       0x7a ./Sources/Application/Auto_air/auto_air.o
 .comment       0x00000000       0x7a ./Sources/Application/Auto_humid/auto_humid.o
 .comment       0x00000000       0x7a ./Sources/Application/Auto_light/auto_light.o
 .comment       0x00000000       0x7a ./Sources/Application/Auto_wiper/auto_wiper.o
 .comment       0x00000000       0x7a ./Sources/Application/Battery/battery.o
 .comment       0x00000000       0x7a ./Sources/Application/Config_parameters/config_parameter.o
 .comment       0x00000000       0x7a ./Sources/Application/Self_Adapt/self_adapt.o
 .comment       0x00000000       0x7a ./Sources/Application/Sleep/sleep.o
 .comment       0x00000000       0x7a ./Sources/Application/main.o
 .comment       0x00000000       0x7a ./Sources/Driver/LIN_Stack/Diagnostic/lin_diagnostic_service.o
 .comment       0x00000000       0x7a ./Sources/Driver/LIN_Stack/bsp/UART/lin_lld_uart.o
 .comment       0x00000000       0x7a ./Sources/Driver/LIN_Stack/bsp/UART/lin_lld_timesrv.o
 .comment       0x00000000       0x7a ./Sources/Driver/LIN_Stack/bsp/UART/lin_isr.o
 .comment       0x00000000       0x7a ./Sources/Driver/LIN_Stack/coreapi/lin_lin21_proto.o
 .comment       0x00000000       0x7a ./Sources/Driver/LIN_Stack/coreapi/lin_common_proto.o
 .comment       0x00000000       0x7a ./Sources/Driver/LIN_Stack/coreapi/lin_common_api.o
 .comment       0x00000000       0x7a ./Sources/Driver/LIN_Stack/lowlevel/lin.o
 .comment       0x00000000       0x7a ./Sources/Driver/SPI/spi.o
 .comment       0x00000000       0x7a ./Sources/Driver/adc/adc.o
 .comment       0x00000000       0x7a ./Sources/Driver/clock/clock.o
 .comment       0x00000000       0x7a ./Sources/Driver/eeprom/eeprom.o
 .comment       0x00000000       0x7a ./Sources/Driver/ftm/ftm.o
 .comment       0x00000000       0x7a ./Sources/Driver/gpio/gpio.o
 .comment       0x00000000       0x7a ./Sources/Driver/pmc/pmc.o
 .comment       0x00000000       0x7a ./Sources/Driver/rtc/rtc.o
 .comment       0x00000000       0x7a ./Sources/Driver/watchdog/watchdog.o
 .comment       0x00000000       0x7a ./Sources/Transport/LIN_app/lin_app.o
 .comment       0x00000000       0x7a ./Sources/Transport/Local_eep_data/local_eep_data.o
 .comment       0x00000000       0x7a ./Sources/Transport/MLX75308/mlx75308.o
 .comment       0x00000000       0x7a ./Sources/Transport/lin_cfg/lin_cfg.o
 .comment       0x00000000       0x7a ./Sources/Transport/lin_transport/lin_commontl_proto.o
 .comment       0x00000000       0x7a ./Sources/Transport/lin_transport/lin_commontl_api.o
 .comment       0x00000000       0x7a D:/CW11.0/CW MCU v11.0/MCU/ARM_GCC_Support/ewl/lib/armv6-m\libc.a(exit.o)
 .comment       0x00000000       0x7a D:/CW11.0/CW MCU v11.0/MCU/ARM_GCC_Support/ewl/lib/armv6-m\libc.a(rand.o)
 .comment       0x00000000       0x7a D:/CW11.0/CW MCU v11.0/MCU/ARM_GCC_Support/ewl/lib/armv6-m\libc.a(memset.o)
 .comment       0x00000000       0x7a D:/CW11.0/CW MCU v11.0/MCU/ARM_GCC_Support/ewl/lib/armv6-m\libc.a(__filll_mem.o)
 .comment       0x00000000       0x7a D:/CW11.0/CW MCU v11.0/MCU/ARM_GCC_Support/ewl/lib/armv6-m\librt.a(gcc_ctor_dtor.o)
 .comment       0x00000000       0x7a D:/CW11.0/CW MCU v11.0/MCU/ARM_GCC_Support/ewl/lib/armv6-m\librt.a(__arm_eabi_init.o)
 .comment       0x00000000       0x7a D:/CW11.0/CW MCU v11.0/MCU/ARM_GCC_Support/ewl/lib/armv6-m\librt.a(ROMCopy.o)

.debug_frame    0x00000000     0x1c0c
 .debug_frame   0x00000000       0x48 ./Project_Settings/Startup_Code/kinetis_sysinit.o
 .debug_frame   0x00000048       0x4c ./Project_Settings/Startup_Code/__arm_start.o
 .debug_frame   0x00000094       0x30 ./Project_Settings/Startup_Code/__arm_end.o
 .debug_frame   0x000000c4       0x6c ./Sources/Application/Auto_air/auto_air.o
 .debug_frame   0x00000130       0xcc ./Sources/Application/Auto_humid/auto_humid.o
 .debug_frame   0x000001fc       0x88 ./Sources/Application/Auto_light/auto_light.o
 .debug_frame   0x00000284      0x180 ./Sources/Application/Auto_wiper/auto_wiper.o
 .debug_frame   0x00000404       0x68 ./Sources/Application/Battery/battery.o
 .debug_frame   0x0000046c       0x2c ./Sources/Application/Config_parameters/config_parameter.o
 .debug_frame   0x00000498       0x50 ./Sources/Application/Self_Adapt/self_adapt.o
 .debug_frame   0x000004e8       0xd8 ./Sources/Application/Sleep/sleep.o
 .debug_frame   0x000005c0       0x48 ./Sources/Application/main.o
 .debug_frame   0x00000608      0x188 ./Sources/Driver/LIN_Stack/Diagnostic/lin_diagnostic_service.o
 .debug_frame   0x00000790      0x1ac ./Sources/Driver/LIN_Stack/bsp/UART/lin_lld_uart.o
 .debug_frame   0x0000093c       0x48 ./Sources/Driver/LIN_Stack/bsp/UART/lin_lld_timesrv.o
 .debug_frame   0x00000984       0x4c ./Sources/Driver/LIN_Stack/bsp/UART/lin_isr.o
 .debug_frame   0x000009d0       0x70 ./Sources/Driver/LIN_Stack/coreapi/lin_lin21_proto.o
 .debug_frame   0x00000a40      0x168 ./Sources/Driver/LIN_Stack/coreapi/lin_common_proto.o
 .debug_frame   0x00000ba8      0x14c ./Sources/Driver/LIN_Stack/coreapi/lin_common_api.o
 .debug_frame   0x00000cf4      0x204 ./Sources/Driver/LIN_Stack/lowlevel/lin.o
 .debug_frame   0x00000ef8      0x12c ./Sources/Driver/SPI/spi.o
 .debug_frame   0x00001024       0x6c ./Sources/Driver/adc/adc.o
 .debug_frame   0x00001090       0x6c ./Sources/Driver/clock/clock.o
 .debug_frame   0x000010fc       0xd0 ./Sources/Driver/eeprom/eeprom.o
 .debug_frame   0x000011cc       0x4c ./Sources/Driver/ftm/ftm.o
 .debug_frame   0x00001218       0x2c ./Sources/Driver/gpio/gpio.o
 .debug_frame   0x00001244       0x30 ./Sources/Driver/pmc/pmc.o
 .debug_frame   0x00001274       0x80 ./Sources/Driver/rtc/rtc.o
 .debug_frame   0x000012f4       0xa0 ./Sources/Driver/watchdog/watchdog.o
 .debug_frame   0x00001394      0x148 ./Sources/Transport/LIN_app/lin_app.o
 .debug_frame   0x000014dc       0x8c ./Sources/Transport/Local_eep_data/local_eep_data.o
 .debug_frame   0x00001568       0x4c ./Sources/Transport/MLX75308/mlx75308.o
 .debug_frame   0x000015b4       0x30 ./Sources/Transport/lin_cfg/lin_cfg.o
 .debug_frame   0x000015e4       0xf0 ./Sources/Transport/lin_transport/lin_commontl_proto.o
 .debug_frame   0x000016d4      0x15c ./Sources/Transport/lin_transport/lin_commontl_api.o
 .debug_frame   0x00001830       0x2c D:/CW11.0/CW MCU v11.0/MCU/ARM_GCC_Support/ewl/lib/armv6-m\libc.a(exit.o)
 .debug_frame   0x0000185c       0x30 D:/CW11.0/CW MCU v11.0/MCU/ARM_GCC_Support/ewl/lib/armv6-m\libc.a(rand.o)
 .debug_frame   0x0000188c       0x28 D:/CW11.0/CW MCU v11.0/MCU/ARM_GCC_Support/ewl/lib/armv6-m\libc.a(memset.o)
 .debug_frame   0x000018b4       0x2c D:/CW11.0/CW MCU v11.0/MCU/ARM_GCC_Support/ewl/lib/armv6-m\libc.a(__filll_mem.o)