Archive member included because of file (symbol)

D:/CW11.0/CW MCU v11.0/MCU/ARM_GCC_Support/ewl/lib/armv6-m\libc.a(exit.o)
                              ./Project_Settings/Startup_Code/__arm_start.o (exit)
D:/CW11.0/CW MCU v11.0/MCU/ARM_GCC_Support/ewl/lib/armv6-m\libc.a(rand.o)
                              ./Sources/Application/Diagnostic/lin_diagnostic_service.o (rand)
D:/CW11.0/CW MCU v11.0/MCU/ARM_GCC_Support/ewl/lib/armv6-m\libc.a(memset.o)
                              ./Project_Settings/Startup_Code/__arm_start.o (memset)
D:/CW11.0/CW MCU v11.0/MCU/ARM_GCC_Support/ewl/lib/armv6-m\libc.a(__filll_mem.o)
                              D:/CW11.0/CW MCU v11.0/MCU/ARM_GCC_Support/ewl/lib/armv6-m\libc.a(memset.o) (__fill_mem)
d:/cw11.0/cw mcu v11.0/cross_tools/arm-none-eabi-gcc-4_7_3/bin/../lib/gcc/arm-none-eabi/4.7.3/armv6-m\libgcc.a(_udivsi3.o)
                              ./Sources/Application/Auto_air/auto_air.o (__aeabi_uidiv)
d:/cw11.0/cw mcu v11.0/cross_tools/arm-none-eabi-gcc-4_7_3/bin/../lib/gcc/arm-none-eabi/4.7.3/armv6-m\libgcc.a(_divsi3.o)
                              ./Sources/Application/Auto_wiper/auto_wiper.o (__aeabi_idiv)
d:/cw11.0/cw mcu v11.0/cross_tools/arm-none-eabi-gcc-4_7_3/bin/../lib/gcc/arm-none-eabi/4.7.3/armv6-m\libgcc.a(_dvmd_tls.o)
                              d:/cw11.0/cw mcu v11.0/cross_tools/arm-none-eabi-gcc-4_7_3/bin/../lib/gcc/arm-none-eabi/4.7.3/armv6-m\libgcc.a(_udivsi3.o) (__aeabi_idiv0)
d:/cw11.0/cw mcu v11.0/cross_tools/arm-none-eabi-gcc-4_7_3/bin/../lib/gcc/arm-none-eabi/4.7.3/armv6-m\libgcc.a(_fixunsdfsi.o)
                              ./Sources/Driver/LIN_Stack/bsp/UART/lin_isr.o (__aeabi_d2uiz)
d:/cw11.0/cw mcu v11.0/cross_tools/arm-none-eabi-gcc-4_7_3/bin/../lib/gcc/arm-none-eabi/4.7.3/armv6-m\libgcc.a(adddf3.o)
                              ./Sources/Driver/LIN_Stack/bsp/UART/lin_isr.o (__aeabi_dadd)
d:/cw11.0/cw mcu v11.0/cross_tools/arm-none-eabi-gcc-4_7_3/bin/../lib/gcc/arm-none-eabi/4.7.3/armv6-m\libgcc.a(subdf3.o)
                              d:/cw11.0/cw mcu v11.0/cross_tools/arm-none-eabi-gcc-4_7_3/bin/../lib/gcc/arm-none-eabi/4.7.3/armv6-m\libgcc.a(_fixunsdfsi.o) (__aeabi_dsub)
d:/cw11.0/cw mcu v11.0/cross_tools/arm-none-eabi-gcc-4_7_3/bin/../lib/gcc/arm-none-eabi/4.7.3/armv6-m\libgcc.a(fixdfsi.o)
                              d:/cw11.0/cw mcu v11.0/cross_tools/arm-none-eabi-gcc-4_7_3/bin/../lib/gcc/arm-none-eabi/4.7.3/armv6-m\libgcc.a(_fixunsdfsi.o) (__aeabi_d2iz)
d:/cw11.0/cw mcu v11.0/cross_tools/arm-none-eabi-gcc-4_7_3/bin/../lib/gcc/arm-none-eabi/4.7.3/armv6-m\libgcc.a(floatunsidf.o)
                              ./Sources/Driver/LIN_Stack/bsp/UART/lin_isr.o (__aeabi_ui2d)
d:/cw11.0/cw mcu v11.0/cross_tools/arm-none-eabi-gcc-4_7_3/bin/../lib/gcc/arm-none-eabi/4.7.3/armv6-m\libgcc.a(_arm_cmpdf2.o)
                              d:/cw11.0/cw mcu v11.0/cross_tools/arm-none-eabi-gcc-4_7_3/bin/../lib/gcc/arm-none-eabi/4.7.3/armv6-m\libgcc.a(_fixunsdfsi.o) (__aeabi_dcmpge)
d:/cw11.0/cw mcu v11.0/cross_tools/arm-none-eabi-gcc-4_7_3/bin/../lib/gcc/arm-none-eabi/4.7.3/armv6-m\libgcc.a(_clzsi2.o)
                              d:/cw11.0/cw mcu v11.0/cross_tools/arm-none-eabi-gcc-4_7_3/bin/../lib/gcc/arm-none-eabi/4.7.3/armv6-m\libgcc.a(adddf3.o) (__clzsi2)
d:/cw11.0/cw mcu v11.0/cross_tools/arm-none-eabi-gcc-4_7_3/bin/../lib/gcc/arm-none-eabi/4.7.3/armv6-m\libgcc.a(eqdf2.o)
                              d:/cw11.0/cw mcu v11.0/cross_tools/arm-none-eabi-gcc-4_7_3/bin/../lib/gcc/arm-none-eabi/4.7.3/armv6-m\libgcc.a(_arm_cmpdf2.o) (__eqdf2)
d:/cw11.0/cw mcu v11.0/cross_tools/arm-none-eabi-gcc-4_7_3/bin/../lib/gcc/arm-none-eabi/4.7.3/armv6-m\libgcc.a(gedf2.o)
                              d:/cw11.0/cw mcu v11.0/cross_tools/arm-none-eabi-gcc-4_7_3/bin/../lib/gcc/arm-none-eabi/4.7.3/armv6-m\libgcc.a(_arm_cmpdf2.o) (__gedf2)
d:/cw11.0/cw mcu v11.0/cross_tools/arm-none-eabi-gcc-4_7_3/bin/../lib/gcc/arm-none-eabi/4.7.3/armv6-m\libgcc.a(ledf2.o)
                              d:/cw11.0/cw mcu v11.0/cross_tools/arm-none-eabi-gcc-4_7_3/bin/../lib/gcc/arm-none-eabi/4.7.3/armv6-m\libgcc.a(_arm_cmpdf2.o) (__ledf2)
D:/CW11.0/CW MCU v11.0/MCU/ARM_GCC_Support/ewl/lib/armv6-m\librt.a(gcc_ctor_dtor.o)
                              ./Project_Settings/Startup_Code/__arm_start.o (__init_cpp)
D:/CW11.0/CW MCU v11.0/MCU/ARM_GCC_Support/ewl/lib/armv6-m\librt.a(__arm_eabi_init.o)
                              D:/CW11.0/CW MCU v11.0/MCU/ARM_GCC_Support/ewl/lib/armv6-m\libc.a(exit.o) (__destroy_global_chain)
D:/CW11.0/CW MCU v11.0/MCU/ARM_GCC_Support/ewl/lib/armv6-m\librt.a(ROMCopy.o)
                              ./Project_Settings/Startup_Code/__arm_start.o (__copy_rom_sections_to_ram)

Allocating common symbols
Common symbol       size              file

tl_rx_msg_status    0x1               ./Sources/Transport/lin_cfg/lin_cfg.o
u8_HighHoldCnt      0x1               ./Sources/Application/Auto_wiper/auto_wiper.o
Timer_500ms_flag    0x1               ./Sources/Application/main.o
[...]
Memory Configuration

Name             Origin             Length             Attributes
m_interrupts     0x00000000         0x000000c0         xr
m_cfmprotrom     0x00000400         0x00000010         xr
m_text           0x00000800         0x0000f800         xr
m_data           0x1ffffc00         0x00001000         xrw
*default*        0x00000000         0xffffffff

Linker script and memory map

LOAD ./Project_Settings/Startup_Code/kinetis_sysinit.o
LOAD ./Project_Settings/Startup_Code/__arm_start.o
LOAD ./Project_Settings/Startup_Code/__arm_end.o
LOAD ./Sources/Application/Auto_air/auto_air.o
LOAD ./Sources/Application/Auto_fog/auto_fog.o
LOAD ./Sources/Application/Auto_humid/auto_humid.o
LOAD ./Sources/Application/Auto_light/auto_light.o
LOAD ./Sources/Application/Auto_wiper/auto_wiper.o
LOAD ./Sources/Application/Battery/battery.o
LOAD ./Sources/Application/Config_parameters/config_parameter.o
LOAD ./Sources/Application/Diagnostic/lin_diagnostic_service.o
LOAD ./Sources/Application/Sleep/sleep.o
LOAD ./Sources/Application/humid_app/humid.o
LOAD ./Sources/Application/main.o
LOAD ./Sources/Driver/IIC/iic.o
LOAD ./Sources/Driver/LIN_Stack/bsp/UART/lin_lld_uart.o
LOAD ./Sources/Driver/LIN_Stack/bsp/UART/lin_lld_timesrv.o
LOAD ./Sources/Driver/LIN_Stack/bsp/UART/lin_isr.o
LOAD ./Sources/Driver/LIN_Stack/coreapi/lin_lin21_proto.o
LOAD ./Sources/Driver/LIN_Stack/coreapi/lin_lin21_api.o
LOAD ./Sources/Driver/LIN_Stack/coreapi/lin_j2602_proto.o
LOAD ./Sources/Driver/LIN_Stack/coreapi/lin_j2602_api.o
LOAD ./Sources/Driver/LIN_Stack/coreapi/lin_common_proto.o
LOAD ./Sources/Driver/LIN_Stack/coreapi/lin_common_api.o
LOAD ./Sources/Driver/LIN_Stack/lowlevel/lin.o
LOAD ./Sources/Driver/SPI/spi.o
LOAD ./Sources/Driver/adc/adc.o
LOAD ./Sources/Driver/clock/clock.o
LOAD ./Sources/Driver/eeprom/eeprom.o
LOAD ./Sources/Driver/ftm/ftm.o
LOAD ./Sources/Driver/gpio/gpio.o
LOAD ./Sources/Driver/pmc/pmc.o
LOAD ./Sources/Driver/rtc/rtc.o
LOAD ./Sources/Driver/watchdog/watchdog.o
LOAD ./Sources/Transport/LIN_app/lin_app.o
LOAD ./Sources/Transport/Local_eep_data/local_eep_data.o
LOAD ./Sources/Transport/MLX75308/mlx75308.o
LOAD ./Sources/Transport/lin_cfg/lin_cfg.o
LOAD ./Sources/Transport/lin_transport/lin_lin21tl_api.o
LOAD ./Sources/Transport/lin_transport/lin_j2602tl_api.o
LOAD ./Sources/Transport/lin_transport/lin_commontl_proto.o
LOAD ./Sources/Transport/lin_transport/lin_commontl_api.o
START GROUP
LOAD D:/CW11.0/CW MCU v11.0/MCU/ARM_GCC_Support/ewl/lib/armv6-m\libc.a
LOAD D:/CW11.0/CW MCU v11.0/MCU/ARM_GCC_Support/ewl/lib/armv6-m\libm.a
LOAD d:/cw11.0/cw mcu v11.0/cross_tools/arm-none-eabi-gcc-4_7_3/bin/../lib/gcc/arm-none-eabi/4.7.3/armv6-m\libgcc.a
LOAD D:/CW11.0/CW MCU v11.0/MCU/ARM_GCC_Support/ewl/lib/armv6-m\librt.a
END GROUP
                0x20000c00                _estack = 0x20000c00
                0x20000c00                __SP_INIT = _estack
                0x00000100                __heap_size = 0x100
                0x00000100                __stack_size = 0x100

.interrupts     0x00000000       0xc0
                0x00000000                __vector_table = .
                0x00000000                . = ALIGN (0x4)
 *(.vectortable)
 .vectortable   0x00000000       0xc0 ./Project_Settings/Startup_Code/kinetis_sysinit.o
                0x00000000                InterruptVector
                0x000000c0                . = ALIGN (0x4)

.cfmprotect     0x00000400        0x0
                0x00000400                . = ALIGN (0x4)
 *(.cfmconfig)
                0x00000400                . = ALIGN (0x4)

.text           0x00000800     0xa120
                0x00000800                . = ALIGN (0x4)
 *(.text)
 .text          0x00000800       0x9c d:/cw11.0/cw mcu v11.0/cross_tools/arm-none-eabi-gcc-4_7_3/bin/../lib/gcc/arm-none-eabi/4.7.3/armv6-m\libgcc.a(_udivsi3.o)
                0x00000800                __aeabi_uidiv
                0x00000800                __udivsi3
                0x00000888                __aeabi_uidivmod
 .text          0x0000089c       0xc0 d:/cw11.0/cw mcu v11.0/cross_tools/arm-none-eabi-gcc-4_7_3/bin/../lib/gcc/arm-none-eabi/4.7.3/armv6-m\libgcc.a(_divsi3.o)
                0x0000089c                __divsi3
                0x0000089c                __aeabi_idiv
                0x00000948                __aeabi_idivmod
 .text          0x0000095c        0x4 d:/cw11.0/cw mcu v11.0/cross_tools/arm-none-eabi-gcc-4_7_3/bin/../lib/gcc/arm-none-eabi/4.7.3/armv6-m\libgcc.a(_dvmd_tls.o)
                0x0000095c                __aeabi_idiv0
                0x0000095c                __aeabi_ldiv0
 .text          0x00000960       0x40 d:/cw11.0/cw mcu v11.0/cross_tools/arm-none-eabi-gcc-4_7_3/bin/../lib/gcc/arm-none-eabi/4.7.3/armv6-m\libgcc.a(_fixunsdfsi.o)
                0x00000960                __aeabi_d2uiz
                0x00000960                __fixunsdfsi
 .text          0x000009a0      0x758 d:/cw11.0/cw mcu v11.0/cross_tools/arm-none-eabi-gcc-4_7_3/bin/../lib/gcc/arm-none-eabi/4.7.3/armv6-m\libgcc.a(adddf3.o)
                0x000009a0                __aeabi_dadd
 .text          0x000010f8      0x6f8 d:/cw11.0/cw mcu v11.0/cross_tools/arm-none-eabi-gcc-4_7_3/bin/../lib/gcc/arm-none-eabi/4.7.3/armv6-m\libgcc.a(subdf3.o)
                0x000010f8                __aeabi_dsub
 .text          0x000017f0       0x68 d:/cw11.0/cw mcu v11.0/cross_tools/arm-none-eabi-gcc-4_7_3/bin/../lib/gcc/arm-none-eabi/4.7.3/armv6-m\libgcc.a(fixdfsi.o)
                0x000017f0                __aeabi_d2iz
 .text          0x00001858       0x64 d:/cw11.0/cw mcu v11.0/cross_tools/arm-none-eabi-gcc-4_7_3/bin/../lib/gcc/arm-none-eabi/4.7.3/armv6-m\libgcc.a(floatunsidf.o)
                0x00001858                __aeabi_ui2d
 .text          0x000018bc       0x7c d:/cw11.0/cw mcu v11.0/cross_tools/arm-none-eabi-gcc-4_7_3/bin/../lib/gcc/arm-none-eabi/4.7.3/armv6-m\libgcc.a(_arm_cmpdf2.o)
                0x000018bc                __aeabi_cdrcmple
                0x000018cc                __aeabi_cdcmple
                0x000018cc                __aeabi_cdcmpeq
                0x000018dc                __aeabi_dcmpeq
                0x000018e8                __aeabi_dcmplt
                0x000018fc                __aeabi_dcmple
                0x00001910                __aeabi_dcmpgt
                0x00001924                __aeabi_dcmpge
 .text          0x00001938       0x3c d:/cw11.0/cw mcu v11.0/cross_tools/arm-none-eabi-gcc-4_7_3/bin/../lib/gcc/arm-none-eabi/4.7.3/armv6-m\libgcc.a(_clzsi2.o)
                0x00001938                __clzsi2
 .text          0x00001974       0x7c d:/cw11.0/cw mcu v11.0/cross_tools/arm-none-eabi-gcc-4_7_3/bin/../lib/gcc/arm-none-eabi/4.7.3/armv6-m\libgcc.a(eqdf2.o)
                0x00001974                __nedf2
                0x00001974                __eqdf2
 .text          0x000019f0       0xe8 d:/cw11.0/cw mcu v11.0/cross_tools/arm-none-eabi-gcc-4_7_3/bin/../lib/gcc/arm-none-eabi/4.7.3/armv6-m\libgcc.a(gedf2.o)
                0x000019f0                __gedf2
                0x000019f0                __gtdf2
 .text          0x00001ad8       0xd8 d:/cw11.0/cw mcu v11.0/cross_tools/arm-none-eabi-gcc-4_7_3/bin/../lib/gcc/arm-none-eabi/4.7.3/armv6-m\libgcc.a(ledf2.o)
                0x00001ad8                __ledf2
                0x00001ad8                __ltdf2
 *(.text*)
 .text.Default_Handler
                0x00001bb0        0xc ./Project_Settings/Startup_Code/kinetis_sysinit.o
                0x00001bb0                I2C0_IRQHandler
                0x00001bb0                HardFault_Handler
                0x00001bb0                SysTick_Handler
                0x00001bb0                PendSV_Handler
                0x00001bb0                NMI_Handler
                0x00001bb0                ADC0_IRQHandler
                0x00001bb0                SPI1_IRQHandler
                0x00001bb0                UART2_SCI2_IRQHandler
                0x00001bb0                IRQ_IRQHandler
                0x00001bb0                PIT_CH0_IRQHandler
                0x00001bb0                Default_Handler
                0x00001bb0                ACMP0_IRQHandler
                0x00001bb0                SVC_Handler
                0x00001bb0                ICS_IRQHandler
                0x00001bb0                PIT_CH1_IRQHandler
                0x00001bb0                FTMRH_IRQHandler
                0x00001bb0                KBI0_IRQHandler
                0x00001bb0                PMC_IRQHandler
                0x00001bb0                SPI0_IRQHandler
                0x00001bb0                FTM2_IRQHandler
                0x00001bb0                ACMP1_IRQHandler
                0x00001bb0                KBI1_IRQHandler
                0x00001bb0                UART1_SCI1_IRQHandler
 .text.__init_hardware
                0x00001bbc       0x38 ./Project_Settings/Startup_Code/kinetis_sysinit.o
                0x00001bbc                __init_hardware
 .text.zero_fill_bss
                0x00001bf4       0x24 ./Project_Settings/Startup_Code/__arm_start.o
 .text.__thumb_startup
                0x00001c18       0x30 ./Project_Settings/Startup_Code/__arm_start.o
                0x00001c18                __thumb_startup
 .text._ExitProcess
                0x00001c48        0xc ./Project_Settings/Startup_Code/__arm_end.o
                0x00001c48                _ExitProcess
 .text.Auto_Air_Var_Init
                0x00001c54       0x28 ./Sources/Application/Auto_air/auto_air.o
                0x00001c54                Auto_Air_Var_Init
 .text.Search_Table
                0x00001c7c      0x234 ./Sources/Application/Auto_air/auto_air.o
                0x00001c7c                Search_Table
 .text.RLS_Auto_Solar_Task
                0x00001eb0      0x1e8 ./Sources/Application/Auto_air/auto_air.o
                0x00001eb0                RLS_Auto_Solar_Task
 .text.Auto_light_Var_Init
                0x00002098       0x60 ./Sources/Application/Auto_light/auto_light.o
                0x00002098                Auto_light_Var_Init
 .text.RLS_AutoLightControl
                0x000020f8      0x1c0 ./Sources/Application/Auto_light/auto_light.o
                0x000020f8                RLS_AutoLightControl
 .text.RLS_Light_Module_Fault_Process
                0x000022b8       0x98 ./Sources/Application/Auto_light/auto_light.o
                0x000022b8                RLS_Light_Module_Fault_Process
 .text.RLS_Auto_Light_Task
                0x00002350       0xa0 ./Sources/Application/Auto_light/auto_light.o
                0x00002350                RLS_Auto_Light_Task
 .text.Auto_Wiper_Var_Init
                0x000023f0       0xe4 ./Sources/Application/Auto_wiper/auto_wiper.o
                0x000023f0                Auto_Wiper_Var_Init
 .text.RLS_Enable_Light
                0x000024d4       0x40 ./Sources/Application/Auto_wiper/auto_wiper.o
                0x000024d4                RLS_Enable_Light
 .text.RLS_Disable_Light
                0x00002514       0x40 ./Sources/Application/Auto_wiper/auto_wiper.o
                0x00002514                RLS_Disable_Light
 .text.RLS_Rain_Module_Fault_Process
                0x00002554       0xb0 ./Sources/Application/Auto_wiper/auto_wiper.o
                0x00002554                RLS_Rain_Module_Fault_Process
 .text.RLS_Get_Rain_State
                0x00002604      0x52c ./Sources/Application/Auto_wiper/auto_wiper.o
                0x00002604                RLS_Get_Rain_State
 .text.RLS_Get_Rain_ExpectStage
                0x00002b30      0x2d0 ./Sources/Application/Auto_wiper/auto_wiper.o
                0x00002b30                RLS_Get_Rain_ExpectStage
 .text.RLS_Mask_False_Operation
                0x00002e00      0x198 ./Sources/Application/Auto_wiper/auto_wiper.o
                0x00002e00                RLS_Mask_False_Operation
 .text.RLS_Invalid_DataProcess
                0x00002f98      0x1fc ./Sources/Application/Auto_wiper/auto_wiper.o
                0x00002f98                RLS_Invalid_DataProcess
 .text.RLS_Period_Mode
                0x00003194       0x68 ./Sources/Application/Auto_wiper/auto_wiper.o
                0x00003194                RLS_Period_Mode
 .text.RLS_Rain_State_Mchaine
                0x000031fc     0x11c0 ./Sources/Application/Auto_wiper/auto_wiper.o
                0x000031fc                RLS_Rain_State_Mchaine
 .text.RLS_Wipe_Park_Process
                0x000043bc       0x84 ./Sources/Application/Auto_wiper/auto_wiper.o
                0x000043bc                RLS_Wipe_Park_Process
 .text.RLS_Auto_Rain_Task
                0x00004440       0x1c ./Sources/Application/Auto_wiper/auto_wiper.o
                0x00004440                RLS_Auto_Rain_Task
 .text.RLS_SelfAdaptTask
                0x0000445c      0x3ec ./Sources/Application/Auto_wiper/auto_wiper.o
                0x0000445c                RLS_SelfAdaptTask
 .text.RLS_Wipe_Auto_On_Function
                0x00004848       0xd4 ./Sources/Application/Auto_wiper/auto_wiper.o
                0x00004848                RLS_Wipe_Auto_On_Function
 .text.RLS_Wipe_Sensitivity_Up_Function
                0x0000491c       0xe4 ./Sources/Application/Auto_wiper/auto_wiper.o
                0x0000491c                RLS_Wipe_Sensitivity_Up_Function
 .text.RLS_Lin_Diag_Fucntion
                0x00004a00       0x34 ./Sources/Application/Auto_wiper/auto_wiper.o
                0x00004a00                RLS_Lin_Diag_Fucntion
 .text.Battery_Var_init
                0x00004a34       0x30 ./Sources/Application/Battery/battery.o
                0x00004a34                Battery_Var_init
 .text.RLS_Battery_Measurement
                0x00004a64       0x3c ./Sources/Application/Battery/battery.o
                0x00004a64                RLS_Battery_Measurement
 .text.RLS_Battery_State
                0x00004aa0       0x94 ./Sources/Application/Battery/battery.o
                0x00004aa0                RLS_Battery_State
 .text.Globle_parameter_Init
                0x00004b34       0x84 ./Sources/Application/Config_parameters/config_parameter.o
                0x00004b34                Globle_parameter_Init
 .text.Diagnostic_Var_init
                0x00004bb8       0x28 ./Sources/Application/Diagnostic/lin_diagnostic_service.o
                0x00004bb8                Diagnostic_Var_init
 .text.lin_diagservice_session_state
                0x00004be0       0x58 ./Sources/Application/Diagnostic/lin_diagnostic_service.o
                0x00004be0                lin_diagservice_session_state
 .text.boot_jump_to_APP
                0x00004c38       0x18 ./Sources/Application/Diagnostic/lin_diagnostic_service.o
                0x00004c38                boot_jump_to_APP
 .text.lin_diagservice_session_control
                0x00004c50       0xf8 ./Sources/Application/Diagnostic/lin_diagnostic_service.o
                0x00004c50                lin_diagservice_session_control
 .text.uds_calc_key
                0x00004d48       0xa0 ./Sources/Application/Diagnostic/lin_diagnostic_service.o
                0x00004d48                uds_calc_key
 .text.lin_diagservice_service_securityaccess
                0x00004de8      0x100 ./Sources/Application/Diagnostic/lin_diagnostic_service.o
                0x00004de8                lin_diagservice_service_securityaccess
 .text.lin_diagservice_read_data_by_identifier
                0x00004ee8      0x12c ./Sources/Application/Diagnostic/lin_diagnostic_service.o
                0x00004ee8                lin_diagservice_read_data_by_identifier
 .text.lin_diagservice_write_data_by_identifier
                0x00005014      0x2b8 ./Sources/Application/Diagnostic/lin_diagnostic_service.o
                0x00005014                lin_diagservice_write_data_by_identifier
 .text.lin_diagservice_assign_frame_id_range
                0x000052cc      0x140 ./Sources/Application/Diagnostic/lin_diagnostic_service.o
                0x000052cc                lin_diagservice_assign_frame_id_range
 .text.lin_diagservice_read_by_identifier
                0x0000540c       0x74 ./Sources/Application/Diagnostic/lin_diagnostic_service.o
                0x0000540c                lin_diagservice_read_by_identifier
 .text.lin_condittional_change_nad
                0x00005480       0xa0 ./Sources/Application/Diagnostic/lin_diagnostic_service.o
                0x00005480                lin_condittional_change_nad
 .text.lin_diagsrv_functional_service
                0x00005520       0x1c ./Sources/Application/Diagnostic/lin_diagnostic_service.o
                0x00005520                lin_diagsrv_functional_service
 .text.SPI_Enable
                0x0000553c       0x1c ./Sources/Application/Sleep/sleep.o
 .text.SPI_Disable
                0x00005558       0x1c ./Sources/Application/Sleep/sleep.o
 .text.Sleep_Var_Init
                0x00005574       0x50 ./Sources/Application/Sleep/sleep.o
                0x00005574                Sleep_Var_Init
 .text.Sleep_check
                0x000055c4       0x58 ./Sources/Application/Sleep/sleep.o
                0x000055c4                Sleep_check
 .text.Auto_Roof_Process
                0x0000561c      0x170 ./Sources/Application/Sleep/sleep.o
                0x0000561c                Auto_Roof_Process
 .text.Sleep_Process
                0x0000578c      0x158 ./Sources/Application/Sleep/sleep.o
                0x0000578c                Sleep_Process
 .text.Recover_Process
                0x000058e4       0x60 ./Sources/Application/Sleep/sleep.o
                0x000058e4                Recover_Process
 .text.Gloable_Var_Init
                0x00005944       0x84 ./Sources/Application/main.o
                0x00005944                Gloable_Var_Init
 .text.main     0x000059c8      0x12c ./Sources/Application/main.o
                0x000059c8                main
 .text.lin_lld_uart_init
                0x00005af4       0xdc ./Sources/Driver/LIN_Stack/bsp/UART/lin_lld_uart.o
                0x00005af4                lin_lld_uart_init
 .text.lin_lld_uart_ignore_response
                0x00005bd0        0xc ./Sources/Driver/LIN_Stack/bsp/UART/lin_lld_uart.o
                0x00005bd0                lin_lld_uart_ignore_response
 .text.lin_lld_uart_set_low_power_mode
                0x00005bdc       0x14 ./Sources/Driver/LIN_Stack/bsp/UART/lin_lld_uart.o
                0x00005bdc                lin_lld_uart_set_low_power_mode
 .text.lin_lld_uart_rx_response
                0x00005bf0       0x40 ./Sources/Driver/LIN_Stack/bsp/UART/lin_lld_uart.o
                0x00005bf0                lin_lld_uart_rx_response
 .text.lin_lld_uart_tx_response
                0x00005c30       0x58 ./Sources/Driver/LIN_Stack/bsp/UART/lin_lld_uart.o
                0x00005c30                lin_lld_uart_tx_response
 .text.lin_lld_uart_timeout
                0x00005c88      0x168 ./Sources/Driver/LIN_Stack/bsp/UART/lin_lld_uart.o
                0x00005c88                lin_lld_uart_timeout
 .text.lin_goto_idle_state
                0x00005df0       0x44 ./Sources/Driver/LIN_Stack/bsp/UART/lin_lld_uart.o
                0x00005df0                lin_goto_idle_state
 .text.lin_lld_uart_rx_isr
                0x00005e34      0x4f0 ./Sources/Driver/LIN_Stack/bsp/UART/lin_lld_uart.o
                0x00005e34                lin_lld_uart_rx_isr
 .text.lin_lld_timer_K_init
                0x00006324       0x7c ./Sources/Driver/LIN_Stack/bsp/UART/lin_lld_timesrv.o
                0x00006324                lin_lld_timer_K_init
 .text.lin_lld_timer_isr
                0x000063a0        0xc ./Sources/Driver/LIN_Stack/bsp/UART/lin_lld_timesrv.o
                0x000063a0                lin_lld_timer_isr
 .text.UART0_SCI0_IRQHandler
                0x000063ac        0xc ./Sources/Driver/LIN_Stack/bsp/UART/lin_isr.o
                0x000063ac                UART0_SCI0_IRQHandler
 .text.FTM1_IRQHandler
                0x000063b8       0x68 ./Sources/Driver/LIN_Stack/bsp/UART/lin_isr.o
                0x000063b8                FTM1_IRQHandler
 .text.lin_update_word_status_lin21
                0x00006420       0x7c ./Sources/Driver/LIN_Stack/coreapi/lin_lin21_proto.o
                0x00006420                lin_update_word_status_lin21
 .text.lin_update_err_signal
                0x0000649c       0x7c ./Sources/Driver/LIN_Stack/coreapi/lin_lin21_proto.o
                0x0000649c                lin_update_err_signal
 .text.lin_make_res_evnt_frame
                0x00006518       0x38 ./Sources/Driver/LIN_Stack/coreapi/lin_lin21_proto.o
                0x00006518                lin_make_res_evnt_frame
 .text.lin_pid_response_callback_handler
                0x00006550       0x78 ./Sources/Driver/LIN_Stack/coreapi/lin_common_proto.o
                0x00006550                lin_pid_response_callback_handler
 .text.lin_process_pid
                0x000065c8      0x15c ./Sources/Driver/LIN_Stack/coreapi/lin_common_proto.o
                0x000065c8                lin_process_pid
 .text.lin_update_rx
                0x00006724       0xe8 ./Sources/Driver/LIN_Stack/coreapi/lin_common_proto.o
                0x00006724                lin_update_rx
 .text.lin_update_tx
                0x0000680c       0xd0 ./Sources/Driver/LIN_Stack/coreapi/lin_common_proto.o
                0x0000680c                lin_update_tx
 .text.lin_handle_error
                0x000068dc       0xd8 ./Sources/Driver/LIN_Stack/coreapi/lin_common_proto.o
                0x000068dc                lin_handle_error
 .text.lin_bus_activity_timeout
                0x000069b4       0x20 ./Sources/Driver/LIN_Stack/coreapi/lin_common_proto.o
                0x000069b4                lin_bus_activity_timeout
 .text.lin_update_tx_flags
                0x000069d4       0xe0 ./Sources/Driver/LIN_Stack/coreapi/lin_common_proto.o
                0x000069d4                lin_update_tx_flags
 .text.lin_update_rx_diag_frame
                0x00006ab4       0x28 ./Sources/Driver/LIN_Stack/coreapi/lin_common_proto.o
                0x00006ab4                lin_update_rx_diag_frame
 .text.lin_make_res_diag_frame
                0x00006adc        0xc ./Sources/Driver/LIN_Stack/coreapi/lin_common_proto.o
                0x00006adc                lin_make_res_diag_frame
 .text.lin_get_frame_index
                0x00006ae8       0x5c ./Sources/Driver/LIN_Stack/coreapi/lin_common_proto.o
                0x00006ae8                lin_get_frame_index
 .text.lin_process_uncd_frame
                0x00006b44      0x130 ./Sources/Driver/LIN_Stack/coreapi/lin_common_proto.o
                0x00006b44                lin_process_uncd_frame
 .text.l_sys_init
                0x00006c74       0x10 ./Sources/Driver/LIN_Stack/coreapi/lin_common_api.o
                0x00006c74                l_sys_init
 .text.l_ifc_init
                0x00006c84       0x1c ./Sources/Driver/LIN_Stack/coreapi/lin_common_api.o
                0x00006c84                l_ifc_init
 .text.lin_lld_init
                0x00006ca0       0x14 ./Sources/Driver/LIN_Stack/lowlevel/lin.o
                0x00006ca0                lin_lld_init
 .text.lin_lld_ignore_response
                0x00006cb4       0x10 ./Sources/Driver/LIN_Stack/lowlevel/lin.o
                0x00006cb4                lin_lld_ignore_response
 .text.lin_lld_set_low_power_mode
                0x00006cc4       0x10 ./Sources/Driver/LIN_Stack/lowlevel/lin.o
                0x00006cc4                lin_lld_set_low_power_mode
 .text.lin_lld_set_response
                0x00006cd4       0x4c ./Sources/Driver/LIN_Stack/lowlevel/lin.o
                0x00006cd4                lin_lld_set_response
 .text.lin_lld_rx_response
                0x00006d20       0x20 ./Sources/Driver/LIN_Stack/lowlevel/lin.o
                0x00006d20                lin_lld_rx_response
 .text.lin_process_parity
                0x00006d40       0xf0 ./Sources/Driver/LIN_Stack/lowlevel/lin.o
                0x00006d40                lin_process_parity
 .text.lin_checksum
                0x00006e30       0x9c ./Sources/Driver/LIN_Stack/lowlevel/lin.o
                0x00006e30                lin_checksum
 .text.lin_lld_timer_init
                0x00006ecc        0xc ./Sources/Driver/LIN_Stack/lowlevel/lin.o
                0x00006ecc                lin_lld_timer_init
 .text.SPI_COM  0x00006ed8       0x68 ./Sources/Driver/SPI/spi.o
                0x00006ed8                SPI_COM
 .text.SPI_Init
                0x00006f40       0x74 ./Sources/Driver/SPI/spi.o
                0x00006f40                SPI_Init
 .text.SPI_SetBaudRate
                0x00006fb4       0xe4 ./Sources/Driver/SPI/spi.o
                0x00006fb4                SPI_SetBaudRate
 .text.SPI_Wr_Cmd
                0x00007098      0x174 ./Sources/Driver/SPI/spi.o
                0x00007098                SPI_Wr_Cmd
 .text.SPI_Wr_Reg
                0x0000720c      0x298 ./Sources/Driver/SPI/spi.o
                0x0000720c                SPI_Wr_Reg
 .text.SPI_Rd_Reg
                0x000074a4       0xc4 ./Sources/Driver/SPI/spi.o
                0x000074a4                SPI_Rd_Reg
 .text.MLX75308_SetPara
                0x00007568      0x49c ./Sources/Driver/SPI/spi.o
                0x00007568                MLX75308_SetPara
 .text.SPI_Rd_Mchan
                0x00007a04      0x1f0 ./Sources/Driver/SPI/spi.o
                0x00007a04                SPI_Rd_Mchan
 .text.MLX75308_Meansure
                0x00007bf4       0xac ./Sources/Driver/SPI/spi.o
                0x00007bf4                MLX75308_Meansure
 .text.ADC_Init
                0x00007ca0       0x38 ./Sources/Driver/adc/adc.o
                0x00007ca0                ADC_Init
 .text.get_adc  0x00007cd8       0x38 ./Sources/Driver/adc/adc.o
                0x00007cd8                get_adc
 .text.get_adc_times
                0x00007d10       0x74 ./Sources/Driver/adc/adc.o
                0x00007d10                get_adc_times
 .text.Clk_Init
                0x00007d84       0x84 ./Sources/Driver/clock/clock.o
                0x00007d84                Clk_Init
 .text.Delay_Ms
                0x00007e08       0x64 ./Sources/Driver/clock/clock.o
                0x00007e08                Delay_Ms
 .text.Delay_Nus
                0x00007e6c       0x3c ./Sources/Driver/clock/clock.o
                0x00007e6c                Delay_Nus
 .text.FLASH_Init
                0x00007ea8       0xfc ./Sources/Driver/eeprom/eeprom.o
                0x00007ea8                FLASH_Init
 .text.FLASH_LaunchCMD
                0x00007fa4       0x48 ./Sources/Driver/eeprom/eeprom.o
                0x00007fa4                FLASH_LaunchCMD
 .text.EEPROM_EraseSector
                0x00007fec       0xe4 ./Sources/Driver/eeprom/eeprom.o
                0x00007fec                EEPROM_EraseSector
 .text.EEPROM_ProgramWord
                0x000080d0      0x110 ./Sources/Driver/eeprom/eeprom.o
                0x000080d0                EEPROM_ProgramWord
 .text.write_data_from_EEPROM
                0x000081e0      0x388 ./Sources/Driver/eeprom/eeprom.o
                0x000081e0                write_data_from_EEPROM
 .text.read_data_from_EEPROM
                0x00008568      0x11c ./Sources/Driver/eeprom/eeprom.o
                0x00008568                read_data_from_EEPROM
 .text.FTM0_Init
                0x00008684       0x80 ./Sources/Driver/ftm/ftm.o
                0x00008684                FTM0_Init
 *fill*         0x00008704        0x4 00
 .text.FTM0_IRQHandler
                0x00008708       0xe0 ./Sources/Driver/ftm/ftm.o
                0x00008708                FTM0_IRQHandler
 .text.GPIO_Init
                0x000087e8      0x208 ./Sources/Driver/gpio/gpio.o
                0x000087e8                GPIO_Init
 .text.PMC_Init
                0x000089f0       0x64 ./Sources/Driver/pmc/pmc.o
                0x000089f0                PMC_Init
 .text.RTC_EnableInt
                0x00008a54       0x18 ./Sources/Driver/rtc/rtc.o
                0x00008a54                RTC_EnableInt
 .text.RTC_DisableInt
                0x00008a6c       0x18 ./Sources/Driver/rtc/rtc.o
                0x00008a6c                RTC_DisableInt
 .text.RTC_Init
                0x00008a84       0x6c ./Sources/Driver/rtc/rtc.o
                0x00008a84                RTC_Init
 .text.RTC_IRQHandler
                0x00008af0       0x18 ./Sources/Driver/rtc/rtc.o
                0x00008af0                RTC_IRQHandler
 .text.WDOG_Feed
                0x00008b08       0x24 ./Sources/Driver/watchdog/watchdog.o
                0x00008b08                WDOG_Feed
 .text.WDG_IRQHandler
                0x00008b2c       0x1c ./Sources/Driver/watchdog/watchdog.o
                0x00008b2c                WDG_IRQHandler
 .text.Lin_Sys_Init
                0x00008b48       0x64 ./Sources/Transport/LIN_app/lin_app.o
                0x00008b48                Lin_Sys_Init
 .text.Lin_Busy_Process
                0x00008bac       0x14 ./Sources/Transport/LIN_app/lin_app.o
                0x00008bac                Lin_Busy_Process
 .text.message_cnt
                0x00008bc0        0x8 ./Sources/Transport/LIN_app/lin_app.o
                0x00008bc0                message_cnt
 .text.RLS_Analysis_Master_Data
                0x00008bc8       0x94 ./Sources/Transport/LIN_app/lin_app.o
                0x00008bc8                RLS_Analysis_Master_Data
 .text.Lin_RLS_data
                0x00008c5c       0x50 ./Sources/Transport/LIN_app/lin_app.o
                0x00008c5c                Lin_RLS_data
 .text.Lin_RLS_Wakeup_BCM
                0x00008cac       0x2c ./Sources/Transport/LIN_app/lin_app.o
                0x00008cac                Lin_RLS_Wakeup_BCM
 .text.Get_All_data_From_EEPROM
                0x00008cd8       0x20 ./Sources/Transport/Local_eep_data/local_eep_data.o
                0x00008cd8                Get_All_data_From_EEPROM
 .text.Set_Data_To_EEPROM
                0x00008cf8       0xdc ./Sources/Transport/Local_eep_data/local_eep_data.o
                0x00008cf8                Set_Data_To_EEPROM
 .text.Write_App_value_flag
                0x00008dd4       0x24 ./Sources/Transport/Local_eep_data/local_eep_data.o
                0x00008dd4                Write_App_value_flag
 .text.Read_App_value_flag
                0x00008df8       0x24 ./Sources/Transport/Local_eep_data/local_eep_data.o
                0x00008df8                Read_App_value_flag
 .text.RLS_Rain_Get_Measure
                0x00008e1c      0x39c ./Sources/Transport/MLX75308/mlx75308.o
                0x00008e1c                RLS_Rain_Get_Measure
 .text.MLX75308_Init
                0x000091b8      0x180 ./Sources/Transport/MLX75308/mlx75308.o
                0x000091b8                MLX75308_Init
 .text.ld_read_by_id_callout
                0x00009338       0x78 ./Sources/Transport/lin_cfg/lin_cfg.o
                0x00009338                ld_read_by_id_callout
 .text.lin_tl_make_slaveres_pdu
                0x000093b0      0x764 ./Sources/Transport/lin_transport/lin_commontl_proto.o
                0x000093b0                lin_tl_make_slaveres_pdu
 .text.lin_tl_get_pdu
                0x00009b14       0x5c ./Sources/Transport/lin_transport/lin_commontl_proto.o
                0x00009b14                lin_tl_get_pdu
 .text.lin_process_pdu
                0x00009b70      0x260 ./Sources/Transport/lin_transport/lin_commontl_proto.o
 .text.lin_tl_handler
                0x00009dd0      0x164 ./Sources/Transport/lin_transport/lin_commontl_proto.o
                0x00009dd0                lin_tl_handler
 .text.lin_tl_attach_service
                0x00009f34      0x1a4 ./Sources/Transport/lin_transport/lin_commontl_proto.o
                0x00009f34                lin_tl_attach_service
 .text.tl_put_raw
                0x0000a0d8       0xcc ./Sources/Transport/lin_transport/lin_commontl_proto.o
                0x0000a0d8                tl_put_raw
 .text.tl_get_raw
                0x0000a1a4       0xe8 ./Sources/Transport/lin_transport/lin_commontl_proto.o
                0x0000a1a4                tl_get_raw
 .text.ld_get_raw
                0x0000a28c       0x20 ./Sources/Transport/lin_transport/lin_commontl_api.o
                0x0000a28c                ld_get_raw
 .text.ld_receive_message
                0x0000a2ac      0x284 ./Sources/Transport/lin_transport/lin_commontl_api.o
                0x0000a2ac                ld_receive_message
 .text.exit     0x0000a530       0x38 D:/CW11.0/CW MCU v11.0/MCU/ARM_GCC_Support/ewl/lib/armv6-m\libc.a(exit.o)
                0x0000a530                exit
 .text.rand     0x0000a568       0x20 D:/CW11.0/CW MCU v11.0/MCU/ARM_GCC_Support/ewl/lib/armv6-m\libc.a(rand.o)
                0x0000a568                rand
 .text.memset   0x0000a588        0xc D:/CW11.0/CW MCU v11.0/MCU/ARM_GCC_Support/ewl/lib/armv6-m\libc.a(memset.o)
                0x0000a588                memset
 .text.__fill_mem
                0x0000a594       0x7e D:/CW11.0/CW MCU v11.0/MCU/ARM_GCC_Support/ewl/lib/armv6-m\libc.a(__filll_mem.o)
                0x0000a594                __fill_mem
 *fill*         0x0000a612        0x2 00
 .text.__init_cpp
                0x0000a614       0x48 D:/CW11.0/CW MCU v11.0/MCU/ARM_GCC_Support/ewl/lib/armv6-m\librt.a(gcc_ctor_dtor.o)
                0x0000a614                __init_cpp
 .text.__fini_cpp
                0x0000a65c       0x34 D:/CW11.0/CW MCU v11.0/MCU/ARM_GCC_Support/ewl/lib/armv6-m\librt.a(gcc_ctor_dtor.o)
                0x0000a65c                __fini_cpp
 .text.__destroy_global_chain
                0x0000a690       0x1c D:/CW11.0/CW MCU v11.0/MCU/ARM_GCC_Support/ewl/lib/armv6-m\librt.a(__arm_eabi_init.o)
                0x0000a690                __destroy_global_chain
 .text.__init_registers
                0x0000a6ac       0x1c D:/CW11.0/CW MCU v11.0/MCU/ARM_GCC_Support/ewl/lib/armv6-m\librt.a(__arm_eabi_init.o)
                0x0000a6ac                __init_registers
 .text.__init_user
                0x0000a6c8        0x4 D:/CW11.0/CW MCU v11.0/MCU/ARM_GCC_Support/ewl/lib/armv6-m\librt.a(__arm_eabi_init.o)
                0x0000a6c8                __init_user
 .text.__copy_rom_section
                0x0000a6cc       0x48 D:/CW11.0/CW MCU v11.0/MCU/ARM_GCC_Support/ewl/lib/armv6-m\librt.a(ROMCopy.o)
                0x0000a6cc                __copy_rom_section
 .text.__copy_rom_sections_to_ram
                0x0000a714       0x34 D:/CW11.0/CW MCU v11.0/MCU/ARM_GCC_Support/ewl/lib/armv6-m\librt.a(ROMCopy.o)
                0x0000a714                __copy_rom_sections_to_ram
 *(.rodata)
 *(.rodata*)
 .rodata.Light_Stastegy_Parameter
                0x0000a748        0xc ./Sources/Application/Auto_light/auto_light.o
                0x0000a748                Light_Stastegy_Parameter
 .rodata.Rain_Stastegy_Parameter
                0x0000a754       0x50 ./Sources/Application/Auto_wiper/auto_wiper.o
                0x0000a754                Rain_Stastegy_Parameter
 .rodata.RLS_Invalid_DataProcess
                0x0000a7a4       0x30 ./Sources/Application/Auto_wiper/auto_wiper.o
 .rodata.RLS_Rain_State_Mchaine
                0x0000a7d4       0x18 ./Sources/Application/Auto_wiper/auto_wiper.o
 .rodata.Software_Versions
                0x0000a7ec        0x4 ./Sources/Application/Config_parameters/config_parameter.o
                0x0000a7ec                Software_Versions
 .rodata.Hardware_Versions
                0x0000a7f0        0x4 ./Sources/Application/Config_parameters/config_parameter.o
                0x0000a7f0                Hardware_Versions
 .rodata.lin_lld_uart_timeout
                0x0000a7f4       0x28 ./Sources/Driver/LIN_Stack/bsp/UART/lin_lld_uart.o
 .rodata.lin_lld_uart_rx_isr
                0x0000a81c       0x20 ./Sources/Driver/LIN_Stack/bsp/UART/lin_lld_uart.o
 .rodata.MLX75308_SetPara
                0x0000a83c       0x54 ./Sources/Driver/SPI/spi.o
 .rodata.RLS_Analysis_Master_Data
                0x0000a890       0x1c ./Sources/Transport/LIN_app/lin_app.o
 .rodata.Mlx75308_Config_Parameter
                0x0000a8ac       0x14 ./Sources/Transport/MLX75308/mlx75308.o
                0x0000a8ac                Mlx75308_Config_Parameter
 .rodata.LI0_response_error_signal
                0x0000a8c0        0x1 ./Sources/Transport/lin_cfg/lin_cfg.o
                0x0000a8c0                LI0_response_error_signal
 .rodata.response_error_byte_offset
                0x0000a8c1        0x1 ./Sources/Transport/lin_cfg/lin_cfg.o
                0x0000a8c1                response_error_byte_offset
 .rodata.response_error_bit_offset
                0x0000a8c2        0x1 ./Sources/Transport/lin_cfg/lin_cfg.o
                0x0000a8c2                response_error_bit_offset
 *fill*         0x0000a8c3        0x1 00
 .rodata.lin_frame_tbl
                0x0000a8c4       0x30 ./Sources/Transport/lin_cfg/lin_cfg.o
                0x0000a8c4                lin_frame_tbl
 .rodata.lin_max_frame_res_timeout_val
                0x0000a8f4       0x10 ./Sources/Transport/lin_cfg/lin_cfg.o
                0x0000a8f4                lin_max_frame_res_timeout_val
 .rodata.lin_initial_NAD
                0x0000a904        0x1 ./Sources/Transport/lin_cfg/lin_cfg.o
                0x0000a904                lin_initial_NAD
 *fill*         0x0000a905        0x3 00
 .rodata.product_id
                0x0000a908        0x8 ./Sources/Transport/lin_cfg/lin_cfg.o
                0x0000a908                product_id
 .rodata.response_error
                0x0000a910        0x1 ./Sources/Transport/lin_cfg/lin_cfg.o
                0x0000a910                response_error
 *fill*         0x0000a911        0x3 00
 .rodata.lin_diag_services_supported
                0x0000a914        0xc ./Sources/Transport/lin_cfg/lin_cfg.o
                0x0000a914                lin_diag_services_supported
 *(.glue_7)
 .glue_7        0x00000000        0x0 linker stubs
 *(.glue_7t)
 .glue_7t       0x00000000        0x0 linker stubs
 *(.eh_frame)
 *(.init)
 *(.fini)
                0x0000a920                . = ALIGN (0x4)
                0x0000a920                _etext = .

.vfp11_veneer   0x0000a920        0x0
 .vfp11_veneer  0x00000000        0x0 linker stubs

.v4_bx          0x0000a920        0x0
 .v4_bx         0x00000000        0x0 linker stubs

.iplt           0x0000a920        0x0
 .iplt          0x00000000        0x0 ./Project_Settings/Startup_Code/kinetis_sysinit.o

.rel.dyn        0x0000a920        0x0
 .rel.iplt      0x00000000        0x0 ./Project_Settings/Startup_Code/kinetis_sysinit.o

.ARM.extab
 *(.ARM.extab* .gnu.linkonce.armextab.*)

.ARM            0x0000a920        0x0
                0x0000a920                __exidx_start = .
 *(.ARM.exidx*)
                0x0000a920                __exidx_end = .

.ctors          0x0000a920        0x0
                0x0000a920                __CTOR_LIST__ = .
 *crtbegin.o(.ctors)
 *(EXCLUDE_FILE(*crtend.o) .ctors)
 *(SORT(.ctors.*))
 *(.ctors)
                0x0000a920                __CTOR_END__ = .

.dtors          0x0000a920        0x0
                0x0000a920                __DTOR_LIST__ = .
 *crtbegin.o(.dtors)
 *(EXCLUDE_FILE(*crtend.o) .dtors)
 *(SORT(.dtors.*))
 *(.dtors)
                0x0000a920                __DTOR_END__ = .

.preinit_array  0x0000a920        0x0
                0x0000a920                PROVIDE (__preinit_array_start, .)
 *(.preinit_array*)
                0x0000a920                PROVIDE (__preinit_array_end, .)

.init_array     0x0000a920        0x0
                0x0000a920                PROVIDE (__init_array_start, .)
 *(SORT(.init_array.*))
 *(.init_array*)
                0x0000a920                PROVIDE (__init_array_end, .)

.fini_array     0x0000a920        0x0
                0x0000a920                PROVIDE (__fini_array_start, .)
 *(SORT(.fini_array.*))
 *(.fini_array*)
                0x0000a920                PROVIDE (__fini_array_end, .)
                0x0000a920                ___ROM_AT = .

.mtb            0x1ffffc00        0x0
                0x1ffffc00                . = ALIGN (0x8)
                0x1ffffc00                _mtb_start = .
 *(.mtb_buf)
                0x1ffffc00                . = ALIGN (0x8)
                0x1ffffc00                _mtb_end = .

.data           0x1ffffc00       0xb4 load address 0x0000a920
                0x1ffffc00                . = ALIGN (0x4)
                0x1ffffc00                _sdata = .
 *(.data)
 *(.data*)
 .data.Tab_AWG_Solar
                0x1ffffc00       0x40 ./Sources/Application/Auto_air/auto_air.o
 .data.Tab_Brightness_Solar
                0x1ffffc40       0x20 ./Sources/Application/Auto_air/auto_air.o
 .data.pUART    0x1ffffc60        0x4 ./Sources/Driver/LIN_Stack/bsp/UART/lin_lld_uart.o
 .data.ifc      0x1ffffc64        0x1 ./Sources/Driver/LIN_Stack/bsp/UART/lin_lld_uart.o
 .data.state    0x1ffffc65        0x1 ./Sources/Driver/LIN_Stack/bsp/UART/lin_lld_uart.o
 .data.pid      0x1ffffc66        0x1 ./Sources/Driver/LIN_Stack/bsp/UART/lin_lld_uart.o
 *fill*         0x1ffffc67        0x1 00
 .data.lin_pFrameBuf
                0x1ffffc68       0x18 ./Sources/Transport/lin_cfg/lin_cfg.o
                0x1ffffc68                lin_pFrameBuf
 .data.lin_configuration_RAM
                0x1ffffc80        0x8 ./Sources/Transport/lin_cfg/lin_cfg.o
                0x1ffffc80                lin_configuration_RAM
 .data.lin_configured_NAD
                0x1ffffc88        0x1 ./Sources/Transport/lin_cfg/lin_cfg.o
                0x1ffffc88                lin_configured_NAD
 *fill*         0x1ffffc89        0x3 00
 .data.lin_tl_tx_queue
                0x1ffffc8c       0x10 ./Sources/Transport/lin_cfg/lin_cfg.o
                0x1ffffc8c                lin_tl_tx_queue
 .data.lin_tl_rx_queue
                0x1ffffc9c       0x10 ./Sources/Transport/lin_cfg/lin_cfg.o
                0x1ffffc9c                lin_tl_rx_queue
 .data.tl_service_status
                0x1ffffcac        0x1 ./Sources/Transport/lin_cfg/lin_cfg.o
                0x1ffffcac                tl_service_status
 *fill*         0x1ffffcad        0x3 00
 .data.random_next
                0x1ffffcb0        0x4 D:/CW11.0/CW MCU v11.0/MCU/ARM_GCC_Support/ewl/lib/armv6-m\libc.a(rand.o)
                0x1ffffcb4                . = ALIGN (0x4)
                0x1ffffcb4                _edata = .
                0x000000b4                ___data_size = (_edata - _sdata)

.igot.plt       0x1ffffcb4        0x0 load address 0x0000a9d4
 .igot.plt      0x00000000        0x0 ./Project_Settings/Startup_Code/kinetis_sysinit.o
                0x1ffffcb4                . = ALIGN (0x4)

.bss            0x1ffffcb4      0x298 load address 0x0000a9d4
                0x1ffffcb4                __START_BSS = .
                0x1ffffcb4                PROVIDE (__bss_start__, __START_BSS)
 *(.bss)
 *(.bss*)
 .bss.argv      0x1ffffcb4        0x4 ./Project_Settings/Startup_Code/__arm_start.o
 .bss.l_status  0x1ffffcb8        0x4 ./Sources/Driver/LIN_Stack/bsp/UART/lin_lld_uart.o
 .bss.cnt_byte  0x1ffffcbc        0x1 ./Sources/Driver/LIN_Stack/bsp/UART/lin_lld_uart.o
 *fill*         0x1ffffcbd        0x3 00
 .bss.ptr       0x1ffffcc0        0x4 ./Sources/Driver/LIN_Stack/bsp/UART/lin_lld_uart.o
 .bss.current_id
                0x1ffffcc4        0x1 ./Sources/Driver/LIN_Stack/bsp/UART/lin_lld_uart.o
 *fill*         0x1ffffcc5        0x3 00
 .bss.response_buffer
                0x1ffffcc8        0x4 ./Sources/Driver/LIN_Stack/bsp/UART/lin_lld_uart.o
 .bss.tbit      0x1ffffccc        0x2 ./Sources/Driver/LIN_Stack/bsp/UART/lin_lld_uart.o
 .bss.frame_timeout_cnt
                0x1ffffcce        0x2 ./Sources/Driver/LIN_Stack/bsp/UART/lin_lld_uart.o
 .bss.res_frame_timeout_cnt
                0x1ffffcd0        0x2 ./Sources/Driver/LIN_Stack/bsp/UART/lin_lld_uart.o
 .bss.idle_timeout_cnt
                0x1ffffcd2        0x2 ./Sources/Driver/LIN_Stack/bsp/UART/lin_lld_uart.o
 .bss.lin_save_configuration_flg
                0x1ffffcd4        0x1 ./Sources/Transport/lin_cfg/lin_cfg.o
                0x1ffffcd4                lin_save_configuration_flg
 *fill*         0x1ffffcd5        0x3 00
 .bss.lin_flag_handle_tbl
                0x1ffffcd8        0x8 ./Sources/Transport/lin_cfg/lin_cfg.o
                0x1ffffcd8                lin_flag_handle_tbl
 .bss.lin_frame_flag_tbl
                0x1ffffce0        0x4 ./Sources/Transport/lin_cfg/lin_cfg.o
                0x1ffffce0                lin_frame_flag_tbl
 .bss.tl_diag_state
                0x1ffffce4        0x1 ./Sources/Transport/lin_cfg/lin_cfg.o
                0x1ffffce4                tl_diag_state
 *fill*         0x1ffffce5        0x3 00
 .bss.lin_diag_services_flag
                0x1ffffce8        0xc ./Sources/Transport/lin_cfg/lin_cfg.o
                0x1ffffce8                lin_diag_services_flag
 .bss.tl_slaveresp_cnt
                0x1ffffcf4        0x1 ./Sources/Transport/lin_cfg/lin_cfg.o
                0x1ffffcf4                tl_slaveresp_cnt
 *fill*         0x1ffffcf5        0x3 00
 .bss.__stdio_exit
                0x1ffffcf8        0x4 D:/CW11.0/CW MCU v11.0/MCU/ARM_GCC_Support/ewl/lib/armv6-m\libc.a(exit.o)
                0x1ffffcf8                __stdio_exit
 .bss.__console_exit
                0x1ffffcfc        0x4 D:/CW11.0/CW MCU v11.0/MCU/ARM_GCC_Support/ewl/lib/armv6-m\libc.a(exit.o)
                0x1ffffcfc                __console_exit
 .bss.__global_destructor_chain
                0x1ffffd00        0x4 D:/CW11.0/CW MCU v11.0/MCU/ARM_GCC_Support/ewl/lib/armv6-m\librt.a(__arm_eabi_init.o)
                0x1ffffd00                __global_destructor_chain
 .bss.__S_romp  0x1ffffd04        0xc D:/CW11.0/CW MCU v11.0/MCU/ARM_GCC_Support/ewl/lib/armv6-m\librt.a(ROMCopy.o)
 *(COMMON)
 COMMON         0x1ffffd10       0x24 ./Sources/Application/Auto_air/auto_air.o
                0x1ffffd10                u8_Solar_l_value
                0x1ffffd11                Frist_on_flag
                0x1ffffd12                u8_Solar_r_value
                0x1ffffd14                u16_solar_buffer
 COMMON         0x1ffffd34       0x12 ./Sources/Application/Auto_light/auto_light.o
                0x1ffffd34                u8_light_on_req
                0x1ffffd38                Light_on_cnt
                0x1ffffd3a                u16_Brightness_UP
                0x1ffffd3c                u8_LightOnTimer
                0x1ffffd40                Light_off_cnt
                0x1ffffd42                u8_twilight_on_req
                0x1ffffd43                u8_twilight_on_invent_req
                0x1ffffd44                u16_Brightness_FW
 *fill*         0x1ffffd46        0x2 00
 COMMON         0x1ffffd48       0xd8 ./Sources/Application/Auto_wiper/auto_wiper.o
                0x1ffffd48                u8_HighHoldCnt
                0x1ffffd49                u8_Rain_Delta
                0x1ffffd4c                u16_DC_PD_dt
                0x1ffffd50                u8_enter_period_cnt
                0x1ffffd51                u8_IntSpeedFlgCnt
                0x1ffffd52                u16_SPD_Vehicle
                0x1ffffd54                u8_Wiper_StatePre
                0x1ffffd58                u8_RainIntensity_Win
                0x1ffffd5b                u8_RLS_WindowCloseReq
                0x1ffffd5c                PD_Meas_Comp_Ref
                0x1ffffd60                u8_RLS_StopMsureFlg
                0x1ffffd61                u8_Rain_SensitivityPre
                0x1ffffd62                u8_Wipe_Automatic_On_Flg
                0x1ffffd63                u8_cnt_choose_pre
                0x1ffffd64                u16_Dt_PD
                0x1ffffd68                u8_IntSpeedCnt
                0x1ffffd69                u8_low_enter_high_timer
                0x1ffffd6a                u16_Solar_r_value_raw
                0x1ffffd6c                u16_PDA_Wmax
                0x1ffffd70                App_Rls_Error
                0x1ffffd76                u8_Rain_SensitivityLowValue
                0x1ffffd77                u8_Rain_Invalid_Cnt
                0x1ffffd78                u8_IntSpeedFlg
                0x1ffffd79                u8_EnterLowSpeedCnt
                0x1ffffd7a                u8_Int_Time
                0x1ffffd7c                u16_PDB_Wmax
                0x1ffffd80                PD_Meas_Comp_Ref_Pre
                0x1ffffd84                u8_Vehicle_State_Pre
                0x1ffffd85                u8_ClearEnternIntSpeedCnt
                0x1ffffd86                u8_Wipe_Automatic_On_Pre
                0x1ffffd88                u16_Solar_l_value_raw_temp
                0x1ffffd8a                u8_HighSpeedHoldCnt
                0x1ffffd8b                u8_ExitLowSpeedCnt
                0x1ffffd8c                u16_Solar_r_value_raw_temp
                0x1ffffd8e                u8_WiperSpeed_Expert
                0x1ffffd90                u8_RainIntensityPre
                0x1ffffd92                u8_Int_Time_pre
                0x1ffffd93                u8_Splash_cnt
                0x1ffffd94                u16_DC_Comp_Value
                0x1ffffd98                u8_RainIntensity
                0x1ffffd9a                u8_Cmd_Execution
                0x1ffffd9c                u8_PD_State
                0x1ffffd9e                u8_Wiper_StatePre_Int
                0x1ffffd9f                u8_Lin_Diag_Enable
                0x1ffffda0                u16_PD_Win_Max
                0x1ffffda4                u8_Rain_Valid
                0x1ffffda5                u8_RainIntensity_Max
                0x1ffffda6                u16_ExitLowSpeedTimer
                0x1ffffda8                u8_Wiper_StatePre_Int_Cnt
                0x1ffffda9                u8_Lin_Diag_Enable_Cnt
                0x1ffffdaa                u8_enter_period_flg
                0x1ffffdab                u8_ls_error_cnt
                0x1ffffdac                u8_cnt_choose
                0x1ffffdad                u8_Vehicle_State
                0x1ffffdae                u8_IntSpeedEnterCnt
                0x1ffffdb0                Brightness_Infrared_Percentage
                0x1ffffdb4                DC_WIN_BUFF
                0x1ffffe04                u8_Int_Cnt
                0x1ffffe05                u8_Automatic_On_Cnt
                0x1ffffe06                u16_Pd_Measure_Value
                0x1ffffe08                u8_Rain_Sensitivity
                0x1ffffe0a                u16_IntWindow_Cnt
                0x1ffffe0c                u8_Rain_Flg
                0x1ffffe10                u8_Juge_Rain_Cnt
                0x1ffffe12                u8_IntDelayTimer
                0x1ffffe14                u16_RainWindow_Cnt
                0x1ffffe16                u8_WiperSpeed
                0x1ffffe18                u16_Solar_l_value_raw
                0x1ffffe1a                u8_Wiper_State
                0x1ffffe1b                u8_MeasureSureTime
                0x1ffffe1c                u8_SensitivityUpCnt
                0x1ffffe1d                u8_Rain_Value
                0x1ffffe1e                u8_SensitivityUpFlg
                0x1ffffe1f                u8_LowSpeedCnt
 COMMON         0x1ffffe20        0x5 ./Sources/Application/Battery/battery.o
                0x1ffffe20                u8_low_voltage_cnt
                0x1ffffe21                u8_high_voltage_cnt
                0x1ffffe22                u16_Battery_Volt
                0x1ffffe24                u8_Battery_status
 *fill*         0x1ffffe25        0x3 00
 COMMON         0x1ffffe28       0x14 ./Sources/Application/Diagnostic/lin_diagnostic_service.o
                0x1ffffe28                diagnostic_Session
                0x1ffffe2c                boot_key
                0x1ffffe30                boot_seed
                0x1ffffe34                diagnostic_Session_flg
                0x1ffffe36                diagnostic_Session_timer
                0x1ffffe38                boot_up_ret
                0x1ffffe3a                diagnostic_Session_pre
                0x1ffffe3b                boot_status_flag
 COMMON         0x1ffffe3c        0x7 ./Sources/Application/Sleep/sleep.o
                0x1ffffe3c                bool_auto_roof_rain_measure_sleep_flg
                0x1ffffe3d                Auto_Roof_FSM
                0x1ffffe3e                u8_wakeup_bcm_1min_timer
                0x1ffffe3f                bool_Mcu_wakeup_state
                0x1ffffe40                bool_wakeup_bcm_cnt_sleep_flg
                0x1ffffe41                bool_lin_cmd_sleep
                0x1ffffe42                u8_wakeup_bcm_1500ms_timer
 *fill*         0x1ffffe43        0x1 00
 COMMON         0x1ffffe44       0x11 ./Sources/Application/main.o
                0x1ffffe44                Timer_500ms_flag
                0x1ffffe45                Timer_500ms
                0x1ffffe46                Timer_600ms
                0x1ffffe47                Timer_4s
                0x1ffffe48                Timer_10ms_flag
                0x1ffffe49                Timer_100ms
                0x1ffffe4a                Timer_50ms
                0x1ffffe4b                Timer_100ms_flag
                0x1ffffe4c                Timer_50ms_flag
                0x1ffffe50                Timer_6h
                0x1ffffe54                RLS_RunMode
 COMMON         0x1ffffe55        0x2 ./Sources/Driver/LIN_Stack/coreapi/lin_common_proto.o
                0x1ffffe55                frame_signal_error
                0x1ffffe56                frame_index
 *fill*         0x1ffffe57        0x1 00
 COMMON         0x1ffffe58        0xb ./Sources/Transport/LIN_app/lin_app.o
                0x1ffffe58                Enter_Sleep_Flag
                0x1ffffe5c                Lin_BCM_Frame
                0x1ffffe62                Lin_Busy_Flag
 *fill*         0x1ffffe63        0x1 00
 COMMON         0x1ffffe64       0x1c ./Sources/Transport/Local_eep_data/local_eep_data.o
                0x1ffffe64                local_info
 COMMON         0x1ffffe80       0x64 ./Sources/Transport/MLX75308/mlx75308.o
                0x1ffffe80                u16_Delta_DC_bre_B
                0x1ffffe82                u16_Save_DC_bre_A
                0x1ffffe84                u16_Delta_DC_aft_B
                0x1ffffe88                Mnrval
                0x1ffffe9c                MLX75308_A_Adc
                0x1ffffe9d                MLX75308_B_Gain
                0x1ffffe9e                u16_Ref_Adc_A
                0x1ffffea0                u16_Delta_DC_bre_A
                0x1ffffea2                u16_Save_DC_aft_A
                0x1ffffea4                u16_Ref_Adc_B
                0x1ffffea6                u16_Save_DC_bre_B
                0x1ffffea8                MLX75308_RxFrame
                0x1ffffec0                u16_DC_comp_value
                0x1ffffec2                u16_Save_DC_aft_B
                0x1ffffec4                PD_WIN_AVG
                0x1ffffedc                MLX75308_B_Adc
                0x1ffffede                u16_Delta_DC_aft_A
                0x1ffffee0                MLX75308_A_Gain
                0x1ffffee2                u16_DC_checkValue
 COMMON         0x1ffffee4       0x66 ./Sources/Transport/lin_cfg/lin_cfg.o
                0x1ffffee4                tl_rx_msg_status
                0x1ffffee5                tl_ld_error_code
                0x1ffffee6                tl_receive_msg_status
                0x1ffffee8                tl_check_timeout
                0x1ffffeec                tl_rx_queue_data
                0x1ffffefc                tl_frame_counter
                0x1fffff00                tl_tx_queue_data
                0x1fffff10                tl_tx_msg_size
                0x1fffff12                tl_last_cfg_result
                0x1fffff13                tl_tx_msg_status
                0x1fffff14                tl_last_RSID
                0x1fffff15                lin_successful_transfer
                0x1fffff16                tl_rx_msg_index
                0x1fffff18                tl_no_of_pdu
                0x1fffff1c                lin_diag_signal_tbl
                0x1fffff2c                lin_goto_sleep_flg
                0x1fffff2e                tl_rx_msg_size
                0x1fffff30                lin_word_status
                0x1fffff32                tl_tx_msg_index
                0x1fffff34                tl_check_timeout_type
                0x1fffff35                lin_current_pid
                0x1fffff38                tl_ident_data
                0x1fffff3c                lin_error_in_response
                0x1fffff40                lin_lld_response_buffer
                0x1fffff4c                . = ALIGN (0x4)
 *fill*         0x1fffff4a        0x2 00
                0x1fffff4c                __END_BSS = .
                0x1fffff4c                PROVIDE (__bss_end__, __END_BSS)
                0x0000a9d4                _romp_at = (___ROM_AT + SIZEOF (.data))

.romp           0x1fffff4c       0x18 load address 0x0000a9d4
                0x0000a9d4                __S_romp = _romp_at
                0x1fffff4c        0x4 LONG 0xa920 ___ROM_AT
                0x1fffff50        0x4 LONG 0x1ffffc00 _sdata
                0x1fffff54        0x4 LONG 0xb4 ___data_size
                0x1fffff58        0x4 LONG 0x0
                0x1fffff5c        0x4 LONG 0x0
                0x1fffff60        0x4 LONG 0x0

._user_heap_stack
                0x1fffff64      0x200 load address 0x0000a9ec
                0x1fffff64                . = ALIGN (0x4)
                0x1fffff64                PROVIDE (end, .)
                0x1fffff64                PROVIDE (_end, .)
                0x1fffff64                __heap_addr = .
                0x20000064                . = (. + __heap_size)
 *fill*         0x1fffff64      0x100 00
                0x20000164                . = (. + __stack_size)
 *fill*         0x20000064      0x100 00
                0x20000164                . = ALIGN (0x4)

.ARM.attributes
                0x00000000       0x31
 *(.ARM.attributes)
 .ARM.attributes
                0x00000000       0x31 ./Project_Settings/Startup_Code/kinetis_sysinit.o
 .ARM.attributes
                0x00000031       0x31 ./Project_Settings/Startup_Code/__arm_start.o
 .ARM.attributes
                0x00000062       0x31 ./Project_Settings/Startup_Code/__arm_end.o
 .ARM.attributes
                0x00000093       0x31 ./Sources/Application/Auto_air/auto_air.o
 .ARM.attributes
                0x000000c4       0x31 ./Sources/Application/Auto_light/auto_light.o
 .ARM.attributes
                0x000000f5       0x31 ./Sources/Application/Auto_wiper/auto_wiper.o
 .ARM.attributes
                0x00000126       0x31 ./Sources/Application/Battery/battery.o
 .ARM.attributes
                0x00000157       0x31 ./Sources/Application/Config_parameters/config_parameter.o
 .ARM.attributes
                0x00000188       0x31 ./Sources/Application/Diagnostic/lin_diagnostic_service.o
 .ARM.attributes
                0x000001b9       0x31 ./Sources/Application/Sleep/sleep.o
 .ARM.attributes
                0x000001ea       0x31 ./Sources/Application/main.o
 .ARM.attributes
                0x0000021b       0x31 ./Sources/Driver/LIN_Stack/bsp/UART/lin_lld_uart.o
 .ARM.attributes
                0x0000024c       0x31 ./Sources/Driver/LIN_Stack/bsp/UART/lin_lld_timesrv.o
 .ARM.attributes
                0x0000027d       0x31 ./Sources/Driver/LIN_Stack/bsp/UART/lin_isr.o
 .ARM.attributes
                0x000002ae       0x31 ./Sources/Driver/LIN_Stack/coreapi/lin_lin21_proto.o
 .ARM.attributes
                0x000002df       0x31 ./Sources/Driver/LIN_Stack/coreapi/lin_common_proto.o
 .ARM.attributes
                0x00000310       0x31 ./Sources/Driver/LIN_Stack/coreapi/lin_common_api.o
 .ARM.attributes
                0x00000341       0x31 ./Sources/Driver/LIN_Stack/lowlevel/lin.o
 .ARM.attributes
                0x00000372       0x31 ./Sources/Driver/SPI/spi.o
 .ARM.attributes
                0x000003a3       0x31 ./Sources/Driver/adc/adc.o
 .ARM.attributes
                0x000003d4       0x31 ./Sources/Driver/clock/clock.o
 .ARM.attributes
                0x00000405       0x31 ./Sources/Driver/eeprom/eeprom.o
 .ARM.attributes
                0x00000436       0x31 ./Sources/Driver/ftm/ftm.o
 .ARM.attributes
                0x00000467       0x31 ./Sources/Driver/gpio/gpio.o
 .ARM.attributes
                0x00000498       0x31 ./Sources/Driver/pmc/pmc.o
 .ARM.attributes
                0x000004c9       0x31 ./Sources/Driver/rtc/rtc.o
 .ARM.attributes
                0x000004fa       0x31 ./Sources/Driver/watchdog/watchdog.o
 .ARM.attributes
                0x0000052b       0x31 ./Sources/Transport/LIN_app/lin_app.o
 .ARM.attributes
                0x0000055c       0x31 ./Sources/Transport/Local_eep_data/local_eep_data.o
 .ARM.attributes
                0x0000058d       0x31 ./Sources/Transport/MLX75308/mlx75308.o
 .ARM.attributes
                0x000005be       0x31 ./Sources/Transport/lin_cfg/lin_cfg.o
 .ARM.attributes
                0x000005ef       0x31 ./Sources/Transport/lin_transport/lin_commontl_proto.o
 .ARM.attributes
                0x00000620       0x31 ./Sources/Transport/lin_transport/lin_commontl_api.o
 .ARM.attributes
                0x00000651       0x31 D:/CW11.0/CW MCU v11.0/MCU/ARM_GCC_Support/ewl/lib/armv6-m\libc.a(exit.o)
 .ARM.attributes
                0x00000682       0x31 D:/CW11.0/CW MCU v11.0/MCU/ARM_GCC_Support/ewl/lib/armv6-m\libc.a(rand.o)
 .ARM.attributes
                0x000006b3       0x31 D:/CW11.0/CW MCU v11.0/MCU/ARM_GCC_Support/ewl/lib/armv6-m\libc.a(memset.o)
 .ARM.attributes
                0x000006e4       0x31 D:/CW11.0/CW MCU v11.0/MCU/ARM_GCC_Support/ewl/lib/armv6-m\libc.a(__filll_mem.o)
 .ARM.attributes
                0x00000715       0x1e d:/cw11.0/cw mcu v11.0/cross_tools/arm-none-eabi-gcc-4_7_3/bin/../lib/gcc/arm-none-eabi/4.7.3/armv6-m\libgcc.a(_udivsi3.o)
 .ARM.attributes
                0x00000733       0x1e d:/cw11.0/cw mcu v11.0/cross_tools/arm-none-eabi-gcc-4_7_3/bin/../lib/gcc/arm-none-eabi/4.7.3/armv6-m\libgcc.a(_divsi3.o)
 .ARM.attributes
                0x00000751       0x1e d:/cw11.0/cw mcu v11.0/cross_tools/arm-none-eabi-gcc-4_7_3/bin/../lib/gcc/arm-none-eabi/4.7.3/armv6-m\libgcc.a(_dvmd_tls.o)
 .ARM.attributes
                0x0000076f       0x2c d:/cw11.0/cw mcu v11.0/cross_tools/arm-none-eabi-gcc-4_7_3/bin/../lib/gcc/arm-none-eabi/4.7.3/armv6-m\libgcc.a(_fixunsdfsi.o)
 .ARM.attributes
                0x0000079b       0x2c d:/cw11.0/cw mcu v11.0/cross_tools/arm-none-eabi-gcc-4_7_3/bin/../lib/gcc/arm-none-eabi/4.7.3/armv6-m\libgcc.a(adddf3.o)
 .ARM.attributes
                0x000007c7       0x2c d:/cw11.0/cw mcu v11.0/cross_tools/arm-none-eabi-gcc-4_7_3/bin/../lib/gcc/arm-none-eabi/4.7.3/armv6-m\libgcc.a(subdf3.o)
 .ARM.attributes
                0x000007f3       0x2c d:/cw11.0/cw mcu v11.0/cross_tools/arm-none-eabi-gcc-4_7_3/bin/../lib/gcc/arm-none-eabi/4.7.3/armv6-m\libgcc.a(fixdfsi.o)
 .ARM.attributes
                0x0000081f       0x2c d:/cw11.0/cw mcu v11.0/cross_tools/arm-none-eabi-gcc-4_7_3/bin/../lib/gcc/arm-none-eabi/4.7.3/armv6-m\libgcc.a(floatunsidf.o)
 .ARM.attributes
                0x0000084b       0x1e d:/cw11.0/cw mcu v11.0/cross_tools/arm-none-eabi-gcc-4_7_3/bin/../lib/gcc/arm-none-eabi/4.7.3/armv6-m\libgcc.a(_arm_cmpdf2.o)
 .ARM.attributes
                0x00000869       0x1e d:/cw11.0/cw mcu v11.0/cross_tools/arm-none-eabi-gcc-4_7_3/bin/../lib/gcc/arm-none-eabi/4.7.3/armv6-m\libgcc.a(_clzsi2.o)
 .ARM.attributes
                0x00000887       0x2c d:/cw11.0/cw mcu v11.0/cross_tools/arm-none-eabi-gcc-4_7_3/bin/../lib/gcc/arm-none-eabi/4.7.3/armv6-m\libgcc.a(eqdf2.o)
 .ARM.attributes
                0x000008b3       0x2c d:/cw11.0/cw mcu v11.0/cross_tools/arm-none-eabi-gcc-4_7_3/bin/../lib/gcc/arm-none-eabi/4.7.3/armv6-m\libgcc.a(gedf2.o)
 .ARM.attributes
                0x000008df       0x2c d:/cw11.0/cw mcu v11.0/cross_tools/arm-none-eabi-gcc-4_7_3/bin/../lib/gcc/arm-none-eabi/4.7.3/armv6-m\libgcc.a(ledf2.o)
 .ARM.attributes
                0x0000090b       0x31 D:/CW11.0/CW MCU v11.0/MCU/ARM_GCC_Support/ewl/lib/armv6-m\librt.a(gcc_ctor_dtor.o)
 .ARM.attributes
                0x0000093c       0x31 D:/CW11.0/CW MCU v11.0/MCU/ARM_GCC_Support/ewl/lib/armv6-m\librt.a(__arm_eabi_init.o)
 .ARM.attributes
                0x0000096d       0x31 D:/CW11.0/CW MCU v11.0/MCU/ARM_GCC_Support/ewl/lib/armv6-m\librt.a(ROMCopy.o)
OUTPUT(RLS.elf elf32-littlearm)

.debug_info     0x00000000     0xa6fe
 .debug_info    0x00000000      0x383 ./Project_Settings/Startup_Code/kinetis_sysinit.o
 .debug_info    0x00000383      0x126 ./Project_Settings/Startup_Code/__arm_start.o
 .debug_info    0x000004a9       0x50 ./Project_Settings/Startup_Code/__arm_end.o
 .debug_info    0x000004f9      0x3c2 ./Sources/Application/Auto_air/auto_air.o
 .debug_info    0x000008bb      0x39a ./Sources/Application/Auto_light/auto_light.o
 .debug_info    0x00000c55     0x1055 ./Sources/Application/Auto_wiper/auto_wiper.o
 .debug_info    0x00001caa      0x11f ./Sources/Application/Battery/battery.o
 .debug_info    0x00001dc9      0x2dc ./Sources/Application/Config_parameters/config_parameter.o
 .debug_info    0x000020a5      0x7a5 ./Sources/Application/Diagnostic/lin_diagnostic_service.o
 .debug_info    0x0000284a      0x734 ./Sources/Application/Sleep/sleep.o
 .debug_info    0x00002f7e      0x1bd ./Sources/Application/main.o
 .debug_info    0x0000313b      0xd74 ./Sources/Driver/LIN_Stack/bsp/UART/lin_lld_uart.o
 .debug_info    0x00003eaf      0x539 ./Sources/Driver/LIN_Stack/bsp/UART/lin_lld_timesrv.o
 .debug_info    0x000043e8      0x29c ./Sources/Driver/LIN_Stack/bsp/UART/lin_isr.o
 .debug_info    0x00004684      0x371 ./Sources/Driver/LIN_Stack/coreapi/lin_lin21_proto.o
 .debug_info    0x000049f5      0x823 ./Sources/Driver/LIN_Stack/coreapi/lin_common_proto.o
 .debug_info    0x00005218      0x337 ./Sources/Driver/LIN_Stack/coreapi/lin_common_api.o
 .debug_info    0x0000554f      0x378 ./Sources/Driver/LIN_Stack/lowlevel/lin.o
 .debug_info    0x000058c7      0x62a ./Sources/Driver/SPI/spi.o
 .debug_info    0x00005ef1      0x248 ./Sources/Driver/adc/adc.o
 .debug_info    0x00006139      0x171 ./Sources/Driver/clock/clock.o
 .debug_info    0x000062aa      0x43a ./Sources/Driver/eeprom/eeprom.o
 .debug_info    0x000066e4      0x59e ./Sources/Driver/ftm/ftm.o
 .debug_info    0x00006c82      0x2ce ./Sources/Driver/gpio/gpio.o
 .debug_info    0x00006f50       0xe1 ./Sources/Driver/pmc/pmc.o
 .debug_info    0x00007031      0x3ba ./Sources/Driver/rtc/rtc.o
 .debug_info    0x000073eb      0x259 ./Sources/Driver/watchdog/watchdog.o
 .debug_info    0x00007644      0x5b4 ./Sources/Transport/LIN_app/lin_app.o
 .debug_info    0x00007bf8      0x275 ./Sources/Transport/Local_eep_data/local_eep_data.o
 .debug_info    0x00007e6d      0x5bf ./Sources/Transport/MLX75308/mlx75308.o
 .debug_info    0x0000842c      0x97a ./Sources/Transport/lin_cfg/lin_cfg.o
 .debug_info    0x00008da6      0x940 ./Sources/Transport/lin_transport/lin_commontl_proto.o
 .debug_info    0x000096e6      0x683 ./Sources/Transport/lin_transport/lin_commontl_api.o
 .debug_info    0x00009d69       0xe8 D:/CW11.0/CW MCU v11.0/MCU/ARM_GCC_Support/ewl/lib/armv6-m\libc.a(exit.o)
 .debug_info    0x00009e51      0x100 D:/CW11.0/CW MCU v11.0/MCU/ARM_GCC_Support/ewl/lib/armv6-m\libc.a(rand.o)
 .debug_info    0x00009f51       0xec D:/CW11.0/CW MCU v11.0/MCU/ARM_GCC_Support/ewl/lib/armv6-m\libc.a(memset.o)
 .debug_info    0x0000a03d      0x137 D:/CW11.0/CW MCU v11.0/MCU/ARM_GCC_Support/ewl/lib/armv6-m\libc.a(__filll_mem.o)
 .debug_info    0x0000a174      0x136 D:/CW11.0/CW MCU v11.0/MCU/ARM_GCC_Support/ewl/lib/armv6-m\librt.a(gcc_ctor_dtor.o)
 .debug_info    0x0000a2aa      0x2b9 D:/CW11.0/CW MCU v11.0/MCU/ARM_GCC_Support/ewl/lib/armv6-m\librt.a(__arm_eabi_init.o)
 .debug_info    0x0000a563      0x19b D:/CW11.0/CW MCU v11.0/MCU/ARM_GCC_Support/ewl/lib/armv6-m\librt.a(ROMCopy.o)

.debug_abbrev   0x00000000     0x2a75
 .debug_abbrev  0x00000000      0x131 ./Project_Settings/Startup_Code/kinetis_sysinit.o
 .debug_abbrev  0x00000131       0x90 ./Project_Settings/Startup_Code/__arm_start.o
 .debug_abbrev  0x000001c1       0x4a ./Project_Settings/Startup_Code/__arm_end.o
 .debug_abbrev  0x0000020b      0x13f ./Sources/Application/Auto_air/auto_air.o
 .debug_abbrev  0x0000034a      0x105 ./Sources/Application/Auto_light/auto_light.o
 .debug_abbrev  0x0000044f      0x186 ./Sources/Application/Auto_wiper/auto_wiper.o
 .debug_abbrev  0x000005d5       0x7f ./Sources/Application/Battery/battery.o
 .debug_abbrev  0x00000654       0xcf ./Sources/Application/Config_parameters/config_parameter.o
 .debug_abbrev  0x00000723      0x221 ./Sources/Application/Diagnostic/lin_diagnostic_service.o
 .debug_abbrev  0x00000944      0x169 ./Sources/Application/Sleep/sleep.o
 .debug_abbrev  0x00000aad       0x80 ./Sources/Application/main.o
 .debug_abbrev  0x00000b2d      0x26b ./Sources/Driver/LIN_Stack/bsp/UART/lin_lld_uart.o
 .debug_abbrev  0x00000d98       0xdf ./Sources/Driver/LIN_Stack/bsp/UART/lin_lld_timesrv.o
 .debug_abbrev  0x00000e77       0xaf ./Sources/Driver/LIN_Stack/bsp/UART/lin_isr.o
 .debug_abbrev  0x00000f26      0x118 ./Sources/Driver/LIN_Stack/coreapi/lin_lin21_proto.o
 .debug_abbrev  0x0000103e      0x1a8 ./Sources/Driver/LIN_Stack/coreapi/lin_common_proto.o
 .debug_abbrev  0x000011e6      0x117 ./Sources/Driver/LIN_Stack/coreapi/lin_common_api.o
 .debug_abbrev  0x000012fd      0x110 ./Sources/Driver/LIN_Stack/lowlevel/lin.o
 .debug_abbrev  0x0000140d      0x1d9 ./Sources/Driver/SPI/spi.o
 .debug_abbrev  0x000015e6       0xfe ./Sources/Driver/adc/adc.o
 .debug_abbrev  0x000016e4       0xcd ./Sources/Driver/clock/clock.o
 .debug_abbrev  0x000017b1      0x146 ./Sources/Driver/eeprom/eeprom.o
 .debug_abbrev  0x000018f7      0x103 ./Sources/Driver/ftm/ftm.o
 .debug_abbrev  0x000019fa       0x9b ./Sources/Driver/gpio/gpio.o
 .debug_abbrev  0x00001a95       0x92 ./Sources/Driver/pmc/pmc.o
 .debug_abbrev  0x00001b27       0xd2 ./Sources/Driver/rtc/rtc.o
 .debug_abbrev  0x00001bf9       0xf5 ./Sources/Driver/watchdog/watchdog.o
 .debug_abbrev  0x00001cee      0x163 ./Sources/Transport/LIN_app/lin_app.o
 .debug_abbrev  0x00001e51      0x133 ./Sources/Transport/Local_eep_data/local_eep_data.o
 .debug_abbrev  0x00001f84      0x163 ./Sources/Transport/MLX75308/mlx75308.o
 .debug_abbrev  0x000020e7      0x136 ./Sources/Transport/lin_cfg/lin_cfg.o
 .debug_abbrev  0x0000221d      0x1dc ./Sources/Transport/lin_transport/lin_commontl_proto.o
 .debug_abbrev  0x000023f9      0x12e ./Sources/Transport/lin_transport/lin_commontl_api.o
 .debug_abbrev  0x00002527       0x7a D:/CW11.0/CW MCU v11.0/MCU/ARM_GCC_Support/ewl/lib/armv6-m\libc.a(exit.o)
 .debug_abbrev  0x000025a1       0x8e D:/CW11.0/CW MCU v11.0/MCU/ARM_GCC_Support/ewl/lib/armv6-m\libc.a(rand.o)
 .debug_abbrev  0x0000262f       0x62 D:/CW11.0/CW MCU v11.0/MCU/ARM_GCC_Support/ewl/lib/armv6-m\libc.a(memset.o)
 .debug_abbrev  0x00002691       0x78 D:/CW11.0/CW MCU v11.0/MCU/ARM_GCC_Support/ewl/lib/armv6-m\libc.a(__filll_mem.o)
 .debug_abbrev  0x00002709       0x99 D:/CW11.0/CW MCU v11.0/MCU/ARM_GCC_Support/ewl/lib/armv6-m\librt.a(gcc_ctor_dtor.o)
 .debug_abbrev  0x000027a2      0x1b3 D:/CW11.0/CW MCU v11.0/MCU/ARM_GCC_Support/ewl/lib/armv6-m\librt.a(__arm_eabi_init.o)
 .debug_abbrev  0x00002955      0x120 D:/CW11.0/CW MCU v11.0/MCU/ARM_GCC_Support/ewl/lib/armv6-m\librt.a(ROMCopy.o)

.debug_loc      0x00000000     0x27ea
 .debug_loc     0x00000000       0x58 ./Project_Settings/Startup_Code/kinetis_sysinit.o
 .debug_loc     0x00000058       0x2c ./Project_Settings/Startup_Code/__arm_start.o
 .debug_loc     0x00000084       0x38 ./Project_Settings/Startup_Code/__arm_end.o
 .debug_loc     0x000000bc       0x9c ./Sources/Application/Auto_air/auto_air.o
 .debug_loc     0x00000158       0xd4 ./Sources/Application/Auto_light/auto_light.o
 .debug_loc     0x0000022c      0x338 ./Sources/Application/Auto_wiper/auto_wiper.o
 .debug_loc     0x00000564       0x90 ./Sources/Application/Battery/battery.o
 .debug_loc     0x000005f4       0x2c ./Sources/Application/Config_parameters/config_parameter.o
 .debug_loc     0x00000620      0x288 ./Sources/Application/Diagnostic/lin_diagnostic_service.o
 .debug_loc     0x000008a8      0x140 ./Sources/Application/Sleep/sleep.o
 .debug_loc     0x000009e8       0x58 ./Sources/Application/main.o
 .debug_loc     0x00000a40      0x298 ./Sources/Driver/LIN_Stack/bsp/UART/lin_lld_uart.o
 .debug_loc     0x00000cd8       0x58 ./Sources/Driver/LIN_Stack/bsp/UART/lin_lld_timesrv.o
 .debug_loc     0x00000d30       0x58 ./Sources/Driver/LIN_Stack/bsp/UART/lin_isr.o
 .debug_loc     0x00000d88       0xa8 ./Sources/Driver/LIN_Stack/coreapi/lin_lin21_proto.o
 .debug_loc     0x00000e30      0x250 ./Sources/Driver/LIN_Stack/coreapi/lin_common_proto.o
 .debug_loc     0x00001080      0x224 ./Sources/Driver/LIN_Stack/coreapi/lin_common_api.o
 .debug_loc     0x000012a4      0x334 ./Sources/Driver/LIN_Stack/lowlevel/lin.o
 .debug_loc     0x000015d8      0x1ec ./Sources/Driver/SPI/spi.o
 .debug_loc     0x000017c4       0x9c ./Sources/Driver/adc/adc.o
 .debug_loc     0x00001860       0x9c ./Sources/Driver/clock/clock.o
 .debug_loc     0x000018fc      0x150 ./Sources/Driver/eeprom/eeprom.o
 .debug_loc     0x00001a4c       0x58 ./Sources/Driver/ftm/ftm.o
 .debug_loc     0x00001aa4       0x2c ./Sources/Driver/gpio/gpio.o
 .debug_loc     0x00001ad0       0x38 ./Sources/Driver/pmc/pmc.o
 .debug_loc     0x00001b08       0xb0 ./Sources/Driver/rtc/rtc.o
 .debug_loc     0x00001bb8       0xe8 ./Sources/Driver/watchdog/watchdog.o
 .debug_loc     0x00001ca0      0x114 ./Sources/Transport/LIN_app/lin_app.o
 .debug_loc     0x00001db4       0xd4 ./Sources/Transport/Local_eep_data/local_eep_data.o
 .debug_loc     0x00001e88       0x70 ./Sources/Transport/MLX75308/mlx75308.o
 .debug_loc     0x00001ef8       0x38 ./Sources/Transport/lin_cfg/lin_cfg.o
 .debug_loc     0x00001f30      0x18a ./Sources/Transport/lin_transport/lin_commontl_proto.o
 .debug_loc     0x000020ba      0x22c ./Sources/Transport/lin_transport/lin_commontl_api.o
 .debug_loc     0x000022e6       0x3e D:/CW11.0/CW MCU v11.0/MCU/ARM_GCC_Support/ewl/lib/armv6-m\libc.a(exit.o)
 .debug_loc     0x00002324       0x6f D:/CW11.0/CW MCU v11.0/MCU/ARM_GCC_Support/ewl/lib/armv6-m\libc.a(memset.o)
 .debug_loc     0x00002393      0x14a D:/CW11.0/CW MCU v11.0/MCU/ARM_GCC_Support/ewl/lib/armv6-m\libc.a(__filll_mem.o)
 .debug_loc     0x000024dd       0x9d D:/CW11.0/CW MCU v11.0/MCU/ARM_GCC_Support/ewl/lib/armv6-m\librt.a(gcc_ctor_dtor.o)
 .debug_loc     0x0000257a      0x197 D:/CW11.0/CW MCU v11.0/MCU/ARM_GCC_Support/ewl/lib/armv6-m\librt.a(__arm_eabi_init.o)
 .debug_loc     0x00002711       0xd9 D:/CW11.0/CW MCU v11.0/MCU/ARM_GCC_Support/ewl/lib/armv6-m\librt.a(ROMCopy.o)

.debug_aranges  0x00000000      0x9e0
 .debug_aranges
                0x00000000       0x28 ./Project_Settings/Startup_Code/kinetis_sysinit.o
 .debug_aranges
                0x00000028       0x30 ./Project_Settings/Startup_Code/__arm_start.o
 .debug_aranges
                0x00000058       0x20 ./Project_Settings/Startup_Code/__arm_end.o
 .debug_aranges
                0x00000078       0x30 ./Sources/Application/Auto_air/auto_air.o
 .debug_aranges
                0x000000a8       0x38 ./Sources/Application/Auto_light/auto_light.o
 .debug_aranges
                0x000000e0       0x98 ./Sources/Application/Auto_wiper/auto_wiper.o
 .debug_aranges
                0x00000178       0x30 ./Sources/Application/Battery/battery.o
 .debug_aranges
                0x000001a8       0x20 ./Sources/Application/Config_parameters/config_parameter.o
 .debug_aranges
                0x000001c8       0x78 ./Sources/Application/Diagnostic/lin_diagnostic_service.o
 .debug_aranges
                0x00000240       0x50 ./Sources/Application/Sleep/sleep.o
 .debug_aranges
                0x00000290       0x28 ./Sources/Application/main.o
 .debug_aranges
                0x000002b8       0x88 ./Sources/Driver/LIN_Stack/bsp/UART/lin_lld_uart.o
 .debug_aranges
                0x00000340       0x28 ./Sources/Driver/LIN_Stack/bsp/UART/lin_lld_timesrv.o
 .debug_aranges
                0x00000368       0x28 ./Sources/Driver/LIN_Stack/bsp/UART/lin_isr.o
 .debug_aranges
                0x00000390       0x30 ./Sources/Driver/LIN_Stack/coreapi/lin_lin21_proto.o
 .debug_aranges
                0x000003c0       0x70 ./Sources/Driver/LIN_Stack/coreapi/lin_common_proto.o
 .debug_aranges
                0x00000430       0x68 ./Sources/Driver/LIN_Stack/coreapi/lin_common_api.o
 .debug_aranges
                0x00000498       0xa0 ./Sources/Driver/LIN_Stack/lowlevel/lin.o
 .debug_aranges
                0x00000538       0x60 ./Sources/Driver/SPI/spi.o
 .debug_aranges
                0x00000598       0x30 ./Sources/Driver/adc/adc.o
 .debug_aranges
                0x000005c8       0x30 ./Sources/Driver/clock/clock.o
 .debug_aranges
                0x000005f8       0x48 ./Sources/Driver/eeprom/eeprom.o
 .debug_aranges
                0x00000640       0x28 ./Sources/Driver/ftm/ftm.o
 .debug_aranges
                0x00000668       0x20 ./Sources/Driver/gpio/gpio.o
 .debug_aranges
                0x00000688       0x20 ./Sources/Driver/pmc/pmc.o
 .debug_aranges
                0x000006a8       0x38 ./Sources/Driver/rtc/rtc.o
 .debug_aranges
                0x000006e0       0x40 ./Sources/Driver/watchdog/watchdog.o
 .debug_aranges
                0x00000720       0x48 ./Sources/Transport/LIN_app/lin_app.o
 .debug_aranges
                0x00000768       0x38 ./Sources/Transport/Local_eep_data/local_eep_data.o
 .debug_aranges
                0x000007a0       0x28 ./Sources/Transport/MLX75308/mlx75308.o
 .debug_aranges
                0x000007c8       0x20 ./Sources/Transport/lin_cfg/lin_cfg.o
 .debug_aranges
                0x000007e8       0x50 ./Sources/Transport/lin_transport/lin_commontl_proto.o
 .debug_aranges
                0x00000838       0x70 ./Sources/Transport/lin_transport/lin_commontl_api.o
 .debug_aranges
                0x000008a8       0x20 D:/CW11.0/CW MCU v11.0/MCU/ARM_GCC_Support/ewl/lib/armv6-m\libc.a(exit.o)
 .debug_aranges
                0x000008c8       0x28 D:/CW11.0/CW MCU v11.0/MCU/ARM_GCC_Support/ewl/lib/armv6-m\libc.a(rand.o)
 .debug_aranges
                0x000008f0       0x20 D:/CW11.0/CW MCU v11.0/MCU/ARM_GCC_Support/ewl/lib/armv6-m\libc.a(memset.o)
 .debug_aranges
                0x00000910       0x20 D:/CW11.0/CW MCU v11.0/MCU/ARM_GCC_Support/ewl/lib/armv6-m\libc.a(__filll_mem.o)
 .debug_aranges
                0x00000930       0x28 D:/CW11.0/CW MCU v11.0/MCU/ARM_GCC_Support/ewl/lib/armv6-m\librt.a(gcc_ctor_dtor.o)
 .debug_aranges
                0x00000958       0x58 D:/CW11.0/CW MCU v11.0/MCU/ARM_GCC_Support/ewl/lib/armv6-m\librt.a(__arm_eabi_init.o)
 .debug_aranges
                0x000009b0       0x30 D:/CW11.0/CW MCU v11.0/MCU/ARM_GCC_Support/ewl/lib/armv6-m\librt.a(ROMCopy.o)

.debug_line     0x00000000     0x48cc
 .debug_line    0x00000000      0x11c ./Project_Settings/Startup_Code/kinetis_sysinit.o
 .debug_line    0x0000011c       0x92 ./Project_Settings/Startup_Code/__arm_start.o
 .debug_line    0x000001ae       0x5e ./Project_Settings/Startup_Code/__arm_end.o
 .debug_line    0x0000020c      0x1b1 ./Sources/Application/Auto_air/auto_air.o
 .debug_line    0x000003bd      0x237 ./Sources/Application/Auto_light/auto_light.o
 .debug_line    0x000005f4      0x780 ./Sources/Application/Auto_wiper/auto_wiper.o
 .debug_line    0x00000d74      0x107 ./Sources/Application/Battery/battery.o
 .debug_line    0x00000e7b      0x165 ./Sources/Application/Config_parameters/config_parameter.o
 .debug_line    0x00000fe0      0x3f2 ./Sources/Application/Diagnostic/lin_diagnostic_service.o
 .debug_line    0x000013d2      0x376 ./Sources/Application/Sleep/sleep.o
 .debug_line    0x00001748      0x11e ./Sources/Application/main.o
 .debug_line    0x00001866      0x41a ./Sources/Driver/LIN_Stack/bsp/UART/lin_lld_uart.o
 .debug_line    0x00001c80      0x124 ./Sources/Driver/LIN_Stack/bsp/UART/lin_lld_timesrv.o
 .debug_line    0x00001da4      0x118 ./Sources/Driver/LIN_Stack/bsp/UART/lin_isr.o
 .debug_line    0x00001ebc       0xfd ./Sources/Driver/LIN_Stack/coreapi/lin_lin21_proto.o
 .debug_line    0x00001fb9      0x26e ./Sources/Driver/LIN_Stack/coreapi/lin_common_proto.o
 .debug_line    0x00002227      0x1d4 ./Sources/Driver/LIN_Stack/coreapi/lin_common_api.o
 .debug_line    0x000023fb      0x22f ./Sources/Driver/LIN_Stack/lowlevel/lin.o
 .debug_line    0x0000262a      0x2fd ./Sources/Driver/SPI/spi.o
 .debug_line    0x00002927      0x196 ./Sources/Driver/adc/adc.o
 .debug_line    0x00002abd      0x1a3 ./Sources/Driver/clock/clock.o
 .debug_line    0x00002c60      0x285 ./Sources/Driver/eeprom/eeprom.o
 .debug_line    0x00002ee5      0x18d ./Sources/Driver/ftm/ftm.o
 .debug_line    0x00003072      0x11e ./Sources/Driver/gpio/gpio.o
 .debug_line    0x00003190      0x169 ./Sources/Driver/pmc/pmc.o
 .debug_line    0x000032f9      0x127 ./Sources/Driver/rtc/rtc.o
 .debug_line    0x00003420      0x150 ./Sources/Driver/watchdog/watchdog.o
 .debug_line    0x00003570      0x2a8 ./Sources/Transport/LIN_app/lin_app.o
 .debug_line    0x00003818      0x133 ./Sources/Transport/Local_eep_data/local_eep_data.o
 .debug_line    0x0000394b      0x265 ./Sources/Transport/MLX75308/mlx75308.o
 .debug_line    0x00003bb0       0xe3 ./Sources/Transport/lin_cfg/lin_cfg.o
 .debug_line    0x00003c93      0x507 ./Sources/Transport/lin_transport/lin_commontl_proto.o
 .debug_line    0x0000419a      0x24c ./Sources/Transport/lin_transport/lin_commontl_api.o
 .debug_line    0x000043e6       0x8d D:/CW11.0/CW MCU v11.0/MCU/ARM_GCC_Support/ewl/lib/armv6-m\libc.a(exit.o)
 .debug_line    0x00004473       0x93 D:/CW11.0/CW MCU v11.0/MCU/ARM_GCC_Support/ewl/lib/armv6-m\libc.a(rand.o)
 .debug_line    0x00004506       0x90 D:/CW11.0/CW MCU v11.0/MCU/ARM_GCC_Support/ewl/lib/armv6-m\libc.a(memset.o)
 .debug_line    0x00004596       0xf6 D:/CW11.0/CW MCU v11.0/MCU/ARM_GCC_Support/ewl/lib/armv6-m\libc.a(__filll_mem.o)
 .debug_line    0x0000468c       0x6c D:/CW11.0/CW MCU v11.0/MCU/ARM_GCC_Support/ewl/lib/armv6-m\librt.a(gcc_ctor_dtor.o)
 .debug_line    0x000046f8      0x117 D:/CW11.0/CW MCU v11.0/MCU/ARM_GCC_Support/ewl/lib/armv6-m\librt.a(__arm_eabi_init.o)
 .debug_line    0x0000480f       0xbd D:/CW11.0/CW MCU v11.0/MCU/ARM_GCC_Support/ewl/lib/armv6-m\librt.a(ROMCopy.o)

.debug_str      0x00000000     0x4315
 .debug_str     0x00000000      0x248 ./Project_Settings/Startup_Code/kinetis_sysinit.o
                                0x275 (size before relaxing)
 .debug_str     0x00000248       0x85 ./Project_Settings/Startup_Code/__arm_start.o
                                0x1a9 (size before relaxing)
 .debug_str     0x000002cd       0x3a ./Project_Settings/Startup_Code/__arm_end.o
                                 0xe0 (size before relaxing)
 .debug_str     0x00000307      0x21c ./Sources/Application/Auto_air/auto_air.o
                                0x352 (size before relaxing)
 .debug_str     0x00000523      0x237 ./Sources/Application/Auto_light/auto_light.o
                                0x3c2 (size before relaxing)
 .debug_str     0x0000075a      0xe12 ./Sources/Application/Auto_wiper/auto_wiper.o
                               0x1066 (size before relaxing)
 .debug_str     0x0000156c       0xae ./Sources/Application/Battery/battery.o
                                0x1d9 (size before relaxing)
 .debug_str     0x0000161a      0x1f7 ./Sources/Application/Config_parameters/config_parameter.o
                                0x33c (size before relaxing)
 .debug_str     0x00001811      0x40d ./Sources/Application/Diagnostic/lin_diagnostic_service.o
                                0x62e (size before relaxing)
 .debug_str     0x00001c1e      0x1f0 ./Sources/Application/Sleep/sleep.o
                                0x5df (size before relaxing)
 .debug_str     0x00001e0e       0x99 ./Sources/Application/main.o
                                0x250 (size before relaxing)
 .debug_str     0x00001ea7      0x7a5 ./Sources/Driver/LIN_Stack/bsp/UART/lin_lld_uart.o
                                0x9b4 (size before relaxing)
 .debug_str     0x0000264c      0x389 ./Sources/Driver/LIN_Stack/bsp/UART/lin_lld_timesrv.o
                                0x525 (size before relaxing)
 .debug_str     0x000029d5       0x55 ./Sources/Driver/LIN_Stack/bsp/UART/lin_isr.o
                                0x230 (size before relaxing)
 .debug_str     0x00002a2a      0x26e ./Sources/Driver/LIN_Stack/coreapi/lin_lin21_proto.o
                                0x3dc (size before relaxing)
 .debug_str     0x00002c98      0x386 ./Sources/Driver/LIN_Stack/coreapi/lin_common_proto.o
                                0xa32 (size before relaxing)
 .debug_str     0x0000301e       0xcc ./Sources/Driver/LIN_Stack/coreapi/lin_common_api.o
                                0x2b0 (size before relaxing)
 .debug_str     0x000030ea      0x22c ./Sources/Driver/LIN_Stack/lowlevel/lin.o
                                0x39b (size before relaxing)
 .debug_str     0x00003316      0x12d ./Sources/Driver/SPI/spi.o
                                0x383 (size before relaxing)
 .debug_str     0x00003443       0x6e ./Sources/Driver/adc/adc.o
                                0x1e7 (size before relaxing)
 .debug_str     0x000034b1       0x55 ./Sources/Driver/clock/clock.o
                                0x17c (size before relaxing)
 .debug_str     0x00003506      0x1b8 ./Sources/Driver/eeprom/eeprom.o
                                0x32a (size before relaxing)
 .debug_str     0x000036be       0x36 ./Sources/Driver/ftm/ftm.o
                                0x568 (size before relaxing)
 .debug_str     0x000036f4      0x108 ./Sources/Driver/gpio/gpio.o
                                0x2a4 (size before relaxing)
 .debug_str     0x000037fc       0x25 ./Sources/Driver/pmc/pmc.o
                                0x16c (size before relaxing)
 .debug_str     0x00003821       0x6a ./Sources/Driver/rtc/rtc.o
                                0x48f (size before relaxing)
 .debug_str     0x0000388b       0x83 ./Sources/Driver/watchdog/watchdog.o
                                0x1fd (size before relaxing)
 .debug_str     0x0000390e       0xa9 ./Sources/Transport/LIN_app/lin_app.o
                                0x649 (size before relaxing)
 .debug_str     0x000039b7       0x9d ./Sources/Transport/Local_eep_data/local_eep_data.o
                                0x2b8 (size before relaxing)
 .debug_str     0x00003a54      0x101 ./Sources/Transport/MLX75308/mlx75308.o
                                0x4cd (size before relaxing)
 .debug_str     0x00003b55      0x223 ./Sources/Transport/lin_cfg/lin_cfg.o
                                0xb39 (size before relaxing)
 .debug_str     0x00003d78      0x102 ./Sources/Transport/lin_transport/lin_commontl_proto.o
                                0x8b8 (size before relaxing)
 .debug_str     0x00003e7a      0x112 ./Sources/Transport/lin_transport/lin_commontl_api.o
                                0x6ba (size before relaxing)
 .debug_str     0x00003f8c       0x5a D:/CW11.0/CW MCU v11.0/MCU/ARM_GCC_Support/ewl/lib/armv6-m\libc.a(exit.o)
                                0x157 (size before relaxing)
 .debug_str     0x00003fe6       0x2b D:/CW11.0/CW MCU v11.0/MCU/ARM_GCC_Support/ewl/lib/armv6-m\libc.a(rand.o)
                                0x152 (size before relaxing)
 .debug_str     0x00004011       0x23 D:/CW11.0/CW MCU v11.0/MCU/ARM_GCC_Support/ewl/lib/armv6-m\libc.a(memset.o)
                                0x140 (size before relaxing)
 .debug_str     0x00004034       0x2d D:/CW11.0/CW MCU v11.0/MCU/ARM_GCC_Support/ewl/lib/armv6-m\libc.a(__filll_mem.o)
                                0x152 (size before relaxing)
 .debug_str     0x00004061      0x126 D:/CW11.0/CW MCU v11.0/MCU/ARM_GCC_Support/ewl/lib/armv6-m\librt.a(gcc_ctor_dtor.o)
                                0x181 (size before relaxing)
 .debug_str     0x00004187       0xf3 D:/CW11.0/CW MCU v11.0/MCU/ARM_GCC_Support/ewl/lib/armv6-m\librt.a(__arm_eabi_init.o)
                                0x1b5 (size before relaxing)
 .debug_str     0x0000427a       0x9b D:/CW11.0/CW MCU v11.0/MCU/ARM_GCC_Support/ewl/lib/armv6-m\librt.a(ROMCopy.o)
                                0x13c (size before relaxing)

.comment        0x00000000       0x79
 .comment       0x00000000       0x79 ./Project_Settings/Startup_Code/kinetis_sysinit.o
                                 0x7a (size before relaxing)
 .comment       0x00000000       0x7a ./Project_Settings/Startup_Code/__arm_start.o
 .comment       0x00000000       0x7a ./Project_Settings/Startup_Code/__arm_end.o
 .comment       0x00000000       0x7a ./Sources/Application/Auto_air/auto_air.o
 .comment       0x00000000       0x7a ./Sources/Application/Auto_light/auto_light.o
 .comment       0x00000000       0x7a ./Sources/Application/Auto_wiper/auto_wiper.o
 .comment       0x00000000       0x7a ./Sources/Application/Battery/battery.o
 .comment       0x00000000       0x7a ./Sources/Application/Config_parameters/config_parameter.o
 .comment       0x00000000       0x7a ./Sources/Application/Diagnostic/lin_diagnostic_service.o
 .comment       0x00000000       0x7a ./Sources/Application/Sleep/sleep.o
 .comment       0x00000000       0x7a ./Sources/Application/main.o
 .comment       0x00000000       0x7a ./Sources/Driver/LIN_Stack/bsp/UART/lin_lld_uart.o
 .comment       0x00000000       0x7a ./Sources/Driver/LIN_Stack/bsp/UART/lin_lld_timesrv.o
 .comment       0x00000000       0x7a ./Sources/Driver/LIN_Stack/bsp/UART/lin_isr.o
 .comment       0x00000000       0x7a ./Sources/Driver/LIN_Stack/coreapi/lin_lin21_proto.o
 .comment       0x00000000       0x7a ./Sources/Driver/LIN_Stack/coreapi/lin_common_proto.o
 .comment       0x00000000       0x7a ./Sources/Driver/LIN_Stack/coreapi/lin_common_api.o
 .comment       0x00000000       0x7a ./Sources/Driver/LIN_Stack/lowlevel/lin.o
 .comment       0x00000000       0x7a ./Sources/Driver/SPI/spi.o
 .comment       0x00000000       0x7a ./Sources/Driver/adc/adc.o
 .comment       0x00000000       0x7a ./Sources/Driver/clock/clock.o
 .comment       0x00000000       0x7a ./Sources/Driver/eeprom/eeprom.o
 .comment       0x00000000       0x7a ./Sources/Driver/ftm/ftm.o
 .comment       0x00000000       0x7a ./Sources/Driver/gpio/gpio.o
 .comment       0x00000000       0x7a ./Sources/Driver/pmc/pmc.o
 .comment       0x00000000       0x7a ./Sources/Driver/rtc/rtc.o
 .comment       0x00000000       0x7a ./Sources/Driver/watchdog/watchdog.o
 .comment       0x00000000       0x7a ./Sources/Transport/LIN_app/lin_app.o
 .comment       0x00000000       0x7a ./Sources/Transport/Local_eep_data/local_eep_data.o
 .comment       0x00000000       0x7a ./Sources/Transport/MLX75308/mlx75308.o
 .comment       0x00000000       0x7a ./Sources/Transport/lin_cfg/lin_cfg.o
 .comment       0x00000000       0x7a ./Sources/Transport/lin_transport/lin_commontl_proto.o
 .comment       0x00000000       0x7a ./Sources/Transport/lin_transport/lin_commontl_api.o
 .comment       0x00000000       0x7a D:/CW11.0/CW MCU v11.0/MCU/ARM_GCC_Support/ewl/lib/armv6-m\libc.a(exit.o)
 .comment       0x00000000       0x7a D:/CW11.0/CW MCU v11.0/MCU/ARM_GCC_Support/ewl/lib/armv6-m\libc.a(rand.o)
 .comment       0x00000000       0x7a D:/CW11.0/CW MCU v11.0/MCU/ARM_GCC_Support/ewl/lib/armv6-m\libc.a(memset.o)
 .comment       0x00000000       0x7a D:/CW11.0/CW MCU v11.0/MCU/ARM_GCC_Support/ewl/lib/armv6-m\libc.a(__filll_mem.o)
 .comment       0x00000000       0x7a D:/CW11.0/CW MCU v11.0/MCU/ARM_GCC_Support/ewl/lib/armv6-m\librt.a(gcc_ctor_dtor.o)
 .comment       0x00000000       0x7a D:/CW11.0/CW MCU v11.0/MCU/ARM_GCC_Support/ewl/lib/armv6-m\librt.a(__arm_eabi_init.o)
 .comment       0x00000000       0x7a D:/CW11.0/CW MCU v11.0/MCU/ARM_GCC_Support/ewl/lib/armv6-m\librt.a(ROMCopy.o)

.debug_frame    0x00000000     0x1ae4
 .debug_frame   0x00000000       0x48 ./Project_Settings/Startup_Code/kinetis_sysinit.o
 .debug_frame   0x00000048       0x4c ./Project_Settings/Startup_Code/__arm_start.o
 .debug_frame   0x00000094       0x30 ./Project_Settings/Startup_Code/__arm_end.o
 .debug_frame   0x000000c4       0x6c ./Sources/Application/Auto_air/auto_air.o
 .debug_frame   0x00000130       0x8c ./Sources/Application/Auto_light/auto_light.o
 .debug_frame   0x000001bc      0x1f8 ./Sources/Application/Auto_wiper/auto_wiper.o
 .debug_frame   0x000003b4       0x68 ./Sources/Application/Battery/battery.o
 .debug_frame   0x0000041c       0x2c ./Sources/Application/Config_parameters/config_parameter.o
 .debug_frame   0x00000448      0x188 ./Sources/Application/Diagnostic/lin_diagnostic_service.o
 .debug_frame   0x000005d0       0xd8 ./Sources/Application/Sleep/sleep.o
 .debug_frame   0x000006a8       0x48 ./Sources/Application/main.o
 .debug_frame   0x000006f0      0x1ac ./Sources/Driver/LIN_Stack/bsp/UART/lin_lld_uart.o
 .debug_frame   0x0000089c       0x48 ./Sources/Driver/LIN_Stack/bsp/UART/lin_lld_timesrv.o
 .debug_frame   0x000008e4       0x4c ./Sources/Driver/LIN_Stack/bsp/UART/lin_isr.o
 .debug_frame   0x00000930       0x70 ./Sources/Driver/LIN_Stack/coreapi/lin_lin21_proto.o
 .debug_frame   0x000009a0      0x168 ./Sources/Driver/LIN_Stack/coreapi/lin_common_proto.o
 .debug_frame   0x00000b08      0x14c ./Sources/Driver/LIN_Stack/coreapi/lin_common_api.o
 .debug_frame   0x00000c54      0x204 ./Sources/Driver/LIN_Stack/lowlevel/lin.o
 .debug_frame   0x00000e58      0x12c ./Sources/Driver/SPI/spi.o
 .debug_frame   0x00000f84       0x6c ./Sources/Driver/adc/adc.o
 .debug_frame   0x00000ff0       0x6c ./Sources/Driver/clock/clock.o
 .debug_frame   0x0000105c       0xd0 ./Sources/Driver/eeprom/eeprom.o
 .debug_frame   0x0000112c       0x4c ./Sources/Driver/ftm/ftm.o
 .debug_frame   0x00001178       0x2c ./Sources/Driver/gpio/gpio.o
 .debug_frame   0x000011a4       0x30 ./Sources/Driver/pmc/pmc.o
 .debug_frame   0x000011d4       0x80 ./Sources/Driver/rtc/rtc.o
 .debug_frame   0x00001254       0xa0 ./Sources/Driver/watchdog/watchdog.o
 .debug_frame   0x000012f4       0xbc ./Sources/Transport/LIN_app/lin_app.o
 .debug_frame   0x000013b0       0x8c ./Sources/Transport/Local_eep_data/local_eep_data.o
 .debug_frame   0x0000143c       0x50 ./Sources/Transport/MLX75308/mlx75308.o
 .debug_frame   0x0000148c       0x30 ./Sources/Transport/lin_cfg/lin_cfg.o
 .debug_frame   0x000014bc       0xf0 ./Sources/Transport/lin_transport/lin_commontl_proto.o
 .debug_frame   0x000015ac      0x15c ./Sources/Transport/lin_transport/lin_commontl_api.o
 .debug_frame   0x00001708       0x2c D:/CW11.0/CW MCU v11.0/MCU/ARM_GCC_Support/ewl/lib/armv6-m\libc.a(exit.o)