Archive member included because of file (symbol)

D:/CW11.0/CW MCU v11.0/MCU/ARM_GCC_Support/ewl/lib/armv6-m\libc.a(exit.o)
                              ./Project_Settings/Startup_Code/__arm_start.o (exit)
D:/CW11.0/CW MCU v11.0/MCU/ARM_GCC_Support/ewl/lib/armv6-m\libc.a(memset.o)
                              ./Project_Settings/Startup_Code/__arm_start.o (memset)
D:/CW11.0/CW MCU v11.0/MCU/ARM_GCC_Support/ewl/lib/armv6-m\libc.a(__filll_mem.o)
                              D:/CW11.0/CW MCU v11.0/MCU/ARM_GCC_Support/ewl/lib/armv6-m\libc.a(memset.o) (__fill_mem)
d:/cw11.0/cw mcu v11.0/cross_tools/arm-none-eabi-gcc-4_7_3/bin/../lib/gcc/arm-none-eabi/4.7.3/armv6-m\libgcc.a(_udivsi3.o)
                              ./Sources/driver/eeprom/eeprom.o (__aeabi_uidiv)
d:/cw11.0/cw mcu v11.0/cross_tools/arm-none-eabi-gcc-4_7_3/bin/../lib/gcc/arm-none-eabi/4.7.3/armv6-m\libgcc.a(_dvmd_tls.o)
                              d:/cw11.0/cw mcu v11.0/cross_tools/arm-none-eabi-gcc-4_7_3/bin/../lib/gcc/arm-none-eabi/4.7.3/armv6-m\libgcc.a(_udivsi3.o) (__aeabi_idiv0)
D:/CW11.0/CW MCU v11.0/MCU/ARM_GCC_Support/ewl/lib/armv6-m\librt.a(gcc_ctor_dtor.o)
                              ./Project_Settings/Startup_Code/__arm_start.o (__init_cpp)
D:/CW11.0/CW MCU v11.0/MCU/ARM_GCC_Support/ewl/lib/armv6-m\librt.a(__arm_eabi_init.o)
                              D:/CW11.0/CW MCU v11.0/MCU/ARM_GCC_Support/ewl/lib/armv6-m\libc.a(exit.o) (__destroy_global_chain)
D:/CW11.0/CW MCU v11.0/MCU/ARM_GCC_Support/ewl/lib/armv6-m\librt.a(ROMCopy.o)
                              ./Project_Settings/Startup_Code/__arm_start.o (__copy_rom_sections_to_ram)

Allocating common symbols
Common symbol       size              file

u8refresh_flag      0x1               ./Sources/main.o
u8DataBuff          0x100             ./Sources/main.o
pJumpTo             0x4               ./Sources/main.o
u8DataBuff_read     0x200             ./Sources/main.o

Discarded input sections

 .text          0x00000000        0x0 ./Project_Settings/Startup_Code/kinetis_sysinit.o
 .data          0x00000000        0x0 ./Project_Settings/Startup_Code/kinetis_sysinit.o
 .bss           0x00000000        0x0 ./Project_Settings/Startup_Code/kinetis_sysinit.o
 .text          0x00000000        0x0 ./Project_Settings/Startup_Code/__arm_start.o
 .data          0x00000000        0x0 ./Project_Settings/Startup_Code/__arm_start.o
 .bss           0x00000000        0x0 ./Project_Settings/Startup_Code/__arm_start.o
 .text.__iar_program_start
                0x00000000        0x4 ./Project_Settings/Startup_Code/__arm_start.o
 .text          0x00000000        0x0 ./Project_Settings/Startup_Code/__arm_end.o
 .data          0x00000000        0x0 ./Project_Settings/Startup_Code/__arm_end.o
 .bss           0x00000000        0x0 ./Project_Settings/Startup_Code/__arm_end.o
 .text          0x00000000        0x0 ./Sources/driver/clock/clock.o
 .data          0x00000000        0x0 ./Sources/driver/clock/clock.o
 .bss           0x00000000        0x0 ./Sources/driver/clock/clock.o
 .text.Delay_Ms
                0x00000000       0x3c ./Sources/driver/clock/clock.o
 .text.Delay_Nus
                0x00000000       0x3c ./Sources/driver/clock/clock.o
 .text          0x00000000        0x0 ./Sources/driver/eeprom/eeprom.o
 .data          0x00000000        0x0 ./Sources/driver/eeprom/eeprom.o
 .bss           0x00000000        0x0 ./Sources/driver/eeprom/eeprom.o
 .text          0x00000000        0x0 ./Sources/driver/gpio/gpio.o
 .data          0x00000000        0x0 ./Sources/driver/gpio/gpio.o
 .bss           0x00000000        0x0 ./Sources/driver/gpio/gpio.o
 .text          0x00000000        0x0 ./Sources/driver/watchdog/watchdog.o
 .data          0x00000000        0x0 ./Sources/driver/watchdog/watchdog.o
 .bss           0x00000000        0x0 ./Sources/driver/watchdog/watchdog.o
 .text.WDOG_Unlock
                0x00000000       0x20 ./Sources/driver/watchdog/watchdog.o
 .text.WDOG_Init
                0x00000000       0x28 ./Sources/driver/watchdog/watchdog.o
 .text.WDOG_Feed
                0x00000000       0x24 ./Sources/driver/watchdog/watchdog.o
 .text.WDOG_EnableUpdate
                0x00000000       0x60 ./Sources/driver/watchdog/watchdog.o
 .text          0x00000000        0x0 ./Sources/main.o
 .data          0x00000000        0x0 ./Sources/main.o
 .bss           0x00000000        0x0 ./Sources/main.o
 .text          0x00000000        0x0 D:/CW11.0/CW MCU v11.0/MCU/ARM_GCC_Support/ewl/lib/armv6-m\libc.a(exit.o)
 .data          0x00000000        0x0 D:/CW11.0/CW MCU v11.0/MCU/ARM_GCC_Support/ewl/lib/armv6-m\libc.a(exit.o)
 .bss           0x00000000        0x0 D:/CW11.0/CW MCU v11.0/MCU/ARM_GCC_Support/ewl/lib/armv6-m\libc.a(exit.o)
 .text          0x00000000        0x0 D:/CW11.0/CW MCU v11.0/MCU/ARM_GCC_Support/ewl/lib/armv6-m\libc.a(memset.o)
 .data          0x00000000        0x0 D:/CW11.0/CW MCU v11.0/MCU/ARM_GCC_Support/ewl/lib/armv6-m\libc.a(memset.o)
 .bss           0x00000000        0x0 D:/CW11.0/CW MCU v11.0/MCU/ARM_GCC_Support/ewl/lib/armv6-m\libc.a(memset.o)
 .text          0x00000000        0x0 D:/CW11.0/CW MCU v11.0/MCU/ARM_GCC_Support/ewl/lib/armv6-m\libc.a(__filll_mem.o)
 .data          0x00000000        0x0 D:/CW11.0/CW MCU v11.0/MCU/ARM_GCC_Support/ewl/lib/armv6-m\libc.a(__filll_mem.o)
 .bss           0x00000000        0x0 D:/CW11.0/CW MCU v11.0/MCU/ARM_GCC_Support/ewl/lib/armv6-m\libc.a(__filll_mem.o)
 .data          0x00000000        0x0 d:/cw11.0/cw mcu v11.0/cross_tools/arm-none-eabi-gcc-4_7_3/bin/../lib/gcc/arm-none-eabi/4.7.3/armv6-m\libgcc.a(_udivsi3.o)
 .bss           0x00000000        0x0 d:/cw11.0/cw mcu v11.0/cross_tools/arm-none-eabi-gcc-4_7_3/bin/../lib/gcc/arm-none-eabi/4.7.3/armv6-m\libgcc.a(_udivsi3.o)
 .data          0x00000000        0x0 d:/cw11.0/cw mcu v11.0/cross_tools/arm-none-eabi-gcc-4_7_3/bin/../lib/gcc/arm-none-eabi/4.7.3/armv6-m\libgcc.a(_dvmd_tls.o)
 .bss           0x00000000        0x0 d:/cw11.0/cw mcu v11.0/cross_tools/arm-none-eabi-gcc-4_7_3/bin/../lib/gcc/arm-none-eabi/4.7.3/armv6-m\libgcc.a(_dvmd_tls.o)
 .text          0x00000000        0x0 D:/CW11.0/CW MCU v11.0/MCU/ARM_GCC_Support/ewl/lib/armv6-m\librt.a(gcc_ctor_dtor.o)
 .data          0x00000000        0x0 D:/CW11.0/CW MCU v11.0/MCU/ARM_GCC_Support/ewl/lib/armv6-m\librt.a(gcc_ctor_dtor.o)
 .bss           0x00000000        0x0 D:/CW11.0/CW MCU v11.0/MCU/ARM_GCC_Support/ewl/lib/armv6-m\librt.a(gcc_ctor_dtor.o)
 .bss.__dso_handle
                0x00000000        0x4 D:/CW11.0/CW MCU v11.0/MCU/ARM_GCC_Support/ewl/lib/armv6-m\librt.a(gcc_ctor_dtor.o)
 .text          0x00000000        0x0 D:/CW11.0/CW MCU v11.0/MCU/ARM_GCC_Support/ewl/lib/armv6-m\librt.a(__arm_eabi_init.o)
 .data          0x00000000        0x0 D:/CW11.0/CW MCU v11.0/MCU/ARM_GCC_Support/ewl/lib/armv6-m\librt.a(__arm_eabi_init.o)
 .bss           0x00000000        0x0 D:/CW11.0/CW MCU v11.0/MCU/ARM_GCC_Support/ewl/lib/armv6-m\librt.a(__arm_eabi_init.o)
 .text.__register_global_object
                0x00000000       0x14 D:/CW11.0/CW MCU v11.0/MCU/ARM_GCC_Support/ewl/lib/armv6-m\librt.a(__arm_eabi_init.o)
 .text.__cxa_atexit
                0x00000000       0x38 D:/CW11.0/CW MCU v11.0/MCU/ARM_GCC_Support/ewl/lib/armv6-m\librt.a(__arm_eabi_init.o)
 .text.__aeabi_atexit
                0x00000000        0xe D:/CW11.0/CW MCU v11.0/MCU/ARM_GCC_Support/ewl/lib/armv6-m\librt.a(__arm_eabi_init.o)
 .text.__register_atexit
                0x00000000        0xc D:/CW11.0/CW MCU v11.0/MCU/ARM_GCC_Support/ewl/lib/armv6-m\librt.a(__arm_eabi_init.o)
 .text.__init_hardware
                0x00000000        0x4 D:/CW11.0/CW MCU v11.0/MCU/ARM_GCC_Support/ewl/lib/armv6-m\librt.a(__arm_eabi_init.o)
 .bss.atexit_curr_func
                0x00000000        0x4 D:/CW11.0/CW MCU v11.0/MCU/ARM_GCC_Support/ewl/lib/armv6-m\librt.a(__arm_eabi_init.o)
 .bss.atexit_funcs
                0x00000000      0x300 D:/CW11.0/CW MCU v11.0/MCU/ARM_GCC_Support/ewl/lib/armv6-m\librt.a(__arm_eabi_init.o)
 .text          0x00000000        0x0 D:/CW11.0/CW MCU v11.0/MCU/ARM_GCC_Support/ewl/lib/armv6-m\librt.a(ROMCopy.o)
 .data          0x00000000        0x0 D:/CW11.0/CW MCU v11.0/MCU/ARM_GCC_Support/ewl/lib/armv6-m\librt.a(ROMCopy.o)
 .bss           0x00000000        0x0 D:/CW11.0/CW MCU v11.0/MCU/ARM_GCC_Support/ewl/lib/armv6-m\librt.a(ROMCopy.o)
 .text.__flush_cache
                0x00000000        0x2 D:/CW11.0/CW MCU v11.0/MCU/ARM_GCC_Support/ewl/lib/armv6-m\librt.a(ROMCopy.o)

Memory Configuration

Name             Origin             Length             Attributes
m_interrupts     0x00000000         0x000000c0         xr
m_cfmprotrom     0x00000400         0x00000010         xr
m_text           0x00000800         0x00002800         xr
m_data           0x1ffffc00         0x00001000         xrw
*default*        0x00000000         0xffffffff

Linker script and memory map

LOAD ./Project_Settings/Startup_Code/kinetis_sysinit.o
LOAD ./Project_Settings/Startup_Code/__arm_start.o
LOAD ./Project_Settings/Startup_Code/__arm_end.o
LOAD ./Sources/driver/clock/clock.o
LOAD ./Sources/driver/eeprom/eeprom.o
LOAD ./Sources/driver/gpio/gpio.o
LOAD ./Sources/driver/watchdog/watchdog.o
LOAD ./Sources/main.o
START GROUP
LOAD D:/CW11.0/CW MCU v11.0/MCU/ARM_GCC_Support/ewl/lib/armv6-m\libc.a
LOAD D:/CW11.0/CW MCU v11.0/MCU/ARM_GCC_Support/ewl/lib/armv6-m\libm.a
LOAD d:/cw11.0/cw mcu v11.0/cross_tools/arm-none-eabi-gcc-4_7_3/bin/../lib/gcc/arm-none-eabi/4.7.3/armv6-m\libgcc.a
LOAD D:/CW11.0/CW MCU v11.0/MCU/ARM_GCC_Support/ewl/lib/armv6-m\librt.a
END GROUP
                0x20000c00                _estack = 0x20000c00
                0x20000c00                __SP_INIT = _estack
                0x00000100                __heap_size = 0x100
                0x00000100                __stack_size = 0x100

.interrupts     0x00000000       0xc0
                0x00000000                __vector_table = .
                0x00000000                . = ALIGN (0x4)
 *(.vectortable)
 .vectortable   0x00000000       0xc0 ./Project_Settings/Startup_Code/kinetis_sysinit.o
                0x00000000                InterruptVector
                0x000000c0                . = ALIGN (0x4)

.cfmprotect     0x00000400        0x0
                0x00000400                . = ALIGN (0x4)
 *(.cfmconfig)
                0x00000400                . = ALIGN (0x4)

.text           0x00000800     0x12b8
                0x00000800                . = ALIGN (0x4)
 *(.text)
 .text          0x00000800       0x9c d:/cw11.0/cw mcu v11.0/cross_tools/arm-none-eabi-gcc-4_7_3/bin/../lib/gcc/arm-none-eabi/4.7.3/armv6-m\libgcc.a(_udivsi3.o)
                0x00000800                __aeabi_uidiv
                0x00000800                __udivsi3
                0x00000888                __aeabi_uidivmod
 .text          0x0000089c        0x4 d:/cw11.0/cw mcu v11.0/cross_tools/arm-none-eabi-gcc-4_7_3/bin/../lib/gcc/arm-none-eabi/4.7.3/armv6-m\libgcc.a(_dvmd_tls.o)
                0x0000089c                __aeabi_idiv0
                0x0000089c                __aeabi_ldiv0
 *(.text*)
 .text.Default_Handler
                0x000008a0        0xc ./Project_Settings/Startup_Code/kinetis_sysinit.o
                0x000008a0                I2C0_IRQHandler
                0x000008a0                HardFault_Handler
                0x000008a0                SysTick_Handler
                0x000008a0                PendSV_Handler
                0x000008a0                NMI_Handler
                0x000008a0                UART0_SCI0_IRQHandler
                0x000008a0                ADC0_IRQHandler
                0x000008a0                SPI1_IRQHandler
                0x000008a0                UART2_SCI2_IRQHandler
                0x000008a0                RTC_IRQHandler
                0x000008a0                IRQ_IRQHandler
                0x000008a0                FTM1_IRQHandler
                0x000008a0                PIT_CH0_IRQHandler
                0x000008a0                Default_Handler
                0x000008a0                ACMP0_IRQHandler
                0x000008a0                SVC_Handler
                0x000008a0                ICS_IRQHandler
                0x000008a0                PIT_CH1_IRQHandler
                0x000008a0                FTMRH_IRQHandler
                0x000008a0                KBI0_IRQHandler
                0x000008a0                PMC_IRQHandler
                0x000008a0                SPI0_IRQHandler
                0x000008a0                FTM0_IRQHandler
                0x000008a0                FTM2_IRQHandler
                0x000008a0                ACMP1_IRQHandler
                0x000008a0                KBI1_IRQHandler
                0x000008a0                UART1_SCI1_IRQHandler
 .text.__init_hardware
                0x000008ac       0x38 ./Project_Settings/Startup_Code/kinetis_sysinit.o
                0x000008ac                __init_hardware
 .text.zero_fill_bss
                0x000008e4       0x24 ./Project_Settings/Startup_Code/__arm_start.o
 .text.__thumb_startup
                0x00000908       0x30 ./Project_Settings/Startup_Code/__arm_start.o
                0x00000908                __thumb_startup
 .text._ExitProcess
                0x00000938        0xc ./Project_Settings/Startup_Code/__arm_end.o
                0x00000938                _ExitProcess
 .text.Clk_Init
                0x00000944       0x84 ./Sources/driver/clock/clock.o
                0x00000944                Clk_Init
 .text.FLASH_Init
                0x000009c8       0xd4 ./Sources/driver/eeprom/eeprom.o
                0x000009c8                FLASH_Init
 .text.FLASH_EraseSector
                0x00000a9c      0x100 ./Sources/driver/eeprom/eeprom.o
                0x00000a9c                FLASH_EraseSector
 .text.FLASH_LaunchCMD
                0x00000b9c       0x48 ./Sources/driver/eeprom/eeprom.o
                0x00000b9c                FLASH_LaunchCMD
 .text.FLASH_Program2LongWords
                0x00000be4      0x138 ./Sources/driver/eeprom/eeprom.o
                0x00000be4                FLASH_Program2LongWords
 .text.FLASH_Program
                0x00000d1c      0x15c ./Sources/driver/eeprom/eeprom.o
                0x00000d1c                FLASH_Program
 .text.FLASH_Program1LongWord
                0x00000e78      0x134 ./Sources/driver/eeprom/eeprom.o
                0x00000e78                FLASH_Program1LongWord
 .text.EEPROM_EraseSector
                0x00000fac       0xbc ./Sources/driver/eeprom/eeprom.o
                0x00000fac                EEPROM_EraseSector
 .text.EEPROM_ProgramWord
                0x00001068       0xdc ./Sources/driver/eeprom/eeprom.o
                0x00001068                EEPROM_ProgramWord
 .text.write_data_from_EEPROM
                0x00001144      0x310 ./Sources/driver/eeprom/eeprom.o
                0x00001144                write_data_from_EEPROM
 .text.read_data_from_EEPROM
                0x00001454      0x108 ./Sources/driver/eeprom/eeprom.o
                0x00001454                read_data_from_EEPROM
 .text.GPIO_Init
                0x0000155c      0x208 ./Sources/driver/gpio/gpio.o
                0x0000155c                GPIO_Init
 .text.WDG_IRQHandler
                0x00001764       0x1c ./Sources/driver/watchdog/watchdog.o
                0x00001764                WDG_IRQHandler
 .text.main     0x00001780      0x140 ./Sources/main.o
                0x00001780                main
 .text.exit     0x000018c0       0x38 D:/CW11.0/CW MCU v11.0/MCU/ARM_GCC_Support/ewl/lib/armv6-m\libc.a(exit.o)
                0x000018c0                exit
 .text.memset   0x000018f8        0xc D:/CW11.0/CW MCU v11.0/MCU/ARM_GCC_Support/ewl/lib/armv6-m\libc.a(memset.o)
                0x000018f8                memset
 .text.__fill_mem
                0x00001904       0x7e D:/CW11.0/CW MCU v11.0/MCU/ARM_GCC_Support/ewl/lib/armv6-m\libc.a(__filll_mem.o)
                0x00001904                __fill_mem
 *fill*         0x00001982        0x2 00
 .text.__init_cpp
                0x00001984       0x48 D:/CW11.0/CW MCU v11.0/MCU/ARM_GCC_Support/ewl/lib/armv6-m\librt.a(gcc_ctor_dtor.o)
                0x00001984                __init_cpp
 .text.__fini_cpp
                0x000019cc       0x34 D:/CW11.0/CW MCU v11.0/MCU/ARM_GCC_Support/ewl/lib/armv6-m\librt.a(gcc_ctor_dtor.o)
                0x000019cc                __fini_cpp
 .text.__destroy_global_chain
                0x00001a00       0x1c D:/CW11.0/CW MCU v11.0/MCU/ARM_GCC_Support/ewl/lib/armv6-m\librt.a(__arm_eabi_init.o)
                0x00001a00                __destroy_global_chain
 .text.__init_registers
                0x00001a1c       0x1c D:/CW11.0/CW MCU v11.0/MCU/ARM_GCC_Support/ewl/lib/armv6-m\librt.a(__arm_eabi_init.o)
                0x00001a1c                __init_registers
 .text.__init_user
                0x00001a38        0x4 D:/CW11.0/CW MCU v11.0/MCU/ARM_GCC_Support/ewl/lib/armv6-m\librt.a(__arm_eabi_init.o)
                0x00001a38                __init_user
 .text.__copy_rom_section
                0x00001a3c       0x48 D:/CW11.0/CW MCU v11.0/MCU/ARM_GCC_Support/ewl/lib/armv6-m\librt.a(ROMCopy.o)
                0x00001a3c                __copy_rom_section
 .text.__copy_rom_sections_to_ram
                0x00001a84       0x34 D:/CW11.0/CW MCU v11.0/MCU/ARM_GCC_Support/ewl/lib/armv6-m\librt.a(ROMCopy.o)
                0x00001a84                __copy_rom_sections_to_ram
 *(.rodata)
 *(.rodata*)
 *(.glue_7)
 .glue_7        0x00000000        0x0 linker stubs
 *(.glue_7t)
 .glue_7t       0x00000000        0x0 linker stubs
 *(.eh_frame)
 *(.init)
 *(.fini)
                0x00001ab8                . = ALIGN (0x4)
                0x00001ab8                _etext = .

.vfp11_veneer   0x00001ab8        0x0
 .vfp11_veneer  0x00000000        0x0 linker stubs

.v4_bx          0x00001ab8        0x0
 .v4_bx         0x00000000        0x0 linker stubs

.iplt           0x00001ab8        0x0
 .iplt          0x00000000        0x0 ./Project_Settings/Startup_Code/kinetis_sysinit.o

.rel.dyn        0x00001ab8        0x0
 .rel.iplt      0x00000000        0x0 ./Project_Settings/Startup_Code/kinetis_sysinit.o

.ARM.extab
 *(.ARM.extab* .gnu.linkonce.armextab.*)

.ARM            0x00001ab8        0x0
                0x00001ab8                __exidx_start = .
 *(.ARM.exidx*)
                0x00001ab8                __exidx_end = .

.ctors          0x00001ab8        0x0
                0x00001ab8                __CTOR_LIST__ = .
 *crtbegin.o(.ctors)
 *(EXCLUDE_FILE(*crtend.o) .ctors)
 *(SORT(.ctors.*))
 *(.ctors)
                0x00001ab8                __CTOR_END__ = .

.dtors          0x00001ab8        0x0
                0x00001ab8                __DTOR_LIST__ = .
 *crtbegin.o(.dtors)
 *(EXCLUDE_FILE(*crtend.o) .dtors)
 *(SORT(.dtors.*))
 *(.dtors)
                0x00001ab8                __DTOR_END__ = .

.preinit_array  0x00001ab8        0x0
                0x00001ab8                PROVIDE (__preinit_array_start, .)
 *(.preinit_array*)
                0x00001ab8                PROVIDE (__preinit_array_end, .)

.init_array     0x00001ab8        0x0
                0x00001ab8                PROVIDE (__init_array_start, .)
 *(SORT(.init_array.*))
 *(.init_array*)
                0x00001ab8                PROVIDE (__init_array_end, .)

.fini_array     0x00001ab8        0x0
                0x00001ab8                PROVIDE (__fini_array_start, .)
 *(SORT(.fini_array.*))
 *(.fini_array*)
                0x00001ab8                PROVIDE (__fini_array_end, .)
                0x00001ab8                ___ROM_AT = .

.mtb            0x1ffffc00        0x0
                0x1ffffc00                . = ALIGN (0x8)
                0x1ffffc00                _mtb_start = .
 *(.mtb_buf)
                0x1ffffc00                . = ALIGN (0x8)
                0x1ffffc00                _mtb_end = .

.data           0x1ffffc00        0x4 load address 0x00001ab8
                0x1ffffc00                . = ALIGN (0x4)
                0x1ffffc00                _sdata = .
 *(.data)
 *(.data*)
 .data.pNewAppEntry
                0x1ffffc00        0x4 ./Sources/main.o
                0x1ffffc00                pNewAppEntry
                0x1ffffc04                . = ALIGN (0x4)
                0x1ffffc04                _edata = .
                0x00000004                ___data_size = (_edata - _sdata)

.igot.plt       0x1ffffc04        0x0 load address 0x00001abc
 .igot.plt      0x00000000        0x0 ./Project_Settings/Startup_Code/kinetis_sysinit.o
                0x1ffffc04                . = ALIGN (0x4)

.bss            0x1ffffc04      0x324 load address 0x00001abc
                0x1ffffc04                __START_BSS = .
                0x1ffffc04                PROVIDE (__bss_start__, __START_BSS)
 *(.bss)
 *(.bss*)
 .bss.argv      0x1ffffc04        0x4 ./Project_Settings/Startup_Code/__arm_start.o
 .bss.__stdio_exit
                0x1ffffc08        0x4 D:/CW11.0/CW MCU v11.0/MCU/ARM_GCC_Support/ewl/lib/armv6-m\libc.a(exit.o)
                0x1ffffc08                __stdio_exit
 .bss.__console_exit
                0x1ffffc0c        0x4 D:/CW11.0/CW MCU v11.0/MCU/ARM_GCC_Support/ewl/lib/armv6-m\libc.a(exit.o)
                0x1ffffc0c                __console_exit
 .bss.__global_destructor_chain
                0x1ffffc10        0x4 D:/CW11.0/CW MCU v11.0/MCU/ARM_GCC_Support/ewl/lib/armv6-m\librt.a(__arm_eabi_init.o)
                0x1ffffc10                __global_destructor_chain
 .bss.__S_romp  0x1ffffc14        0xc D:/CW11.0/CW MCU v11.0/MCU/ARM_GCC_Support/ewl/lib/armv6-m\librt.a(ROMCopy.o)
 *(COMMON)
 COMMON         0x1ffffc20      0x308 ./Sources/main.o
                0x1ffffc20                u8refresh_flag
                0x1ffffc24                u8DataBuff
                0x1ffffd24                pJumpTo
                0x1ffffd28                u8DataBuff_read
                0x1fffff28                . = ALIGN (0x4)
                0x1fffff28                __END_BSS = .
                0x1fffff28                PROVIDE (__bss_end__, __END_BSS)
                0x00001abc                _romp_at = (___ROM_AT + SIZEOF (.data))

.romp           0x1fffff28       0x18 load address 0x00001abc
                0x00001abc                __S_romp = _romp_at
                0x1fffff28        0x4 LONG 0x1ab8 ___ROM_AT
                0x1fffff2c        0x4 LONG 0x1ffffc00 _sdata
                0x1fffff30        0x4 LONG 0x4 ___data_size
                0x1fffff34        0x4 LONG 0x0
                0x1fffff38        0x4 LONG 0x0
                0x1fffff3c        0x4 LONG 0x0

._user_heap_stack
                0x1fffff40      0x200 load address 0x00001ad4
                0x1fffff40                . = ALIGN (0x4)
                0x1fffff40                PROVIDE (end, .)
                0x1fffff40                PROVIDE (_end, .)
                0x1fffff40                __heap_addr = .
                0x20000040                . = (. + __heap_size)
 *fill*         0x1fffff40      0x100 00
                0x20000140                . = (. + __stack_size)
 *fill*         0x20000040      0x100 00
                0x20000140                . = ALIGN (0x4)

.ARM.attributes
                0x00000000       0x31
 *(.ARM.attributes)
 .ARM.attributes
                0x00000000       0x31 ./Project_Settings/Startup_Code/kinetis_sysinit.o
 .ARM.attributes
                0x00000031       0x31 ./Project_Settings/Startup_Code/__arm_start.o
 .ARM.attributes
                0x00000062       0x31 ./Project_Settings/Startup_Code/__arm_end.o
 .ARM.attributes
                0x00000093       0x31 ./Sources/driver/clock/clock.o
 .ARM.attributes
                0x000000c4       0x31 ./Sources/driver/eeprom/eeprom.o
 .ARM.attributes
                0x000000f5       0x31 ./Sources/driver/gpio/gpio.o
 .ARM.attributes
                0x00000126       0x31 ./Sources/driver/watchdog/watchdog.o
 .ARM.attributes
                0x00000157       0x31 ./Sources/main.o
 .ARM.attributes
                0x00000188       0x31 D:/CW11.0/CW MCU v11.0/MCU/ARM_GCC_Support/ewl/lib/armv6-m\libc.a(exit.o)
 .ARM.attributes
                0x000001b9       0x31 D:/CW11.0/CW MCU v11.0/MCU/ARM_GCC_Support/ewl/lib/armv6-m\libc.a(memset.o)
 .ARM.attributes
                0x000001ea       0x31 D:/CW11.0/CW MCU v11.0/MCU/ARM_GCC_Support/ewl/lib/armv6-m\libc.a(__filll_mem.o)
 .ARM.attributes
                0x0000021b       0x1e d:/cw11.0/cw mcu v11.0/cross_tools/arm-none-eabi-gcc-4_7_3/bin/../lib/gcc/arm-none-eabi/4.7.3/armv6-m\libgcc.a(_udivsi3.o)
 .ARM.attributes
                0x00000239       0x1e d:/cw11.0/cw mcu v11.0/cross_tools/arm-none-eabi-gcc-4_7_3/bin/../lib/gcc/arm-none-eabi/4.7.3/armv6-m\libgcc.a(_dvmd_tls.o)
 .ARM.attributes
                0x00000257       0x31 D:/CW11.0/CW MCU v11.0/MCU/ARM_GCC_Support/ewl/lib/armv6-m\librt.a(gcc_ctor_dtor.o)
 .ARM.attributes
                0x00000288       0x31 D:/CW11.0/CW MCU v11.0/MCU/ARM_GCC_Support/ewl/lib/armv6-m\librt.a(__arm_eabi_init.o)
 .ARM.attributes
                0x000002b9       0x31 D:/CW11.0/CW MCU v11.0/MCU/ARM_GCC_Support/ewl/lib/armv6-m\librt.a(ROMCopy.o)
OUTPUT(RLS.elf elf32-littlearm)

.debug_info     0x00000000     0x1b87
 .debug_info    0x00000000      0x387 ./Project_Settings/Startup_Code/kinetis_sysinit.o
 .debug_info    0x00000387      0x12a ./Project_Settings/Startup_Code/__arm_start.o
 .debug_info    0x000004b1       0x54 ./Project_Settings/Startup_Code/__arm_end.o
 .debug_info    0x00000505      0x17c ./Sources/driver/clock/clock.o
 .debug_info    0x00000681      0x5d3 ./Sources/driver/eeprom/eeprom.o
 .debug_info    0x00000c54      0x2d2 ./Sources/driver/gpio/gpio.o
 .debug_info    0x00000f26      0x264 ./Sources/driver/watchdog/watchdog.o
 .debug_info    0x0000118a      0x168 ./Sources/main.o
 .debug_info    0x000012f2       0xe8 D:/CW11.0/CW MCU v11.0/MCU/ARM_GCC_Support/ewl/lib/armv6-m\libc.a(exit.o)
 .debug_info    0x000013da       0xec D:/CW11.0/CW MCU v11.0/MCU/ARM_GCC_Support/ewl/lib/armv6-m\libc.a(memset.o)
 .debug_info    0x000014c6      0x137 D:/CW11.0/CW MCU v11.0/MCU/ARM_GCC_Support/ewl/lib/armv6-m\libc.a(__filll_mem.o)
 .debug_info    0x000015fd      0x136 D:/CW11.0/CW MCU v11.0/MCU/ARM_GCC_Support/ewl/lib/armv6-m\librt.a(gcc_ctor_dtor.o)
 .debug_info    0x00001733      0x2b9 D:/CW11.0/CW MCU v11.0/MCU/ARM_GCC_Support/ewl/lib/armv6-m\librt.a(__arm_eabi_init.o)
 .debug_info    0x000019ec      0x19b D:/CW11.0/CW MCU v11.0/MCU/ARM_GCC_Support/ewl/lib/armv6-m\librt.a(ROMCopy.o)

.debug_abbrev   0x00000000      0xb23
 .debug_abbrev  0x00000000      0x133 ./Project_Settings/Startup_Code/kinetis_sysinit.o
 .debug_abbrev  0x00000133       0x92 ./Project_Settings/Startup_Code/__arm_start.o
 .debug_abbrev  0x000001c5       0x4c ./Project_Settings/Startup_Code/__arm_end.o
 .debug_abbrev  0x00000211       0xcf ./Sources/driver/clock/clock.o
 .debug_abbrev  0x000002e0      0x158 ./Sources/driver/eeprom/eeprom.o
 .debug_abbrev  0x00000438       0x9d ./Sources/driver/gpio/gpio.o
 .debug_abbrev  0x000004d5       0xf7 ./Sources/driver/watchdog/watchdog.o
 .debug_abbrev  0x000005cc       0x97 ./Sources/main.o
 .debug_abbrev  0x00000663       0x7a D:/CW11.0/CW MCU v11.0/MCU/ARM_GCC_Support/ewl/lib/armv6-m\libc.a(exit.o)
 .debug_abbrev  0x000006dd       0x62 D:/CW11.0/CW MCU v11.0/MCU/ARM_GCC_Support/ewl/lib/armv6-m\libc.a(memset.o)
 .debug_abbrev  0x0000073f       0x78 D:/CW11.0/CW MCU v11.0/MCU/ARM_GCC_Support/ewl/lib/armv6-m\libc.a(__filll_mem.o)
 .debug_abbrev  0x000007b7       0x99 D:/CW11.0/CW MCU v11.0/MCU/ARM_GCC_Support/ewl/lib/armv6-m\librt.a(gcc_ctor_dtor.o)
 .debug_abbrev  0x00000850      0x1b3 D:/CW11.0/CW MCU v11.0/MCU/ARM_GCC_Support/ewl/lib/armv6-m\librt.a(__arm_eabi_init.o)
 .debug_abbrev  0x00000a03      0x120 D:/CW11.0/CW MCU v11.0/MCU/ARM_GCC_Support/ewl/lib/armv6-m\librt.a(ROMCopy.o)

.debug_loc      0x00000000      0x9da
 .debug_loc     0x00000000       0x58 ./Project_Settings/Startup_Code/kinetis_sysinit.o
 .debug_loc     0x00000058       0x2c ./Project_Settings/Startup_Code/__arm_start.o
 .debug_loc     0x00000084       0x38 ./Project_Settings/Startup_Code/__arm_end.o
 .debug_loc     0x000000bc       0x9c ./Sources/driver/clock/clock.o
 .debug_loc     0x00000158      0x232 ./Sources/driver/eeprom/eeprom.o
 .debug_loc     0x0000038a       0x2c ./Sources/driver/gpio/gpio.o
 .debug_loc     0x000003b6       0xe8 ./Sources/driver/watchdog/watchdog.o
 .debug_loc     0x0000049e       0x38 ./Sources/main.o
 .debug_loc     0x000004d6       0x3e D:/CW11.0/CW MCU v11.0/MCU/ARM_GCC_Support/ewl/lib/armv6-m\libc.a(exit.o)
 .debug_loc     0x00000514       0x6f D:/CW11.0/CW MCU v11.0/MCU/ARM_GCC_Support/ewl/lib/armv6-m\libc.a(memset.o)
 .debug_loc     0x00000583      0x14a D:/CW11.0/CW MCU v11.0/MCU/ARM_GCC_Support/ewl/lib/armv6-m\libc.a(__filll_mem.o)
 .debug_loc     0x000006cd       0x9d D:/CW11.0/CW MCU v11.0/MCU/ARM_GCC_Support/ewl/lib/armv6-m\librt.a(gcc_ctor_dtor.o)
 .debug_loc     0x0000076a      0x197 D:/CW11.0/CW MCU v11.0/MCU/ARM_GCC_Support/ewl/lib/armv6-m\librt.a(__arm_eabi_init.o)
 .debug_loc     0x00000901       0xd9 D:/CW11.0/CW MCU v11.0/MCU/ARM_GCC_Support/ewl/lib/armv6-m\librt.a(ROMCopy.o)

.debug_aranges  0x00000000      0x2a0
 .debug_aranges
                0x00000000       0x28 ./Project_Settings/Startup_Code/kinetis_sysinit.o
 .debug_aranges
                0x00000028       0x30 ./Project_Settings/Startup_Code/__arm_start.o
 .debug_aranges
                0x00000058       0x20 ./Project_Settings/Startup_Code/__arm_end.o
 .debug_aranges
                0x00000078       0x30 ./Sources/driver/clock/clock.o
 .debug_aranges
                0x000000a8       0x68 ./Sources/driver/eeprom/eeprom.o
 .debug_aranges
                0x00000110       0x20 ./Sources/driver/gpio/gpio.o
 .debug_aranges
                0x00000130       0x40 ./Sources/driver/watchdog/watchdog.o
 .debug_aranges
                0x00000170       0x20 ./Sources/main.o
 .debug_aranges
                0x00000190       0x20 D:/CW11.0/CW MCU v11.0/MCU/ARM_GCC_Support/ewl/lib/armv6-m\libc.a(exit.o)
 .debug_aranges
                0x000001b0       0x20 D:/CW11.0/CW MCU v11.0/MCU/ARM_GCC_Support/ewl/lib/armv6-m\libc.a(memset.o)
 .debug_aranges
                0x000001d0       0x20 D:/CW11.0/CW MCU v11.0/MCU/ARM_GCC_Support/ewl/lib/armv6-m\libc.a(__filll_mem.o)
 .debug_aranges
                0x000001f0       0x28 D:/CW11.0/CW MCU v11.0/MCU/ARM_GCC_Support/ewl/lib/armv6-m\librt.a(gcc_ctor_dtor.o)
 .debug_aranges
                0x00000218       0x58 D:/CW11.0/CW MCU v11.0/MCU/ARM_GCC_Support/ewl/lib/armv6-m\librt.a(__arm_eabi_init.o)
 .debug_aranges
                0x00000270       0x30 D:/CW11.0/CW MCU v11.0/MCU/ARM_GCC_Support/ewl/lib/armv6-m\librt.a(ROMCopy.o)

.debug_macinfo  0x00000000    0xa6d60
 .debug_macinfo
                0x00000000    0x1a1ab ./Project_Settings/Startup_Code/kinetis_sysinit.o
 .debug_macinfo
                0x0001a1ab     0x3e6d ./Project_Settings/Startup_Code/__arm_start.o
 .debug_macinfo
                0x0001e018     0x3456 ./Project_Settings/Startup_Code/__arm_end.o
 .debug_macinfo
                0x0002146e    0x1a1b8 ./Sources/driver/clock/clock.o
 .debug_macinfo
                0x0003b626    0x1a702 ./Sources/driver/eeprom/eeprom.o
 .debug_macinfo
                0x00055d28    0x1a656 ./Sources/driver/gpio/gpio.o
 .debug_macinfo
                0x0007037e    0x1a25a ./Sources/driver/watchdog/watchdog.o
 .debug_macinfo
                0x0008a5d8    0x1c788 ./Sources/main.o

.debug_line     0x00000000     0x1a85
 .debug_line    0x00000000      0x21a ./Project_Settings/Startup_Code/kinetis_sysinit.o
 .debug_line    0x0000021a      0x298 ./Project_Settings/Startup_Code/__arm_start.o
 .debug_line    0x000004b2      0x25a ./Project_Settings/Startup_Code/__arm_end.o
 .debug_line    0x0000070c      0x223 ./Sources/driver/clock/clock.o
 .debug_line    0x0000092f      0x482 ./Sources/driver/eeprom/eeprom.o
 .debug_line    0x00000db1      0x209 ./Sources/driver/gpio/gpio.o
 .debug_line    0x00000fba      0x2a8 ./Sources/driver/watchdog/watchdog.o
 .debug_line    0x00001262      0x3d0 ./Sources/main.o
 .debug_line    0x00001632       0x8d D:/CW11.0/CW MCU v11.0/MCU/ARM_GCC_Support/ewl/lib/armv6-m\libc.a(exit.o)
 .debug_line    0x000016bf       0x90 D:/CW11.0/CW MCU v11.0/MCU/ARM_GCC_Support/ewl/lib/armv6-m\libc.a(memset.o)
 .debug_line    0x0000174f       0xf6 D:/CW11.0/CW MCU v11.0/MCU/ARM_GCC_Support/ewl/lib/armv6-m\libc.a(__filll_mem.o)
 .debug_line    0x00001845       0x6c D:/CW11.0/CW MCU v11.0/MCU/ARM_GCC_Support/ewl/lib/armv6-m\librt.a(gcc_ctor_dtor.o)
 .debug_line    0x000018b1      0x117 D:/CW11.0/CW MCU v11.0/MCU/ARM_GCC_Support/ewl/lib/armv6-m\librt.a(__arm_eabi_init.o)
 .debug_line    0x000019c8       0xbd D:/CW11.0/CW MCU v11.0/MCU/ARM_GCC_Support/ewl/lib/armv6-m\librt.a(ROMCopy.o)

.debug_str      0x00000000      0xbee
 .debug_str     0x00000000      0x23c ./Project_Settings/Startup_Code/kinetis_sysinit.o
                                0x269 (size before relaxing)
 .debug_str     0x0000023c       0x85 ./Project_Settings/Startup_Code/__arm_start.o
                                0x19d (size before relaxing)
 .debug_str     0x000002c1       0x41 ./Project_Settings/Startup_Code/__arm_end.o
                                 0xd4 (size before relaxing)
 .debug_str     0x00000302       0x62 ./Sources/driver/clock/clock.o
                                0x17d (size before relaxing)
 .debug_str     0x00000364      0x2aa ./Sources/driver/eeprom/eeprom.o
                                0x3e2 (size before relaxing)
 .debug_str     0x0000060e      0x189 ./Sources/driver/gpio/gpio.o
                                0x298 (size before relaxing)
 .debug_str     0x00000797       0x83 ./Sources/driver/watchdog/watchdog.o
                                0x1fe (size before relaxing)
 .debug_str     0x0000081a       0x72 ./Sources/main.o
                                0x1a2 (size before relaxing)
 .debug_str     0x0000088c       0x4e D:/CW11.0/CW MCU v11.0/MCU/ARM_GCC_Support/ewl/lib/armv6-m\libc.a(exit.o)
                                0x157 (size before relaxing)
 .debug_str     0x000008da       0x23 D:/CW11.0/CW MCU v11.0/MCU/ARM_GCC_Support/ewl/lib/armv6-m\libc.a(memset.o)
                                0x140 (size before relaxing)
 .debug_str     0x000008fd       0x2d D:/CW11.0/CW MCU v11.0/MCU/ARM_GCC_Support/ewl/lib/armv6-m\libc.a(__filll_mem.o)
                                0x152 (size before relaxing)
 .debug_str     0x0000092a      0x126 D:/CW11.0/CW MCU v11.0/MCU/ARM_GCC_Support/ewl/lib/armv6-m\librt.a(gcc_ctor_dtor.o)
                                0x181 (size before relaxing)
 .debug_str     0x00000a50       0xf8 D:/CW11.0/CW MCU v11.0/MCU/ARM_GCC_Support/ewl/lib/armv6-m\librt.a(__arm_eabi_init.o)
                                0x1b5 (size before relaxing)
 .debug_str     0x00000b48       0xa6 D:/CW11.0/CW MCU v11.0/MCU/ARM_GCC_Support/ewl/lib/armv6-m\librt.a(ROMCopy.o)
                                0x13c (size before relaxing)

.comment        0x00000000       0x79
 .comment       0x00000000       0x79 ./Project_Settings/Startup_Code/kinetis_sysinit.o
                                 0x7a (size before relaxing)
 .comment       0x00000000       0x7a ./Project_Settings/Startup_Code/__arm_start.o
 .comment       0x00000000       0x7a ./Project_Settings/Startup_Code/__arm_end.o
 .comment       0x00000000       0x7a ./Sources/driver/clock/clock.o
 .comment       0x00000000       0x7a ./Sources/driver/eeprom/eeprom.o
 .comment       0x00000000       0x7a ./Sources/driver/gpio/gpio.o
 .comment       0x00000000       0x7a ./Sources/driver/watchdog/watchdog.o
 .comment       0x00000000       0x7a ./Sources/main.o
 .comment       0x00000000       0x7a D:/CW11.0/CW MCU v11.0/MCU/ARM_GCC_Support/ewl/lib/armv6-m\libc.a(exit.o)
 .comment       0x00000000       0x7a D:/CW11.0/CW MCU v11.0/MCU/ARM_GCC_Support/ewl/lib/armv6-m\libc.a(memset.o)
 .comment       0x00000000       0x7a D:/CW11.0/CW MCU v11.0/MCU/ARM_GCC_Support/ewl/lib/armv6-m\libc.a(__filll_mem.o)
 .comment       0x00000000       0x7a D:/CW11.0/CW MCU v11.0/MCU/ARM_GCC_Support/ewl/lib/armv6-m\librt.a(gcc_ctor_dtor.o)
 .comment       0x00000000       0x7a D:/CW11.0/CW MCU v11.0/MCU/ARM_GCC_Support/ewl/lib/armv6-m\librt.a(__arm_eabi_init.o)
 .comment       0x00000000       0x7a D:/CW11.0/CW MCU v11.0/MCU/ARM_GCC_Support/ewl/lib/armv6-m\librt.a(ROMCopy.o)

.debug_frame    0x00000000      0x56c
 .debug_frame   0x00000000       0x48 ./Project_Settings/Startup_Code/kinetis_sysinit.o
 .debug_frame   0x00000048       0x4c ./Project_Settings/Startup_Code/__arm_start.o
 .debug_frame   0x00000094       0x30 ./Project_Settings/Startup_Code/__arm_end.o
 .debug_frame   0x000000c4       0x6c ./Sources/driver/clock/clock.o
 .debug_frame   0x00000130      0x150 ./Sources/driver/eeprom/eeprom.o
 .debug_frame   0x00000280       0x2c ./Sources/driver/gpio/gpio.o
 .debug_frame   0x000002ac       0xa0 ./Sources/driver/watchdog/watchdog.o
 .debug_frame   0x0000034c       0x30 ./Sources/main.o
 .debug_frame   0x0000037c       0x2c D:/CW11.0/CW MCU v11.0/MCU/ARM_GCC_Support/ewl/lib/armv6-m\libc.a(exit.o)
 .debug_frame   0x000003a8       0x28 D:/CW11.0/CW MCU v11.0/MCU/ARM_GCC_Support/ewl/lib/armv6-m\libc.a(memset.o)
 .debug_frame   0x000003d0       0x2c D:/CW11.0/CW MCU v11.0/MCU/ARM_GCC_Support/ewl/lib/armv6-m\libc.a(__filll_mem.o)
 .debug_frame   0x000003fc       0x20 d:/cw11.0/cw mcu v11.0/cross_tools/arm-none-eabi-gcc-4_7_3/bin/../lib/gcc/arm-none-eabi/4.7.3/armv6-m\libgcc.a(_udivsi3.o)
 .debug_frame   0x0000041c       0x40 D:/CW11.0/CW MCU v11.0/MCU/ARM_GCC_Support/ewl/lib/armv6-m\librt.a(gcc_ctor_dtor.o)
 .debug_frame   0x0000045c       0xbc D:/CW11.0/CW MCU v11.0/MCU/ARM_GCC_Support/ewl/lib/armv6-m\librt.a(__arm_eabi_init.o)
 .debug_frame   0x00000518       0x54 D:/CW11.0/CW MCU v11.0/MCU/ARM_GCC_Support/ewl/lib/armv6-m\librt.a(ROMCopy.o)
