Archive member included because of file (symbol)

D:/CW11.0/CW MCU v11.0/MCU/ARM_GCC_Support/ewl/lib/armv6-m\libc.a(exit.o)
                              ./Project_Settings/Startup_Code/__arm_start.o (exit)
D:/CW11.0/CW MCU v11.0/MCU/ARM_GCC_Support/ewl/lib/armv6-m\libc.a(memset.o)
                              ./Project_Settings/Startup_Code/__arm_start.o (memset)
D:/CW11.0/CW MCU v11.0/MCU/ARM_GCC_Support/ewl/lib/armv6-m\libc.a(__filll_mem.o)
                              D:/CW11.0/CW MCU v11.0/MCU/ARM_GCC_Support/ewl/lib/armv6-m\libc.a(memset.o) (__fill_mem)
d:/cw11.0/cw mcu v11.0/cross_tools/arm-none-eabi-gcc-4_7_3/bin/../lib/gcc/arm-none-eabi/4.7.3/armv6-m\libgcc.a(_udivsi3.o)
                              ./Sources/LIN_app/lin_app.o (__aeabi_uidiv)
d:/cw11.0/cw mcu v11.0/cross_tools/arm-none-eabi-gcc-4_7_3/bin/../lib/gcc/arm-none-eabi/4.7.3/armv6-m\libgcc.a(_divsi3.o)
                              ./Sources/LIN_Stack/transport/lin_commontl_proto.o (__aeabi_idiv)
d:/cw11.0/cw mcu v11.0/cross_tools/arm-none-eabi-gcc-4_7_3/bin/../lib/gcc/arm-none-eabi/4.7.3/armv6-m\libgcc.a(_dvmd_tls.o)
                              d:/cw11.0/cw mcu v11.0/cross_tools/arm-none-eabi-gcc-4_7_3/bin/../lib/gcc/arm-none-eabi/4.7.3/armv6-m\libgcc.a(_udivsi3.o) (__aeabi_idiv0)
d:/cw11.0/cw mcu v11.0/cross_tools/arm-none-eabi-gcc-4_7_3/bin/../lib/gcc/arm-none-eabi/4.7.3/armv6-m\libgcc.a(_fixunsdfsi.o)
                              ./Sources/LIN_Stack/bsp/UART/lin_isr.o (__aeabi_d2uiz)
d:/cw11.0/cw mcu v11.0/cross_tools/arm-none-eabi-gcc-4_7_3/bin/../lib/gcc/arm-none-eabi/4.7.3/armv6-m\libgcc.a(adddf3.o)
                              ./Sources/LIN_Stack/bsp/UART/lin_isr.o (__aeabi_dadd)
d:/cw11.0/cw mcu v11.0/cross_tools/arm-none-eabi-gcc-4_7_3/bin/../lib/gcc/arm-none-eabi/4.7.3/armv6-m\libgcc.a(subdf3.o)
                              d:/cw11.0/cw mcu v11.0/cross_tools/arm-none-eabi-gcc-4_7_3/bin/../lib/gcc/arm-none-eabi/4.7.3/armv6-m\libgcc.a(_fixunsdfsi.o) (__aeabi_dsub)
d:/cw11.0/cw mcu v11.0/cross_tools/arm-none-eabi-gcc-4_7_3/bin/../lib/gcc/arm-none-eabi/4.7.3/armv6-m\libgcc.a(fixdfsi.o)
                              d:/cw11.0/cw mcu v11.0/cross_tools/arm-none-eabi-gcc-4_7_3/bin/../lib/gcc/arm-none-eabi/4.7.3/armv6-m\libgcc.a(_fixunsdfsi.o) (__aeabi_d2iz)
d:/cw11.0/cw mcu v11.0/cross_tools/arm-none-eabi-gcc-4_7_3/bin/../lib/gcc/arm-none-eabi/4.7.3/armv6-m\libgcc.a(floatunsidf.o)
                              ./Sources/LIN_Stack/bsp/UART/lin_isr.o (__aeabi_ui2d)
d:/cw11.0/cw mcu v11.0/cross_tools/arm-none-eabi-gcc-4_7_3/bin/../lib/gcc/arm-none-eabi/4.7.3/armv6-m\libgcc.a(_arm_cmpdf2.o)
                              d:/cw11.0/cw mcu v11.0/cross_tools/arm-none-eabi-gcc-4_7_3/bin/../lib/gcc/arm-none-eabi/4.7.3/armv6-m\libgcc.a(_fixunsdfsi.o) (__aeabi_dcmpge)
d:/cw11.0/cw mcu v11.0/cross_tools/arm-none-eabi-gcc-4_7_3/bin/../lib/gcc/arm-none-eabi/4.7.3/armv6-m\libgcc.a(_clzsi2.o)
                              d:/cw11.0/cw mcu v11.0/cross_tools/arm-none-eabi-gcc-4_7_3/bin/../lib/gcc/arm-none-eabi/4.7.3/armv6-m\libgcc.a(adddf3.o) (__clzsi2)
d:/cw11.0/cw mcu v11.0/cross_tools/arm-none-eabi-gcc-4_7_3/bin/../lib/gcc/arm-none-eabi/4.7.3/armv6-m\libgcc.a(eqdf2.o)
                              d:/cw11.0/cw mcu v11.0/cross_tools/arm-none-eabi-gcc-4_7_3/bin/../lib/gcc/arm-none-eabi/4.7.3/armv6-m\libgcc.a(_arm_cmpdf2.o) (__eqdf2)
d:/cw11.0/cw mcu v11.0/cross_tools/arm-none-eabi-gcc-4_7_3/bin/../lib/gcc/arm-none-eabi/4.7.3/armv6-m\libgcc.a(gedf2.o)
                              d:/cw11.0/cw mcu v11.0/cross_tools/arm-none-eabi-gcc-4_7_3/bin/../lib/gcc/arm-none-eabi/4.7.3/armv6-m\libgcc.a(_arm_cmpdf2.o) (__gedf2)
d:/cw11.0/cw mcu v11.0/cross_tools/arm-none-eabi-gcc-4_7_3/bin/../lib/gcc/arm-none-eabi/4.7.3/armv6-m\libgcc.a(ledf2.o)
                              d:/cw11.0/cw mcu v11.0/cross_tools/arm-none-eabi-gcc-4_7_3/bin/../lib/gcc/arm-none-eabi/4.7.3/armv6-m\libgcc.a(_arm_cmpdf2.o) (__ledf2)
D:/CW11.0/CW MCU v11.0/MCU/ARM_GCC_Support/ewl/lib/armv6-m\librt.a(gcc_ctor_dtor.o)
                              ./Project_Settings/Startup_Code/__arm_start.o (__init_cpp)
D:/CW11.0/CW MCU v11.0/MCU/ARM_GCC_Support/ewl/lib/armv6-m\librt.a(__arm_eabi_init.o)
                              D:/CW11.0/CW MCU v11.0/MCU/ARM_GCC_Support/ewl/lib/armv6-m\libc.a(exit.o) (__destroy_global_chain)
D:/CW11.0/CW MCU v11.0/MCU/ARM_GCC_Support/ewl/lib/armv6-m\librt.a(ROMCopy.o)
                              ./Project_Settings/Startup_Code/__arm_start.o (__copy_rom_sections_to_ram)

Allocating common symbols
Common symbol       size              file

tl_rx_msg_status    0x1               ./Sources/lin_cfg/lin_cfg.o
u8_HighHoldCnt      0x1               ./Sources/RLS_app/rls_app.o
u8_Rain_Delta       0x1               ./Sources/RLS_app/rls_app.o
u16_Delta_DC_bre_B  0x4               ./Sources/RLS_app/rls_app.o
Temp_error_cnt      0x4               ./Sources/humid_app/humid.o
u16_Save_DC_bre_A   0x4               ./Sources/RLS_app/rls_app.o
[...]
Memory Configuration

Name             Origin             Length             Attributes
m_interrupts     0x00000000         0x000000c0         xr
m_cfmprotrom     0x00000400         0x00000010         xr
m_text           0x00000800         0x0000f800         xr
m_data           0x1ffffc00         0x00001000         xrw
*default*        0x00000000         0xffffffff

Linker script and memory map

LOAD ./Project_Settings/Startup_Code/kinetis_sysinit.o
LOAD ./Project_Settings/Startup_Code/__arm_start.o
LOAD ./Project_Settings/Startup_Code/__arm_end.o
LOAD ./Sources/LIN_Stack/bsp/UART/lin_lld_uart.o
LOAD ./Sources/LIN_Stack/bsp/UART/lin_lld_timesrv.o
LOAD ./Sources/LIN_Stack/bsp/UART/lin_isr.o
LOAD ./Sources/LIN_Stack/coreapi/lin_lin21_proto.o
LOAD ./Sources/LIN_Stack/coreapi/lin_lin21_api.o
LOAD ./Sources/LIN_Stack/coreapi/lin_j2602_proto.o
LOAD ./Sources/LIN_Stack/coreapi/lin_j2602_api.o
LOAD ./Sources/LIN_Stack/coreapi/lin_common_proto.o
LOAD ./Sources/LIN_Stack/coreapi/lin_common_api.o
LOAD ./Sources/LIN_Stack/diagnostic/lin_diagnostic_service.o
LOAD ./Sources/LIN_Stack/lowlevel/lin.o
LOAD ./Sources/LIN_Stack/transport/lin_lin21tl_api.o
LOAD ./Sources/LIN_Stack/transport/lin_j2602tl_api.o
LOAD ./Sources/LIN_Stack/transport/lin_commontl_proto.o
LOAD ./Sources/LIN_Stack/transport/lin_commontl_api.o
LOAD ./Sources/LIN_app/lin_app.o
LOAD ./Sources/RLS_app/rls_app.o
LOAD ./Sources/config_parameter/config_parameter.o
LOAD ./Sources/driver/IIC/iic.o
LOAD ./Sources/driver/SPI/spi.o
LOAD ./Sources/driver/adc/adc.o
LOAD ./Sources/driver/clock/clock.o
LOAD ./Sources/driver/eeprom/eeprom.o
LOAD ./Sources/driver/ftm/ftm.o
LOAD ./Sources/driver/gpio/gpio.o
LOAD ./Sources/driver/pmc/pmc.o
LOAD ./Sources/driver/rtc/rtc.o
LOAD ./Sources/driver/watchdog/watchdog.o
LOAD ./Sources/humid_app/humid.o
LOAD ./Sources/lin_cfg/lin_cfg.o
LOAD ./Sources/main.o
START GROUP
LOAD D:/CW11.0/CW MCU v11.0/MCU/ARM_GCC_Support/ewl/lib/armv6-m\libc.a
LOAD D:/CW11.0/CW MCU v11.0/MCU/ARM_GCC_Support/ewl/lib/armv6-m\libm.a
LOAD d:/cw11.0/cw mcu v11.0/cross_tools/arm-none-eabi-gcc-4_7_3/bin/../lib/gcc/arm-none-eabi/4.7.3/armv6-m\libgcc.a
LOAD D:/CW11.0/CW MCU v11.0/MCU/ARM_GCC_Support/ewl/lib/armv6-m\librt.a
END GROUP
                0x20000c00                _estack = 0x20000c00
                0x20000c00                __SP_INIT = _estack
                0x00000100                __heap_size = 0x100
                0x00000100                __stack_size = 0x100

.interrupts     0x00000000       0xc0
                0x00000000                __vector_table = .
                0x00000000                . = ALIGN (0x4)
 *(.vectortable)
 .vectortable   0x00000000       0xc0 ./Project_Settings/Startup_Code/kinetis_sysinit.o
                0x00000000                InterruptVector
                0x000000c0                . = ALIGN (0x4)

.cfmprotect     0x00000400        0x0
                0x00000400                . = ALIGN (0x4)
 *(.cfmconfig)
                0x00000400                . = ALIGN (0x4)

.text           0x00000800     0xb3c8
                0x00000800                . = ALIGN (0x4)
 *(.text)
 .text          0x00000800       0x9c d:/cw11.0/cw mcu v11.0/cross_tools/arm-none-eabi-gcc-4_7_3/bin/../lib/gcc/arm-none-eabi/4.7.3/armv6-m\libgcc.a(_udivsi3.o)
                0x00000800                __aeabi_uidiv
                0x00000800                __udivsi3
                0x00000888                __aeabi_uidivmod
 .text          0x0000089c       0xc0 d:/cw11.0/cw mcu v11.0/cross_tools/arm-none-eabi-gcc-4_7_3/bin/../lib/gcc/arm-none-eabi/4.7.3/armv6-m\libgcc.a(_divsi3.o)
                0x0000089c                __divsi3
                0x0000089c                __aeabi_idiv
                0x00000948                __aeabi_idivmod
 .text          0x0000095c        0x4 d:/cw11.0/cw mcu v11.0/cross_tools/arm-none-eabi-gcc-4_7_3/bin/../lib/gcc/arm-none-eabi/4.7.3/armv6-m\libgcc.a(_dvmd_tls.o)
                0x0000095c                __aeabi_idiv0
                0x0000095c                __aeabi_ldiv0
 .text          0x00000960       0x40 d:/cw11.0/cw mcu v11.0/cross_tools/arm-none-eabi-gcc-4_7_3/bin/../lib/gcc/arm-none-eabi/4.7.3/armv6-m\libgcc.a(_fixunsdfsi.o)
                0x00000960                __aeabi_d2uiz
                0x00000960                __fixunsdfsi
 .text          0x000009a0      0x758 d:/cw11.0/cw mcu v11.0/cross_tools/arm-none-eabi-gcc-4_7_3/bin/../lib/gcc/arm-none-eabi/4.7.3/armv6-m\libgcc.a(adddf3.o)
                0x000009a0                __aeabi_dadd
 .text          0x000010f8      0x6f8 d:/cw11.0/cw mcu v11.0/cross_tools/arm-none-eabi-gcc-4_7_3/bin/../lib/gcc/arm-none-eabi/4.7.3/armv6-m\libgcc.a(subdf3.o)
                0x000010f8                __aeabi_dsub
 .text          0x000017f0       0x68 d:/cw11.0/cw mcu v11.0/cross_tools/arm-none-eabi-gcc-4_7_3/bin/../lib/gcc/arm-none-eabi/4.7.3/armv6-m\libgcc.a(fixdfsi.o)
                0x000017f0                __aeabi_d2iz
 .text          0x00001858       0x64 d:/cw11.0/cw mcu v11.0/cross_tools/arm-none-eabi-gcc-4_7_3/bin/../lib/gcc/arm-none-eabi/4.7.3/armv6-m\libgcc.a(floatunsidf.o)
                0x00001858                __aeabi_ui2d
 .text          0x000018bc       0x7c d:/cw11.0/cw mcu v11.0/cross_tools/arm-none-eabi-gcc-4_7_3/bin/../lib/gcc/arm-none-eabi/4.7.3/armv6-m\libgcc.a(_arm_cmpdf2.o)
                0x000018bc                __aeabi_cdrcmple
                0x000018cc                __aeabi_cdcmple
                0x000018cc                __aeabi_cdcmpeq
                0x000018dc                __aeabi_dcmpeq
                0x000018e8                __aeabi_dcmplt
                0x000018fc                __aeabi_dcmple
                0x00001910                __aeabi_dcmpgt
                0x00001924                __aeabi_dcmpge
 .text          0x00001938       0x3c d:/cw11.0/cw mcu v11.0/cross_tools/arm-none-eabi-gcc-4_7_3/bin/../lib/gcc/arm-none-eabi/4.7.3/armv6-m\libgcc.a(_clzsi2.o)
                0x00001938                __clzsi2
 .text          0x00001974       0x7c d:/cw11.0/cw mcu v11.0/cross_tools/arm-none-eabi-gcc-4_7_3/bin/../lib/gcc/arm-none-eabi/4.7.3/armv6-m\libgcc.a(eqdf2.o)
                0x00001974                __nedf2
                0x00001974                __eqdf2
 .text          0x000019f0       0xe8 d:/cw11.0/cw mcu v11.0/cross_tools/arm-none-eabi-gcc-4_7_3/bin/../lib/gcc/arm-none-eabi/4.7.3/armv6-m\libgcc.a(gedf2.o)
                0x000019f0                __gedf2
                0x000019f0                __gtdf2
 .text          0x00001ad8       0xd8 d:/cw11.0/cw mcu v11.0/cross_tools/arm-none-eabi-gcc-4_7_3/bin/../lib/gcc/arm-none-eabi/4.7.3/armv6-m\libgcc.a(ledf2.o)
                0x00001ad8                __ledf2
                0x00001ad8                __ltdf2
 *(.text*)
 .text.Default_Handler
                0x00001bb0        0xc ./Project_Settings/Startup_Code/kinetis_sysinit.o
                0x00001bb0                I2C0_IRQHandler
                0x00001bb0                HardFault_Handler
                0x00001bb0                SysTick_Handler
                0x00001bb0                PendSV_Handler
                0x00001bb0                NMI_Handler
                0x00001bb0                ADC0_IRQHandler
                0x00001bb0                SPI1_IRQHandler
                0x00001bb0                UART2_SCI2_IRQHandler
                0x00001bb0                IRQ_IRQHandler
                0x00001bb0                PIT_CH0_IRQHandler
                0x00001bb0                Default_Handler
                0x00001bb0                ACMP0_IRQHandler
                0x00001bb0                SVC_Handler
                0x00001bb0                ICS_IRQHandler
                0x00001bb0                PIT_CH1_IRQHandler
                0x00001bb0                FTMRH_IRQHandler
                0x00001bb0                KBI0_IRQHandler
                0x00001bb0                PMC_IRQHandler
                0x00001bb0                SPI0_IRQHandler
                0x00001bb0                FTM2_IRQHandler
                0x00001bb0                ACMP1_IRQHandler
                0x00001bb0                KBI1_IRQHandler
                0x00001bb0                UART1_SCI1_IRQHandler
 .text.__init_hardware
                0x00001bbc       0x38 ./Project_Settings/Startup_Code/kinetis_sysinit.o
                0x00001bbc                __init_hardware
 .text.zero_fill_bss
                0x00001bf4       0x24 ./Project_Settings/Startup_Code/__arm_start.o
 .text.__thumb_startup
                0x00001c18       0x30 ./Project_Settings/Startup_Code/__arm_start.o
                0x00001c18                __thumb_startup
 .text._ExitProcess
                0x00001c48        0xc ./Project_Settings/Startup_Code/__arm_end.o
                0x00001c48                _ExitProcess
 .text.lin_lld_uart_init
                0x00001c54       0xdc ./Sources/LIN_Stack/bsp/UART/lin_lld_uart.o
                0x00001c54                lin_lld_uart_init
 .text.lin_lld_uart_ignore_response
                0x00001d30        0xc ./Sources/LIN_Stack/bsp/UART/lin_lld_uart.o
                0x00001d30                lin_lld_uart_ignore_response
 .text.lin_lld_uart_set_low_power_mode
                0x00001d3c       0x14 ./Sources/LIN_Stack/bsp/UART/lin_lld_uart.o
                0x00001d3c                lin_lld_uart_set_low_power_mode
 .text.lin_lld_uart_rx_response
                0x00001d50       0x40 ./Sources/LIN_Stack/bsp/UART/lin_lld_uart.o
                0x00001d50                lin_lld_uart_rx_response
 .text.lin_lld_uart_tx_response
                0x00001d90       0x58 ./Sources/LIN_Stack/bsp/UART/lin_lld_uart.o
                0x00001d90                lin_lld_uart_tx_response
 .text.lin_lld_uart_timeout
                0x00001de8      0x168 ./Sources/LIN_Stack/bsp/UART/lin_lld_uart.o
                0x00001de8                lin_lld_uart_timeout
 .text.lin_goto_idle_state
                0x00001f50       0x44 ./Sources/LIN_Stack/bsp/UART/lin_lld_uart.o
                0x00001f50                lin_goto_idle_state
 .text.lin_lld_uart_rx_isr
                0x00001f94      0x504 ./Sources/LIN_Stack/bsp/UART/lin_lld_uart.o
                0x00001f94                lin_lld_uart_rx_isr
 .text.lin_lld_timer_K_init
                0x00002498       0x7c ./Sources/LIN_Stack/bsp/UART/lin_lld_timesrv.o
                0x00002498                lin_lld_timer_K_init
 .text.lin_lld_timer_isr
                0x00002514        0xc ./Sources/LIN_Stack/bsp/UART/lin_lld_timesrv.o
                0x00002514                lin_lld_timer_isr
 .text.UART0_SCI0_IRQHandler
                0x00002520        0xc ./Sources/LIN_Stack/bsp/UART/lin_isr.o
                0x00002520                UART0_SCI0_IRQHandler
 *fill*         0x0000252c        0x4 00
 .text.FTM1_IRQHandler
                0x00002530       0x68 ./Sources/LIN_Stack/bsp/UART/lin_isr.o
                0x00002530                FTM1_IRQHandler
 .text.lin_update_word_status_lin21
                0x00002598       0x7c ./Sources/LIN_Stack/coreapi/lin_lin21_proto.o
                0x00002598                lin_update_word_status_lin21
 .text.lin_update_err_signal
                0x00002614       0x7c ./Sources/LIN_Stack/coreapi/lin_lin21_proto.o
                0x00002614                lin_update_err_signal
 .text.lin_make_res_evnt_frame
                0x00002690       0x38 ./Sources/LIN_Stack/coreapi/lin_lin21_proto.o
                0x00002690                lin_make_res_evnt_frame
 .text.lin_pid_response_callback_handler
                0x000026c8       0x78 ./Sources/LIN_Stack/coreapi/lin_common_proto.o
                0x000026c8                lin_pid_response_callback_handler
 .text.lin_process_pid
                0x00002740      0x15c ./Sources/LIN_Stack/coreapi/lin_common_proto.o
                0x00002740                lin_process_pid
 .text.lin_update_rx
                0x0000289c       0xe8 ./Sources/LIN_Stack/coreapi/lin_common_proto.o
                0x0000289c                lin_update_rx
 .text.lin_update_tx
                0x00002984       0xd0 ./Sources/LIN_Stack/coreapi/lin_common_proto.o
                0x00002984                lin_update_tx
 .text.lin_handle_error
                0x00002a54       0xc4 ./Sources/LIN_Stack/coreapi/lin_common_proto.o
                0x00002a54                lin_handle_error
 .text.lin_bus_activity_timeout
                0x00002b18       0x20 ./Sources/LIN_Stack/coreapi/lin_common_proto.o
                0x00002b18                lin_bus_activity_timeout
 .text.lin_update_tx_flags
                0x00002b38       0xe0 ./Sources/LIN_Stack/coreapi/lin_common_proto.o
                0x00002b38                lin_update_tx_flags
 .text.lin_update_rx_diag_frame
                0x00002c18       0x28 ./Sources/LIN_Stack/coreapi/lin_common_proto.o
                0x00002c18                lin_update_rx_diag_frame
 .text.lin_make_res_diag_frame
                0x00002c40        0xc ./Sources/LIN_Stack/coreapi/lin_common_proto.o
                0x00002c40                lin_make_res_diag_frame
 .text.lin_get_frame_index
                0x00002c4c       0x5c ./Sources/LIN_Stack/coreapi/lin_common_proto.o
                0x00002c4c                lin_get_frame_index
 .text.lin_process_uncd_frame
                0x00002ca8      0x130 ./Sources/LIN_Stack/coreapi/lin_common_proto.o
                0x00002ca8                lin_process_uncd_frame
 .text.l_sys_init
                0x00002dd8       0x10 ./Sources/LIN_Stack/coreapi/lin_common_api.o
                0x00002dd8                l_sys_init
 .text.l_ifc_init
                0x00002de8       0x1c ./Sources/LIN_Stack/coreapi/lin_common_api.o
                0x00002de8                l_ifc_init
 .text.lin_diagservice_session_state
                0x00002e04       0x58 ./Sources/LIN_Stack/diagnostic/lin_diagnostic_service.o
                0x00002e04                lin_diagservice_session_state
 .text.lin_diagservice_session_control
                0x00002e5c       0xb8 ./Sources/LIN_Stack/diagnostic/lin_diagnostic_service.o
                0x00002e5c                lin_diagservice_session_control
 .text.lin_diagservice_read_data_by_identifier
                0x00002f14      0x1c8 ./Sources/LIN_Stack/diagnostic/lin_diagnostic_service.o
                0x00002f14                lin_diagservice_read_data_by_identifier
 .text.lin_diagservice_write_data_by_identifier
                0x000030dc      0x204 ./Sources/LIN_Stack/diagnostic/lin_diagnostic_service.o
                0x000030dc                lin_diagservice_write_data_by_identifier
 .text.lin_diagservice_assign_frame_id_range
                0x000032e0      0x140 ./Sources/LIN_Stack/diagnostic/lin_diagnostic_service.o
                0x000032e0                lin_diagservice_assign_frame_id_range
 .text.lin_diagservice_read_by_identifier
                0x00003420       0x4c ./Sources/LIN_Stack/diagnostic/lin_diagnostic_service.o
                0x00003420                lin_diagservice_read_by_identifier
 .text.lin_condittional_change_nad
                0x0000346c       0xa0 ./Sources/LIN_Stack/diagnostic/lin_diagnostic_service.o
                0x0000346c                lin_condittional_change_nad
 .text.lin_diagsrv_functional_service
                0x0000350c       0x1c ./Sources/LIN_Stack/diagnostic/lin_diagnostic_service.o
                0x0000350c                lin_diagsrv_functional_service
 .text.lin_lld_init
                0x00003528       0x14 ./Sources/LIN_Stack/lowlevel/lin.o
                0x00003528                lin_lld_init
 .text.lin_lld_ignore_response
                0x0000353c       0x10 ./Sources/LIN_Stack/lowlevel/lin.o
                0x0000353c                lin_lld_ignore_response
 .text.lin_lld_set_low_power_mode
                0x0000354c       0x10 ./Sources/LIN_Stack/lowlevel/lin.o
                0x0000354c                lin_lld_set_low_power_mode
 .text.lin_lld_set_response
                0x0000355c       0x4c ./Sources/LIN_Stack/lowlevel/lin.o
                0x0000355c                lin_lld_set_response
 .text.lin_lld_rx_response
                0x000035a8       0x20 ./Sources/LIN_Stack/lowlevel/lin.o
                0x000035a8                lin_lld_rx_response
 .text.lin_process_parity
                0x000035c8       0xf0 ./Sources/LIN_Stack/lowlevel/lin.o
                0x000035c8                lin_process_parity
 .text.lin_checksum
                0x000036b8       0x9c ./Sources/LIN_Stack/lowlevel/lin.o
                0x000036b8                lin_checksum
 .text.lin_lld_timer_init
                0x00003754        0xc ./Sources/LIN_Stack/lowlevel/lin.o
                0x00003754                lin_lld_timer_init
 .text.diag_clear_flag
                0x00003760       0x28 ./Sources/LIN_Stack/transport/lin_lin21tl_api.o
                0x00003760                diag_clear_flag
 .text.lin_tl_make_slaveres_pdu
                0x00003788     0x1144 ./Sources/LIN_Stack/transport/lin_commontl_proto.o
                0x00003788                lin_tl_make_slaveres_pdu
 .text.lin_tl_get_pdu
                0x000048cc       0x5c ./Sources/LIN_Stack/transport/lin_commontl_proto.o
                0x000048cc                lin_tl_get_pdu
 .text.lin_process_pdu
                0x00004928      0x260 ./Sources/LIN_Stack/transport/lin_commontl_proto.o
 .text.lin_tl_handler
                0x00004b88      0x15c ./Sources/LIN_Stack/transport/lin_commontl_proto.o
                0x00004b88                lin_tl_handler
 .text.lin_tl_attach_service
                0x00004ce4      0x194 ./Sources/LIN_Stack/transport/lin_commontl_proto.o
                0x00004ce4                lin_tl_attach_service
 .text.tl_put_raw
                0x00004e78       0xcc ./Sources/LIN_Stack/transport/lin_commontl_proto.o
                0x00004e78                tl_put_raw
 .text.tl_get_raw
                0x00004f44       0xe8 ./Sources/LIN_Stack/transport/lin_commontl_proto.o
                0x00004f44                tl_get_raw
 .text.ld_put_raw
                0x0000502c       0x20 ./Sources/LIN_Stack/transport/lin_commontl_api.o
                0x0000502c                ld_put_raw
 .text.ld_get_raw
                0x0000504c       0x20 ./Sources/LIN_Stack/transport/lin_commontl_api.o
                0x0000504c                ld_get_raw
 .text.ld_send_message
                0x0000506c      0x3b0 ./Sources/LIN_Stack/transport/lin_commontl_api.o
                0x0000506c                ld_send_message
 .text.ld_receive_message
                0x0000541c      0x284 ./Sources/LIN_Stack/transport/lin_commontl_api.o
                0x0000541c                ld_receive_message
 .text.Lin_Sys_Init
                0x000056a0       0x74 ./Sources/LIN_app/lin_app.o
                0x000056a0                Lin_Sys_Init
 .text.Lin_Busy_Process
                0x00005714       0x1c ./Sources/LIN_app/lin_app.o
                0x00005714                Lin_Busy_Process
 .text.RLS_Analysis_Master_Data
                0x00005730      0x1cc ./Sources/LIN_app/lin_app.o
                0x00005730                RLS_Analysis_Master_Data
 .text.Lin_RLS_data
                0x000058fc      0x284 ./Sources/LIN_app/lin_app.o
                0x000058fc                Lin_RLS_data
 .text.Lin_RLS_Wakeup_BCM
                0x00005b80       0x2c ./Sources/LIN_app/lin_app.o
                0x00005b80                Lin_RLS_Wakeup_BCM
 .text.SPI_Enable
                0x00005bac       0x1c ./Sources/RLS_app/rls_app.o
 .text.SPI_Disable
                0x00005bc8       0x1c ./Sources/RLS_app/rls_app.o
 .text.Search_Table
                0x00005be4      0x218 ./Sources/RLS_app/rls_app.o
                0x00005be4                Search_Table
 .text.MLX75308_Init
                0x00005dfc      0x17c ./Sources/RLS_app/rls_app.o
                0x00005dfc                MLX75308_Init
 .text.RLS_Rain_Get_Measure
                0x00005f78      0x404 ./Sources/RLS_app/rls_app.o
                0x00005f78                RLS_Rain_Get_Measure
 .text.RLS_AutoLightControl
                0x0000637c      0x1b4 ./Sources/RLS_app/rls_app.o
                0x0000637c                RLS_AutoLightControl
 .text.RLS_Light_Module_Fault_Process
                0x00006530      0x108 ./Sources/RLS_app/rls_app.o
                0x00006530                RLS_Light_Module_Fault_Process
 .text.RLS_Auto_Light_Task
                0x00006638      0x200 ./Sources/RLS_app/rls_app.o
                0x00006638                RLS_Auto_Light_Task
 .text.RLS_Tunnel_Detect_Task
                0x00006838       0xfc ./Sources/RLS_app/rls_app.o
                0x00006838                RLS_Tunnel_Detect_Task
 .text.RLS_Auto_Solar_Task
                0x00006934      0x198 ./Sources/RLS_app/rls_app.o
                0x00006934                RLS_Auto_Solar_Task
 .text.RLS_Enable_Solar
                0x00006acc       0x40 ./Sources/RLS_app/rls_app.o
                0x00006acc                RLS_Enable_Solar
 .text.RLS_Disable_Solar
                0x00006b0c       0x40 ./Sources/RLS_app/rls_app.o
                0x00006b0c                RLS_Disable_Solar
 .text.RLS_Rain_Module_Fault_Process
                0x00006b4c       0xd4 ./Sources/RLS_app/rls_app.o
                0x00006b4c                RLS_Rain_Module_Fault_Process
 .text.RLS_Get_Rain_State
                0x00006c20      0x460 ./Sources/RLS_app/rls_app.o
                0x00006c20                RLS_Get_Rain_State
 .text.RLS_Get_Rain_ExpectStage
                0x00007080      0x2d0 ./Sources/RLS_app/rls_app.o
                0x00007080                RLS_Get_Rain_ExpectStage
 .text.RLS_Mask_False_Operation
                0x00007350      0x198 ./Sources/RLS_app/rls_app.o
                0x00007350                RLS_Mask_False_Operation
 .text.RLS_Invalid_DataProcess
                0x000074e8      0x1fc ./Sources/RLS_app/rls_app.o
                0x000074e8                RLS_Invalid_DataProcess
 .text.RLS_Period_Mode
                0x000076e4       0x68 ./Sources/RLS_app/rls_app.o
                0x000076e4                RLS_Period_Mode
 .text.RLS_Rain_State_Mchaine
                0x0000774c     0x11d4 ./Sources/RLS_app/rls_app.o
                0x0000774c                RLS_Rain_State_Mchaine
 .text.RLS_Wipe_Park_Process
                0x00008920       0x84 ./Sources/RLS_app/rls_app.o
                0x00008920                RLS_Wipe_Park_Process
 .text.RLS_Auto_Rain_Task
                0x000089a4       0x1c ./Sources/RLS_app/rls_app.o
                0x000089a4                RLS_Auto_Rain_Task
 .text.RLS_SelfAdaptTask
                0x000089c0      0x3cc ./Sources/RLS_app/rls_app.o
                0x000089c0                RLS_SelfAdaptTask
 .text.RLS_Wipe_Auto_On_Function
                0x00008d8c       0xc8 ./Sources/RLS_app/rls_app.o
                0x00008d8c                RLS_Wipe_Auto_On_Function
 .text.RLS_Wipe_Sensitivity_Up_Function
                0x00008e54       0xd8 ./Sources/RLS_app/rls_app.o
                0x00008e54                RLS_Wipe_Sensitivity_Up_Function
 .text.RLS_Wash_Function
                0x00008f2c       0x30 ./Sources/RLS_app/rls_app.o
                0x00008f2c                RLS_Wash_Function
 .text.RLS_Battery_Measurement
                0x00008f5c       0x3c ./Sources/RLS_app/rls_app.o
                0x00008f5c                RLS_Battery_Measurement
 .text.RLS_Battery_State
                0x00008f98       0x94 ./Sources/RLS_app/rls_app.o
                0x00008f98                RLS_Battery_State
 .text.RLS_remote_process
                0x0000902c       0x3c ./Sources/RLS_app/rls_app.o
                0x0000902c                RLS_remote_process
 .text.roof_error_process
                0x00009068       0x80 ./Sources/RLS_app/rls_app.o
                0x00009068                roof_error_process
 .text.Auto_Roof_receive_schdule_process
                0x000090e8       0x58 ./Sources/RLS_app/rls_app.o
                0x000090e8                Auto_Roof_receive_schdule_process
 .text.Auto_Roof_Process
                0x00009140       0xa0 ./Sources/RLS_app/rls_app.o
                0x00009140                Auto_Roof_Process
 .text.Auto_Roof_Send_Wake_Up
                0x000091e0      0x130 ./Sources/RLS_app/rls_app.o
                0x000091e0                Auto_Roof_Send_Wake_Up
 .text.Sleep_Process
                0x00009310      0x164 ./Sources/RLS_app/rls_app.o
                0x00009310                Sleep_Process
 .text.Recover_Process
                0x00009474       0x50 ./Sources/RLS_app/rls_app.o
                0x00009474                Recover_Process
 .text.Globle_parameter_Init
                0x000094c4      0x45c ./Sources/config_parameter/config_parameter.o
                0x000094c4                Globle_parameter_Init
 .text.SPI_COM  0x00009920       0x68 ./Sources/driver/SPI/spi.o
                0x00009920                SPI_COM
 .text.SPI_Init
                0x00009988       0x74 ./Sources/driver/SPI/spi.o
                0x00009988                SPI_Init
 .text.SPI_SetBaudRate
                0x000099fc       0xe4 ./Sources/driver/SPI/spi.o
                0x000099fc                SPI_SetBaudRate
 .text.SPI_Wr_Cmd
                0x00009ae0      0x124 ./Sources/driver/SPI/spi.o
                0x00009ae0                SPI_Wr_Cmd
 .text.SPI_Wr_Reg
                0x00009c04      0x298 ./Sources/driver/SPI/spi.o
                0x00009c04                SPI_Wr_Reg
 .text.SPI_Rd_Reg
                0x00009e9c       0xc4 ./Sources/driver/SPI/spi.o
                0x00009e9c                SPI_Rd_Reg
 .text.MLX75308_SetPara
                0x00009f60      0x49c ./Sources/driver/SPI/spi.o
                0x00009f60                MLX75308_SetPara
 .text.SPI_Rd_Mchan
                0x0000a3fc      0x1b0 ./Sources/driver/SPI/spi.o
                0x0000a3fc                SPI_Rd_Mchan
 .text.MLX75308_Meansure
                0x0000a5ac       0x7c ./Sources/driver/SPI/spi.o
                0x0000a5ac                MLX75308_Meansure
 .text.ADC_Init
                0x0000a628       0x38 ./Sources/driver/adc/adc.o
                0x0000a628                ADC_Init
 .text.get_adc  0x0000a660       0x34 ./Sources/driver/adc/adc.o
                0x0000a660                get_adc
 .text.get_adc_times
                0x0000a694       0x6c ./Sources/driver/adc/adc.o
                0x0000a694                get_adc_times
 .text.Clk_Init
                0x0000a700       0x84 ./Sources/driver/clock/clock.o
                0x0000a700                Clk_Init
 .text.Delay_Ms
                0x0000a784       0x3c ./Sources/driver/clock/clock.o
                0x0000a784                Delay_Ms
 .text.Delay_Nus
                0x0000a7c0       0x3c ./Sources/driver/clock/clock.o
                0x0000a7c0                Delay_Nus
 .text.FLASH_Init
                0x0000a7fc       0xd4 ./Sources/driver/eeprom/eeprom.o
                0x0000a7fc                FLASH_Init
 .text.FLASH_LaunchCMD
                0x0000a8d0       0x48 ./Sources/driver/eeprom/eeprom.o
                0x0000a8d0                FLASH_LaunchCMD
 .text.EEPROM_EraseSector
                0x0000a918       0xbc ./Sources/driver/eeprom/eeprom.o
                0x0000a918                EEPROM_EraseSector
 .text.EEPROM_ProgramWord
                0x0000a9d4       0xdc ./Sources/driver/eeprom/eeprom.o
                0x0000a9d4                EEPROM_ProgramWord
 .text.write_data_from_EEPROM
                0x0000aab0      0x310 ./Sources/driver/eeprom/eeprom.o
                0x0000aab0                write_data_from_EEPROM
 .text.read_data_from_EEPROM
                0x0000adc0      0x108 ./Sources/driver/eeprom/eeprom.o
                0x0000adc0                read_data_from_EEPROM
 .text.FTM0_Init
                0x0000aec8       0x80 ./Sources/driver/ftm/ftm.o
                0x0000aec8                FTM0_Init
 .text.FTM0_IRQHandler
                0x0000af48      0x158 ./Sources/driver/ftm/ftm.o
                0x0000af48                FTM0_IRQHandler
 .text.GPIO_Init
                0x0000b0a0      0x238 ./Sources/driver/gpio/gpio.o
                0x0000b0a0                GPIO_Init
 .text.PMC_Init
                0x0000b2d8       0x64 ./Sources/driver/pmc/pmc.o
                0x0000b2d8                PMC_Init
 .text.RTC_EnableInt
                0x0000b33c       0x18 ./Sources/driver/rtc/rtc.o
                0x0000b33c                RTC_EnableInt
 .text.RTC_DisableInt
                0x0000b354       0x18 ./Sources/driver/rtc/rtc.o
                0x0000b354                RTC_DisableInt
 .text.RTC_Init
                0x0000b36c       0x6c ./Sources/driver/rtc/rtc.o
                0x0000b36c                RTC_Init
 .text.RTC_IRQHandler
                0x0000b3d8       0x38 ./Sources/driver/rtc/rtc.o
                0x0000b3d8                RTC_IRQHandler
 .text.WDOG_Feed
                0x0000b410       0x24 ./Sources/driver/watchdog/watchdog.o
                0x0000b410                WDOG_Feed
 .text.WDG_IRQHandler
                0x0000b434       0x1c ./Sources/driver/watchdog/watchdog.o
                0x0000b434                WDG_IRQHandler
 .text.main     0x0000b450      0x160 ./Sources/main.o
                0x0000b450                main
 .text.exit     0x0000b5b0       0x38 D:/CW11.0/CW MCU v11.0/MCU/ARM_GCC_Support/ewl/lib/armv6-m\libc.a(exit.o)
                0x0000b5b0                exit
 .text.memset   0x0000b5e8        0xc D:/CW11.0/CW MCU v11.0/MCU/ARM_GCC_Support/ewl/lib/armv6-m\libc.a(memset.o)
                0x0000b5e8                memset
 .text.__fill_mem
                0x0000b5f4       0x7e D:/CW11.0/CW MCU v11.0/MCU/ARM_GCC_Support/ewl/lib/armv6-m\libc.a(__filll_mem.o)
                0x0000b5f4                __fill_mem
 *fill*         0x0000b672        0x2 00
 .text.__init_cpp
                0x0000b674       0x48 D:/CW11.0/CW MCU v11.0/MCU/ARM_GCC_Support/ewl/lib/armv6-m\librt.a(gcc_ctor_dtor.o)
                0x0000b674                __init_cpp
 .text.__fini_cpp
                0x0000b6bc       0x34 D:/CW11.0/CW MCU v11.0/MCU/ARM_GCC_Support/ewl/lib/armv6-m\librt.a(gcc_ctor_dtor.o)
                0x0000b6bc                __fini_cpp
 .text.__destroy_global_chain
                0x0000b6f0       0x1c D:/CW11.0/CW MCU v11.0/MCU/ARM_GCC_Support/ewl/lib/armv6-m\librt.a(__arm_eabi_init.o)
                0x0000b6f0                __destroy_global_chain
 .text.__init_registers
                0x0000b70c       0x1c D:/CW11.0/CW MCU v11.0/MCU/ARM_GCC_Support/ewl/lib/armv6-m\librt.a(__arm_eabi_init.o)
                0x0000b70c                __init_registers
 .text.__init_user
                0x0000b728        0x4 D:/CW11.0/CW MCU v11.0/MCU/ARM_GCC_Support/ewl/lib/armv6-m\librt.a(__arm_eabi_init.o)
                0x0000b728                __init_user
 .text.__copy_rom_section
                0x0000b72c       0x48 D:/CW11.0/CW MCU v11.0/MCU/ARM_GCC_Support/ewl/lib/armv6-m\librt.a(ROMCopy.o)
                0x0000b72c                __copy_rom_section
 .text.__copy_rom_sections_to_ram
                0x0000b774       0x34 D:/CW11.0/CW MCU v11.0/MCU/ARM_GCC_Support/ewl/lib/armv6-m\librt.a(ROMCopy.o)
                0x0000b774                __copy_rom_sections_to_ram
 *(.rodata)
 *(.rodata*)
 .rodata.lin_lld_uart_timeout
                0x0000b7a8       0x28 ./Sources/LIN_Stack/bsp/UART/lin_lld_uart.o
 .rodata.lin_lld_uart_rx_isr
                0x0000b7d0       0x20 ./Sources/LIN_Stack/bsp/UART/lin_lld_uart.o
 .rodata.Tab_AWG_FW
                0x0000b7f0       0x40 ./Sources/RLS_app/rls_app.o
                0x0000b7f0                Tab_AWG_FW
 .rodata.Tab_Brightness_FW
                0x0000b830       0x40 ./Sources/RLS_app/rls_app.o
                0x0000b830                Tab_Brightness_FW
 .rodata.Tab_AWG_IR
                0x0000b870       0x40 ./Sources/RLS_app/rls_app.o
                0x0000b870                Tab_AWG_IR
 .rodata.Tab_Brightness_IR
                0x0000b8b0       0x40 ./Sources/RLS_app/rls_app.o
                0x0000b8b0                Tab_Brightness_IR
 .rodata.Tab_AWG_Hud
                0x0000b8f0       0x40 ./Sources/RLS_app/rls_app.o
                0x0000b8f0                Tab_AWG_Hud
 .rodata.Tab_Brightness_Hud
                0x0000b930       0x40 ./Sources/RLS_app/rls_app.o
                0x0000b930                Tab_Brightness_Hud
 .rodata.Tab_AWG_Solar
                0x0000b970       0x40 ./Sources/RLS_app/rls_app.o
                0x0000b970                Tab_AWG_Solar
 .rodata.Tab_Brightness_Solar
                0x0000b9b0       0x40 ./Sources/RLS_app/rls_app.o
                0x0000b9b0                Tab_Brightness_Solar
 .rodata.RLS_Invalid_DataProcess
                0x0000b9f0       0x30 ./Sources/RLS_app/rls_app.o
 .rodata.RLS_Rain_State_Mchaine
                0x0000ba20       0x18 ./Sources/RLS_app/rls_app.o
 .rodata.lin_Spare_Part_Number
                0x0000ba38       0x10 ./Sources/config_parameter/config_parameter.o
                0x0000ba38                lin_Spare_Part_Number
 .rodata.lin_Vehicle_Soft_Version
                0x0000ba48        0x8 ./Sources/config_parameter/config_parameter.o
                0x0000ba48                lin_Vehicle_Soft_Version
 .rodata.lin_Vehicle_Hard_Version
                0x0000ba50        0x8 ./Sources/config_parameter/config_parameter.o
                0x0000ba50                lin_Vehicle_Hard_Version
 .rodata.lin_Supplier_ID
                0x0000ba58        0x4 ./Sources/config_parameter/config_parameter.o
                0x0000ba58                lin_Supplier_ID
 .rodata.lin_Manufact_Data
                0x0000ba5c        0x4 ./Sources/config_parameter/config_parameter.o
                0x0000ba5c                lin_Manufact_Data
 .rodata.lin_Ecu_Serial
                0x0000ba60        0xc ./Sources/config_parameter/config_parameter.o
                0x0000ba60                lin_Ecu_Serial
 .rodata.lin_Supplier_Soft_Version
                0x0000ba6c        0xc ./Sources/config_parameter/config_parameter.o
                0x0000ba6c                lin_Supplier_Soft_Version
 .rodata.lin_Supplier_Hard_Version
                0x0000ba78        0xc ./Sources/config_parameter/config_parameter.o
                0x0000ba78                lin_Supplier_Hard_Version
 .rodata.Mlx75308_Config_Parameter
                0x0000ba84       0x14 ./Sources/config_parameter/config_parameter.o
                0x0000ba84                Mlx75308_Config_Parameter
 .rodata.Rain_Stastegy_Parameter
                0x0000ba98       0x54 ./Sources/config_parameter/config_parameter.o
                0x0000ba98                Rain_Stastegy_Parameter
 .rodata.Light_Stastegy_Parameter
                0x0000baec       0x14 ./Sources/config_parameter/config_parameter.o
                0x0000baec                Light_Stastegy_Parameter
 .rodata.MLX75308_SetPara
                0x0000bb00       0x54 ./Sources/driver/SPI/spi.o
 .rodata.LI0_response_error_signal
                0x0000bb54        0x1 ./Sources/lin_cfg/lin_cfg.o
                0x0000bb54                LI0_response_error_signal
 .rodata.response_error_byte_offset
                0x0000bb55        0x1 ./Sources/lin_cfg/lin_cfg.o
                0x0000bb55                response_error_byte_offset
 .rodata.response_error_bit_offset
                0x0000bb56        0x1 ./Sources/lin_cfg/lin_cfg.o
                0x0000bb56                response_error_bit_offset
 *fill*         0x0000bb57        0x1 00
 .rodata.lin_frame_tbl
                0x0000bb58       0x48 ./Sources/lin_cfg/lin_cfg.o
                0x0000bb58                lin_frame_tbl
 .rodata.lin_max_frame_res_timeout_val
                0x0000bba0       0x10 ./Sources/lin_cfg/lin_cfg.o
                0x0000bba0                lin_max_frame_res_timeout_val
 .rodata.lin_initial_NAD
                0x0000bbb0        0x1 ./Sources/lin_cfg/lin_cfg.o
                0x0000bbb0                lin_initial_NAD
 *fill*         0x0000bbb1        0x3 00
 .rodata.product_id
                0x0000bbb4        0x8 ./Sources/lin_cfg/lin_cfg.o
                0x0000bbb4                product_id
 .rodata.response_error
                0x0000bbbc        0x1 ./Sources/lin_cfg/lin_cfg.o
                0x0000bbbc                response_error
 *fill*         0x0000bbbd        0x3 00
 .rodata.lin_diag_services_supported
                0x0000bbc0        0x8 ./Sources/lin_cfg/lin_cfg.o
                0x0000bbc0                lin_diag_services_supported
 *(.glue_7)
 .glue_7        0x00000000        0x0 linker stubs
 *(.glue_7t)
 .glue_7t       0x00000000        0x0 linker stubs
 *(.eh_frame)
 *(.init)
 *(.fini)
                0x0000bbc8                . = ALIGN (0x4)
                0x0000bbc8                _etext = .

.vfp11_veneer   0x0000bbc8        0x0
 .vfp11_veneer  0x00000000        0x0 linker stubs

.v4_bx          0x0000bbc8        0x0
 .v4_bx         0x00000000        0x0 linker stubs

.iplt           0x0000bbc8        0x0
 .iplt          0x00000000        0x0 ./Project_Settings/Startup_Code/kinetis_sysinit.o

.rel.dyn        0x0000bbc8        0x0
 .rel.iplt      0x00000000        0x0 ./Project_Settings/Startup_Code/kinetis_sysinit.o

.ARM.extab
 *(.ARM.extab* .gnu.linkonce.armextab.*)

.ARM            0x0000bbc8        0x0
                0x0000bbc8                __exidx_start = .
 *(.ARM.exidx*)
                0x0000bbc8                __exidx_end = .

.ctors          0x0000bbc8        0x0
                0x0000bbc8                __CTOR_LIST__ = .
 *crtbegin.o(.ctors)
 *(EXCLUDE_FILE(*crtend.o) .ctors)
 *(SORT(.ctors.*))
 *(.ctors)
                0x0000bbc8                __CTOR_END__ = .

.dtors          0x0000bbc8        0x0
                0x0000bbc8                __DTOR_LIST__ = .
 *crtbegin.o(.dtors)
 *(EXCLUDE_FILE(*crtend.o) .dtors)
 *(SORT(.dtors.*))
 *(.dtors)
                0x0000bbc8                __DTOR_END__ = .

.preinit_array  0x0000bbc8        0x0
                0x0000bbc8                PROVIDE (__preinit_array_start, .)
 *(.preinit_array*)
                0x0000bbc8                PROVIDE (__preinit_array_end, .)

.init_array     0x0000bbc8        0x0
                0x0000bbc8                PROVIDE (__init_array_start, .)
 *(SORT(.init_array.*))
 *(.init_array*)
                0x0000bbc8                PROVIDE (__init_array_end, .)

.fini_array     0x0000bbc8        0x0
                0x0000bbc8                PROVIDE (__fini_array_start, .)
 *(SORT(.fini_array.*))
 *(.fini_array*)
                0x0000bbc8                PROVIDE (__fini_array_end, .)
                0x0000bbc8                ___ROM_AT = .

.mtb            0x1ffffc00        0x0
                0x1ffffc00                . = ALIGN (0x8)
                0x1ffffc00                _mtb_start = .
 *(.mtb_buf)
                0x1ffffc00                . = ALIGN (0x8)
                0x1ffffc00                _mtb_end = .

.data           0x1ffffc00       0x54 load address 0x0000bbc8
                0x1ffffc00                . = ALIGN (0x4)
                0x1ffffc00                _sdata = .
 *(.data)
 *(.data*)
 .data.pUART    0x1ffffc00        0x4 ./Sources/LIN_Stack/bsp/UART/lin_lld_uart.o
 .data.ifc      0x1ffffc04        0x1 ./Sources/LIN_Stack/bsp/UART/lin_lld_uart.o
 .data.state    0x1ffffc05        0x1 ./Sources/LIN_Stack/bsp/UART/lin_lld_uart.o
 .data.pid      0x1ffffc06        0x1 ./Sources/LIN_Stack/bsp/UART/lin_lld_uart.o
 *fill*         0x1ffffc07        0x1 00
 .data.lin_pFrameBuf
                0x1ffffc08       0x1c ./Sources/lin_cfg/lin_cfg.o
                0x1ffffc08                lin_pFrameBuf
 .data.lin_configuration_RAM
                0x1ffffc24        0x8 ./Sources/lin_cfg/lin_cfg.o
                0x1ffffc24                lin_configuration_RAM
 .data.lin_configured_NAD
                0x1ffffc2c        0x1 ./Sources/lin_cfg/lin_cfg.o
                0x1ffffc2c                lin_configured_NAD
 *fill*         0x1ffffc2d        0x3 00
 .data.lin_tl_tx_queue
                0x1ffffc30       0x10 ./Sources/lin_cfg/lin_cfg.o
                0x1ffffc30                lin_tl_tx_queue
 .data.lin_tl_rx_queue
                0x1ffffc40       0x10 ./Sources/lin_cfg/lin_cfg.o
                0x1ffffc40                lin_tl_rx_queue
 .data.tl_service_status
                0x1ffffc50        0x1 ./Sources/lin_cfg/lin_cfg.o
                0x1ffffc50                tl_service_status
                0x1ffffc54                . = ALIGN (0x4)
 *fill*         0x1ffffc51        0x3 00
                0x1ffffc54                _edata = .
                0x00000054                ___data_size = (_edata - _sdata)

.igot.plt       0x1ffffc54        0x0 load address 0x0000bc1c
 .igot.plt      0x00000000        0x0 ./Project_Settings/Startup_Code/kinetis_sysinit.o
                0x1ffffc54                . = ALIGN (0x4)

.bss            0x1ffffc54      0x3f8 load address 0x0000bc1c
                0x1ffffc54                __START_BSS = .
                0x1ffffc54                PROVIDE (__bss_start__, __START_BSS)
 *(.bss)
 *(.bss*)
 .bss.argv      0x1ffffc54        0x4 ./Project_Settings/Startup_Code/__arm_start.o
 .bss.l_status  0x1ffffc58        0x4 ./Sources/LIN_Stack/bsp/UART/lin_lld_uart.o
 .bss.cnt_byte  0x1ffffc5c        0x1 ./Sources/LIN_Stack/bsp/UART/lin_lld_uart.o
 *fill*         0x1ffffc5d        0x3 00
 .bss.ptr       0x1ffffc60        0x4 ./Sources/LIN_Stack/bsp/UART/lin_lld_uart.o
 .bss.current_id
                0x1ffffc64        0x1 ./Sources/LIN_Stack/bsp/UART/lin_lld_uart.o
 *fill*         0x1ffffc65        0x3 00
 .bss.response_buffer
                0x1ffffc68        0x4 ./Sources/LIN_Stack/bsp/UART/lin_lld_uart.o
 .bss.tbit      0x1ffffc6c        0x2 ./Sources/LIN_Stack/bsp/UART/lin_lld_uart.o
 .bss.frame_timeout_cnt
                0x1ffffc6e        0x2 ./Sources/LIN_Stack/bsp/UART/lin_lld_uart.o
 .bss.res_frame_timeout_cnt
                0x1ffffc70        0x2 ./Sources/LIN_Stack/bsp/UART/lin_lld_uart.o
 .bss.idle_timeout_cnt
                0x1ffffc72        0x2 ./Sources/LIN_Stack/bsp/UART/lin_lld_uart.o
 .bss.G_10ms_counter
                0x1ffffc74        0x1 ./Sources/driver/ftm/ftm.o
                0x1ffffc74                G_10ms_counter
 .bss.G_50ms_counter
                0x1ffffc75        0x1 ./Sources/driver/ftm/ftm.o
                0x1ffffc75                G_50ms_counter
 .bss.G_100ms_counter
                0x1ffffc76        0x1 ./Sources/driver/ftm/ftm.o
                0x1ffffc76                G_100ms_counter
 .bss.G_500ms_counter
                0x1ffffc77        0x1 ./Sources/driver/ftm/ftm.o
                0x1ffffc77                G_500ms_counter
 .bss.G_600ms_counter
                0x1ffffc78        0x1 ./Sources/driver/ftm/ftm.o
                0x1ffffc78                G_600ms_counter
 *fill*         0x1ffffc79        0x3 00
 .bss.G_4s_counter
                0x1ffffc7c        0x4 ./Sources/driver/ftm/ftm.o
                0x1ffffc7c                G_4s_counter
 .bss.G_10msFlag
                0x1ffffc80        0x1 ./Sources/driver/ftm/ftm.o
                0x1ffffc80                G_10msFlag
 .bss.G_50msFlag
                0x1ffffc81        0x1 ./Sources/driver/ftm/ftm.o
                0x1ffffc81                G_50msFlag
 .bss.G_100msFlag
                0x1ffffc82        0x1 ./Sources/driver/ftm/ftm.o
                0x1ffffc82                G_100msFlag
 .bss.G_500msFlag
                0x1ffffc83        0x1 ./Sources/driver/ftm/ftm.o
                0x1ffffc83                G_500msFlag
 .bss.G_600msFlag
                0x1ffffc84        0x1 ./Sources/driver/ftm/ftm.o
                0x1ffffc84                G_600msFlag
 .bss.G_4sFlag  0x1ffffc85        0x1 ./Sources/driver/ftm/ftm.o
                0x1ffffc85                G_4sFlag
 .bss.lin_save_configuration_flg
                0x1ffffc86        0x1 ./Sources/lin_cfg/lin_cfg.o
                0x1ffffc86                lin_save_configuration_flg
 *fill*         0x1ffffc87        0x1 00
 .bss.lin_flag_handle_tbl
                0x1ffffc88        0x8 ./Sources/lin_cfg/lin_cfg.o
                0x1ffffc88                lin_flag_handle_tbl
 .bss.lin_frame_flag_tbl
                0x1ffffc90        0x8 ./Sources/lin_cfg/lin_cfg.o
                0x1ffffc90                lin_frame_flag_tbl
 .bss.tl_diag_state
                0x1ffffc98        0x1 ./Sources/lin_cfg/lin_cfg.o
                0x1ffffc98                tl_diag_state
 *fill*         0x1ffffc99        0x3 00
 .bss.lin_diag_services_flag
                0x1ffffc9c        0x8 ./Sources/lin_cfg/lin_cfg.o
                0x1ffffc9c                lin_diag_services_flag
 .bss.tl_slaveresp_cnt
                0x1ffffca4        0x1 ./Sources/lin_cfg/lin_cfg.o
                0x1ffffca4                tl_slaveresp_cnt
 *fill*         0x1ffffca5        0x3 00
 .bss.__stdio_exit
                0x1ffffca8        0x4 D:/CW11.0/CW MCU v11.0/MCU/ARM_GCC_Support/ewl/lib/armv6-m\libc.a(exit.o)
                0x1ffffca8                __stdio_exit
 .bss.__console_exit
                0x1ffffcac        0x4 D:/CW11.0/CW MCU v11.0/MCU/ARM_GCC_Support/ewl/lib/armv6-m\libc.a(exit.o)
                0x1ffffcac                __console_exit
 .bss.__global_destructor_chain
                0x1ffffcb0        0x4 D:/CW11.0/CW MCU v11.0/MCU/ARM_GCC_Support/ewl/lib/armv6-m\librt.a(__arm_eabi_init.o)
                0x1ffffcb0                __global_destructor_chain
 .bss.__S_romp  0x1ffffcb4        0xc D:/CW11.0/CW MCU v11.0/MCU/ARM_GCC_Support/ewl/lib/armv6-m\librt.a(ROMCopy.o)
 *(COMMON)
 COMMON         0x1ffffcc0        0x2 ./Sources/LIN_Stack/coreapi/lin_common_proto.o
                0x1ffffcc0                frame_signal_error
                0x1ffffcc1                frame_index
 COMMON         0x1ffffcc2        0x5 ./Sources/LIN_Stack/diagnostic/lin_diagnostic_service.o
                0x1ffffcc2                diagnostic_Session
                0x1ffffcc3                diagnostic_Session_flg
                0x1ffffcc4                diagnostic_Session_timer
                0x1ffffcc6                diagnostic_Session_pre
 COMMON         0x1ffffcc7        0x1 ./Sources/LIN_Stack/transport/lin_commontl_api.o
                0x1ffffcc7                test3
 COMMON         0x1ffffcc8      0x2dc ./Sources/RLS_app/rls_app.o
                0x1ffffcc8                u8_HighHoldCnt
                0x1ffffcc9                u8_Rain_Delta
                0x1ffffccc                u16_Delta_DC_bre_B
                0x1ffffcd0                u16_Save_DC_bre_A
                0x1ffffcd4                u16_Delta_DC_aft_B
                0x1ffffcd8                u8_light_on_invent_req
                0x1ffffcdc                u16_DC_PD_dt
                0x1ffffce4                u8_wakeup_cnt
                0x1ffffce5                u8_Battery_Low_Cnt
                0x1ffffce6                u8_enter_period_cnt
                0x1ffffce7                u8_IntSpeedFlgCnt
                0x1ffffce8                u16_SPD_Vehicle
                0x1ffffcec                u8_Wiper_StatePre
                0x1ffffcf0                u8_RainIntensity_Win
                0x1ffffcf4                u8_ir_buffer
                0x1ffffcf9                u8_light_on_req
                0x1ffffcfc                Mnrval
                0x1ffffd24                Lin_BCM3_Frame
                0x1ffffd28                Light_on_cnt
                0x1ffffd2c                PD_Meas_Comp_Ref
                0x1ffffd34                u8_Tunnel_Detect_pre_flg
                0x1ffffd35                u8_RLS_StopMsureFlg
                0x1ffffd36                u8_Rain_SensitivityPre
                0x1ffffd37                u8_Wipe_Automatic_On_Flg
                0x1ffffd38                u8_cnt_choose_pre
                0x1ffffd39                u8_AmbientTemp
                0x1ffffd3c                u16_Dt_PD
                0x1ffffd44                Lin_BCM2_Frame
                0x1ffffd46                u8_LightMode
                0x1ffffd47                u8_IntSpeedCnt
                0x1ffffd48                MLX75308_A_Adc
                0x1ffffd49                u8_low_enter_high_timer
                0x1ffffd4c                u16_Solar_r_value_raw
                0x1ffffd50                u8_wakeup_bcm_1500ms_cnt
                0x1ffffd51                u8_Brightness_IR_Right
                0x1ffffd54                Brightness_Light_Percentage
                0x1ffffd58                u16_PDA_Wmax
                0x1ffffd5c                App_Rls_Error
                0x1ffffd64                u16_fw_buffer
                0x1ffffd78                Mcu_wakeup_state
                0x1ffffd79                u8_Rain_SensitivityLowValue
                0x1ffffd7a                Rain_Sensitivity
                0x1ffffd7b                u8_Rain_Invalid_Cnt
                0x1ffffd7c                MLX75308_B_Gain
                0x1ffffd7d                u8_Tunnel_Detect_flg
                0x1ffffd7e                u8_Solar_l_value
                0x1ffffd80                u16_Ref_Adc_A
                0x1ffffd84                u8_IntSpeedFlg
                0x1ffffd88                u16_Delta_DC_bre_A
                0x1ffffd8c                u16_Save_DC_aft_A
                0x1ffffd90                u8_EnterLowSpeedCnt
                0x1ffffd91                u8_Int_Time
                0x1ffffd94                u16_PDB_Wmax
                0x1ffffd98                PD_Meas_Comp_Ref_Pre
                0x1ffffda0                u8_Vehicle_State_Pre
                0x1ffffda1                u8_polling_mode_enter
                0x1ffffda2                u8_ClearEnternIntSpeedCnt
                0x1ffffda3                u8_low_voltage_cnt
                0x1ffffda4                u8_Wipe_Automatic_On_Pre
                0x1ffffda8                u16_Solar_l_value_raw_temp
                0x1ffffdac                u8_HighSpeedHoldCnt
                0x1ffffdad                u8_high_voltage_cnt
                0x1ffffdae                u8_ExitLowSpeedCnt
                0x1ffffdb0                u16_Battery_Volt
                0x1ffffdb4                u8_LightOnTimer
                0x1ffffdb5                u8_hud_value
                0x1ffffdb6                u8_wakeup_bcm_timer
                0x1ffffdb8                u16_Ref_Adc_B
                0x1ffffdbc                u16_Solar_r_value_raw_temp
                0x1ffffdc0                u8_auto_roof_rain_measure_sleep_flg
                0x1ffffdc1                u8_WiperSpeed_Expert
                0x1ffffdc4                u8_RainIntensityPre
                0x1ffffdc6                u8_Int_Time_pre
                0x1ffffdc7                u8_Splash_cnt
                0x1ffffdc8                u16_DC_Comp_Value
                0x1ffffdd0                u8_RainIntensity
                0x1ffffdd2                u8_Cmd_Execution
                0x1ffffdd4                u16_Save_DC_bre_B
                0x1ffffdd8                u8_wakeup_timer
                0x1ffffdd9                u8_rain_detect_flg
                0x1ffffddc                u8_PD_State
                0x1ffffde0                MLX75308_RxFrame
                0x1ffffe10                Light_off_cnt
                0x1ffffe12                u8_wakeup_bcm_1500ms_flg
                0x1ffffe13                u8_Wiper_StatePre_Int
                0x1ffffe14                u16_DC_comp_value
                0x1ffffe18                u8_LightOnReason
                0x1ffffe1c                u32_light_value
                0x1ffffe20                u16_PD_Win_Max
                0x1ffffe28                u8_twilight_on_req
                0x1ffffe29                u8_Sleep_16h_flg
                0x1ffffe2a                u8_Rain_Valid
                0x1ffffe2b                u8_RainIntensity_Max
                0x1ffffe2c                u16_ExitLowSpeedTimer
                0x1ffffe30                u8_Wiper_StatePre_Int_Cnt
                0x1ffffe31                u8_enter_period_flg
                0x1ffffe32                u8_ls_error_cnt
                0x1ffffe33                u8_cnt_choose
                0x1ffffe34                u16_Save_DC_aft_B
                0x1ffffe38                u8_Vehicle_State
                0x1ffffe39                u8_IntSpeedEnterCnt
                0x1ffffe3a                u8_Battery_High_Cnt
                0x1ffffe3c                Lin_BCM1_Frame
                0x1ffffe44                Brightness_Infrared_Percentage
                0x1ffffe45                u8_RainDayGlobalCloseCmd
                0x1ffffe46                u8_RTC_10S_Flg
                0x1ffffe48                PD_WIN_AVG
                0x1ffffe78                DC_WIN_BUFF
                0x1fffff18                u8_Brightness_IR
                0x1fffff19                u8_Int_Cnt
                0x1fffff1c                u16_Globle_Close_1min_cnt
                0x1fffff20                u8_Automatic_On_Cnt
                0x1fffff21                u8_wakeup_bcm_1min_flg
                0x1fffff22                u8_Solar_r_value
                0x1fffff23                MLX75308_B_Adc
                0x1fffff24                u16_Pd_Measure_Value
                0x1fffff28                u8_Rain_Sensitivity
                0x1fffff2c                u16_IntWindow_Cnt
                0x1fffff30                u8_Rain_Flg
                0x1fffff31                u8_Battery_status
                0x1fffff34                u16_wakeup_16h_cnt
                0x1fffff38                u8_Juge_Rain_Cnt
                0x1fffff3a                u8_IntDelayTimer
                0x1fffff3b                u8_wakeup_bcm_1500ms_timer
                0x1fffff3c                u16_Delta_DC_aft_A
                0x1fffff40                u8_hud_factor
                0x1fffff44                u16_RainWindow_Cnt
                0x1fffff48                u8_WiperSpeed
                0x1fffff49                u8_rain_state_exit_polling_flg
                0x1fffff4a                u8_twilight_on_invent_req
                0x1fffff4b                MLX75308_A_Gain
                0x1fffff4c                RLS_RunMode
                0x1fffff50                u16_Brightness_FW
                0x1fffff54                u16_Solar_l_value_raw
                0x1fffff58                u8_Wiper_State
                0x1fffff59                u8_MeasureSureTime
                0x1fffff5a                u8_lin_cmd_sleep
                0x1fffff5b                u8_SensitivityUpCnt
                0x1fffff5c                u16_solar_buffer
                0x1fffff9c                u8_Rain_Value
                0x1fffff9d                u8_SensitivityUpFlg
                0x1fffff9e                u8_LowSpeedCnt
                0x1fffffa0                u16_DC_checkValue
 COMMON         0x1fffffa4       0xa6 ./Sources/lin_cfg/lin_cfg.o
                0x1fffffa4                tl_rx_msg_status
                0x1fffffa5                tl_ld_error_code
                0x1fffffa6                tl_receive_msg_status
                0x1fffffa8                tl_check_timeout
                0x1fffffac                tl_rx_queue_data
                0x1fffffdc                tl_frame_counter
                0x1fffffe0                tl_tx_queue_data
                0x20000010                tl_tx_msg_size
                0x20000012                tl_last_cfg_result
                0x20000013                tl_tx_msg_status
                0x20000014                tl_last_RSID
                0x20000015                lin_successful_transfer
                0x20000016                tl_rx_msg_index
                0x20000018                tl_no_of_pdu
                0x2000001c                lin_diag_signal_tbl
                0x2000002c                lin_goto_sleep_flg
                0x2000002e                tl_rx_msg_size
                0x20000030                lin_word_status
                0x20000032                tl_tx_msg_index
                0x20000034                tl_check_timeout_type
                0x20000035                lin_current_pid
                0x20000038                tl_ident_data
                0x2000003c                lin_error_in_response
                0x20000040                lin_lld_response_buffer
                0x2000004c                . = ALIGN (0x4)
 *fill*         0x2000004a        0x2 00
                0x2000004c                __END_BSS = .
                0x2000004c                PROVIDE (__bss_end__, __END_BSS)
                0x0000bc1c                _romp_at = (___ROM_AT + SIZEOF (.data))

.romp           0x2000004c       0x18 load address 0x0000bc1c
                0x0000bc1c                __S_romp = _romp_at
                0x2000004c        0x4 LONG 0xbbc8 ___ROM_AT
                0x20000050        0x4 LONG 0x1ffffc00 _sdata
                0x20000054        0x4 LONG 0x54 ___data_size
                0x20000058        0x4 LONG 0x0
                0x2000005c        0x4 LONG 0x0
                0x20000060        0x4 LONG 0x0

._user_heap_stack
                0x20000064      0x200 load address 0x0000bc34
                0x20000064                . = ALIGN (0x4)
                0x20000064                PROVIDE (end, .)
                0x20000064                PROVIDE (_end, .)
                0x20000064                __heap_addr = .
                0x20000164                . = (. + __heap_size)
 *fill*         0x20000064      0x100 00
                0x20000264                . = (. + __stack_size)
 *fill*         0x20000164      0x100 00
                0x20000264                . = ALIGN (0x4)

.ARM.attributes
                0x00000000       0x31
 *(.ARM.attributes)
 .ARM.attributes
                0x00000000       0x31 ./Project_Settings/Startup_Code/kinetis_sysinit.o
 .ARM.attributes
                0x00000031       0x31 ./Project_Settings/Startup_Code/__arm_start.o
 .ARM.attributes
                0x00000062       0x31 ./Project_Settings/Startup_Code/__arm_end.o
 .ARM.attributes
                0x00000093       0x31 ./Sources/LIN_Stack/bsp/UART/lin_lld_uart.o
 .ARM.attributes
                0x000000c4       0x31 ./Sources/LIN_Stack/bsp/UART/lin_lld_timesrv.o
 .ARM.attributes
                0x000000f5       0x31 ./Sources/LIN_Stack/bsp/UART/lin_isr.o
 .ARM.attributes
                0x00000126       0x31 ./Sources/LIN_Stack/coreapi/lin_lin21_proto.o
 .ARM.attributes
                0x00000157       0x31 ./Sources/LIN_Stack/coreapi/lin_common_proto.o
 .ARM.attributes
                0x00000188       0x31 ./Sources/LIN_Stack/coreapi/lin_common_api.o
 .ARM.attributes
                0x000001b9       0x31 ./Sources/LIN_Stack/diagnostic/lin_diagnostic_service.o
 .ARM.attributes
                0x000001ea       0x31 ./Sources/LIN_Stack/lowlevel/lin.o
 .ARM.attributes
                0x0000021b       0x31 ./Sources/LIN_Stack/transport/lin_lin21tl_api.o
 .ARM.attributes
                0x0000024c       0x31 ./Sources/LIN_Stack/transport/lin_commontl_proto.o
 .ARM.attributes
                0x0000027d       0x31 ./Sources/LIN_Stack/transport/lin_commontl_api.o
 .ARM.attributes
                0x000002ae       0x31 ./Sources/LIN_app/lin_app.o
 .ARM.attributes
                0x000002df       0x31 ./Sources/RLS_app/rls_app.o
 .ARM.attributes
                0x00000310       0x31 ./Sources/config_parameter/config_parameter.o
 .ARM.attributes
                0x00000341       0x31 ./Sources/driver/SPI/spi.o
 .ARM.attributes
                0x00000372       0x31 ./Sources/driver/adc/adc.o
 .ARM.attributes
                0x000003a3       0x31 ./Sources/driver/clock/clock.o
 .ARM.attributes
                0x000003d4       0x31 ./Sources/driver/eeprom/eeprom.o
 .ARM.attributes
                0x00000405       0x31 ./Sources/driver/ftm/ftm.o
 .ARM.attributes
                0x00000436       0x31 ./Sources/driver/gpio/gpio.o
 .ARM.attributes
                0x00000467       0x31 ./Sources/driver/pmc/pmc.o
 .ARM.attributes
                0x00000498       0x31 ./Sources/driver/rtc/rtc.o
 .ARM.attributes
                0x000004c9       0x31 ./Sources/driver/watchdog/watchdog.o
 .ARM.attributes
                0x000004fa       0x31 ./Sources/lin_cfg/lin_cfg.o
 .ARM.attributes
                0x0000052b       0x31 ./Sources/main.o
 .ARM.attributes
                0x0000055c       0x31 D:/CW11.0/CW MCU v11.0/MCU/ARM_GCC_Support/ewl/lib/armv6-m\libc.a(exit.o)
 .ARM.attributes
                0x0000058d       0x31 D:/CW11.0/CW MCU v11.0/MCU/ARM_GCC_Support/ewl/lib/armv6-m\libc.a(memset.o)
 .ARM.attributes
                0x000005be       0x31 D:/CW11.0/CW MCU v11.0/MCU/ARM_GCC_Support/ewl/lib/armv6-m\libc.a(__filll_mem.o)
 .ARM.attributes
                0x000005ef       0x1e d:/cw11.0/cw mcu v11.0/cross_tools/arm-none-eabi-gcc-4_7_3/bin/../lib/gcc/arm-none-eabi/4.7.3/armv6-m\libgcc.a(_udivsi3.o)
 .ARM.attributes
                0x0000060d       0x1e d:/cw11.0/cw mcu v11.0/cross_tools/arm-none-eabi-gcc-4_7_3/bin/../lib/gcc/arm-none-eabi/4.7.3/armv6-m\libgcc.a(_divsi3.o)
 .ARM.attributes
                0x0000062b       0x1e d:/cw11.0/cw mcu v11.0/cross_tools/arm-none-eabi-gcc-4_7_3/bin/../lib/gcc/arm-none-eabi/4.7.3/armv6-m\libgcc.a(_dvmd_tls.o)
 .ARM.attributes
                0x00000649       0x2c d:/cw11.0/cw mcu v11.0/cross_tools/arm-none-eabi-gcc-4_7_3/bin/../lib/gcc/arm-none-eabi/4.7.3/armv6-m\libgcc.a(_fixunsdfsi.o)
 .ARM.attributes
                0x00000675       0x2c d:/cw11.0/cw mcu v11.0/cross_tools/arm-none-eabi-gcc-4_7_3/bin/../lib/gcc/arm-none-eabi/4.7.3/armv6-m\libgcc.a(adddf3.o)
 .ARM.attributes
                0x000006a1       0x2c d:/cw11.0/cw mcu v11.0/cross_tools/arm-none-eabi-gcc-4_7_3/bin/../lib/gcc/arm-none-eabi/4.7.3/armv6-m\libgcc.a(subdf3.o)
 .ARM.attributes
                0x000006cd       0x2c d:/cw11.0/cw mcu v11.0/cross_tools/arm-none-eabi-gcc-4_7_3/bin/../lib/gcc/arm-none-eabi/4.7.3/armv6-m\libgcc.a(fixdfsi.o)
 .ARM.attributes
                0x000006f9       0x2c d:/cw11.0/cw mcu v11.0/cross_tools/arm-none-eabi-gcc-4_7_3/bin/../lib/gcc/arm-none-eabi/4.7.3/armv6-m\libgcc.a(floatunsidf.o)
 .ARM.attributes
                0x00000725       0x1e d:/cw11.0/cw mcu v11.0/cross_tools/arm-none-eabi-gcc-4_7_3/bin/../lib/gcc/arm-none-eabi/4.7.3/armv6-m\libgcc.a(_arm_cmpdf2.o)
 .ARM.attributes
                0x00000743       0x1e d:/cw11.0/cw mcu v11.0/cross_tools/arm-none-eabi-gcc-4_7_3/bin/../lib/gcc/arm-none-eabi/4.7.3/armv6-m\libgcc.a(_clzsi2.o)
 .ARM.attributes
                0x00000761       0x2c d:/cw11.0/cw mcu v11.0/cross_tools/arm-none-eabi-gcc-4_7_3/bin/../lib/gcc/arm-none-eabi/4.7.3/armv6-m\libgcc.a(eqdf2.o)
 .ARM.attributes
                0x0000078d       0x2c d:/cw11.0/cw mcu v11.0/cross_tools/arm-none-eabi-gcc-4_7_3/bin/../lib/gcc/arm-none-eabi/4.7.3/armv6-m\libgcc.a(gedf2.o)
 .ARM.attributes
                0x000007b9       0x2c d:/cw11.0/cw mcu v11.0/cross_tools/arm-none-eabi-gcc-4_7_3/bin/../lib/gcc/arm-none-eabi/4.7.3/armv6-m\libgcc.a(ledf2.o)
 .ARM.attributes
                0x000007e5       0x31 D:/CW11.0/CW MCU v11.0/MCU/ARM_GCC_Support/ewl/lib/armv6-m\librt.a(gcc_ctor_dtor.o)
 .ARM.attributes
                0x00000816       0x31 D:/CW11.0/CW MCU v11.0/MCU/ARM_GCC_Support/ewl/lib/armv6-m\librt.a(__arm_eabi_init.o)
 .ARM.attributes
                0x00000847       0x31 D:/CW11.0/CW MCU v11.0/MCU/ARM_GCC_Support/ewl/lib/armv6-m\librt.a(ROMCopy.o)
OUTPUT(RLS.elf elf32-littlearm)

.debug_info     0x00000000     0xa97b
 .debug_info    0x00000000      0x387 ./Project_Settings/Startup_Code/kinetis_sysinit.o
 .debug_info    0x00000387      0x12a ./Project_Settings/Startup_Code/__arm_start.o
 .debug_info    0x000004b1       0x54 ./Project_Settings/Startup_Code/__arm_end.o
 .debug_info    0x00000505      0xe1b ./Sources/LIN_Stack/bsp/UART/lin_lld_uart.o
 .debug_info    0x00001320      0x53d ./Sources/LIN_Stack/bsp/UART/lin_lld_timesrv.o
 .debug_info    0x0000185d      0x2a7 ./Sources/LIN_Stack/bsp/UART/lin_isr.o
 .debug_info    0x00001b04      0x375 ./Sources/LIN_Stack/coreapi/lin_lin21_proto.o
 .debug_info    0x00001e79      0x858 ./Sources/LIN_Stack/coreapi/lin_common_proto.o
 .debug_info    0x000026d1      0x33b ./Sources/LIN_Stack/coreapi/lin_common_api.o
 .debug_info    0x00002a0c      0x4f5 ./Sources/LIN_Stack/diagnostic/lin_diagnostic_service.o
 .debug_info    0x00002f01      0x37c ./Sources/LIN_Stack/lowlevel/lin.o
 .debug_info    0x0000327d       0xe9 ./Sources/LIN_Stack/transport/lin_lin21tl_api.o
 .debug_info    0x00003366      0x878 ./Sources/LIN_Stack/transport/lin_commontl_proto.o
 .debug_info    0x00003bde      0x68a ./Sources/LIN_Stack/transport/lin_commontl_api.o
 .debug_info    0x00004268      0x87d ./Sources/LIN_app/lin_app.o
 .debug_info    0x00004ae5     0x1f5e ./Sources/RLS_app/rls_app.o
 .debug_info    0x00006a43      0xbf8 ./Sources/config_parameter/config_parameter.o
 .debug_info    0x0000763b      0x67a ./Sources/driver/SPI/spi.o
 .debug_info    0x00007cb5      0x26c ./Sources/driver/adc/adc.o
 .debug_info    0x00007f21      0x17c ./Sources/driver/clock/clock.o
 .debug_info    0x0000809d      0x430 ./Sources/driver/eeprom/eeprom.o
 .debug_info    0x000084cd      0x655 ./Sources/driver/ftm/ftm.o
 .debug_info    0x00008b22      0x2d9 ./Sources/driver/gpio/gpio.o
 .debug_info    0x00008dfb       0xec ./Sources/driver/pmc/pmc.o
 .debug_info    0x00008ee7      0x3f7 ./Sources/driver/rtc/rtc.o
 .debug_info    0x000092de      0x264 ./Sources/driver/watchdog/watchdog.o
 .debug_info    0x00009542      0x9e7 ./Sources/lin_cfg/lin_cfg.o
 .debug_info    0x00009f29      0x1bd ./Sources/main.o
 .debug_info    0x0000a0e6       0xe8 D:/CW11.0/CW MCU v11.0/MCU/ARM_GCC_Support/ewl/lib/armv6-m\libc.a(exit.o)
 .debug_info    0x0000a1ce       0xec D:/CW11.0/CW MCU v11.0/MCU/ARM_GCC_Support/ewl/lib/armv6-m\libc.a(memset.o)
 .debug_info    0x0000a2ba      0x137 D:/CW11.0/CW MCU v11.0/MCU/ARM_GCC_Support/ewl/lib/armv6-m\libc.a(__filll_mem.o)
 .debug_info    0x0000a3f1      0x136 D:/CW11.0/CW MCU v11.0/MCU/ARM_GCC_Support/ewl/lib/armv6-m\librt.a(gcc_ctor_dtor.o)
 .debug_info    0x0000a527      0x2b9 D:/CW11.0/CW MCU v11.0/MCU/ARM_GCC_Support/ewl/lib/armv6-m\librt.a(__arm_eabi_init.o)
 .debug_info    0x0000a7e0      0x19b D:/CW11.0/CW MCU v11.0/MCU/ARM_GCC_Support/ewl/lib/armv6-m\librt.a(ROMCopy.o)

.debug_abbrev   0x00000000     0x244f
 .debug_abbrev  0x00000000      0x133 ./Project_Settings/Startup_Code/kinetis_sysinit.o
 .debug_abbrev  0x00000133       0x92 ./Project_Settings/Startup_Code/__arm_start.o
 .debug_abbrev  0x000001c5       0x4c ./Project_Settings/Startup_Code/__arm_end.o
 .debug_abbrev  0x00000211      0x26d ./Sources/LIN_Stack/bsp/UART/lin_lld_uart.o
 .debug_abbrev  0x0000047e       0xe1 ./Sources/LIN_Stack/bsp/UART/lin_lld_timesrv.o
 .debug_abbrev  0x0000055f       0xb1 ./Sources/LIN_Stack/bsp/UART/lin_isr.o
 .debug_abbrev  0x00000610      0x11a ./Sources/LIN_Stack/coreapi/lin_lin21_proto.o
 .debug_abbrev  0x0000072a      0x199 ./Sources/LIN_Stack/coreapi/lin_common_proto.o
 .debug_abbrev  0x000008c3      0x119 ./Sources/LIN_Stack/coreapi/lin_common_api.o
 .debug_abbrev  0x000009dc      0x195 ./Sources/LIN_Stack/diagnostic/lin_diagnostic_service.o
 .debug_abbrev  0x00000b71      0x112 ./Sources/LIN_Stack/lowlevel/lin.o
 .debug_abbrev  0x00000c83       0x97 ./Sources/LIN_Stack/transport/lin_lin21tl_api.o
 .debug_abbrev  0x00000d1a      0x1ae ./Sources/LIN_Stack/transport/lin_commontl_proto.o
 .debug_abbrev  0x00000ec8      0x141 ./Sources/LIN_Stack/transport/lin_commontl_api.o
 .debug_abbrev  0x00001009      0x18d ./Sources/LIN_app/lin_app.o
 .debug_abbrev  0x00001196      0x217 ./Sources/RLS_app/rls_app.o
 .debug_abbrev  0x000013ad      0x11a ./Sources/config_parameter/config_parameter.o
 .debug_abbrev  0x000014c7      0x1c8 ./Sources/driver/SPI/spi.o
 .debug_abbrev  0x0000168f      0x11f ./Sources/driver/adc/adc.o
 .debug_abbrev  0x000017ae       0xcf ./Sources/driver/clock/clock.o
 .debug_abbrev  0x0000187d      0x132 ./Sources/driver/eeprom/eeprom.o
 .debug_abbrev  0x000019af      0x105 ./Sources/driver/ftm/ftm.o
 .debug_abbrev  0x00001ab4       0x9d ./Sources/driver/gpio/gpio.o
 .debug_abbrev  0x00001b51       0x94 ./Sources/driver/pmc/pmc.o
 .debug_abbrev  0x00001be5       0xe5 ./Sources/driver/rtc/rtc.o
 .debug_abbrev  0x00001cca       0xf7 ./Sources/driver/watchdog/watchdog.o
 .debug_abbrev  0x00001dc1      0x138 ./Sources/lin_cfg/lin_cfg.o
 .debug_abbrev  0x00001ef9       0x96 ./Sources/main.o
 .debug_abbrev  0x00001f8f       0x7a D:/CW11.0/CW MCU v11.0/MCU/ARM_GCC_Support/ewl/lib/armv6-m\libc.a(exit.o)
 .debug_abbrev  0x00002009       0x62 D:/CW11.0/CW MCU v11.0/MCU/ARM_GCC_Support/ewl/lib/armv6-m\libc.a(memset.o)
 .debug_abbrev  0x0000206b       0x78 D:/CW11.0/CW MCU v11.0/MCU/ARM_GCC_Support/ewl/lib/armv6-m\libc.a(__filll_mem.o)
 .debug_abbrev  0x000020e3       0x99 D:/CW11.0/CW MCU v11.0/MCU/ARM_GCC_Support/ewl/lib/armv6-m\librt.a(gcc_ctor_dtor.o)
 .debug_abbrev  0x0000217c      0x1b3 D:/CW11.0/CW MCU v11.0/MCU/ARM_GCC_Support/ewl/lib/armv6-m\librt.a(__arm_eabi_init.o)
 .debug_abbrev  0x0000232f      0x120 D:/CW11.0/CW MCU v11.0/MCU/ARM_GCC_Support/ewl/lib/armv6-m\librt.a(ROMCopy.o)

.debug_loc      0x00000000     0x263a
 .debug_loc     0x00000000       0x58 ./Project_Settings/Startup_Code/kinetis_sysinit.o
 .debug_loc     0x00000058       0x2c ./Project_Settings/Startup_Code/__arm_start.o
 .debug_loc     0x00000084       0x38 ./Project_Settings/Startup_Code/__arm_end.o
 .debug_loc     0x000000bc      0x298 ./Sources/LIN_Stack/bsp/UART/lin_lld_uart.o
 .debug_loc     0x00000354       0x58 ./Sources/LIN_Stack/bsp/UART/lin_lld_timesrv.o
 .debug_loc     0x000003ac       0x58 ./Sources/LIN_Stack/bsp/UART/lin_isr.o
 .debug_loc     0x00000404       0xa8 ./Sources/LIN_Stack/coreapi/lin_lin21_proto.o
 .debug_loc     0x000004ac      0x250 ./Sources/LIN_Stack/coreapi/lin_common_proto.o
 .debug_loc     0x000006fc      0x224 ./Sources/LIN_Stack/coreapi/lin_common_api.o
 .debug_loc     0x00000920      0x1b4 ./Sources/LIN_Stack/diagnostic/lin_diagnostic_service.o
 .debug_loc     0x00000ad4      0x334 ./Sources/LIN_Stack/lowlevel/lin.o
 .debug_loc     0x00000e08       0x70 ./Sources/LIN_Stack/transport/lin_lin21tl_api.o
 .debug_loc     0x00000e78      0x18a ./Sources/LIN_Stack/transport/lin_commontl_proto.o
 .debug_loc     0x00001002      0x22c ./Sources/LIN_Stack/transport/lin_commontl_api.o
 .debug_loc     0x0000122e       0xf4 ./Sources/LIN_app/lin_app.o
 .debug_loc     0x00001322      0x6b0 ./Sources/RLS_app/rls_app.o
 .debug_loc     0x000019d2       0x38 ./Sources/config_parameter/config_parameter.o
 .debug_loc     0x00001a0a      0x1ec ./Sources/driver/SPI/spi.o
 .debug_loc     0x00001bf6       0x9c ./Sources/driver/adc/adc.o
 .debug_loc     0x00001c92       0x9c ./Sources/driver/clock/clock.o
 .debug_loc     0x00001d2e      0x150 ./Sources/driver/eeprom/eeprom.o
 .debug_loc     0x00001e7e       0x58 ./Sources/driver/ftm/ftm.o
 .debug_loc     0x00001ed6       0x2c ./Sources/driver/gpio/gpio.o
 .debug_loc     0x00001f02       0x38 ./Sources/driver/pmc/pmc.o
 .debug_loc     0x00001f3a       0xb0 ./Sources/driver/rtc/rtc.o
 .debug_loc     0x00001fea       0xe8 ./Sources/driver/watchdog/watchdog.o
 .debug_loc     0x000020d2       0x38 ./Sources/lin_cfg/lin_cfg.o
 .debug_loc     0x0000210a       0x2c ./Sources/main.o
 .debug_loc     0x00002136       0x3e D:/CW11.0/CW MCU v11.0/MCU/ARM_GCC_Support/ewl/lib/armv6-m\libc.a(exit.o)
 .debug_loc     0x00002174       0x6f D:/CW11.0/CW MCU v11.0/MCU/ARM_GCC_Support/ewl/lib/armv6-m\libc.a(memset.o)
 .debug_loc     0x000021e3      0x14a D:/CW11.0/CW MCU v11.0/MCU/ARM_GCC_Support/ewl/lib/armv6-m\libc.a(__filll_mem.o)
 .debug_loc     0x0000232d       0x9d D:/CW11.0/CW MCU v11.0/MCU/ARM_GCC_Support/ewl/lib/armv6-m\librt.a(gcc_ctor_dtor.o)
 .debug_loc     0x000023ca      0x197 D:/CW11.0/CW MCU v11.0/MCU/ARM_GCC_Support/ewl/lib/armv6-m\librt.a(__arm_eabi_init.o)
 .debug_loc     0x00002561       0xd9 D:/CW11.0/CW MCU v11.0/MCU/ARM_GCC_Support/ewl/lib/armv6-m\librt.a(ROMCopy.o)

.debug_aranges  0x00000000      0x8f8
 .debug_aranges
                0x00000000       0x28 ./Project_Settings/Startup_Code/kinetis_sysinit.o
 .debug_aranges
                0x00000028       0x30 ./Project_Settings/Startup_Code/__arm_start.o
 .debug_aranges
                0x00000058       0x20 ./Project_Settings/Startup_Code/__arm_end.o
 .debug_aranges
                0x00000078       0x88 ./Sources/LIN_Stack/bsp/UART/lin_lld_uart.o
 .debug_aranges
                0x00000100       0x28 ./Sources/LIN_Stack/bsp/UART/lin_lld_timesrv.o
 .debug_aranges
                0x00000128       0x28 ./Sources/LIN_Stack/bsp/UART/lin_isr.o
 .debug_aranges
                0x00000150       0x30 ./Sources/LIN_Stack/coreapi/lin_lin21_proto.o
 .debug_aranges
                0x00000180       0x70 ./Sources/LIN_Stack/coreapi/lin_common_proto.o
 .debug_aranges
                0x000001f0       0x68 ./Sources/LIN_Stack/coreapi/lin_common_api.o
 .debug_aranges
                0x00000258       0x58 ./Sources/LIN_Stack/diagnostic/lin_diagnostic_service.o
 .debug_aranges
                0x000002b0       0xa0 ./Sources/LIN_Stack/lowlevel/lin.o
 .debug_aranges
                0x00000350       0x28 ./Sources/LIN_Stack/transport/lin_lin21tl_api.o
 .debug_aranges
                0x00000378       0x50 ./Sources/LIN_Stack/transport/lin_commontl_proto.o
 .debug_aranges
                0x000003c8       0x70 ./Sources/LIN_Stack/transport/lin_commontl_api.o
 .debug_aranges
                0x00000438       0x40 ./Sources/LIN_app/lin_app.o
 .debug_aranges
                0x00000478      0x128 ./Sources/RLS_app/rls_app.o
 .debug_aranges
                0x000005a0       0x20 ./Sources/config_parameter/config_parameter.o
 .debug_aranges
                0x000005c0       0x60 ./Sources/driver/SPI/spi.o
 .debug_aranges
                0x00000620       0x30 ./Sources/driver/adc/adc.o
 .debug_aranges
                0x00000650       0x30 ./Sources/driver/clock/clock.o
 .debug_aranges
                0x00000680       0x48 ./Sources/driver/eeprom/eeprom.o
 .debug_aranges
                0x000006c8       0x28 ./Sources/driver/ftm/ftm.o
 .debug_aranges
                0x000006f0       0x20 ./Sources/driver/gpio/gpio.o
 .debug_aranges
                0x00000710       0x20 ./Sources/driver/pmc/pmc.o
 .debug_aranges
                0x00000730       0x38 ./Sources/driver/rtc/rtc.o
 .debug_aranges
                0x00000768       0x40 ./Sources/driver/watchdog/watchdog.o
 .debug_aranges
                0x000007a8       0x20 ./Sources/lin_cfg/lin_cfg.o
 .debug_aranges
                0x000007c8       0x20 ./Sources/main.o
 .debug_aranges
                0x000007e8       0x20 D:/CW11.0/CW MCU v11.0/MCU/ARM_GCC_Support/ewl/lib/armv6-m\libc.a(exit.o)
 .debug_aranges
                0x00000808       0x20 D:/CW11.0/CW MCU v11.0/MCU/ARM_GCC_Support/ewl/lib/armv6-m\libc.a(memset.o)
 .debug_aranges
                0x00000828       0x20 D:/CW11.0/CW MCU v11.0/MCU/ARM_GCC_Support/ewl/lib/armv6-m\libc.a(__filll_mem.o)
 .debug_aranges
                0x00000848       0x28 D:/CW11.0/CW MCU v11.0/MCU/ARM_GCC_Support/ewl/lib/armv6-m\librt.a(gcc_ctor_dtor.o)
 .debug_aranges
                0x00000870       0x58 D:/CW11.0/CW MCU v11.0/MCU/ARM_GCC_Support/ewl/lib/armv6-m\librt.a(__arm_eabi_init.o)
 .debug_aranges
                0x000008c8       0x30 D:/CW11.0/CW MCU v11.0/MCU/ARM_GCC_Support/ewl/lib/armv6-m\librt.a(ROMCopy.o)

.debug_macinfo  0x00000000   0x3731a2
 .debug_macinfo
                0x00000000    0x1a1ab ./Project_Settings/Startup_Code/kinetis_sysinit.o
 .debug_macinfo
                0x0001a1ab     0x3e6d ./Project_Settings/Startup_Code/__arm_start.o
 .debug_macinfo
                0x0001e018     0x3456 ./Project_Settings/Startup_Code/__arm_end.o
 .debug_macinfo
                0x0002146e    0x2580a ./Sources/LIN_Stack/bsp/UART/lin_lld_uart.o
 .debug_macinfo
                0x00046c78    0x2507e ./Sources/LIN_Stack/bsp/UART/lin_lld_timesrv.o
 .debug_macinfo
                0x0006bcf6    0x2558c ./Sources/LIN_Stack/bsp/UART/lin_isr.o
 .debug_macinfo
                0x00091282    0x24fa5 ./Sources/LIN_Stack/coreapi/lin_lin21_proto.o
 .debug_macinfo
                0x000b6227    0x25436 ./Sources/LIN_Stack/coreapi/lin_common_proto.o
 .debug_macinfo
                0x000db65d    0x24fa4 ./Sources/LIN_Stack/coreapi/lin_common_api.o
 .debug_macinfo
                0x00100601    0x25f55 ./Sources/LIN_Stack/diagnostic/lin_diagnostic_service.o
 .debug_macinfo
                0x00126556    0x2502b ./Sources/LIN_Stack/lowlevel/lin.o
 .debug_macinfo
                0x0014b581    0x24f4e ./Sources/LIN_Stack/transport/lin_lin21tl_api.o
 .debug_macinfo
                0x001704cf    0x263c9 ./Sources/LIN_Stack/transport/lin_commontl_proto.o
 .debug_macinfo
                0x00196898    0x253e9 ./Sources/LIN_Stack/transport/lin_commontl_api.o
 .debug_macinfo
                0x001bbc81    0x25ac6 ./Sources/LIN_app/lin_app.o
 .debug_macinfo
                0x001e1747    0x2644f ./Sources/RLS_app/rls_app.o
 .debug_macinfo
                0x00207b96    0x25b2c ./Sources/config_parameter/config_parameter.o
 .debug_macinfo
                0x0022d6c2    0x25f3a ./Sources/driver/SPI/spi.o
 .debug_macinfo
                0x002535fc    0x1a6f3 ./Sources/driver/adc/adc.o
 .debug_macinfo
                0x0026dcef    0x1a70a ./Sources/driver/clock/clock.o
 .debug_macinfo
                0x002883f9    0x1ab9f ./Sources/driver/eeprom/eeprom.o
 .debug_macinfo
                0x002a2f98    0x1a87d ./Sources/driver/ftm/ftm.o
 .debug_macinfo
                0x002bd815    0x1aba8 ./Sources/driver/gpio/gpio.o
 .debug_macinfo
                0x002d83bd    0x1a6f2 ./Sources/driver/pmc/pmc.o
 .debug_macinfo
                0x002f2aaf    0x1a8f8 ./Sources/driver/rtc/rtc.o
 .debug_macinfo
                0x0030d3a7    0x1a6f7 ./Sources/driver/watchdog/watchdog.o
 .debug_macinfo
                0x00327a9e    0x24f38 ./Sources/lin_cfg/lin_cfg.o
 .debug_macinfo
                0x0034c9d6    0x267cc ./Sources/main.o

.debug_line     0x00000000     0x824a
 .debug_line    0x00000000      0x222 ./Project_Settings/Startup_Code/kinetis_sysinit.o
 .debug_line    0x00000222      0x29e ./Project_Settings/Startup_Code/__arm_start.o
 .debug_line    0x000004c0      0x25a ./Project_Settings/Startup_Code/__arm_end.o
 .debug_line    0x0000071a      0x6cb ./Sources/LIN_Stack/bsp/UART/lin_lld_uart.o
 .debug_line    0x00000de5      0x3ab ./Sources/LIN_Stack/bsp/UART/lin_lld_timesrv.o
 .debug_line    0x00001190      0x3ef ./Sources/LIN_Stack/bsp/UART/lin_isr.o
 .debug_line    0x0000157f      0x3a1 ./Sources/LIN_Stack/coreapi/lin_lin21_proto.o
 .debug_line    0x00001920      0x519 ./Sources/LIN_Stack/coreapi/lin_common_proto.o
 .debug_line    0x00001e39      0x416 ./Sources/LIN_Stack/coreapi/lin_common_api.o
 .debug_line    0x0000224f      0x5cb ./Sources/LIN_Stack/diagnostic/lin_diagnostic_service.o
 .debug_line    0x0000281a      0x485 ./Sources/LIN_Stack/lowlevel/lin.o
 .debug_line    0x00002c9f      0x372 ./Sources/LIN_Stack/transport/lin_lin21tl_api.o
 .debug_line    0x00003011      0x811 ./Sources/LIN_Stack/transport/lin_commontl_proto.o
 .debug_line    0x00003822      0x4f7 ./Sources/LIN_Stack/transport/lin_commontl_api.o
 .debug_line    0x00003d19      0x54b ./Sources/LIN_app/lin_app.o
 .debug_line    0x00004264      0xefe ./Sources/RLS_app/rls_app.o
 .debug_line    0x00005162      0x53e ./Sources/config_parameter/config_parameter.o
 .debug_line    0x000056a0      0x5e7 ./Sources/driver/SPI/spi.o
 .debug_line    0x00005c87      0x27d ./Sources/driver/adc/adc.o
 .debug_line    0x00005f04      0x28c ./Sources/driver/clock/clock.o
 .debug_line    0x00006190      0x3c3 ./Sources/driver/eeprom/eeprom.o
 .debug_line    0x00006553      0x2d4 ./Sources/driver/ftm/ftm.o
 .debug_line    0x00006827      0x276 ./Sources/driver/gpio/gpio.o
 .debug_line    0x00006a9d      0x250 ./Sources/driver/pmc/pmc.o
 .debug_line    0x00006ced      0x32c ./Sources/driver/rtc/rtc.o
 .debug_line    0x00007019      0x2b4 ./Sources/driver/watchdog/watchdog.o
 .debug_line    0x000072cd      0x30b ./Sources/lin_cfg/lin_cfg.o
 .debug_line    0x000075d8      0x81f ./Sources/main.o
 .debug_line    0x00007df7       0x8d D:/CW11.0/CW MCU v11.0/MCU/ARM_GCC_Support/ewl/lib/armv6-m\libc.a(exit.o)
 .debug_line    0x00007e84       0x90 D:/CW11.0/CW MCU v11.0/MCU/ARM_GCC_Support/ewl/lib/armv6-m\libc.a(memset.o)
 .debug_line    0x00007f14       0xf6 D:/CW11.0/CW MCU v11.0/MCU/ARM_GCC_Support/ewl/lib/armv6-m\libc.a(__filll_mem.o)
 .debug_line    0x0000800a       0x6c D:/CW11.0/CW MCU v11.0/MCU/ARM_GCC_Support/ewl/lib/armv6-m\librt.a(gcc_ctor_dtor.o)
 .debug_line    0x00008076      0x117 D:/CW11.0/CW MCU v11.0/MCU/ARM_GCC_Support/ewl/lib/armv6-m\librt.a(__arm_eabi_init.o)
 .debug_line    0x0000818d       0xbd D:/CW11.0/CW MCU v11.0/MCU/ARM_GCC_Support/ewl/lib/armv6-m\librt.a(ROMCopy.o)

.debug_str      0x00000000     0x42c7
 .debug_str     0x00000000      0x242 ./Project_Settings/Startup_Code/kinetis_sysinit.o
                                0x26f (size before relaxing)
 .debug_str     0x00000242       0x85 ./Project_Settings/Startup_Code/__arm_start.o
                                0x1a3 (size before relaxing)
 .debug_str     0x000002c7       0x3a ./Project_Settings/Startup_Code/__arm_end.o
                                 0xda (size before relaxing)
 .debug_str     0x00000301      0x85f ./Sources/LIN_Stack/bsp/UART/lin_lld_uart.o
                                0xa0b (size before relaxing)
 .debug_str     0x00000b60      0x382 ./Sources/LIN_Stack/bsp/UART/lin_lld_timesrv.o
                                0x518 (size before relaxing)
 .debug_str     0x00000ee2       0x4e ./Sources/LIN_Stack/bsp/UART/lin_isr.o
                                0x230 (size before relaxing)
 .debug_str     0x00000f30      0x267 ./Sources/LIN_Stack/coreapi/lin_lin21_proto.o
                                0x3cf (size before relaxing)
 .debug_str     0x00001197      0x557 ./Sources/LIN_Stack/coreapi/lin_common_proto.o
                                0xae0 (size before relaxing)
 .debug_str     0x000016ee       0xc5 ./Sources/LIN_Stack/coreapi/lin_common_api.o
                                0x2a3 (size before relaxing)
 .debug_str     0x000017b3      0x1f2 ./Sources/LIN_Stack/diagnostic/lin_diagnostic_service.o
                                0x480 (size before relaxing)
 .debug_str     0x000019a5      0x225 ./Sources/LIN_Stack/lowlevel/lin.o
                                0x38e (size before relaxing)
 .debug_str     0x00001bca       0x71 ./Sources/LIN_Stack/transport/lin_lin21tl_api.o
                                0x182 (size before relaxing)
 .debug_str     0x00001c3b      0x26f ./Sources/LIN_Stack/transport/lin_commontl_proto.o
                                0x826 (size before relaxing)
 .debug_str     0x00001eaa      0x1c4 ./Sources/LIN_Stack/transport/lin_commontl_api.o
                                0x6b6 (size before relaxing)
 .debug_str     0x0000206e      0x28b ./Sources/LIN_app/lin_app.o
                                0x812 (size before relaxing)
 .debug_str     0x000022f9     0x1483 ./Sources/RLS_app/rls_app.o
                               0x1a1b (size before relaxing)
 .debug_str     0x0000377c       0x45 ./Sources/config_parameter/config_parameter.o
                                0xd1e (size before relaxing)
 .debug_str     0x000037c1      0x137 ./Sources/driver/SPI/spi.o
                                0x37a (size before relaxing)
 .debug_str     0x000038f8       0x6e ./Sources/driver/adc/adc.o
                                0x1f8 (size before relaxing)
 .debug_str     0x00003966       0x55 ./Sources/driver/clock/clock.o
                                0x183 (size before relaxing)
 .debug_str     0x000039bb      0x1b8 ./Sources/driver/eeprom/eeprom.o
                                0x326 (size before relaxing)
 .debug_str     0x00003b73       0xbc ./Sources/driver/ftm/ftm.o
                                0x5c9 (size before relaxing)
 .debug_str     0x00003c2f      0x108 ./Sources/driver/gpio/gpio.o
                                0x2ab (size before relaxing)
 .debug_str     0x00003d37       0x25 ./Sources/driver/pmc/pmc.o
                                0x173 (size before relaxing)
 .debug_str     0x00003d5c       0x6a ./Sources/driver/rtc/rtc.o
                                0x4c7 (size before relaxing)
 .debug_str     0x00003dc6       0x79 ./Sources/driver/watchdog/watchdog.o
                                0x204 (size before relaxing)
 .debug_str     0x00003e3f      0x108 ./Sources/lin_cfg/lin_cfg.o
                                0xc39 (size before relaxing)
 .debug_str     0x00003f47       0x17 ./Sources/main.o
                                0x1fc (size before relaxing)
 .debug_str     0x00003f5e       0x60 D:/CW11.0/CW MCU v11.0/MCU/ARM_GCC_Support/ewl/lib/armv6-m\libc.a(exit.o)
                                0x157 (size before relaxing)
 .debug_str     0x00003fbe       0x23 D:/CW11.0/CW MCU v11.0/MCU/ARM_GCC_Support/ewl/lib/armv6-m\libc.a(memset.o)
                                0x140 (size before relaxing)
 .debug_str     0x00003fe1       0x2d D:/CW11.0/CW MCU v11.0/MCU/ARM_GCC_Support/ewl/lib/armv6-m\libc.a(__filll_mem.o)
                                0x152 (size before relaxing)
 .debug_str     0x0000400e      0x126 D:/CW11.0/CW MCU v11.0/MCU/ARM_GCC_Support/ewl/lib/armv6-m\librt.a(gcc_ctor_dtor.o)
                                0x181 (size before relaxing)
 .debug_str     0x00004134       0xf8 D:/CW11.0/CW MCU v11.0/MCU/ARM_GCC_Support/ewl/lib/armv6-m\librt.a(__arm_eabi_init.o)
                                0x1b5 (size before relaxing)
 .debug_str     0x0000422c       0x9b D:/CW11.0/CW MCU v11.0/MCU/ARM_GCC_Support/ewl/lib/armv6-m\librt.a(ROMCopy.o)
                                0x13c (size before relaxing)

.comment        0x00000000       0x79
 .comment       0x00000000       0x79 ./Project_Settings/Startup_Code/kinetis_sysinit.o
                                 0x7a (size before relaxing)
 .comment       0x00000000       0x7a ./Project_Settings/Startup_Code/__arm_start.o
 .comment       0x00000000       0x7a ./Project_Settings/Startup_Code/__arm_end.o
 .comment       0x00000000       0x7a ./Sources/LIN_Stack/bsp/UART/lin_lld_uart.o
 .comment       0x00000000       0x7a ./Sources/LIN_Stack/bsp/UART/lin_lld_timesrv.o
 .comment       0x00000000       0x7a ./Sources/LIN_Stack/bsp/UART/lin_isr.o
 .comment       0x00000000       0x7a ./Sources/LIN_Stack/coreapi/lin_lin21_proto.o
 .comment       0x00000000       0x7a ./Sources/LIN_Stack/coreapi/lin_common_proto.o
 .comment       0x00000000       0x7a ./Sources/LIN_Stack/coreapi/lin_common_api.o
 .comment       0x00000000       0x7a ./Sources/LIN_Stack/diagnostic/lin_diagnostic_service.o
 .comment       0x00000000       0x7a ./Sources/LIN_Stack/lowlevel/lin.o
 .comment       0x00000000       0x7a ./Sources/LIN_Stack/transport/lin_lin21tl_api.o
 .comment       0x00000000       0x7a ./Sources/LIN_Stack/transport/lin_commontl_proto.o
 .comment       0x00000000       0x7a ./Sources/LIN_Stack/transport/lin_commontl_api.o
 .comment       0x00000000       0x7a ./Sources/LIN_app/lin_app.o
 .comment       0x00000000       0x7a ./Sources/RLS_app/rls_app.o
 .comment       0x00000000       0x7a ./Sources/config_parameter/config_parameter.o
 .comment       0x00000000       0x7a ./Sources/driver/SPI/spi.o
 .comment       0x00000000       0x7a ./Sources/driver/adc/adc.o
 .comment       0x00000000       0x7a ./Sources/driver/clock/clock.o
 .comment       0x00000000       0x7a ./Sources/driver/eeprom/eeprom.o
 .comment       0x00000000       0x7a ./Sources/driver/ftm/ftm.o
 .comment       0x00000000       0x7a ./Sources/driver/gpio/gpio.o
 .comment       0x00000000       0x7a ./Sources/driver/pmc/pmc.o
 .comment       0x00000000       0x7a ./Sources/driver/rtc/rtc.o
 .comment       0x00000000       0x7a ./Sources/driver/watchdog/watchdog.o
 .comment       0x00000000       0x7a ./Sources/lin_cfg/lin_cfg.o
 .comment       0x00000000       0x7a ./Sources/main.o
 .comment       0x00000000       0x7a D:/CW11.0/CW MCU v11.0/MCU/ARM_GCC_Support/ewl/lib/armv6-m\libc.a(exit.o)
 .comment       0x00000000       0x7a D:/CW11.0/CW MCU v11.0/MCU/ARM_GCC_Support/ewl/lib/armv6-m\libc.a(memset.o)
 .comment       0x00000000       0x7a D:/CW11.0/CW MCU v11.0/MCU/ARM_GCC_Support/ewl/lib/armv6-m\libc.a(__filll_mem.o)
 .comment       0x00000000       0x7a D:/CW11.0/CW MCU v11.0/MCU/ARM_GCC_Support/ewl/lib/armv6-m\librt.a(gcc_ctor_dtor.o)
 .comment       0x00000000       0x7a D:/CW11.0/CW MCU v11.0/MCU/ARM_GCC_Support/ewl/lib/armv6-m\librt.a(__arm_eabi_init.o)
 .comment       0x00000000       0x7a D:/CW11.0/CW MCU v11.0/MCU/ARM_GCC_Support/ewl/lib/armv6-m\librt.a(ROMCopy.o)

.debug_frame    0x00000000     0x195c
 .debug_frame   0x00000000       0x48 ./Project_Settings/Startup_Code/kinetis_sysinit.o
 .debug_frame   0x00000048       0x4c ./Project_Settings/Startup_Code/__arm_start.o
 .debug_frame   0x00000094       0x30 ./Project_Settings/Startup_Code/__arm_end.o
 .debug_frame   0x000000c4      0x1ac ./Sources/LIN_Stack/bsp/UART/lin_lld_uart.o
 .debug_frame   0x00000270       0x48 ./Sources/LIN_Stack/bsp/UART/lin_lld_timesrv.o
 .debug_frame   0x000002b8       0x4c ./Sources/LIN_Stack/bsp/UART/lin_isr.o
 .debug_frame   0x00000304       0x70 ./Sources/LIN_Stack/coreapi/lin_lin21_proto.o
 .debug_frame   0x00000374      0x168 ./Sources/LIN_Stack/coreapi/lin_common_proto.o
 .debug_frame   0x000004dc      0x14c ./Sources/LIN_Stack/coreapi/lin_common_api.o
 .debug_frame   0x00000628      0x10c ./Sources/LIN_Stack/diagnostic/lin_diagnostic_service.o
 .debug_frame   0x00000734      0x204 ./Sources/LIN_Stack/lowlevel/lin.o
 .debug_frame   0x00000938       0x50 ./Sources/LIN_Stack/transport/lin_lin21tl_api.o
 .debug_frame   0x00000988       0xf0 ./Sources/LIN_Stack/transport/lin_commontl_proto.o
 .debug_frame   0x00000a78      0x15c ./Sources/LIN_Stack/transport/lin_commontl_api.o
 .debug_frame   0x00000bd4       0xa4 ./Sources/LIN_app/lin_app.o
 .debug_frame   0x00000c78      0x410 ./Sources/RLS_app/rls_app.o
 .debug_frame   0x00001088       0x30 ./Sources/config_parameter/config_parameter.o
 .debug_frame   0x000010b8      0x12c ./Sources/driver/SPI/spi.o
 .debug_frame   0x000011e4       0x6c ./Sources/driver/adc/adc.o
 .debug_frame   0x00001250       0x6c ./Sources/driver/clock/clock.o
 .debug_frame   0x000012bc       0xd0 ./Sources/driver/eeprom/eeprom.o
 .debug_frame   0x0000138c       0x4c ./Sources/driver/ftm/ftm.o
 .debug_frame   0x000013d8       0x2c ./Sources/driver/gpio/gpio.o
 .debug_frame   0x00001404       0x30 ./Sources/driver/pmc/pmc.o
 .debug_frame   0x00001434       0x80 ./Sources/driver/rtc/rtc.o
 .debug_frame   0x000014b4       0xa0 ./Sources/driver/watchdog/watchdog.o
 .debug_frame   0x00001554       0x30 ./Sources/lin_cfg/lin_cfg.o
 .debug_frame   0x00001584       0x2c ./Sources/main.o
 .debug_frame   0x000015b0       0x2c D:/CW11.0/CW MCU v11.0/MCU/ARM_GCC_Support/ewl/lib/armv6-m\libc.a(exit.o)
 .debug_frame   0x000015dc       0x28 D:/CW11.0/CW MCU v11.0/MCU/ARM_GCC_Support/ewl/lib/armv6-m\libc.a(memset.o)
 .debug_frame   0x00001604       0x2c D:/CW11.0/CW MCU v11.0/MCU/ARM_GCC_Support/ewl/lib/armv6-m\libc.a(__filll_mem.o)
 .debug_frame   0x00001630       0x20 d:/cw11.0/cw mcu v11.0/cross_tools/arm-none-eabi-gcc-4_7_3/bin/../lib/gcc/arm-none-eabi/4.7.3/armv6-m\libgcc.a(_udivsi3.o)
 .debug_frame   0x00001650       0x20 d:/cw11.0/cw mcu v11.0/cross_tools/arm-none-eabi-gcc-4_7_3/bin/../lib/gcc/arm-none-eabi/4.7.3/armv6-m\libgcc.a(_divsi3.o)
 .debug_frame   0x00001670       0x2c d:/cw11.0/cw mcu v11.0/cross_tools/arm-none-eabi-gcc-4_7_3/bin/../lib/gcc/arm-none-eabi/4.7.3/armv6-m\libgcc.a(_fixunsdfsi.o)
 .debug_frame   0x0000169c       0x3c d:/cw11.0/cw mcu v11.0/cross_tools/arm-none-eabi-gcc-4_7_3/bin/../lib/gcc/arm-none-eabi/4.7.3/armv6-m\libgcc.a(adddf3.o)
 .debug_frame   0x000016d8       0x38 d:/cw11.0/cw mcu v11.0/cross_tools/arm-none-eabi-gcc-4_7_3/bin/../lib/gcc/arm-none-eabi/4.7.3/armv6-m\libgcc.a(subdf3.o)
 .debug_frame   0x00001710       0x2c d:/cw11.0/cw mcu v11.0/cross_tools/arm-none-eabi-gcc-4_7_3/bin/../lib/gcc/arm-none-eabi/4.7.3/armv6-m\libgcc.a(fixdfsi.o)
 .debug_frame   0x0000173c       0x2c d:/cw11.0/cw mcu v11.0/cross_tools/arm-none-eabi-gcc-4_7_3/bin/../lib/gcc/arm-none-eabi/4.7.3/armv6-m\libgcc.a(floatunsidf.o)
 .debug_frame   0x00001768       0x34 d:/cw11.0/cw mcu v11.0/cross_tools/arm-none-eabi-gcc-4_7_3/bin/../lib/gcc/arm-none-eabi/4.7.3/armv6-m\libgcc.a(eqdf2.o)
 .debug_frame   0x0000179c       0x38 d:/cw11.0/cw mcu v11.0/cross_tools/arm-none-eabi-gcc-4_7_3/bin/../lib/gcc/arm-none-eabi/4.7.3/armv6-m\libgcc.a(gedf2.o)
 .debug_frame   0x000017d4       0x38 d:/cw11.0/cw mcu v11.0/cross_tools/arm-none-eabi-gcc-4_7_3/bin/../lib/gcc/arm-none-eabi/4.7.3/armv6-m\libgcc.a(ledf2.o)
 .debug_frame   0x0000180c       0x40 D:/CW11.0/CW MCU v11.0/MCU/ARM_GCC_Support/ewl/lib/armv6-m\librt.a(gcc_ctor_dtor.o)
 .debug_frame   0x0000184c       0xbc D:/CW11.0/CW MCU v11.0/MCU/ARM_GCC_Support/ewl/lib/armv6-m\librt.a(__arm_eabi_init.o)
 .debug_frame   0x00001908       0x54 D:/CW11.0/CW MCU v11.0/MCU/ARM_GCC_Support/ewl/lib/armv6-m\librt.a(ROMCopy.o)