Archive member included because of file (symbol)

D:/CW11.0/CW MCU v11.0/MCU/ARM_GCC_Support/ewl/lib/armv6-m\libc.a(exit.o)
                              ./Project_Settings/Startup_Code/__arm_start.o (exit)
D:/CW11.0/CW MCU v11.0/MCU/ARM_GCC_Support/ewl/lib/armv6-m\libc.a(memset.o)
                              ./Project_Settings/Startup_Code/__arm_start.o (memset)
D:/CW11.0/CW MCU v11.0/MCU/ARM_GCC_Support/ewl/lib/armv6-m\libc.a(__filll_mem.o)
                              D:/CW11.0/CW MCU v11.0/MCU/ARM_GCC_Support/ewl/lib/armv6-m\libc.a(memset.o) (__fill_mem)
d:/cw11.0/cw mcu v11.0/cross_tools/arm-none-eabi-gcc-4_7_3/bin/../lib/gcc/arm-none-eabi/4.7.3/armv6-m\libgcc.a(_thumb1_case_uqi.o)
                              ./Sources/LIN_Stack/bsp/UART/lin_lld_uart.o (__gnu_thumb1_case_uqi)
d:/cw11.0/cw mcu v11.0/cross_tools/arm-none-eabi-gcc-4_7_3/bin/../lib/gcc/arm-none-eabi/4.7.3/armv6-m\libgcc.a(_udivsi3.o)
                              ./Sources/driver/eeprom/eeprom.o (__aeabi_uidiv)
d:/cw11.0/cw mcu v11.0/cross_tools/arm-none-eabi-gcc-4_7_3/bin/../lib/gcc/arm-none-eabi/4.7.3/armv6-m\libgcc.a(_divsi3.o)
                              ./Sources/LIN_Stack/transport/lin_commontl_proto.o (__aeabi_idiv)
d:/cw11.0/cw mcu v11.0/cross_tools/arm-none-eabi-gcc-4_7_3/bin/../lib/gcc/arm-none-eabi/4.7.3/armv6-m\libgcc.a(_dvmd_tls.o)
                              d:/cw11.0/cw mcu v11.0/cross_tools/arm-none-eabi-gcc-4_7_3/bin/../lib/gcc/arm-none-eabi/4.7.3/armv6-m\libgcc.a(_udivsi3.o) (__aeabi_idiv0)
d:/cw11.0/cw mcu v11.0/cross_tools/arm-none-eabi-gcc-4_7_3/bin/../lib/gcc/arm-none-eabi/4.7.3/armv6-m\libgcc.a(_fixunsdfsi.o)
                              ./Sources/LIN_Stack/bsp/UART/lin_isr.o (__aeabi_d2uiz)
d:/cw11.0/cw mcu v11.0/cross_tools/arm-none-eabi-gcc-4_7_3/bin/../lib/gcc/arm-none-eabi/4.7.3/armv6-m\libgcc.a(adddf3.o)
                              ./Sources/LIN_Stack/bsp/UART/lin_isr.o (__aeabi_dadd)
d:/cw11.0/cw mcu v11.0/cross_tools/arm-none-eabi-gcc-4_7_3/bin/../lib/gcc/arm-none-eabi/4.7.3/armv6-m\libgcc.a(subdf3.o)
                              d:/cw11.0/cw mcu v11.0/cross_tools/arm-none-eabi-gcc-4_7_3/bin/../lib/gcc/arm-none-eabi/4.7.3/armv6-m\libgcc.a(_fixunsdfsi.o) (__aeabi_dsub)
d:/cw11.0/cw mcu v11.0/cross_tools/arm-none-eabi-gcc-4_7_3/bin/../lib/gcc/arm-none-eabi/4.7.3/armv6-m\libgcc.a(fixdfsi.o)
                              d:/cw11.0/cw mcu v11.0/cross_tools/arm-none-eabi-gcc-4_7_3/bin/../lib/gcc/arm-none-eabi/4.7.3/armv6-m\libgcc.a(_fixunsdfsi.o) (__aeabi_d2iz)
d:/cw11.0/cw mcu v11.0/cross_tools/arm-none-eabi-gcc-4_7_3/bin/../lib/gcc/arm-none-eabi/4.7.3/armv6-m\libgcc.a(floatunsidf.o)
                              ./Sources/LIN_Stack/bsp/UART/lin_isr.o (__aeabi_ui2d)
d:/cw11.0/cw mcu v11.0/cross_tools/arm-none-eabi-gcc-4_7_3/bin/../lib/gcc/arm-none-eabi/4.7.3/armv6-m\libgcc.a(_arm_cmpdf2.o)
                              d:/cw11.0/cw mcu v11.0/cross_tools/arm-none-eabi-gcc-4_7_3/bin/../lib/gcc/arm-none-eabi/4.7.3/armv6-m\libgcc.a(_fixunsdfsi.o) (__aeabi_dcmpge)
d:/cw11.0/cw mcu v11.0/cross_tools/arm-none-eabi-gcc-4_7_3/bin/../lib/gcc/arm-none-eabi/4.7.3/armv6-m\libgcc.a(_clzsi2.o)
                              d:/cw11.0/cw mcu v11.0/cross_tools/arm-none-eabi-gcc-4_7_3/bin/../lib/gcc/arm-none-eabi/4.7.3/armv6-m\libgcc.a(adddf3.o) (__clzsi2)
d:/cw11.0/cw mcu v11.0/cross_tools/arm-none-eabi-gcc-4_7_3/bin/../lib/gcc/arm-none-eabi/4.7.3/armv6-m\libgcc.a(eqdf2.o)
                              d:/cw11.0/cw mcu v11.0/cross_tools/arm-none-eabi-gcc-4_7_3/bin/../lib/gcc/arm-none-eabi/4.7.3/armv6-m\libgcc.a(_arm_cmpdf2.o) (__eqdf2)
d:/cw11.0/cw mcu v11.0/cross_tools/arm-none-eabi-gcc-4_7_3/bin/../lib/gcc/arm-none-eabi/4.7.3/armv6-m\libgcc.a(gedf2.o)
                              d:/cw11.0/cw mcu v11.0/cross_tools/arm-none-eabi-gcc-4_7_3/bin/../lib/gcc/arm-none-eabi/4.7.3/armv6-m\libgcc.a(_arm_cmpdf2.o) (__gedf2)
d:/cw11.0/cw mcu v11.0/cross_tools/arm-none-eabi-gcc-4_7_3/bin/../lib/gcc/arm-none-eabi/4.7.3/armv6-m\libgcc.a(ledf2.o)
                              d:/cw11.0/cw mcu v11.0/cross_tools/arm-none-eabi-gcc-4_7_3/bin/../lib/gcc/arm-none-eabi/4.7.3/armv6-m\libgcc.a(_arm_cmpdf2.o) (__ledf2)
D:/CW11.0/CW MCU v11.0/MCU/ARM_GCC_Support/ewl/lib/armv6-m\librt.a(gcc_ctor_dtor.o)
                              ./Project_Settings/Startup_Code/__arm_start.o (__init_cpp)
D:/CW11.0/CW MCU v11.0/MCU/ARM_GCC_Support/ewl/lib/armv6-m\librt.a(__arm_eabi_init.o)
                              D:/CW11.0/CW MCU v11.0/MCU/ARM_GCC_Support/ewl/lib/armv6-m\libc.a(exit.o) (__destroy_global_chain)
D:/CW11.0/CW MCU v11.0/MCU/ARM_GCC_Support/ewl/lib/armv6-m\librt.a(ROMCopy.o)
                              ./Project_Settings/Startup_Code/__arm_start.o (__copy_rom_sections_to_ram)

Allocating common symbols
Common symbol       size              file

tl_rx_msg_status    0x1               ./Sources/lin_cfg/lin_cfg.o
boot_reboot         0x1               ./Sources/main.o
tl_ld_error_code    0x1               ./Sources/lin_cfg/lin_cfg.o
data_cn1            0x1               ./Sources/LIN_Stack/diagnostic/lin_diagnostic_service.o
diagnostic_Session  0x1               ./Sources/LIN_Stack/diagnostic/lin_diagnostic_service.o
updata_flash_ID     0x2               ./Sources/main.o
tl_receive_msg_status
                    0x1               ./Sources/lin_cfg/lin_cfg.o
tl_check_timeout    0x2               ./Sources/lin_cfg/lin_cfg.o
tl_rx_queue_data    0x30              ./Sources/lin_cfg/lin_cfg.o
tl_frame_counter    0x1               ./Sources/lin_cfg/lin_cfg.o
tl_tx_queue_data    0x30              ./Sources/lin_cfg/lin_cfg.o
boot_data_tansfer_cn
                    0x2               ./Sources/LIN_Stack/transport/lin_commontl_proto.o
tl_tx_msg_size      0x2               ./Sources/lin_cfg/lin_cfg.o
tl_last_cfg_result  0x1               ./Sources/lin_cfg/lin_cfg.o
tx_ok               0x1               ./Sources/main.o
tl_tx_msg_status    0x1               ./Sources/lin_cfg/lin_cfg.o
boot_write_flash    0x32              ./Sources/LIN_Stack/diagnostic/lin_diagnostic_service.o
data_cn2            0x1               ./Sources/LIN_Stack/diagnostic/lin_diagnostic_service.o
tl_last_RSID        0x1               ./Sources/lin_cfg/lin_cfg.o
lin_successful_transfer
                    0x1               ./Sources/lin_cfg/lin_cfg.o
frame_signal_error  0x1               ./Sources/LIN_Stack/coreapi/lin_common_proto.o
updata_length       0x2               ./Sources/main.o
tl_rx_msg_index     0x2               ./Sources/lin_cfg/lin_cfg.o
tl_no_of_pdu        0x1               ./Sources/lin_cfg/lin_cfg.o
lin_diag_signal_tbl
                    0x10              ./Sources/lin_cfg/lin_cfg.o
lin_goto_sleep_flg  0x1               ./Sources/lin_cfg/lin_cfg.o
diagnostic_Session_flg
                    0x1               ./Sources/LIN_Stack/diagnostic/lin_diagnostic_service.o
tl_rx_msg_size      0x2               ./Sources/lin_cfg/lin_cfg.o
lin_word_status     0x2               ./Sources/lin_cfg/lin_cfg.o
boot_eraser_flag    0x1               ./Sources/main.o
tl_tx_msg_index     0x2               ./Sources/lin_cfg/lin_cfg.o
tl_check_timeout_type
                    0x1               ./Sources/lin_cfg/lin_cfg.o
diagnostic_Session_timer
                    0x2               ./Sources/LIN_Stack/diagnostic/lin_diagnostic_service.o
frame_index         0x1               ./Sources/LIN_Stack/coreapi/lin_common_proto.o
lin_current_pid     0x1               ./Sources/lin_cfg/lin_cfg.o
tl_ident_data       0x4               ./Sources/lin_cfg/lin_cfg.o
lin_error_in_response
                    0x1               ./Sources/lin_cfg/lin_cfg.o
lin_lld_response_buffer
                    0xa               ./Sources/lin_cfg/lin_cfg.o
diagnostic_Session_pre
                    0x1               ./Sources/LIN_Stack/diagnostic/lin_diagnostic_service.o

Discarded input sections

 .text          0x00000000        0x0 ./Project_Settings/Startup_Code/kinetis_sysinit.o
 .data          0x00000000        0x0 ./Project_Settings/Startup_Code/kinetis_sysinit.o
 .bss           0x00000000        0x0 ./Project_Settings/Startup_Code/kinetis_sysinit.o
 .text          0x00000000        0x0 ./Project_Settings/Startup_Code/__arm_start.o
 .data          0x00000000        0x0 ./Project_Settings/Startup_Code/__arm_start.o
 .bss           0x00000000        0x0 ./Project_Settings/Startup_Code/__arm_start.o
 .text.__iar_program_start
                0x00000000        0x4 ./Project_Settings/Startup_Code/__arm_start.o
 .text          0x00000000        0x0 ./Project_Settings/Startup_Code/__arm_end.o
 .data          0x00000000        0x0 ./Project_Settings/Startup_Code/__arm_end.o
 .bss           0x00000000        0x0 ./Project_Settings/Startup_Code/__arm_end.o
 .text          0x00000000        0x0 ./Sources/LIN_Stack/bsp/UART/lin_lld_uart.o
 .data          0x00000000        0x0 ./Sources/LIN_Stack/bsp/UART/lin_lld_uart.o
 .bss           0x00000000        0x0 ./Sources/LIN_Stack/bsp/UART/lin_lld_uart.o
 .text.lin_lld_uart_int_enable
                0x00000000       0x28 ./Sources/LIN_Stack/bsp/UART/lin_lld_uart.o
 .text.lin_lld_uart_int_disable
                0x00000000       0x30 ./Sources/LIN_Stack/bsp/UART/lin_lld_uart.o
 .text.lin_lld_uart_deinit
                0x00000000       0x14 ./Sources/LIN_Stack/bsp/UART/lin_lld_uart.o
 .text.lin_lld_uart_get_status
                0x00000000        0xc ./Sources/LIN_Stack/bsp/UART/lin_lld_uart.o
 .text.lin_lld_uart_get_state
                0x00000000        0xc ./Sources/LIN_Stack/bsp/UART/lin_lld_uart.o
 .text.lin_lld_uart_tx_wake_up
                0x00000000       0x24 ./Sources/LIN_Stack/bsp/UART/lin_lld_uart.o
 .text          0x00000000        0x0 ./Sources/LIN_Stack/bsp/UART/lin_lld_timesrv.o
 .data          0x00000000        0x0 ./Sources/LIN_Stack/bsp/UART/lin_lld_timesrv.o
 .bss           0x00000000        0x0 ./Sources/LIN_Stack/bsp/UART/lin_lld_timesrv.o
 .text          0x00000000        0x0 ./Sources/LIN_Stack/bsp/UART/lin_isr.o
 .data          0x00000000        0x0 ./Sources/LIN_Stack/bsp/UART/lin_isr.o
 .bss           0x00000000        0x0 ./Sources/LIN_Stack/bsp/UART/lin_isr.o
 .text          0x00000000        0x0 ./Sources/LIN_Stack/coreapi/lin_lin21_proto.o
 .data          0x00000000        0x0 ./Sources/LIN_Stack/coreapi/lin_lin21_proto.o
 .bss           0x00000000        0x0 ./Sources/LIN_Stack/coreapi/lin_lin21_proto.o
 .text          0x00000000        0x0 ./Sources/LIN_Stack/coreapi/lin_lin21_api.o
 .data          0x00000000        0x0 ./Sources/LIN_Stack/coreapi/lin_lin21_api.o
 .bss           0x00000000        0x0 ./Sources/LIN_Stack/coreapi/lin_lin21_api.o
 .debug_info    0x00000000       0x68 ./Sources/LIN_Stack/coreapi/lin_lin21_api.o
 .debug_abbrev  0x00000000       0x28 ./Sources/LIN_Stack/coreapi/lin_lin21_api.o
 .debug_aranges
                0x00000000       0x18 ./Sources/LIN_Stack/coreapi/lin_lin21_api.o
 .debug_macinfo
                0x00000000    0x23460 ./Sources/LIN_Stack/coreapi/lin_lin21_api.o
 .debug_line    0x00000000      0x2fa ./Sources/LIN_Stack/coreapi/lin_lin21_api.o
 .debug_str     0x00000000      0x12a ./Sources/LIN_Stack/coreapi/lin_lin21_api.o
 .comment       0x00000000       0x7a ./Sources/LIN_Stack/coreapi/lin_lin21_api.o
 .ARM.attributes
                0x00000000       0x31 ./Sources/LIN_Stack/coreapi/lin_lin21_api.o
 .text          0x00000000        0x0 ./Sources/LIN_Stack/coreapi/lin_common_proto.o
 .data          0x00000000        0x0 ./Sources/LIN_Stack/coreapi/lin_common_proto.o
 .bss           0x00000000        0x0 ./Sources/LIN_Stack/coreapi/lin_common_proto.o
 .text.lin_make_res_diag_frame
                0x00000000        0x8 ./Sources/LIN_Stack/coreapi/lin_common_proto.o
 .text          0x00000000        0x0 ./Sources/LIN_Stack/coreapi/lin_common_api.o
 .data          0x00000000        0x0 ./Sources/LIN_Stack/coreapi/lin_common_api.o
 .bss           0x00000000        0x0 ./Sources/LIN_Stack/coreapi/lin_common_api.o
 .text.l_ifc_goto_sleep
                0x00000000        0x2 ./Sources/LIN_Stack/coreapi/lin_common_api.o
 .text.l_ifc_wake_up
                0x00000000        0x8 ./Sources/LIN_Stack/coreapi/lin_common_api.o
 .text.l_ifc_rx
                0x00000000        0x2 ./Sources/LIN_Stack/coreapi/lin_common_api.o
 .text.l_ifc_tx
                0x00000000        0x2 ./Sources/LIN_Stack/coreapi/lin_common_api.o
 .text.l_ifc_aux
                0x00000000        0x2 ./Sources/LIN_Stack/coreapi/lin_common_api.o
 .text.l_ifc_read_status
                0x00000000       0x20 ./Sources/LIN_Stack/coreapi/lin_common_api.o
 .text.l_sys_irq_disable
                0x00000000        0x8 ./Sources/LIN_Stack/coreapi/lin_common_api.o
 .text.l_sys_irq_restore
                0x00000000        0x8 ./Sources/LIN_Stack/coreapi/lin_common_api.o
 .bss.tmp_word_status.5051
                0x00000000        0x2 ./Sources/LIN_Stack/coreapi/lin_common_api.o
 .text          0x00000000        0x0 ./Sources/LIN_Stack/diagnostic/lin_diagnostic_service.o
 .data          0x00000000        0x0 ./Sources/LIN_Stack/diagnostic/lin_diagnostic_service.o
 .bss           0x00000000        0x0 ./Sources/LIN_Stack/diagnostic/lin_diagnostic_service.o
 .text.lin_diagservice_session_state
                0x00000000       0x40 ./Sources/LIN_Stack/diagnostic/lin_diagnostic_service.o
 .text.lin_diagservice_write_data_by_identifier
                0x00000000       0x24 ./Sources/LIN_Stack/diagnostic/lin_diagnostic_service.o
 .bss.flash_check
                0x00000000        0x4 ./Sources/LIN_Stack/diagnostic/lin_diagnostic_service.o
 .text          0x00000000        0x0 ./Sources/LIN_Stack/lowlevel/lin.o
 .data          0x00000000        0x0 ./Sources/LIN_Stack/lowlevel/lin.o
 .bss           0x00000000        0x0 ./Sources/LIN_Stack/lowlevel/lin.o
 .text.lin_lld_deinit
                0x00000000        0xa ./Sources/LIN_Stack/lowlevel/lin.o
 .text.lin_lld_get_status
                0x00000000        0xa ./Sources/LIN_Stack/lowlevel/lin.o
 .text.lin_lld_get_state
                0x00000000        0x8 ./Sources/LIN_Stack/lowlevel/lin.o
 .text.lin_lld_tx_wake_up
                0x00000000        0x8 ./Sources/LIN_Stack/lowlevel/lin.o
 .text.lin_lld_int_enable
                0x00000000        0x8 ./Sources/LIN_Stack/lowlevel/lin.o
 .text.lin_lld_int_disable
                0x00000000        0xa ./Sources/LIN_Stack/lowlevel/lin.o
 .text.lin_lld_mcu_reset
                0x00000000        0x2 ./Sources/LIN_Stack/lowlevel/lin.o
 .text.lin_lld_set_etf_collision_flag
                0x00000000        0xc ./Sources/LIN_Stack/lowlevel/lin.o
 .text.lin_lld_clear_etf_collision_flag
                0x00000000        0xc ./Sources/LIN_Stack/lowlevel/lin.o
 .bss.etf_collision_flag
                0x00000000        0x1 ./Sources/LIN_Stack/lowlevel/lin.o
 .text          0x00000000        0x0 ./Sources/LIN_Stack/transport/lin_lin21tl_api.o
 .data          0x00000000        0x0 ./Sources/LIN_Stack/transport/lin_lin21tl_api.o
 .bss           0x00000000        0x0 ./Sources/LIN_Stack/transport/lin_lin21tl_api.o
 .text.diag_get_flag
                0x00000000       0x14 ./Sources/LIN_Stack/transport/lin_lin21tl_api.o
 .text.diag_clear_flag
                0x00000000       0x14 ./Sources/LIN_Stack/transport/lin_lin21tl_api.o
 .debug_info    0x00000000       0xe5 ./Sources/LIN_Stack/transport/lin_lin21tl_api.o
 .debug_abbrev  0x00000000       0xa6 ./Sources/LIN_Stack/transport/lin_lin21tl_api.o
 .debug_loc     0x00000000       0x53 ./Sources/LIN_Stack/transport/lin_lin21tl_api.o
 .debug_aranges
                0x00000000       0x28 ./Sources/LIN_Stack/transport/lin_lin21tl_api.o
 .debug_macinfo
                0x00000000    0x23462 ./Sources/LIN_Stack/transport/lin_lin21tl_api.o
 .debug_line    0x00000000      0x325 ./Sources/LIN_Stack/transport/lin_lin21tl_api.o
 .debug_str     0x00000000      0x173 ./Sources/LIN_Stack/transport/lin_lin21tl_api.o
 .comment       0x00000000       0x7a ./Sources/LIN_Stack/transport/lin_lin21tl_api.o
 .ARM.attributes
                0x00000000       0x31 ./Sources/LIN_Stack/transport/lin_lin21tl_api.o
 .debug_frame   0x00000000       0x40 ./Sources/LIN_Stack/transport/lin_lin21tl_api.o
 .text          0x00000000        0x0 ./Sources/LIN_Stack/transport/lin_commontl_proto.o
 .data          0x00000000        0x0 ./Sources/LIN_Stack/transport/lin_commontl_proto.o
 .bss           0x00000000        0x0 ./Sources/LIN_Stack/transport/lin_commontl_proto.o
 COMMON         0x00000000        0x2 ./Sources/LIN_Stack/transport/lin_commontl_proto.o
 .text          0x00000000        0x0 ./Sources/LIN_Stack/transport/lin_commontl_api.o
 .data          0x00000000        0x0 ./Sources/LIN_Stack/transport/lin_commontl_api.o
 .bss           0x00000000        0x0 ./Sources/LIN_Stack/transport/lin_commontl_api.o
 .text.ld_init  0x00000000       0xb4 ./Sources/LIN_Stack/transport/lin_commontl_api.o
 .text.ld_put_raw
                0x00000000       0x10 ./Sources/LIN_Stack/transport/lin_commontl_api.o
 .text.ld_raw_tx_status
                0x00000000        0xc ./Sources/LIN_Stack/transport/lin_commontl_api.o
 .text.ld_raw_rx_status
                0x00000000        0xc ./Sources/LIN_Stack/transport/lin_commontl_api.o
 .text.ld_send_message
                0x00000000      0x184 ./Sources/LIN_Stack/transport/lin_commontl_api.o
 .text.ld_tx_status
                0x00000000        0xc ./Sources/LIN_Stack/transport/lin_commontl_api.o
 .text.ld_rx_status
                0x00000000        0xc ./Sources/LIN_Stack/transport/lin_commontl_api.o
 .text.ld_read_configuration
                0x00000000       0x34 ./Sources/LIN_Stack/transport/lin_commontl_api.o
 .text.ld_set_configuration
                0x00000000       0x30 ./Sources/LIN_Stack/transport/lin_commontl_api.o
 .text          0x00000000        0x0 ./Sources/driver/clock/clock.o
 .data          0x00000000        0x0 ./Sources/driver/clock/clock.o
 .bss           0x00000000        0x0 ./Sources/driver/clock/clock.o
 .text          0x00000000        0x0 ./Sources/driver/eeprom/eeprom.o
 .data          0x00000000        0x0 ./Sources/driver/eeprom/eeprom.o
 .bss           0x00000000        0x0 ./Sources/driver/eeprom/eeprom.o
 .text          0x00000000        0x0 ./Sources/driver/gpio/gpio.o
 .data          0x00000000        0x0 ./Sources/driver/gpio/gpio.o
 .bss           0x00000000        0x0 ./Sources/driver/gpio/gpio.o
 .text          0x00000000        0x0 ./Sources/lin_cfg/lin_cfg.o
 .data          0x00000000        0x0 ./Sources/lin_cfg/lin_cfg.o
 .bss           0x00000000        0x0 ./Sources/lin_cfg/lin_cfg.o
 .text.ld_read_by_id_callout
                0x00000000       0x22 ./Sources/lin_cfg/lin_cfg.o
 .rodata.product_id
                0x00000000        0x6 ./Sources/lin_cfg/lin_cfg.o
 .rodata.lin_configuration_ROM
                0x00000000       0x10 ./Sources/lin_cfg/lin_cfg.o
 .rodata.lin_initial_NAD
                0x00000000        0x1 ./Sources/lin_cfg/lin_cfg.o
 .rodata.product_serial_num
                0x00000000        0x4 ./Sources/lin_cfg/lin_cfg.o
 .rodata.lin_virtual_ifc
                0x00000000        0x1 ./Sources/lin_cfg/lin_cfg.o
 .text          0x00000000        0x0 ./Sources/main.o
 .data          0x00000000        0x0 ./Sources/main.o
 .bss           0x00000000        0x0 ./Sources/main.o
 .text          0x00000000        0x0 D:/CW11.0/CW MCU v11.0/MCU/ARM_GCC_Support/ewl/lib/armv6-m\libc.a(exit.o)
 .data          0x00000000        0x0 D:/CW11.0/CW MCU v11.0/MCU/ARM_GCC_Support/ewl/lib/armv6-m\libc.a(exit.o)
 .bss           0x00000000        0x0 D:/CW11.0/CW MCU v11.0/MCU/ARM_GCC_Support/ewl/lib/armv6-m\libc.a(exit.o)
 .text          0x00000000        0x0 D:/CW11.0/CW MCU v11.0/MCU/ARM_GCC_Support/ewl/lib/armv6-m\libc.a(memset.o)
 .data          0x00000000        0x0 D:/CW11.0/CW MCU v11.0/MCU/ARM_GCC_Support/ewl/lib/armv6-m\libc.a(memset.o)
 .bss           0x00000000        0x0 D:/CW11.0/CW MCU v11.0/MCU/ARM_GCC_Support/ewl/lib/armv6-m\libc.a(memset.o)
 .text          0x00000000        0x0 D:/CW11.0/CW MCU v11.0/MCU/ARM_GCC_Support/ewl/lib/armv6-m\libc.a(__filll_mem.o)
 .data          0x00000000        0x0 D:/CW11.0/CW MCU v11.0/MCU/ARM_GCC_Support/ewl/lib/armv6-m\libc.a(__filll_mem.o)
 .bss           0x00000000        0x0 D:/CW11.0/CW MCU v11.0/MCU/ARM_GCC_Support/ewl/lib/armv6-m\libc.a(__filll_mem.o)
 .data          0x00000000        0x0 d:/cw11.0/cw mcu v11.0/cross_tools/arm-none-eabi-gcc-4_7_3/bin/../lib/gcc/arm-none-eabi/4.7.3/armv6-m\libgcc.a(_thumb1_case_uqi.o)
 .bss           0x00000000        0x0 d:/cw11.0/cw mcu v11.0/cross_tools/arm-none-eabi-gcc-4_7_3/bin/../lib/gcc/arm-none-eabi/4.7.3/armv6-m\libgcc.a(_thumb1_case_uqi.o)
 .data          0x00000000        0x0 d:/cw11.0/cw mcu v11.0/cross_tools/arm-none-eabi-gcc-4_7_3/bin/../lib/gcc/arm-none-eabi/4.7.3/armv6-m\libgcc.a(_udivsi3.o)
 .bss           0x00000000        0x0 d:/cw11.0/cw mcu v11.0/cross_tools/arm-none-eabi-gcc-4_7_3/bin/../lib/gcc/arm-none-eabi/4.7.3/armv6-m\libgcc.a(_udivsi3.o)
 .data          0x00000000        0x0 d:/cw11.0/cw mcu v11.0/cross_tools/arm-none-eabi-gcc-4_7_3/bin/../lib/gcc/arm-none-eabi/4.7.3/armv6-m\libgcc.a(_divsi3.o)
 .bss           0x00000000        0x0 d:/cw11.0/cw mcu v11.0/cross_tools/arm-none-eabi-gcc-4_7_3/bin/../lib/gcc/arm-none-eabi/4.7.3/armv6-m\libgcc.a(_divsi3.o)
 .data          0x00000000        0x0 d:/cw11.0/cw mcu v11.0/cross_tools/arm-none-eabi-gcc-4_7_3/bin/../lib/gcc/arm-none-eabi/4.7.3/armv6-m\libgcc.a(_dvmd_tls.o)
 .bss           0x00000000        0x0 d:/cw11.0/cw mcu v11.0/cross_tools/arm-none-eabi-gcc-4_7_3/bin/../lib/gcc/arm-none-eabi/4.7.3/armv6-m\libgcc.a(_dvmd_tls.o)
 .data          0x00000000        0x0 d:/cw11.0/cw mcu v11.0/cross_tools/arm-none-eabi-gcc-4_7_3/bin/../lib/gcc/arm-none-eabi/4.7.3/armv6-m\libgcc.a(_fixunsdfsi.o)
 .bss           0x00000000        0x0 d:/cw11.0/cw mcu v11.0/cross_tools/arm-none-eabi-gcc-4_7_3/bin/../lib/gcc/arm-none-eabi/4.7.3/armv6-m\libgcc.a(_fixunsdfsi.o)
 .data          0x00000000        0x0 d:/cw11.0/cw mcu v11.0/cross_tools/arm-none-eabi-gcc-4_7_3/bin/../lib/gcc/arm-none-eabi/4.7.3/armv6-m\libgcc.a(adddf3.o)
 .bss           0x00000000        0x0 d:/cw11.0/cw mcu v11.0/cross_tools/arm-none-eabi-gcc-4_7_3/bin/../lib/gcc/arm-none-eabi/4.7.3/armv6-m\libgcc.a(adddf3.o)
 .data          0x00000000        0x0 d:/cw11.0/cw mcu v11.0/cross_tools/arm-none-eabi-gcc-4_7_3/bin/../lib/gcc/arm-none-eabi/4.7.3/armv6-m\libgcc.a(subdf3.o)
 .bss           0x00000000        0x0 d:/cw11.0/cw mcu v11.0/cross_tools/arm-none-eabi-gcc-4_7_3/bin/../lib/gcc/arm-none-eabi/4.7.3/armv6-m\libgcc.a(subdf3.o)
 .data          0x00000000        0x0 d:/cw11.0/cw mcu v11.0/cross_tools/arm-none-eabi-gcc-4_7_3/bin/../lib/gcc/arm-none-eabi/4.7.3/armv6-m\libgcc.a(fixdfsi.o)
 .bss           0x00000000        0x0 d:/cw11.0/cw mcu v11.0/cross_tools/arm-none-eabi-gcc-4_7_3/bin/../lib/gcc/arm-none-eabi/4.7.3/armv6-m\libgcc.a(fixdfsi.o)
 .data          0x00000000        0x0 d:/cw11.0/cw mcu v11.0/cross_tools/arm-none-eabi-gcc-4_7_3/bin/../lib/gcc/arm-none-eabi/4.7.3/armv6-m\libgcc.a(floatunsidf.o)
 .bss           0x00000000        0x0 d:/cw11.0/cw mcu v11.0/cross_tools/arm-none-eabi-gcc-4_7_3/bin/../lib/gcc/arm-none-eabi/4.7.3/armv6-m\libgcc.a(floatunsidf.o)
 .data          0x00000000        0x0 d:/cw11.0/cw mcu v11.0/cross_tools/arm-none-eabi-gcc-4_7_3/bin/../lib/gcc/arm-none-eabi/4.7.3/armv6-m\libgcc.a(_arm_cmpdf2.o)
 .bss           0x00000000        0x0 d:/cw11.0/cw mcu v11.0/cross_tools/arm-none-eabi-gcc-4_7_3/bin/../lib/gcc/arm-none-eabi/4.7.3/armv6-m\libgcc.a(_arm_cmpdf2.o)
 .data          0x00000000        0x0 d:/cw11.0/cw mcu v11.0/cross_tools/arm-none-eabi-gcc-4_7_3/bin/../lib/gcc/arm-none-eabi/4.7.3/armv6-m\libgcc.a(_clzsi2.o)
 .bss           0x00000000        0x0 d:/cw11.0/cw mcu v11.0/cross_tools/arm-none-eabi-gcc-4_7_3/bin/../lib/gcc/arm-none-eabi/4.7.3/armv6-m\libgcc.a(_clzsi2.o)
 .data          0x00000000        0x0 d:/cw11.0/cw mcu v11.0/cross_tools/arm-none-eabi-gcc-4_7_3/bin/../lib/gcc/arm-none-eabi/4.7.3/armv6-m\libgcc.a(eqdf2.o)
 .bss           0x00000000        0x0 d:/cw11.0/cw mcu v11.0/cross_tools/arm-none-eabi-gcc-4_7_3/bin/../lib/gcc/arm-none-eabi/4.7.3/armv6-m\libgcc.a(eqdf2.o)
 .data          0x00000000        0x0 d:/cw11.0/cw mcu v11.0/cross_tools/arm-none-eabi-gcc-4_7_3/bin/../lib/gcc/arm-none-eabi/4.7.3/armv6-m\libgcc.a(gedf2.o)
 .bss           0x00000000        0x0 d:/cw11.0/cw mcu v11.0/cross_tools/arm-none-eabi-gcc-4_7_3/bin/../lib/gcc/arm-none-eabi/4.7.3/armv6-m\libgcc.a(gedf2.o)
 .data          0x00000000        0x0 d:/cw11.0/cw mcu v11.0/cross_tools/arm-none-eabi-gcc-4_7_3/bin/../lib/gcc/arm-none-eabi/4.7.3/armv6-m\libgcc.a(ledf2.o)
 .bss           0x00000000        0x0 d:/cw11.0/cw mcu v11.0/cross_tools/arm-none-eabi-gcc-4_7_3/bin/../lib/gcc/arm-none-eabi/4.7.3/armv6-m\libgcc.a(ledf2.o)
 .text          0x00000000        0x0 D:/CW11.0/CW MCU v11.0/MCU/ARM_GCC_Support/ewl/lib/armv6-m\librt.a(gcc_ctor_dtor.o)
 .data          0x00000000        0x0 D:/CW11.0/CW MCU v11.0/MCU/ARM_GCC_Support/ewl/lib/armv6-m\librt.a(gcc_ctor_dtor.o)
 .bss           0x00000000        0x0 D:/CW11.0/CW MCU v11.0/MCU/ARM_GCC_Support/ewl/lib/armv6-m\librt.a(gcc_ctor_dtor.o)
 .bss.__dso_handle
                0x00000000        0x4 D:/CW11.0/CW MCU v11.0/MCU/ARM_GCC_Support/ewl/lib/armv6-m\librt.a(gcc_ctor_dtor.o)
 .text          0x00000000        0x0 D:/CW11.0/CW MCU v11.0/MCU/ARM_GCC_Support/ewl/lib/armv6-m\librt.a(__arm_eabi_init.o)
 .data          0x00000000        0x0 D:/CW11.0/CW MCU v11.0/MCU/ARM_GCC_Support/ewl/lib/armv6-m\librt.a(__arm_eabi_init.o)
 .bss           0x00000000        0x0 D:/CW11.0/CW MCU v11.0/MCU/ARM_GCC_Support/ewl/lib/armv6-m\librt.a(__arm_eabi_init.o)
 .text.__register_global_object
                0x00000000       0x14 D:/CW11.0/CW MCU v11.0/MCU/ARM_GCC_Support/ewl/lib/armv6-m\librt.a(__arm_eabi_init.o)
 .text.__cxa_atexit
                0x00000000       0x38 D:/CW11.0/CW MCU v11.0/MCU/ARM_GCC_Support/ewl/lib/armv6-m\librt.a(__arm_eabi_init.o)
 .text.__aeabi_atexit
                0x00000000        0xe D:/CW11.0/CW MCU v11.0/MCU/ARM_GCC_Support/ewl/lib/armv6-m\librt.a(__arm_eabi_init.o)
 .text.__register_atexit
                0x00000000        0xc D:/CW11.0/CW MCU v11.0/MCU/ARM_GCC_Support/ewl/lib/armv6-m\librt.a(__arm_eabi_init.o)
 .text.__init_hardware
                0x00000000        0x4 D:/CW11.0/CW MCU v11.0/MCU/ARM_GCC_Support/ewl/lib/armv6-m\librt.a(__arm_eabi_init.o)
 .bss.atexit_curr_func
                0x00000000        0x4 D:/CW11.0/CW MCU v11.0/MCU/ARM_GCC_Support/ewl/lib/armv6-m\librt.a(__arm_eabi_init.o)
 .bss.atexit_funcs
                0x00000000      0x300 D:/CW11.0/CW MCU v11.0/MCU/ARM_GCC_Support/ewl/lib/armv6-m\librt.a(__arm_eabi_init.o)
 .text          0x00000000        0x0 D:/CW11.0/CW MCU v11.0/MCU/ARM_GCC_Support/ewl/lib/armv6-m\librt.a(ROMCopy.o)
 .data          0x00000000        0x0 D:/CW11.0/CW MCU v11.0/MCU/ARM_GCC_Support/ewl/lib/armv6-m\librt.a(ROMCopy.o)
 .bss           0x00000000        0x0 D:/CW11.0/CW MCU v11.0/MCU/ARM_GCC_Support/ewl/lib/armv6-m\librt.a(ROMCopy.o)
 .text.__flush_cache
                0x00000000        0x2 D:/CW11.0/CW MCU v11.0/MCU/ARM_GCC_Support/ewl/lib/armv6-m\librt.a(ROMCopy.o)

Memory Configuration

Name             Origin             Length             Attributes
m_interrupts     0x00000000         0x000000c0         xr
m_cfmprotrom     0x00000400         0x00000010         xr
m_text           0x00000800         0x0000f800         xr
m_data           0x1ffffc00         0x00001000         xrw
*default*        0x00000000         0xffffffff

Linker script and memory map

LOAD ./Project_Settings/Startup_Code/kinetis_sysinit.o
LOAD ./Project_Settings/Startup_Code/__arm_start.o
LOAD ./Project_Settings/Startup_Code/__arm_end.o
LOAD ./Sources/LIN_Stack/bsp/UART/lin_lld_uart.o
LOAD ./Sources/LIN_Stack/bsp/UART/lin_lld_timesrv.o
LOAD ./Sources/LIN_Stack/bsp/UART/lin_isr.o
LOAD ./Sources/LIN_Stack/coreapi/lin_lin21_proto.o
LOAD ./Sources/LIN_Stack/coreapi/lin_lin21_api.o
LOAD ./Sources/LIN_Stack/coreapi/lin_common_proto.o
LOAD ./Sources/LIN_Stack/coreapi/lin_common_api.o
LOAD ./Sources/LIN_Stack/diagnostic/lin_diagnostic_service.o
LOAD ./Sources/LIN_Stack/lowlevel/lin.o
LOAD ./Sources/LIN_Stack/transport/lin_lin21tl_api.o
LOAD ./Sources/LIN_Stack/transport/lin_commontl_proto.o
LOAD ./Sources/LIN_Stack/transport/lin_commontl_api.o
LOAD ./Sources/driver/clock/clock.o
LOAD ./Sources/driver/eeprom/eeprom.o
LOAD ./Sources/driver/gpio/gpio.o
LOAD ./Sources/lin_cfg/lin_cfg.o
LOAD ./Sources/main.o
START GROUP
LOAD D:/CW11.0/CW MCU v11.0/MCU/ARM_GCC_Support/ewl/lib/armv6-m\libc.a
LOAD D:/CW11.0/CW MCU v11.0/MCU/ARM_GCC_Support/ewl/lib/armv6-m\libm.a
LOAD d:/cw11.0/cw mcu v11.0/cross_tools/arm-none-eabi-gcc-4_7_3/bin/../lib/gcc/arm-none-eabi/4.7.3/armv6-m\libgcc.a
LOAD D:/CW11.0/CW MCU v11.0/MCU/ARM_GCC_Support/ewl/lib/armv6-m\librt.a
END GROUP
                0x20000c00                _estack = 0x20000c00
                0x20000c00                __SP_INIT = _estack
                0x00000100                __heap_size = 0x100
                0x00000100                __stack_size = 0x100

.interrupts     0x00000000       0xc0
                0x00000000                __vector_table = .
                0x00000000                . = ALIGN (0x4)
 *(.vectortable)
 .vectortable   0x00000000       0xc0 ./Project_Settings/Startup_Code/kinetis_sysinit.o
                0x00000000                InterruptVector
                0x000000c0                . = ALIGN (0x4)

.cfmprotect     0x00000400        0x0
                0x00000400                . = ALIGN (0x4)
 *(.cfmconfig)
                0x00000400                . = ALIGN (0x4)

.text           0x00000800     0x3150
                0x00000800                . = ALIGN (0x4)
 *(.text)
 .text          0x00000800       0x14 d:/cw11.0/cw mcu v11.0/cross_tools/arm-none-eabi-gcc-4_7_3/bin/../lib/gcc/arm-none-eabi/4.7.3/armv6-m\libgcc.a(_thumb1_case_uqi.o)
                0x00000800                __gnu_thumb1_case_uqi
 .text          0x00000814       0x9c d:/cw11.0/cw mcu v11.0/cross_tools/arm-none-eabi-gcc-4_7_3/bin/../lib/gcc/arm-none-eabi/4.7.3/armv6-m\libgcc.a(_udivsi3.o)
                0x00000814                __aeabi_uidiv
                0x00000814                __udivsi3
                0x0000089c                __aeabi_uidivmod
 .text          0x000008b0       0xc0 d:/cw11.0/cw mcu v11.0/cross_tools/arm-none-eabi-gcc-4_7_3/bin/../lib/gcc/arm-none-eabi/4.7.3/armv6-m\libgcc.a(_divsi3.o)
                0x000008b0                __divsi3
                0x000008b0                __aeabi_idiv
                0x0000095c                __aeabi_idivmod
 .text          0x00000970        0x4 d:/cw11.0/cw mcu v11.0/cross_tools/arm-none-eabi-gcc-4_7_3/bin/../lib/gcc/arm-none-eabi/4.7.3/armv6-m\libgcc.a(_dvmd_tls.o)
                0x00000970                __aeabi_idiv0
                0x00000970                __aeabi_ldiv0
 *fill*         0x00000974        0x4 00
 .text          0x00000978       0x40 d:/cw11.0/cw mcu v11.0/cross_tools/arm-none-eabi-gcc-4_7_3/bin/../lib/gcc/arm-none-eabi/4.7.3/armv6-m\libgcc.a(_fixunsdfsi.o)
                0x00000978                __aeabi_d2uiz
                0x00000978                __fixunsdfsi
 .text          0x000009b8      0x758 d:/cw11.0/cw mcu v11.0/cross_tools/arm-none-eabi-gcc-4_7_3/bin/../lib/gcc/arm-none-eabi/4.7.3/armv6-m\libgcc.a(adddf3.o)
                0x000009b8                __aeabi_dadd
 .text          0x00001110      0x6f8 d:/cw11.0/cw mcu v11.0/cross_tools/arm-none-eabi-gcc-4_7_3/bin/../lib/gcc/arm-none-eabi/4.7.3/armv6-m\libgcc.a(subdf3.o)
                0x00001110                __aeabi_dsub
 .text          0x00001808       0x68 d:/cw11.0/cw mcu v11.0/cross_tools/arm-none-eabi-gcc-4_7_3/bin/../lib/gcc/arm-none-eabi/4.7.3/armv6-m\libgcc.a(fixdfsi.o)
                0x00001808                __aeabi_d2iz
 .text          0x00001870       0x64 d:/cw11.0/cw mcu v11.0/cross_tools/arm-none-eabi-gcc-4_7_3/bin/../lib/gcc/arm-none-eabi/4.7.3/armv6-m\libgcc.a(floatunsidf.o)
                0x00001870                __aeabi_ui2d
 .text          0x000018d4       0x7c d:/cw11.0/cw mcu v11.0/cross_tools/arm-none-eabi-gcc-4_7_3/bin/../lib/gcc/arm-none-eabi/4.7.3/armv6-m\libgcc.a(_arm_cmpdf2.o)
                0x000018d4                __aeabi_cdrcmple
                0x000018e4                __aeabi_cdcmple
                0x000018e4                __aeabi_cdcmpeq
                0x000018f4                __aeabi_dcmpeq
                0x00001900                __aeabi_dcmplt
                0x00001914                __aeabi_dcmple
                0x00001928                __aeabi_dcmpgt
                0x0000193c                __aeabi_dcmpge
 .text          0x00001950       0x3c d:/cw11.0/cw mcu v11.0/cross_tools/arm-none-eabi-gcc-4_7_3/bin/../lib/gcc/arm-none-eabi/4.7.3/armv6-m\libgcc.a(_clzsi2.o)
                0x00001950                __clzsi2
 .text          0x0000198c       0x7c d:/cw11.0/cw mcu v11.0/cross_tools/arm-none-eabi-gcc-4_7_3/bin/../lib/gcc/arm-none-eabi/4.7.3/armv6-m\libgcc.a(eqdf2.o)
                0x0000198c                __nedf2
                0x0000198c                __eqdf2
 .text          0x00001a08       0xe8 d:/cw11.0/cw mcu v11.0/cross_tools/arm-none-eabi-gcc-4_7_3/bin/../lib/gcc/arm-none-eabi/4.7.3/armv6-m\libgcc.a(gedf2.o)
                0x00001a08                __gedf2
                0x00001a08                __gtdf2
 .text          0x00001af0       0xd8 d:/cw11.0/cw mcu v11.0/cross_tools/arm-none-eabi-gcc-4_7_3/bin/../lib/gcc/arm-none-eabi/4.7.3/armv6-m\libgcc.a(ledf2.o)
                0x00001af0                __ledf2
                0x00001af0                __ltdf2
 *(.text*)
 .text.Default_Handler
                0x00001bc8        0x4 ./Project_Settings/Startup_Code/kinetis_sysinit.o
                0x00001bc8                I2C0_IRQHandler
                0x00001bc8                HardFault_Handler
                0x00001bc8                SysTick_Handler
                0x00001bc8                PendSV_Handler
                0x00001bc8                NMI_Handler
                0x00001bc8                ADC0_IRQHandler
                0x00001bc8                WDG_IRQHandler
                0x00001bc8                SPI1_IRQHandler
                0x00001bc8                UART2_SCI2_IRQHandler
                0x00001bc8                RTC_IRQHandler
                0x00001bc8                IRQ_IRQHandler
                0x00001bc8                PIT_CH0_IRQHandler
                0x00001bc8                Default_Handler
                0x00001bc8                ACMP0_IRQHandler
                0x00001bc8                SVC_Handler
                0x00001bc8                ICS_IRQHandler
                0x00001bc8                PIT_CH1_IRQHandler
                0x00001bc8                FTMRH_IRQHandler
                0x00001bc8                KBI0_IRQHandler
                0x00001bc8                PMC_IRQHandler
                0x00001bc8                SPI0_IRQHandler
                0x00001bc8                FTM0_IRQHandler
                0x00001bc8                FTM2_IRQHandler
                0x00001bc8                ACMP1_IRQHandler
                0x00001bc8                KBI1_IRQHandler
                0x00001bc8                UART1_SCI1_IRQHandler
 .text.__init_hardware
                0x00001bcc       0x2c ./Project_Settings/Startup_Code/kinetis_sysinit.o
                0x00001bcc                __init_hardware
 .text.__thumb_startup
                0x00001bf8       0x38 ./Project_Settings/Startup_Code/__arm_start.o
                0x00001bf8                __thumb_startup
 .text._ExitProcess
                0x00001c30        0x4 ./Project_Settings/Startup_Code/__arm_end.o
                0x00001c30                _ExitProcess
 .text.lin_lld_uart_set_low_power_mode
                0x00001c34        0xc ./Sources/LIN_Stack/bsp/UART/lin_lld_uart.o
                0x00001c34                lin_lld_uart_set_low_power_mode
 .text.lin_lld_uart_rx_response
                0x00001c40       0x28 ./Sources/LIN_Stack/bsp/UART/lin_lld_uart.o
                0x00001c40                lin_lld_uart_rx_response
 .text.lin_lld_uart_tx_response
                0x00001c68       0x40 ./Sources/LIN_Stack/bsp/UART/lin_lld_uart.o
                0x00001c68                lin_lld_uart_tx_response
 .text.lin_goto_idle_state
                0x00001ca8       0x38 ./Sources/LIN_Stack/bsp/UART/lin_lld_uart.o
                0x00001ca8                lin_goto_idle_state
 .text.lin_lld_uart_timeout
                0x00001ce0      0x124 ./Sources/LIN_Stack/bsp/UART/lin_lld_uart.o
                0x00001ce0                lin_lld_uart_timeout
 .text.lin_lld_uart_ignore_response
                0x00001e04        0x8 ./Sources/LIN_Stack/bsp/UART/lin_lld_uart.o
                0x00001e04                lin_lld_uart_ignore_response
 .text.lin_lld_uart_init
                0x00001e0c       0x6c ./Sources/LIN_Stack/bsp/UART/lin_lld_uart.o
                0x00001e0c                lin_lld_uart_init
 .text.lin_lld_uart_rx_isr
                0x00001e78      0x268 ./Sources/LIN_Stack/bsp/UART/lin_lld_uart.o
                0x00001e78                lin_lld_uart_rx_isr
 .text.lin_lld_timer_K_init
                0x000020e0       0x54 ./Sources/LIN_Stack/bsp/UART/lin_lld_timesrv.o
                0x000020e0                lin_lld_timer_K_init
 .text.lin_lld_timer_isr
                0x00002134        0x8 ./Sources/LIN_Stack/bsp/UART/lin_lld_timesrv.o
                0x00002134                lin_lld_timer_isr
 .text.UART0_SCI0_IRQHandler
                0x0000213c        0x8 ./Sources/LIN_Stack/bsp/UART/lin_isr.o
                0x0000213c                UART0_SCI0_IRQHandler
 *fill*         0x00002144        0x4 00
 .text.FTM1_IRQHandler
                0x00002148       0x40 ./Sources/LIN_Stack/bsp/UART/lin_isr.o
                0x00002148                FTM1_IRQHandler
 .text.lin_update_word_status_lin21
                0x00002188       0x48 ./Sources/LIN_Stack/coreapi/lin_lin21_proto.o
                0x00002188                lin_update_word_status_lin21
 .text.lin_update_err_signal
                0x000021d0       0x44 ./Sources/LIN_Stack/coreapi/lin_lin21_proto.o
                0x000021d0                lin_update_err_signal
 .text.lin_make_res_evnt_frame
                0x00002214       0x1c ./Sources/LIN_Stack/coreapi/lin_lin21_proto.o
                0x00002214                lin_make_res_evnt_frame
 .text.lin_bus_activity_timeout
                0x00002230        0xc ./Sources/LIN_Stack/coreapi/lin_common_proto.o
                0x00002230                lin_bus_activity_timeout
 .text.lin_update_tx_flags
                0x0000223c       0x4c ./Sources/LIN_Stack/coreapi/lin_common_proto.o
                0x0000223c                lin_update_tx_flags
 .text.lin_update_rx_diag_frame
                0x00002288       0x24 ./Sources/LIN_Stack/coreapi/lin_common_proto.o
                0x00002288                lin_update_rx_diag_frame
 .text.lin_get_frame_index
                0x000022ac       0x28 ./Sources/LIN_Stack/coreapi/lin_common_proto.o
                0x000022ac                lin_get_frame_index
 .text.lin_handle_error
                0x000022d4       0x8c ./Sources/LIN_Stack/coreapi/lin_common_proto.o
                0x000022d4                lin_handle_error
 .text.lin_update_tx
                0x00002360       0x94 ./Sources/LIN_Stack/coreapi/lin_common_proto.o
                0x00002360                lin_update_tx
 .text.lin_process_uncd_frame
                0x000023f4       0x80 ./Sources/LIN_Stack/coreapi/lin_common_proto.o
                0x000023f4                lin_process_uncd_frame
 .text.lin_update_rx
                0x00002474       0x60 ./Sources/LIN_Stack/coreapi/lin_common_proto.o
                0x00002474                lin_update_rx
 .text.lin_process_pid
                0x000024d4       0xa4 ./Sources/LIN_Stack/coreapi/lin_common_proto.o
                0x000024d4                lin_process_pid
 .text.l_sys_init
                0x00002578        0xa ./Sources/LIN_Stack/coreapi/lin_common_api.o
                0x00002578                l_sys_init
 .text.l_ifc_init
                0x00002582        0x8 ./Sources/LIN_Stack/coreapi/lin_common_api.o
                0x00002582                l_ifc_init
 *fill*         0x0000258a        0x2 00
 .text.lin_diagservice_session_control
                0x0000258c       0x94 ./Sources/LIN_Stack/diagnostic/lin_diagnostic_service.o
                0x0000258c                lin_diagservice_session_control
 .text.lin_diagservice_read_data_by_identifier
                0x00002620       0x48 ./Sources/LIN_Stack/diagnostic/lin_diagnostic_service.o
                0x00002620                lin_diagservice_read_data_by_identifier
 .text.lin_diagservice_service_securityaccess
                0x00002668       0x2a ./Sources/LIN_Stack/diagnostic/lin_diagnostic_service.o
                0x00002668                lin_diagservice_service_securityaccess
 *fill*         0x00002692        0x2 00
 .text.lin_diagservice_request_download
                0x00002694       0x6c ./Sources/LIN_Stack/diagnostic/lin_diagnostic_service.o
                0x00002694                lin_diagservice_request_download
 .text.lin_diagservice_transfer_data
                0x00002700       0xf4 ./Sources/LIN_Stack/diagnostic/lin_diagnostic_service.o
                0x00002700                lin_diagservice_transfer_data
 .text.lin_diagservice_service_trigger_check
                0x000027f4       0x70 ./Sources/LIN_Stack/diagnostic/lin_diagnostic_service.o
                0x000027f4                lin_diagservice_service_trigger_check
 .text.lin_diagservice_exit_transfer
                0x00002864       0x64 ./Sources/LIN_Stack/diagnostic/lin_diagnostic_service.o
                0x00002864                lin_diagservice_exit_transfer
 .text.lin_lld_init
                0x000028c8        0xc ./Sources/LIN_Stack/lowlevel/lin.o
                0x000028c8                lin_lld_init
 .text.lin_lld_ignore_response
                0x000028d4        0x8 ./Sources/LIN_Stack/lowlevel/lin.o
                0x000028d4                lin_lld_ignore_response
 .text.lin_lld_set_low_power_mode
                0x000028dc        0x8 ./Sources/LIN_Stack/lowlevel/lin.o
                0x000028dc                lin_lld_set_low_power_mode
 .text.lin_lld_set_response
                0x000028e4       0x1c ./Sources/LIN_Stack/lowlevel/lin.o
                0x000028e4                lin_lld_set_response
 .text.lin_lld_rx_response
                0x00002900        0xa ./Sources/LIN_Stack/lowlevel/lin.o
                0x00002900                lin_lld_rx_response
 .text.lin_process_parity
                0x0000290a       0x52 ./Sources/LIN_Stack/lowlevel/lin.o
                0x0000290a                lin_process_parity
 .text.lin_checksum
                0x0000295c       0x2e ./Sources/LIN_Stack/lowlevel/lin.o
                0x0000295c                lin_checksum
 .text.lin_lld_timer_init
                0x0000298a        0x8 ./Sources/LIN_Stack/lowlevel/lin.o
                0x0000298a                lin_lld_timer_init
 *fill*         0x00002992        0x2 00
 .text.lin_tl_make_slaveres_pdu
                0x00002994      0x110 ./Sources/LIN_Stack/transport/lin_commontl_proto.o
                0x00002994                lin_tl_make_slaveres_pdu
 .text.lin_tl_attach_service
                0x00002aa4       0xbc ./Sources/LIN_Stack/transport/lin_commontl_proto.o
                0x00002aa4                lin_tl_attach_service
 .text.tl_put_raw
                0x00002b60       0x54 ./Sources/LIN_Stack/transport/lin_commontl_proto.o
                0x00002b60                tl_put_raw
 .text.lin_tl_handler
                0x00002bb4      0x200 ./Sources/LIN_Stack/transport/lin_commontl_proto.o
                0x00002bb4                lin_tl_handler
 .text.tl_get_raw
                0x00002db4       0x54 ./Sources/LIN_Stack/transport/lin_commontl_proto.o
                0x00002db4                tl_get_raw
 .text.lin_tl_get_pdu
                0x00002e08       0x28 ./Sources/LIN_Stack/transport/lin_commontl_proto.o
                0x00002e08                lin_tl_get_pdu
 .text.ld_get_raw
                0x00002e30       0x10 ./Sources/LIN_Stack/transport/lin_commontl_api.o
                0x00002e30                ld_get_raw
 .text.ld_receive_message
                0x00002e40       0xf8 ./Sources/LIN_Stack/transport/lin_commontl_api.o
                0x00002e40                ld_receive_message
 .text.Clk_Init
                0x00002f38       0x4c ./Sources/driver/clock/clock.o
                0x00002f38                Clk_Init
 .text.WDOG_Feed
                0x00002f84       0x1c ./Sources/driver/eeprom/eeprom.o
                0x00002f84                WDOG_Feed
 .text.FLASH_Init
                0x00002fa0       0x64 ./Sources/driver/eeprom/eeprom.o
                0x00002fa0                FLASH_Init
 .text.FLASH_LaunchCMD
                0x00003004       0x2c ./Sources/driver/eeprom/eeprom.o
                0x00003004                FLASH_LaunchCMD
 .text.FLASH_EraseSector
                0x00003030       0x74 ./Sources/driver/eeprom/eeprom.o
                0x00003030                FLASH_EraseSector
 .text.FLASH_Program2LongWords
                0x000030a4       0xac ./Sources/driver/eeprom/eeprom.o
                0x000030a4                FLASH_Program2LongWords
 .text.FLASH_Program1LongWord
                0x00003150       0x90 ./Sources/driver/eeprom/eeprom.o
                0x00003150                FLASH_Program1LongWord
 .text.FLASH_Program
                0x000031e0       0x94 ./Sources/driver/eeprom/eeprom.o
                0x000031e0                FLASH_Program
 .text.EEPROM_EraseSector
                0x00003274       0x68 ./Sources/driver/eeprom/eeprom.o
                0x00003274                EEPROM_EraseSector
 .text.EEPROM_ProgramWord
                0x000032dc       0x7c ./Sources/driver/eeprom/eeprom.o
                0x000032dc                EEPROM_ProgramWord
 .text.read_data_from_EEPROM
                0x00003358       0x7c ./Sources/driver/eeprom/eeprom.o
                0x00003358                read_data_from_EEPROM
 .text.write_data_from_EEPROM
                0x000033d4      0x188 ./Sources/driver/eeprom/eeprom.o
                0x000033d4                write_data_from_EEPROM
 .text.boot_APP_check
                0x0000355c       0x34 ./Sources/driver/eeprom/eeprom.o
                0x0000355c                boot_APP_check
 .text.boot_up_check
                0x00003590       0x20 ./Sources/driver/eeprom/eeprom.o
                0x00003590                boot_up_check
 .text.GPIO_Init
                0x000035b0       0x28 ./Sources/driver/gpio/gpio.o
                0x000035b0                GPIO_Init
 .text.boot_Var_init
                0x000035d8       0x38 ./Sources/main.o
                0x000035d8                boot_Var_init
 .text.Lin_Sys_Init
                0x00003610       0x28 ./Sources/main.o
                0x00003610                Lin_Sys_Init
 .text.boot_sysinit
                0x00003638       0x18 ./Sources/main.o
                0x00003638                boot_sysinit
 .text.boot_jump_to_APP
                0x00003650       0x10 ./Sources/main.o
                0x00003650                boot_jump_to_APP
 .text.startup.main
                0x00003660       0x94 ./Sources/main.o
                0x00003660                main
 .text.exit     0x000036f4       0x38 D:/CW11.0/CW MCU v11.0/MCU/ARM_GCC_Support/ewl/lib/armv6-m\libc.a(exit.o)
                0x000036f4                exit
 .text.memset   0x0000372c        0xc D:/CW11.0/CW MCU v11.0/MCU/ARM_GCC_Support/ewl/lib/armv6-m\libc.a(memset.o)
                0x0000372c                memset
 .text.__fill_mem
                0x00003738       0x7e D:/CW11.0/CW MCU v11.0/MCU/ARM_GCC_Support/ewl/lib/armv6-m\libc.a(__filll_mem.o)
                0x00003738                __fill_mem
 *fill*         0x000037b6        0x2 00
 .text.__init_cpp
                0x000037b8       0x48 D:/CW11.0/CW MCU v11.0/MCU/ARM_GCC_Support/ewl/lib/armv6-m\librt.a(gcc_ctor_dtor.o)
                0x000037b8                __init_cpp
 .text.__fini_cpp
                0x00003800       0x34 D:/CW11.0/CW MCU v11.0/MCU/ARM_GCC_Support/ewl/lib/armv6-m\librt.a(gcc_ctor_dtor.o)
                0x00003800                __fini_cpp
 .text.__destroy_global_chain
                0x00003834       0x1c D:/CW11.0/CW MCU v11.0/MCU/ARM_GCC_Support/ewl/lib/armv6-m\librt.a(__arm_eabi_init.o)
                0x00003834                __destroy_global_chain
 .text.__init_registers
                0x00003850       0x1c D:/CW11.0/CW MCU v11.0/MCU/ARM_GCC_Support/ewl/lib/armv6-m\librt.a(__arm_eabi_init.o)
                0x00003850                __init_registers
 .text.__init_user
                0x0000386c        0x4 D:/CW11.0/CW MCU v11.0/MCU/ARM_GCC_Support/ewl/lib/armv6-m\librt.a(__arm_eabi_init.o)
                0x0000386c                __init_user
 .text.__copy_rom_section
                0x00003870       0x48 D:/CW11.0/CW MCU v11.0/MCU/ARM_GCC_Support/ewl/lib/armv6-m\librt.a(ROMCopy.o)
                0x00003870                __copy_rom_section
 .text.__copy_rom_sections_to_ram
                0x000038b8       0x34 D:/CW11.0/CW MCU v11.0/MCU/ARM_GCC_Support/ewl/lib/armv6-m\librt.a(ROMCopy.o)
                0x000038b8                __copy_rom_sections_to_ram
 *(.rodata)
 *(.rodata*)
 .rodata.response_error_byte_offset
                0x000038ec        0x1 ./Sources/lin_cfg/lin_cfg.o
                0x000038ec                response_error_byte_offset
 .rodata.response_error_bit_offset
                0x000038ed        0x1 ./Sources/lin_cfg/lin_cfg.o
                0x000038ed                response_error_bit_offset
 .rodata.LI0_response_error_signal
                0x000038ee        0x1 ./Sources/lin_cfg/lin_cfg.o
                0x000038ee                LI0_response_error_signal
 *fill*         0x000038ef        0x1 00
 .rodata.lin_max_frame_res_timeout_val
                0x000038f0       0x10 ./Sources/lin_cfg/lin_cfg.o
                0x000038f0                lin_max_frame_res_timeout_val
 .rodata.lin_frame_tbl
                0x00003900       0x48 ./Sources/lin_cfg/lin_cfg.o
                0x00003900                lin_frame_tbl
 .rodata.lin_diag_services_supported
                0x00003948        0x7 ./Sources/lin_cfg/lin_cfg.o
                0x00003948                lin_diag_services_supported
 .rodata.response_error
                0x0000394f        0x1 ./Sources/lin_cfg/lin_cfg.o
                0x0000394f                response_error
 *(.glue_7)
 .glue_7        0x00000000        0x0 linker stubs
 *(.glue_7t)
 .glue_7t       0x00000000        0x0 linker stubs
 *(.eh_frame)
 *(.init)
 *(.fini)
                0x00003950                . = ALIGN (0x4)
                0x00003950                _etext = .

.vfp11_veneer   0x00003950        0x0
 .vfp11_veneer  0x00000000        0x0 linker stubs

.v4_bx          0x00003950        0x0
 .v4_bx         0x00000000        0x0 linker stubs

.iplt           0x00003950        0x0
 .iplt          0x00000000        0x0 ./Project_Settings/Startup_Code/kinetis_sysinit.o

.rel.dyn        0x00003950        0x0
 .rel.iplt      0x00000000        0x0 ./Project_Settings/Startup_Code/kinetis_sysinit.o

.ARM.extab
 *(.ARM.extab* .gnu.linkonce.armextab.*)

.ARM            0x00003950        0x0
                0x00003950                __exidx_start = .
 *(.ARM.exidx*)
                0x00003950                __exidx_end = .

.ctors          0x00003950        0x0
                0x00003950                __CTOR_LIST__ = .
 *crtbegin.o(.ctors)
 *(EXCLUDE_FILE(*crtend.o) .ctors)
 *(SORT(.ctors.*))
 *(.ctors)
                0x00003950                __CTOR_END__ = .

.dtors          0x00003950        0x0
                0x00003950                __DTOR_LIST__ = .
 *crtbegin.o(.dtors)
 *(EXCLUDE_FILE(*crtend.o) .dtors)
 *(SORT(.dtors.*))
 *(.dtors)
                0x00003950                __DTOR_END__ = .

.preinit_array  0x00003950        0x0
                0x00003950                PROVIDE (__preinit_array_start, .)
 *(.preinit_array*)
                0x00003950                PROVIDE (__preinit_array_end, .)

.init_array     0x00003950        0x0
                0x00003950                PROVIDE (__init_array_start, .)
 *(SORT(.init_array.*))
 *(.init_array*)
                0x00003950                PROVIDE (__init_array_end, .)

.fini_array     0x00003950        0x0
                0x00003950                PROVIDE (__fini_array_start, .)
 *(SORT(.fini_array.*))
 *(.fini_array*)
                0x00003950                PROVIDE (__fini_array_end, .)
                0x00003950                ___ROM_AT = .

.mtb            0x1ffffc00        0x0
                0x1ffffc00                . = ALIGN (0x8)
                0x1ffffc00                _mtb_start = .
 *(.mtb_buf)
                0x1ffffc00                . = ALIGN (0x8)
                0x1ffffc00                _mtb_end = .

.data           0x1ffffc00       0x4c load address 0x00003950
                0x1ffffc00                . = ALIGN (0x4)
                0x1ffffc00                _sdata = .
 *(.data)
 *(.data*)
 .data.state    0x1ffffc00        0x1 ./Sources/LIN_Stack/bsp/UART/lin_lld_uart.o
 .data.ifc      0x1ffffc01        0x1 ./Sources/LIN_Stack/bsp/UART/lin_lld_uart.o
 .data.pid      0x1ffffc02        0x1 ./Sources/LIN_Stack/bsp/UART/lin_lld_uart.o
 *fill*         0x1ffffc03        0x1 00
 .data.boot_flashdata_cn
                0x1ffffc04        0x2 ./Sources/LIN_Stack/diagnostic/lin_diagnostic_service.o
                0x1ffffc04                boot_flashdata_cn
 .data.APP_check_value
                0x1ffffc06        0x4 ./Sources/driver/eeprom/eeprom.o
                0x1ffffc06                APP_check_value
 *fill*         0x1ffffc0a        0x2 00
 .data.lin_tl_rx_queue
                0x1ffffc0c       0x10 ./Sources/lin_cfg/lin_cfg.o
                0x1ffffc0c                lin_tl_rx_queue
 .data.lin_configured_NAD
                0x1ffffc1c        0x1 ./Sources/lin_cfg/lin_cfg.o
                0x1ffffc1c                lin_configured_NAD
 *fill*         0x1ffffc1d        0x3 00
 .data.lin_tl_tx_queue
                0x1ffffc20       0x10 ./Sources/lin_cfg/lin_cfg.o
                0x1ffffc20                lin_tl_tx_queue
 .data.tl_service_status
                0x1ffffc30        0x1 ./Sources/lin_cfg/lin_cfg.o
                0x1ffffc30                tl_service_status
 .data.lin_pFrameBuf
                0x1ffffc31       0x12 ./Sources/lin_cfg/lin_cfg.o
                0x1ffffc31                lin_pFrameBuf
 .data.lin_configuration_RAM
                0x1ffffc43        0x8 ./Sources/lin_cfg/lin_cfg.o
                0x1ffffc43                lin_configuration_RAM
                0x1ffffc4c                . = ALIGN (0x4)
 *fill*         0x1ffffc4b        0x1 00
                0x1ffffc4c                _edata = .
                0x0000004c                ___data_size = (_edata - _sdata)

.igot.plt       0x1ffffc4c        0x0 load address 0x0000399c
 .igot.plt      0x00000000        0x0 ./Project_Settings/Startup_Code/kinetis_sysinit.o
                0x1ffffc4c                . = ALIGN (0x4)

.bss            0x1ffffc4c      0x164 load address 0x0000399c
                0x1ffffc4c                __START_BSS = .
                0x1ffffc4c                PROVIDE (__bss_start__, __START_BSS)
 *(.bss)
 *(.bss*)
 .bss.argv      0x1ffffc4c        0x4 ./Project_Settings/Startup_Code/__arm_start.o
 .bss.l_status  0x1ffffc50        0x1 ./Sources/LIN_Stack/bsp/UART/lin_lld_uart.o
 *fill*         0x1ffffc51        0x1 00
 .bss.idle_timeout_cnt
                0x1ffffc52        0x2 ./Sources/LIN_Stack/bsp/UART/lin_lld_uart.o
 .bss.ptr       0x1ffffc54        0x4 ./Sources/LIN_Stack/bsp/UART/lin_lld_uart.o
 .bss.response_buffer
                0x1ffffc58        0x4 ./Sources/LIN_Stack/bsp/UART/lin_lld_uart.o
 .bss.frame_timeout_cnt
                0x1ffffc5c        0x2 ./Sources/LIN_Stack/bsp/UART/lin_lld_uart.o
 .bss.tbit      0x1ffffc5e        0x2 ./Sources/LIN_Stack/bsp/UART/lin_lld_uart.o
 .bss.res_frame_timeout_cnt
                0x1ffffc60        0x2 ./Sources/LIN_Stack/bsp/UART/lin_lld_uart.o
 .bss.cnt_byte  0x1ffffc62        0x1 ./Sources/LIN_Stack/bsp/UART/lin_lld_uart.o
 .bss.current_id
                0x1ffffc63        0x1 ./Sources/LIN_Stack/bsp/UART/lin_lld_uart.o
 .bss.service_flash_read
                0x1ffffc64       0x32 ./Sources/LIN_Stack/diagnostic/lin_diagnostic_service.o
                0x1ffffc64                service_flash_read
 .bss.DRIVE_flag
                0x1ffffc96        0x1 ./Sources/LIN_Stack/diagnostic/lin_diagnostic_service.o
                0x1ffffc96                DRIVE_flag
 *fill*         0x1ffffc97        0x1 00
 .bss.boot_flashdata_last_cn
                0x1ffffc98        0x2 ./Sources/LIN_Stack/diagnostic/lin_diagnostic_service.o
                0x1ffffc98                boot_flashdata_last_cn
 .bss.tl_diag_state
                0x1ffffc9a        0x1 ./Sources/lin_cfg/lin_cfg.o
                0x1ffffc9a                tl_diag_state
 .bss.lin_flag_handle_tbl
                0x1ffffc9b        0x6 ./Sources/lin_cfg/lin_cfg.o
                0x1ffffc9b                lin_flag_handle_tbl
 .bss.tl_slaveresp_cnt
                0x1ffffca1        0x1 ./Sources/lin_cfg/lin_cfg.o
                0x1ffffca1                tl_slaveresp_cnt
 .bss.lin_save_configuration_flg
                0x1ffffca2        0x1 ./Sources/lin_cfg/lin_cfg.o
                0x1ffffca2                lin_save_configuration_flg
 .bss.lin_frame_flag_tbl
                0x1ffffca3        0x6 ./Sources/lin_cfg/lin_cfg.o
                0x1ffffca3                lin_frame_flag_tbl
 .bss.lin_diag_services_flag
                0x1ffffca9        0x7 ./Sources/lin_cfg/lin_cfg.o
                0x1ffffca9                lin_diag_services_flag
 .bss.u16Err_1  0x1ffffcb0        0x2 ./Sources/main.o
                0x1ffffcb0                u16Err_1
 *fill*         0x1ffffcb2        0x2 00
 .bss.__stdio_exit
                0x1ffffcb4        0x4 D:/CW11.0/CW MCU v11.0/MCU/ARM_GCC_Support/ewl/lib/armv6-m\libc.a(exit.o)
                0x1ffffcb4                __stdio_exit
 .bss.__console_exit
                0x1ffffcb8        0x4 D:/CW11.0/CW MCU v11.0/MCU/ARM_GCC_Support/ewl/lib/armv6-m\libc.a(exit.o)
                0x1ffffcb8                __console_exit
 .bss.__global_destructor_chain
                0x1ffffcbc        0x4 D:/CW11.0/CW MCU v11.0/MCU/ARM_GCC_Support/ewl/lib/armv6-m\librt.a(__arm_eabi_init.o)
                0x1ffffcbc                __global_destructor_chain
 .bss.__S_romp  0x1ffffcc0        0xc D:/CW11.0/CW MCU v11.0/MCU/ARM_GCC_Support/ewl/lib/armv6-m\librt.a(ROMCopy.o)
 *(COMMON)
 COMMON         0x1ffffccc        0x2 ./Sources/LIN_Stack/coreapi/lin_common_proto.o
                0x1ffffccc                frame_signal_error
                0x1ffffccd                frame_index
 COMMON         0x1ffffcce       0x39 ./Sources/LIN_Stack/diagnostic/lin_diagnostic_service.o
                0x1ffffcce                data_cn1
                0x1ffffccf                diagnostic_Session
                0x1ffffcd0                boot_write_flash
                0x1ffffd02                data_cn2
                0x1ffffd03                diagnostic_Session_flg
                0x1ffffd04                diagnostic_Session_timer
                0x1ffffd06                diagnostic_Session_pre
 *fill*         0x1ffffd07        0x1 00
 COMMON         0x1ffffd08       0x9b ./Sources/lin_cfg/lin_cfg.o
                0x1ffffd08                tl_rx_msg_status
                0x1ffffd09                tl_ld_error_code
                0x1ffffd0a                tl_receive_msg_status
                0x1ffffd0c                tl_check_timeout
                0x1ffffd0e                tl_rx_queue_data
                0x1ffffd3e                tl_frame_counter
                0x1ffffd3f                tl_tx_queue_data
                0x1ffffd70                tl_tx_msg_size
                0x1ffffd72                tl_last_cfg_result
                0x1ffffd73                tl_tx_msg_status
                0x1ffffd74                tl_last_RSID
                0x1ffffd75                lin_successful_transfer
                0x1ffffd76                tl_rx_msg_index
                0x1ffffd78                tl_no_of_pdu
                0x1ffffd79                lin_diag_signal_tbl
                0x1ffffd89                lin_goto_sleep_flg
                0x1ffffd8a                tl_rx_msg_size
                0x1ffffd8c                lin_word_status
                0x1ffffd8e                tl_tx_msg_index
                0x1ffffd90                tl_check_timeout_type
                0x1ffffd91                lin_current_pid
                0x1ffffd94                tl_ident_data
                0x1ffffd98                lin_error_in_response
                0x1ffffd99                lin_lld_response_buffer
 *fill*         0x1ffffda3        0x1 00
 COMMON         0x1ffffda4        0x9 ./Sources/main.o
                0x1ffffda4                boot_reboot
                0x1ffffda6                updata_flash_ID
                0x1ffffda8                tx_ok
                0x1ffffdaa                updata_length
                0x1ffffdac                boot_eraser_flag
                0x1ffffdb0                . = ALIGN (0x4)
 *fill*         0x1ffffdad        0x3 00
                0x1ffffdb0                __END_BSS = .
                0x1ffffdb0                PROVIDE (__bss_end__, __END_BSS)
                0x0000399c                _romp_at = (___ROM_AT + SIZEOF (.data))

.romp           0x1ffffdb0       0x18 load address 0x0000399c
                0x0000399c                __S_romp = _romp_at
                0x1ffffdb0        0x4 LONG 0x3950 ___ROM_AT
                0x1ffffdb4        0x4 LONG 0x1ffffc00 _sdata
                0x1ffffdb8        0x4 LONG 0x4c ___data_size
                0x1ffffdbc        0x4 LONG 0x0
                0x1ffffdc0        0x4 LONG 0x0
                0x1ffffdc4        0x4 LONG 0x0

._user_heap_stack
                0x1ffffdc8      0x200 load address 0x000039b4
                0x1ffffdc8                . = ALIGN (0x4)
                0x1ffffdc8                PROVIDE (end, .)
                0x1ffffdc8                PROVIDE (_end, .)
                0x1ffffdc8                __heap_addr = .
                0x1ffffec8                . = (. + __heap_size)
 *fill*         0x1ffffdc8      0x100 00
                0x1fffffc8                . = (. + __stack_size)
 *fill*         0x1ffffec8      0x100 00
                0x1fffffc8                . = ALIGN (0x4)

.ARM.attributes
                0x00000000       0x31
 *(.ARM.attributes)
 .ARM.attributes
                0x00000000       0x31 ./Project_Settings/Startup_Code/kinetis_sysinit.o
 .ARM.attributes
                0x00000031       0x31 ./Project_Settings/Startup_Code/__arm_start.o
 .ARM.attributes
                0x00000062       0x31 ./Project_Settings/Startup_Code/__arm_end.o
 .ARM.attributes
                0x00000093       0x31 ./Sources/LIN_Stack/bsp/UART/lin_lld_uart.o
 .ARM.attributes
                0x000000c4       0x31 ./Sources/LIN_Stack/bsp/UART/lin_lld_timesrv.o
 .ARM.attributes
                0x000000f5       0x31 ./Sources/LIN_Stack/bsp/UART/lin_isr.o
 .ARM.attributes
                0x00000126       0x31 ./Sources/LIN_Stack/coreapi/lin_lin21_proto.o
 .ARM.attributes
                0x00000157       0x31 ./Sources/LIN_Stack/coreapi/lin_common_proto.o
 .ARM.attributes
                0x00000188       0x31 ./Sources/LIN_Stack/coreapi/lin_common_api.o
 .ARM.attributes
                0x000001b9       0x31 ./Sources/LIN_Stack/diagnostic/lin_diagnostic_service.o
 .ARM.attributes
                0x000001ea       0x31 ./Sources/LIN_Stack/lowlevel/lin.o
 .ARM.attributes
                0x0000021b       0x31 ./Sources/LIN_Stack/transport/lin_commontl_proto.o
 .ARM.attributes
                0x0000024c       0x31 ./Sources/LIN_Stack/transport/lin_commontl_api.o
 .ARM.attributes
                0x0000027d       0x31 ./Sources/driver/clock/clock.o
 .ARM.attributes
                0x000002ae       0x31 ./Sources/driver/eeprom/eeprom.o
 .ARM.attributes
                0x000002df       0x31 ./Sources/driver/gpio/gpio.o
 .ARM.attributes
                0x00000310       0x31 ./Sources/lin_cfg/lin_cfg.o
 .ARM.attributes
                0x00000341       0x31 ./Sources/main.o
 .ARM.attributes
                0x00000372       0x31 D:/CW11.0/CW MCU v11.0/MCU/ARM_GCC_Support/ewl/lib/armv6-m\libc.a(exit.o)
 .ARM.attributes
                0x000003a3       0x31 D:/CW11.0/CW MCU v11.0/MCU/ARM_GCC_Support/ewl/lib/armv6-m\libc.a(memset.o)
 .ARM.attributes
                0x000003d4       0x31 D:/CW11.0/CW MCU v11.0/MCU/ARM_GCC_Support/ewl/lib/armv6-m\libc.a(__filll_mem.o)
 .ARM.attributes
                0x00000405       0x1e d:/cw11.0/cw mcu v11.0/cross_tools/arm-none-eabi-gcc-4_7_3/bin/../lib/gcc/arm-none-eabi/4.7.3/armv6-m\libgcc.a(_thumb1_case_uqi.o)
 .ARM.attributes
                0x00000423       0x1e d:/cw11.0/cw mcu v11.0/cross_tools/arm-none-eabi-gcc-4_7_3/bin/../lib/gcc/arm-none-eabi/4.7.3/armv6-m\libgcc.a(_udivsi3.o)
 .ARM.attributes
                0x00000441       0x1e d:/cw11.0/cw mcu v11.0/cross_tools/arm-none-eabi-gcc-4_7_3/bin/../lib/gcc/arm-none-eabi/4.7.3/armv6-m\libgcc.a(_divsi3.o)
 .ARM.attributes
                0x0000045f       0x1e d:/cw11.0/cw mcu v11.0/cross_tools/arm-none-eabi-gcc-4_7_3/bin/../lib/gcc/arm-none-eabi/4.7.3/armv6-m\libgcc.a(_dvmd_tls.o)
 .ARM.attributes
                0x0000047d       0x2c d:/cw11.0/cw mcu v11.0/cross_tools/arm-none-eabi-gcc-4_7_3/bin/../lib/gcc/arm-none-eabi/4.7.3/armv6-m\libgcc.a(_fixunsdfsi.o)
 .ARM.attributes
                0x000004a9       0x2c d:/cw11.0/cw mcu v11.0/cross_tools/arm-none-eabi-gcc-4_7_3/bin/../lib/gcc/arm-none-eabi/4.7.3/armv6-m\libgcc.a(adddf3.o)
 .ARM.attributes
                0x000004d5       0x2c d:/cw11.0/cw mcu v11.0/cross_tools/arm-none-eabi-gcc-4_7_3/bin/../lib/gcc/arm-none-eabi/4.7.3/armv6-m\libgcc.a(subdf3.o)
 .ARM.attributes
                0x00000501       0x2c d:/cw11.0/cw mcu v11.0/cross_tools/arm-none-eabi-gcc-4_7_3/bin/../lib/gcc/arm-none-eabi/4.7.3/armv6-m\libgcc.a(fixdfsi.o)
 .ARM.attributes
                0x0000052d       0x2c d:/cw11.0/cw mcu v11.0/cross_tools/arm-none-eabi-gcc-4_7_3/bin/../lib/gcc/arm-none-eabi/4.7.3/armv6-m\libgcc.a(floatunsidf.o)
 .ARM.attributes
                0x00000559       0x1e d:/cw11.0/cw mcu v11.0/cross_tools/arm-none-eabi-gcc-4_7_3/bin/../lib/gcc/arm-none-eabi/4.7.3/armv6-m\libgcc.a(_arm_cmpdf2.o)
 .ARM.attributes
                0x00000577       0x1e d:/cw11.0/cw mcu v11.0/cross_tools/arm-none-eabi-gcc-4_7_3/bin/../lib/gcc/arm-none-eabi/4.7.3/armv6-m\libgcc.a(_clzsi2.o)
 .ARM.attributes
                0x00000595       0x2c d:/cw11.0/cw mcu v11.0/cross_tools/arm-none-eabi-gcc-4_7_3/bin/../lib/gcc/arm-none-eabi/4.7.3/armv6-m\libgcc.a(eqdf2.o)
 .ARM.attributes
                0x000005c1       0x2c d:/cw11.0/cw mcu v11.0/cross_tools/arm-none-eabi-gcc-4_7_3/bin/../lib/gcc/arm-none-eabi/4.7.3/armv6-m\libgcc.a(gedf2.o)
 .ARM.attributes
                0x000005ed       0x2c d:/cw11.0/cw mcu v11.0/cross_tools/arm-none-eabi-gcc-4_7_3/bin/../lib/gcc/arm-none-eabi/4.7.3/armv6-m\libgcc.a(ledf2.o)
 .ARM.attributes
                0x00000619       0x31 D:/CW11.0/CW MCU v11.0/MCU/ARM_GCC_Support/ewl/lib/armv6-m\librt.a(gcc_ctor_dtor.o)
 .ARM.attributes
                0x0000064a       0x31 D:/CW11.0/CW MCU v11.0/MCU/ARM_GCC_Support/ewl/lib/armv6-m\librt.a(__arm_eabi_init.o)
 .ARM.attributes
                0x0000067b       0x31 D:/CW11.0/CW MCU v11.0/MCU/ARM_GCC_Support/ewl/lib/armv6-m\librt.a(ROMCopy.o)
OUTPUT(RLS.elf elf32-littlearm)

.debug_info     0x00000000     0x5f74
 .debug_info    0x00000000      0x385 ./Project_Settings/Startup_Code/kinetis_sysinit.o
 .debug_info    0x00000385      0x148 ./Project_Settings/Startup_Code/__arm_start.o
 .debug_info    0x000004cd       0x53 ./Project_Settings/Startup_Code/__arm_end.o
 .debug_info    0x00000520      0xd1e ./Sources/LIN_Stack/bsp/UART/lin_lld_uart.o
 .debug_info    0x0000123e      0x54c ./Sources/LIN_Stack/bsp/UART/lin_lld_timesrv.o
 .debug_info    0x0000178a      0x2a0 ./Sources/LIN_Stack/bsp/UART/lin_isr.o
 .debug_info    0x00001a2a      0x378 ./Sources/LIN_Stack/coreapi/lin_lin21_proto.o
 .debug_info    0x00001da2      0x820 ./Sources/LIN_Stack/coreapi/lin_common_proto.o
 .debug_info    0x000025c2      0x337 ./Sources/LIN_Stack/coreapi/lin_common_api.o
 .debug_info    0x000028f9      0x49d ./Sources/LIN_Stack/diagnostic/lin_diagnostic_service.o
 .debug_info    0x00002d96      0x363 ./Sources/LIN_Stack/lowlevel/lin.o
 .debug_info    0x000030f9      0x648 ./Sources/LIN_Stack/transport/lin_commontl_proto.o
 .debug_info    0x00003741      0x65b ./Sources/LIN_Stack/transport/lin_commontl_api.o
 .debug_info    0x00003d9c       0xf2 ./Sources/driver/clock/clock.o
 .debug_info    0x00003e8e      0x866 ./Sources/driver/eeprom/eeprom.o
 .debug_info    0x000046f4      0x1a3 ./Sources/driver/gpio/gpio.o
 .debug_info    0x00004897      0x9e6 ./Sources/lin_cfg/lin_cfg.o
 .debug_info    0x0000527d      0x462 ./Sources/main.o
 .debug_info    0x000056df       0xe8 D:/CW11.0/CW MCU v11.0/MCU/ARM_GCC_Support/ewl/lib/armv6-m\libc.a(exit.o)
 .debug_info    0x000057c7       0xec D:/CW11.0/CW MCU v11.0/MCU/ARM_GCC_Support/ewl/lib/armv6-m\libc.a(memset.o)
 .debug_info    0x000058b3      0x137 D:/CW11.0/CW MCU v11.0/MCU/ARM_GCC_Support/ewl/lib/armv6-m\libc.a(__filll_mem.o)
 .debug_info    0x000059ea      0x136 D:/CW11.0/CW MCU v11.0/MCU/ARM_GCC_Support/ewl/lib/armv6-m\librt.a(gcc_ctor_dtor.o)
 .debug_info    0x00005b20      0x2b9 D:/CW11.0/CW MCU v11.0/MCU/ARM_GCC_Support/ewl/lib/armv6-m\librt.a(__arm_eabi_init.o)
 .debug_info    0x00005dd9      0x19b D:/CW11.0/CW MCU v11.0/MCU/ARM_GCC_Support/ewl/lib/armv6-m\librt.a(ROMCopy.o)

.debug_abbrev   0x00000000     0x1c6d
 .debug_abbrev  0x00000000      0x133 ./Project_Settings/Startup_Code/kinetis_sysinit.o
 .debug_abbrev  0x00000133       0xc2 ./Project_Settings/Startup_Code/__arm_start.o
 .debug_abbrev  0x000001f5       0x4c ./Project_Settings/Startup_Code/__arm_end.o
 .debug_abbrev  0x00000241      0x2c8 ./Sources/LIN_Stack/bsp/UART/lin_lld_uart.o
 .debug_abbrev  0x00000509      0x10c ./Sources/LIN_Stack/bsp/UART/lin_lld_timesrv.o
 .debug_abbrev  0x00000615       0xb1 ./Sources/LIN_Stack/bsp/UART/lin_isr.o
 .debug_abbrev  0x000006c6      0x11a ./Sources/LIN_Stack/coreapi/lin_lin21_proto.o
 .debug_abbrev  0x000007e0      0x1e9 ./Sources/LIN_Stack/coreapi/lin_common_proto.o
 .debug_abbrev  0x000009c9      0x158 ./Sources/LIN_Stack/coreapi/lin_common_api.o
 .debug_abbrev  0x00000b21      0x169 ./Sources/LIN_Stack/diagnostic/lin_diagnostic_service.o
 .debug_abbrev  0x00000c8a      0x145 ./Sources/LIN_Stack/lowlevel/lin.o
 .debug_abbrev  0x00000dcf      0x1fd ./Sources/LIN_Stack/transport/lin_commontl_proto.o
 .debug_abbrev  0x00000fcc      0x1bb ./Sources/LIN_Stack/transport/lin_commontl_api.o
 .debug_abbrev  0x00001187       0x85 ./Sources/driver/clock/clock.o
 .debug_abbrev  0x0000120c      0x28b ./Sources/driver/eeprom/eeprom.o
 .debug_abbrev  0x00001497       0x85 ./Sources/driver/gpio/gpio.o
 .debug_abbrev  0x0000151c      0x138 ./Sources/lin_cfg/lin_cfg.o
 .debug_abbrev  0x00001654      0x159 ./Sources/main.o
 .debug_abbrev  0x000017ad       0x7a D:/CW11.0/CW MCU v11.0/MCU/ARM_GCC_Support/ewl/lib/armv6-m\libc.a(exit.o)
 .debug_abbrev  0x00001827       0x62 D:/CW11.0/CW MCU v11.0/MCU/ARM_GCC_Support/ewl/lib/armv6-m\libc.a(memset.o)
 .debug_abbrev  0x00001889       0x78 D:/CW11.0/CW MCU v11.0/MCU/ARM_GCC_Support/ewl/lib/armv6-m\libc.a(__filll_mem.o)
 .debug_abbrev  0x00001901       0x99 D:/CW11.0/CW MCU v11.0/MCU/ARM_GCC_Support/ewl/lib/armv6-m\librt.a(gcc_ctor_dtor.o)
 .debug_abbrev  0x0000199a      0x1b3 D:/CW11.0/CW MCU v11.0/MCU/ARM_GCC_Support/ewl/lib/armv6-m\librt.a(__arm_eabi_init.o)
 .debug_abbrev  0x00001b4d      0x120 D:/CW11.0/CW MCU v11.0/MCU/ARM_GCC_Support/ewl/lib/armv6-m\librt.a(ROMCopy.o)

.debug_aranges  0x00000000      0x630
 .debug_aranges
                0x00000000       0x28 ./Project_Settings/Startup_Code/kinetis_sysinit.o
 .debug_aranges
                0x00000028       0x28 ./Project_Settings/Startup_Code/__arm_start.o
 .debug_aranges
                0x00000050       0x20 ./Project_Settings/Startup_Code/__arm_end.o
 .debug_aranges
                0x00000070       0x88 ./Sources/LIN_Stack/bsp/UART/lin_lld_uart.o
 .debug_aranges
                0x000000f8       0x28 ./Sources/LIN_Stack/bsp/UART/lin_lld_timesrv.o
 .debug_aranges
                0x00000120       0x28 ./Sources/LIN_Stack/bsp/UART/lin_isr.o
 .debug_aranges
                0x00000148       0x30 ./Sources/LIN_Stack/coreapi/lin_lin21_proto.o
 .debug_aranges
                0x00000178       0x68 ./Sources/LIN_Stack/coreapi/lin_common_proto.o
 .debug_aranges
                0x000001e0       0x68 ./Sources/LIN_Stack/coreapi/lin_common_api.o
 .debug_aranges
                0x00000248       0x60 ./Sources/LIN_Stack/diagnostic/lin_diagnostic_service.o
 .debug_aranges
                0x000002a8       0xa0 ./Sources/LIN_Stack/lowlevel/lin.o
 .debug_aranges
                0x00000348       0x48 ./Sources/LIN_Stack/transport/lin_commontl_proto.o
 .debug_aranges
                0x00000390       0x70 ./Sources/LIN_Stack/transport/lin_commontl_api.o
 .debug_aranges
                0x00000400       0x20 ./Sources/driver/clock/clock.o
 .debug_aranges
                0x00000420       0x80 ./Sources/driver/eeprom/eeprom.o
 .debug_aranges
                0x000004a0       0x20 ./Sources/driver/gpio/gpio.o
 .debug_aranges
                0x000004c0       0x20 ./Sources/lin_cfg/lin_cfg.o
 .debug_aranges
                0x000004e0       0x40 ./Sources/main.o
 .debug_aranges
                0x00000520       0x20 D:/CW11.0/CW MCU v11.0/MCU/ARM_GCC_Support/ewl/lib/armv6-m\libc.a(exit.o)
 .debug_aranges
                0x00000540       0x20 D:/CW11.0/CW MCU v11.0/MCU/ARM_GCC_Support/ewl/lib/armv6-m\libc.a(memset.o)
 .debug_aranges
                0x00000560       0x20 D:/CW11.0/CW MCU v11.0/MCU/ARM_GCC_Support/ewl/lib/armv6-m\libc.a(__filll_mem.o)
 .debug_aranges
                0x00000580       0x28 D:/CW11.0/CW MCU v11.0/MCU/ARM_GCC_Support/ewl/lib/armv6-m\librt.a(gcc_ctor_dtor.o)
 .debug_aranges
                0x000005a8       0x58 D:/CW11.0/CW MCU v11.0/MCU/ARM_GCC_Support/ewl/lib/armv6-m\librt.a(__arm_eabi_init.o)
 .debug_aranges
                0x00000600       0x30 D:/CW11.0/CW MCU v11.0/MCU/ARM_GCC_Support/ewl/lib/armv6-m\librt.a(ROMCopy.o)

.debug_macinfo  0x00000000   0x21b38d
 .debug_macinfo
                0x00000000    0x1a1bc ./Project_Settings/Startup_Code/kinetis_sysinit.o
 .debug_macinfo
                0x0001a1bc     0x3e82 ./Project_Settings/Startup_Code/__arm_start.o
 .debug_macinfo
                0x0001e03e     0x346b ./Project_Settings/Startup_Code/__arm_end.o
 .debug_macinfo
                0x000214a9    0x2356d ./Sources/LIN_Stack/bsp/UART/lin_lld_uart.o
 .debug_macinfo
                0x00044a16    0x23569 ./Sources/LIN_Stack/bsp/UART/lin_lld_timesrv.o
 .debug_macinfo
                0x00067f7f    0x23529 ./Sources/LIN_Stack/bsp/UART/lin_isr.o
 .debug_macinfo
                0x0008b4a8    0x234a2 ./Sources/LIN_Stack/coreapi/lin_lin21_proto.o
 .debug_macinfo
                0x000ae94a    0x237b9 ./Sources/LIN_Stack/coreapi/lin_common_proto.o
 .debug_macinfo
                0x000d2103    0x2348c ./Sources/LIN_Stack/coreapi/lin_common_api.o
 .debug_macinfo
                0x000f558f    0x23cd4 ./Sources/LIN_Stack/diagnostic/lin_diagnostic_service.o
 .debug_macinfo
                0x00119263    0x2352d ./Sources/LIN_Stack/lowlevel/lin.o
 .debug_macinfo
                0x0013c790    0x23d5e ./Sources/LIN_Stack/transport/lin_commontl_proto.o
 .debug_macinfo
                0x001604ee    0x237b5 ./Sources/LIN_Stack/transport/lin_commontl_api.o
 .debug_macinfo
                0x00183ca3    0x1a1bc ./Sources/driver/clock/clock.o
 .debug_macinfo
                0x0019de5f    0x1a7e8 ./Sources/driver/eeprom/eeprom.o
 .debug_macinfo
                0x001b8647    0x1a1f8 ./Sources/driver/gpio/gpio.o
 .debug_macinfo
                0x001d283f    0x2344c ./Sources/lin_cfg/lin_cfg.o
 .debug_macinfo
                0x001f5c8b    0x25702 ./Sources/main.o

.debug_line     0x00000000     0x47b2
 .debug_line    0x00000000      0x207 ./Project_Settings/Startup_Code/kinetis_sysinit.o
 .debug_line    0x00000207      0x27d ./Project_Settings/Startup_Code/__arm_start.o
 .debug_line    0x00000484      0x259 ./Project_Settings/Startup_Code/__arm_end.o
 .debug_line    0x000006dd      0x550 ./Sources/LIN_Stack/bsp/UART/lin_lld_uart.o
 .debug_line    0x00000c2d      0x369 ./Sources/LIN_Stack/bsp/UART/lin_lld_timesrv.o
 .debug_line    0x00000f96      0x2fd ./Sources/LIN_Stack/bsp/UART/lin_isr.o
 .debug_line    0x00001293      0x367 ./Sources/LIN_Stack/coreapi/lin_lin21_proto.o
 .debug_line    0x000015fa      0x4b8 ./Sources/LIN_Stack/coreapi/lin_common_proto.o
 .debug_line    0x00001ab2      0x3c3 ./Sources/LIN_Stack/coreapi/lin_common_api.o
 .debug_line    0x00001e75      0x51b ./Sources/LIN_Stack/diagnostic/lin_diagnostic_service.o
 .debug_line    0x00002390      0x41c ./Sources/LIN_Stack/lowlevel/lin.o
 .debug_line    0x000027ac      0x593 ./Sources/LIN_Stack/transport/lin_commontl_proto.o
 .debug_line    0x00002d3f      0x539 ./Sources/LIN_Stack/transport/lin_commontl_api.o
 .debug_line    0x00003278      0x1da ./Sources/driver/clock/clock.o
 .debug_line    0x00003452      0x523 ./Sources/driver/eeprom/eeprom.o
 .debug_line    0x00003975      0x1d0 ./Sources/driver/gpio/gpio.o
 .debug_line    0x00003b45      0x2d5 ./Sources/lin_cfg/lin_cfg.o
 .debug_line    0x00003e1a      0x545 ./Sources/main.o
 .debug_line    0x0000435f       0x8d D:/CW11.0/CW MCU v11.0/MCU/ARM_GCC_Support/ewl/lib/armv6-m\libc.a(exit.o)
 .debug_line    0x000043ec       0x90 D:/CW11.0/CW MCU v11.0/MCU/ARM_GCC_Support/ewl/lib/armv6-m\libc.a(memset.o)
 .debug_line    0x0000447c       0xf6 D:/CW11.0/CW MCU v11.0/MCU/ARM_GCC_Support/ewl/lib/armv6-m\libc.a(__filll_mem.o)
 .debug_line    0x00004572       0x6c D:/CW11.0/CW MCU v11.0/MCU/ARM_GCC_Support/ewl/lib/armv6-m\librt.a(gcc_ctor_dtor.o)
 .debug_line    0x000045de      0x117 D:/CW11.0/CW MCU v11.0/MCU/ARM_GCC_Support/ewl/lib/armv6-m\librt.a(__arm_eabi_init.o)
 .debug_line    0x000046f5       0xbd D:/CW11.0/CW MCU v11.0/MCU/ARM_GCC_Support/ewl/lib/armv6-m\librt.a(ROMCopy.o)

.debug_str      0x00000000     0x2738
 .debug_str     0x00000000      0x239 ./Project_Settings/Startup_Code/kinetis_sysinit.o
                                0x260 (size before relaxing)
 .debug_str     0x00000239       0x85 ./Project_Settings/Startup_Code/__arm_start.o
                                0x194 (size before relaxing)
 .debug_str     0x000002be       0x3a ./Project_Settings/Startup_Code/__arm_end.o
                                 0xcb (size before relaxing)
 .debug_str     0x000002f8      0x7e4 ./Sources/LIN_Stack/bsp/UART/lin_lld_uart.o
                                0x943 (size before relaxing)
 .debug_str     0x00000adc      0x382 ./Sources/LIN_Stack/bsp/UART/lin_lld_timesrv.o
                                0x51e (size before relaxing)
 .debug_str     0x00000e5e       0x4e ./Sources/LIN_Stack/bsp/UART/lin_isr.o
                                0x214 (size before relaxing)
 .debug_str     0x00000eac      0x267 ./Sources/LIN_Stack/coreapi/lin_lin21_proto.o
                                0x3c0 (size before relaxing)
 .debug_str     0x00001113      0x4ab ./Sources/LIN_Stack/coreapi/lin_common_proto.o
                                0xa25 (size before relaxing)
 .debug_str     0x000015be       0xc5 ./Sources/LIN_Stack/coreapi/lin_common_api.o
                                0x294 (size before relaxing)
 .debug_str     0x00001683      0x290 ./Sources/LIN_Stack/diagnostic/lin_diagnostic_service.o
                                0x3ff (size before relaxing)
 .debug_str     0x00001913      0x225 ./Sources/LIN_Stack/lowlevel/lin.o
                                0x37f (size before relaxing)
 .debug_str     0x00001b38      0x184 ./Sources/LIN_Stack/transport/lin_commontl_proto.o
                                0x66e (size before relaxing)
 .debug_str     0x00001cbc      0x1ae ./Sources/LIN_Stack/transport/lin_commontl_api.o
                                0x6a1 (size before relaxing)
 .debug_str     0x00001e6a       0x42 ./Sources/driver/clock/clock.o
                                0x147 (size before relaxing)
 .debug_str     0x00001eac      0x2cd ./Sources/driver/eeprom/eeprom.o
                                0x48e (size before relaxing)
 .debug_str     0x00002179       0x66 ./Sources/driver/gpio/gpio.o
                                0x1af (size before relaxing)
 .debug_str     0x000021df      0x147 ./Sources/lin_cfg/lin_cfg.o
                                0xba0 (size before relaxing)
 .debug_str     0x00002326       0xbb ./Sources/main.o
                                0x51f (size before relaxing)
 .debug_str     0x000023e1       0x4e D:/CW11.0/CW MCU v11.0/MCU/ARM_GCC_Support/ewl/lib/armv6-m\libc.a(exit.o)
                                0x157 (size before relaxing)
 .debug_str     0x0000242f       0x23 D:/CW11.0/CW MCU v11.0/MCU/ARM_GCC_Support/ewl/lib/armv6-m\libc.a(memset.o)
                                0x140 (size before relaxing)
 .debug_str     0x00002452       0x2d D:/CW11.0/CW MCU v11.0/MCU/ARM_GCC_Support/ewl/lib/armv6-m\libc.a(__filll_mem.o)
                                0x152 (size before relaxing)
 .debug_str     0x0000247f      0x126 D:/CW11.0/CW MCU v11.0/MCU/ARM_GCC_Support/ewl/lib/armv6-m\librt.a(gcc_ctor_dtor.o)
                                0x181 (size before relaxing)
 .debug_str     0x000025a5       0xf8 D:/CW11.0/CW MCU v11.0/MCU/ARM_GCC_Support/ewl/lib/armv6-m\librt.a(__arm_eabi_init.o)
                                0x1b5 (size before relaxing)
 .debug_str     0x0000269d       0x9b D:/CW11.0/CW MCU v11.0/MCU/ARM_GCC_Support/ewl/lib/armv6-m\librt.a(ROMCopy.o)
                                0x13c (size before relaxing)

.comment        0x00000000       0x79
 .comment       0x00000000       0x79 ./Project_Settings/Startup_Code/kinetis_sysinit.o
                                 0x7a (size before relaxing)
 .comment       0x00000000       0x7a ./Project_Settings/Startup_Code/__arm_start.o
 .comment       0x00000000       0x7a ./Project_Settings/Startup_Code/__arm_end.o
 .comment       0x00000000       0x7a ./Sources/LIN_Stack/bsp/UART/lin_lld_uart.o
 .comment       0x00000000       0x7a ./Sources/LIN_Stack/bsp/UART/lin_lld_timesrv.o
 .comment       0x00000000       0x7a ./Sources/LIN_Stack/bsp/UART/lin_isr.o
 .comment       0x00000000       0x7a ./Sources/LIN_Stack/coreapi/lin_lin21_proto.o
 .comment       0x00000000       0x7a ./Sources/LIN_Stack/coreapi/lin_common_proto.o
 .comment       0x00000000       0x7a ./Sources/LIN_Stack/coreapi/lin_common_api.o
 .comment       0x00000000       0x7a ./Sources/LIN_Stack/diagnostic/lin_diagnostic_service.o
 .comment       0x00000000       0x7a ./Sources/LIN_Stack/lowlevel/lin.o
 .comment       0x00000000       0x7a ./Sources/LIN_Stack/transport/lin_commontl_proto.o
 .comment       0x00000000       0x7a ./Sources/LIN_Stack/transport/lin_commontl_api.o
 .comment       0x00000000       0x7a ./Sources/driver/clock/clock.o
 .comment       0x00000000       0x7a ./Sources/driver/eeprom/eeprom.o
 .comment       0x00000000       0x7a ./Sources/driver/gpio/gpio.o
 .comment       0x00000000       0x7a ./Sources/lin_cfg/lin_cfg.o
 .comment       0x00000000       0x7a ./Sources/main.o
 .comment       0x00000000       0x7a D:/CW11.0/CW MCU v11.0/MCU/ARM_GCC_Support/ewl/lib/armv6-m\libc.a(exit.o)
 .comment       0x00000000       0x7a D:/CW11.0/CW MCU v11.0/MCU/ARM_GCC_Support/ewl/lib/armv6-m\libc.a(memset.o)
 .comment       0x00000000       0x7a D:/CW11.0/CW MCU v11.0/MCU/ARM_GCC_Support/ewl/lib/armv6-m\libc.a(__filll_mem.o)
 .comment       0x00000000       0x7a D:/CW11.0/CW MCU v11.0/MCU/ARM_GCC_Support/ewl/lib/armv6-m\librt.a(gcc_ctor_dtor.o)
 .comment       0x00000000       0x7a D:/CW11.0/CW MCU v11.0/MCU/ARM_GCC_Support/ewl/lib/armv6-m\librt.a(__arm_eabi_init.o)
 .comment       0x00000000       0x7a D:/CW11.0/CW MCU v11.0/MCU/ARM_GCC_Support/ewl/lib/armv6-m\librt.a(ROMCopy.o)

.debug_frame    0x00000000      0xf00
 .debug_frame   0x00000000       0x30 ./Project_Settings/Startup_Code/kinetis_sysinit.o
 .debug_frame   0x00000030       0x30 ./Project_Settings/Startup_Code/__arm_start.o
 .debug_frame   0x00000060       0x28 ./Project_Settings/Startup_Code/__arm_end.o
 .debug_frame   0x00000088      0x148 ./Sources/LIN_Stack/bsp/UART/lin_lld_uart.o
 .debug_frame   0x000001d0       0x38 ./Sources/LIN_Stack/bsp/UART/lin_lld_timesrv.o
 .debug_frame   0x00000208       0x40 ./Sources/LIN_Stack/bsp/UART/lin_isr.o
 .debug_frame   0x00000248       0x58 ./Sources/LIN_Stack/coreapi/lin_lin21_proto.o
 .debug_frame   0x000002a0      0x118 ./Sources/LIN_Stack/coreapi/lin_common_proto.o
 .debug_frame   0x000003b8       0xd8 ./Sources/LIN_Stack/coreapi/lin_common_api.o
 .debug_frame   0x00000490      0x11c ./Sources/LIN_Stack/diagnostic/lin_diagnostic_service.o
 .debug_frame   0x000005ac      0x194 ./Sources/LIN_Stack/lowlevel/lin.o
 .debug_frame   0x00000740       0xb8 ./Sources/LIN_Stack/transport/lin_commontl_proto.o
 .debug_frame   0x000007f8      0x100 ./Sources/LIN_Stack/transport/lin_commontl_api.o
 .debug_frame   0x000008f8       0x28 ./Sources/driver/clock/clock.o
 .debug_frame   0x00000920      0x164 ./Sources/driver/eeprom/eeprom.o
 .debug_frame   0x00000a84       0x20 ./Sources/driver/gpio/gpio.o
 .debug_frame   0x00000aa4       0x28 ./Sources/lin_cfg/lin_cfg.o
 .debug_frame   0x00000acc       0x88 ./Sources/main.o
 .debug_frame   0x00000b54       0x2c D:/CW11.0/CW MCU v11.0/MCU/ARM_GCC_Support/ewl/lib/armv6-m\libc.a(exit.o)
 .debug_frame   0x00000b80       0x28 D:/CW11.0/CW MCU v11.0/MCU/ARM_GCC_Support/ewl/lib/armv6-m\libc.a(memset.o)
 .debug_frame   0x00000ba8       0x2c D:/CW11.0/CW MCU v11.0/MCU/ARM_GCC_Support/ewl/lib/armv6-m\libc.a(__filll_mem.o)
 .debug_frame   0x00000bd4       0x20 d:/cw11.0/cw mcu v11.0/cross_tools/arm-none-eabi-gcc-4_7_3/bin/../lib/gcc/arm-none-eabi/4.7.3/armv6-m\libgcc.a(_udivsi3.o)
 .debug_frame   0x00000bf4       0x20 d:/cw11.0/cw mcu v11.0/cross_tools/arm-none-eabi-gcc-4_7_3/bin/../lib/gcc/arm-none-eabi/4.7.3/armv6-m\libgcc.a(_divsi3.o)
 .debug_frame   0x00000c14       0x2c d:/cw11.0/cw mcu v11.0/cross_tools/arm-none-eabi-gcc-4_7_3/bin/../lib/gcc/arm-none-eabi/4.7.3/armv6-m\libgcc.a(_fixunsdfsi.o)
 .debug_frame   0x00000c40       0x3c d:/cw11.0/cw mcu v11.0/cross_tools/arm-none-eabi-gcc-4_7_3/bin/../lib/gcc/arm-none-eabi/4.7.3/armv6-m\libgcc.a(adddf3.o)
 .debug_frame   0x00000c7c       0x38 d:/cw11.0/cw mcu v11.0/cross_tools/arm-none-eabi-gcc-4_7_3/bin/../lib/gcc/arm-none-eabi/4.7.3/armv6-m\libgcc.a(subdf3.o)
 .debug_frame   0x00000cb4       0x2c d:/cw11.0/cw mcu v11.0/cross_tools/arm-none-eabi-gcc-4_7_3/bin/../lib/gcc/arm-none-eabi/4.7.3/armv6-m\libgcc.a(fixdfsi.o)
 .debug_frame   0x00000ce0       0x2c d:/cw11.0/cw mcu v11.0/cross_tools/arm-none-eabi-gcc-4_7_3/bin/../lib/gcc/arm-none-eabi/4.7.3/armv6-m\libgcc.a(floatunsidf.o)
 .debug_frame   0x00000d0c       0x34 d:/cw11.0/cw mcu v11.0/cross_tools/arm-none-eabi-gcc-4_7_3/bin/../lib/gcc/arm-none-eabi/4.7.3/armv6-m\libgcc.a(eqdf2.o)
 .debug_frame   0x00000d40       0x38 d:/cw11.0/cw mcu v11.0/cross_tools/arm-none-eabi-gcc-4_7_3/bin/../lib/gcc/arm-none-eabi/4.7.3/armv6-m\libgcc.a(gedf2.o)
 .debug_frame   0x00000d78       0x38 d:/cw11.0/cw mcu v11.0/cross_tools/arm-none-eabi-gcc-4_7_3/bin/../lib/gcc/arm-none-eabi/4.7.3/armv6-m\libgcc.a(ledf2.o)
 .debug_frame   0x00000db0       0x40 D:/CW11.0/CW MCU v11.0/MCU/ARM_GCC_Support/ewl/lib/armv6-m\librt.a(gcc_ctor_dtor.o)
 .debug_frame   0x00000df0       0xbc D:/CW11.0/CW MCU v11.0/MCU/ARM_GCC_Support/ewl/lib/armv6-m\librt.a(__arm_eabi_init.o)
 .debug_frame   0x00000eac       0x54 D:/CW11.0/CW MCU v11.0/MCU/ARM_GCC_Support/ewl/lib/armv6-m\librt.a(ROMCopy.o)

.debug_loc      0x00000000     0x23f1
 .debug_loc     0x00000000       0x20 ./Project_Settings/Startup_Code/__arm_end.o
 .debug_loc     0x00000020      0x295 ./Sources/LIN_Stack/bsp/UART/lin_lld_uart.o
 .debug_loc     0x000002b5       0x20 ./Sources/LIN_Stack/bsp/UART/lin_lld_timesrv.o
 .debug_loc     0x000002d5       0x40 ./Sources/LIN_Stack/bsp/UART/lin_isr.o
 .debug_loc     0x00000315       0x99 ./Sources/LIN_Stack/coreapi/lin_lin21_proto.o
 .debug_loc     0x000003ae      0x43c ./Sources/LIN_Stack/coreapi/lin_common_proto.o
 .debug_loc     0x000007ea       0xff ./Sources/LIN_Stack/coreapi/lin_common_api.o
 .debug_loc     0x000008e9      0x310 ./Sources/LIN_Stack/diagnostic/lin_diagnostic_service.o
 .debug_loc     0x00000bf9      0x2d3 ./Sources/LIN_Stack/lowlevel/lin.o
 .debug_loc     0x00000ecc      0x3d4 ./Sources/LIN_Stack/transport/lin_commontl_proto.o
 .debug_loc     0x000012a0      0x3d9 ./Sources/LIN_Stack/transport/lin_commontl_api.o
 .debug_loc     0x00001679       0x20 ./Sources/driver/clock/clock.o
 .debug_loc     0x00001699      0x770 ./Sources/driver/eeprom/eeprom.o
 .debug_loc     0x00001e09       0x46 ./Sources/lin_cfg/lin_cfg.o
 .debug_loc     0x00001e4f       0x9e ./Sources/main.o
 .debug_loc     0x00001eed       0x3e D:/CW11.0/CW MCU v11.0/MCU/ARM_GCC_Support/ewl/lib/armv6-m\libc.a(exit.o)
 .debug_loc     0x00001f2b       0x6f D:/CW11.0/CW MCU v11.0/MCU/ARM_GCC_Support/ewl/lib/armv6-m\libc.a(memset.o)
 .debug_loc     0x00001f9a      0x14a D:/CW11.0/CW MCU v11.0/MCU/ARM_GCC_Support/ewl/lib/armv6-m\libc.a(__filll_mem.o)
 .debug_loc     0x000020e4       0x9d D:/CW11.0/CW MCU v11.0/MCU/ARM_GCC_Support/ewl/lib/armv6-m\librt.a(gcc_ctor_dtor.o)
 .debug_loc     0x00002181      0x197 D:/CW11.0/CW MCU v11.0/MCU/ARM_GCC_Support/ewl/lib/armv6-m\librt.a(__arm_eabi_init.o)
 .debug_loc     0x00002318       0xd9 D:/CW11.0/CW MCU v11.0/MCU/ARM_GCC_Support/ewl/lib/armv6-m\librt.a(ROMCopy.o)
