Archive member included because of file (symbol)

D:/CW11.0/CW MCU v11.0/MCU/ARM_GCC_Support/ewl/lib/armv6-m\libc.a(exit.o)
                              ./Project_Settings/Startup_Code/__arm_start.o (exit)
D:/CW11.0/CW MCU v11.0/MCU/ARM_GCC_Support/ewl/lib/armv6-m\libc.a(rand.o)
                              ./Sources/Application/Diagnostic/lin_diagnostic_service.o (rand)
D:/CW11.0/CW MCU v11.0/MCU/ARM_GCC_Support/ewl/lib/armv6-m\libc.a(memset.o)
                              ./Project_Settings/Startup_Code/__arm_start.o (memset)
D:/CW11.0/CW MCU v11.0/MCU/ARM_GCC_Support/ewl/lib/armv6-m\libc.a(__filll_mem.o)
                              D:/CW11.0/CW MCU v11.0/MCU/ARM_GCC_Support/ewl/lib/armv6-m\libc.a(memset.o) (__fill_mem)
d:/cw11.0/cw mcu v11.0/cross_tools/arm-none-eabi-gcc-4_7_3/bin/../lib/gcc/arm-none-eabi/4.7.3/armv6-m\libgcc.a(_udivsi3.o)
                              ./Sources/Application/RLS_app/rls_app.o (__aeabi_uidiv)
d:/cw11.0/cw mcu v11.0/cross_tools/arm-none-eabi-gcc-4_7_3/bin/../lib/gcc/arm-none-eabi/4.7.3/armv6-m\libgcc.a(_divsi3.o)
                              ./Sources/Application/RLS_app/rls_app.o (__aeabi_idiv)
d:/cw11.0/cw mcu v11.0/cross_tools/arm-none-eabi-gcc-4_7_3/bin/../lib/gcc/arm-none-eabi/4.7.3/armv6-m\libgcc.a(_dvmd_tls.o)
                              d:/cw11.0/cw mcu v11.0/cross_tools/arm-none-eabi-gcc-4_7_3/bin/../lib/gcc/arm-none-eabi/4.7.3/armv6-m\libgcc.a(_udivsi3.o) (__aeabi_idiv0)
d:/cw11.0/cw mcu v11.0/cross_tools/arm-none-eabi-gcc-4_7_3/bin/../lib/gcc/arm-none-eabi/4.7.3/armv6-m\libgcc.a(_fixunsdfsi.o)
                              ./Sources/Driver/LIN_Stack/bsp/UART/lin_isr.o (__aeabi_d2uiz)
d:/cw11.0/cw mcu v11.0/cross_tools/arm-none-eabi-gcc-4_7_3/bin/../lib/gcc/arm-none-eabi/4.7.3/armv6-m\libgcc.a(adddf3.o)
                              ./Sources/Driver/LIN_Stack/bsp/UART/lin_isr.o (__aeabi_dadd)
d:/cw11.0/cw mcu v11.0/cross_tools/arm-none-eabi-gcc-4_7_3/bin/../lib/gcc/arm-none-eabi/4.7.3/armv6-m\libgcc.a(subdf3.o)
                              d:/cw11.0/cw mcu v11.0/cross_tools/arm-none-eabi-gcc-4_7_3/bin/../lib/gcc/arm-none-eabi/4.7.3/armv6-m\libgcc.a(_fixunsdfsi.o) (__aeabi_dsub)
d:/cw11.0/cw mcu v11.0/cross_tools/arm-none-eabi-gcc-4_7_3/bin/../lib/gcc/arm-none-eabi/4.7.3/armv6-m\libgcc.a(fixdfsi.o)
                              d:/cw11.0/cw mcu v11.0/cross_tools/arm-none-eabi-gcc-4_7_3/bin/../lib/gcc/arm-none-eabi/4.7.3/armv6-m\libgcc.a(_fixunsdfsi.o) (__aeabi_d2iz)
d:/cw11.0/cw mcu v11.0/cross_tools/arm-none-eabi-gcc-4_7_3/bin/../lib/gcc/arm-none-eabi/4.7.3/armv6-m\libgcc.a(floatunsidf.o)
                              ./Sources/Driver/LIN_Stack/bsp/UART/lin_isr.o (__aeabi_ui2d)
d:/cw11.0/cw mcu v11.0/cross_tools/arm-none-eabi-gcc-4_7_3/bin/../lib/gcc/arm-none-eabi/4.7.3/armv6-m\libgcc.a(_arm_cmpdf2.o)
                              d:/cw11.0/cw mcu v11.0/cross_tools/arm-none-eabi-gcc-4_7_3/bin/../lib/gcc/arm-none-eabi/4.7.3/armv6-m\libgcc.a(_fixunsdfsi.o) (__aeabi_dcmpge)
d:/cw11.0/cw mcu v11.0/cross_tools/arm-none-eabi-gcc-4_7_3/bin/../lib/gcc/arm-none-eabi/4.7.3/armv6-m\libgcc.a(_clzsi2.o)
                              d:/cw11.0/cw mcu v11.0/cross_tools/arm-none-eabi-gcc-4_7_3/bin/../lib/gcc/arm-none-eabi/4.7.3/armv6-m\libgcc.a(adddf3.o) (__clzsi2)
d:/cw11.0/cw mcu v11.0/cross_tools/arm-none-eabi-gcc-4_7_3/bin/../lib/gcc/arm-none-eabi/4.7.3/armv6-m\libgcc.a(eqdf2.o)
                              d:/cw11.0/cw mcu v11.0/cross_tools/arm-none-eabi-gcc-4_7_3/bin/../lib/gcc/arm-none-eabi/4.7.3/armv6-m\libgcc.a(_arm_cmpdf2.o) (__eqdf2)
d:/cw11.0/cw mcu v11.0/cross_tools/arm-none-eabi-gcc-4_7_3/bin/../lib/gcc/arm-none-eabi/4.7.3/armv6-m\libgcc.a(gedf2.o)
                              d:/cw11.0/cw mcu v11.0/cross_tools/arm-none-eabi-gcc-4_7_3/bin/../lib/gcc/arm-none-eabi/4.7.3/armv6-m\libgcc.a(_arm_cmpdf2.o) (__gedf2)
d:/cw11.0/cw mcu v11.0/cross_tools/arm-none-eabi-gcc-4_7_3/bin/../lib/gcc/arm-none-eabi/4.7.3/armv6-m\libgcc.a(ledf2.o)
                              d:/cw11.0/cw mcu v11.0/cross_tools/arm-none-eabi-gcc-4_7_3/bin/../lib/gcc/arm-none-eabi/4.7.3/armv6-m\libgcc.a(_arm_cmpdf2.o) (__ledf2)
D:/CW11.0/CW MCU v11.0/MCU/ARM_GCC_Support/ewl/lib/armv6-m\librt.a(gcc_ctor_dtor.o)
                              ./Project_Settings/Startup_Code/__arm_start.o (__init_cpp)
D:/CW11.0/CW MCU v11.0/MCU/ARM_GCC_Support/ewl/lib/armv6-m\librt.a(__arm_eabi_init.o)
                              D:/CW11.0/CW MCU v11.0/MCU/ARM_GCC_Support/ewl/lib/armv6-m\libc.a(exit.o) (__destroy_global_chain)
D:/CW11.0/CW MCU v11.0/MCU/ARM_GCC_Support/ewl/lib/armv6-m\librt.a(ROMCopy.o)
                              ./Project_Settings/Startup_Code/__arm_start.o (__copy_rom_sections_to_ram)

Allocating common symbols
Common symbol       size              file

tl_rx_msg_status    0x1               ./Sources/Transport/lin_cfg/lin_cfg.o
u8_HighHoldCnt      0x1               ./Sources/Application/RLS_app/rls_app.o
u8_Rain_Delta       0x1               ./Sources/Application/RLS_app/rls_app.o
[...]
Memory Configuration

Name             Origin             Length             Attributes
m_interrupts     0x00000000         0x000000c0         xr
m_cfmprotrom     0x00000400         0x00000010         xr
m_text           0x00000800         0x0000f800         xr
m_data           0x1ffffc00         0x00001000         xrw
*default*        0x00000000         0xffffffff

Linker script and memory map

LOAD ./Project_Settings/Startup_Code/kinetis_sysinit.o
LOAD ./Project_Settings/Startup_Code/__arm_start.o
LOAD ./Project_Settings/Startup_Code/__arm_end.o
LOAD ./Sources/Application/Auto_air/auto_air.o
LOAD ./Sources/Application/Auto_fog/auto_fog.o
LOAD ./Sources/Application/Auto_humid/auto_humid.o
LOAD ./Sources/Application/Auto_light/auto_light.o
LOAD ./Sources/Application/Auto_wiper/auto_wiper.o
LOAD ./Sources/Application/Config_parameters/config_parameter.o
LOAD ./Sources/Application/Diagnostic/lin_diagnostic_service.o
LOAD ./Sources/Application/RLS_app/rls_app.o
LOAD ./Sources/Application/humid_app/humid.o
LOAD ./Sources/Application/main.o
LOAD ./Sources/Driver/IIC/iic.o
LOAD ./Sources/Driver/LIN_Stack/bsp/UART/lin_lld_uart.o
LOAD ./Sources/Driver/LIN_Stack/bsp/UART/lin_lld_timesrv.o
LOAD ./Sources/Driver/LIN_Stack/bsp/UART/lin_isr.o
LOAD ./Sources/Driver/LIN_Stack/coreapi/lin_lin21_proto.o
LOAD ./Sources/Driver/LIN_Stack/coreapi/lin_lin21_api.o
LOAD ./Sources/Driver/LIN_Stack/coreapi/lin_j2602_proto.o
LOAD ./Sources/Driver/LIN_Stack/coreapi/lin_j2602_api.o
LOAD ./Sources/Driver/LIN_Stack/coreapi/lin_common_proto.o
LOAD ./Sources/Driver/LIN_Stack/coreapi/lin_common_api.o
LOAD ./Sources/Driver/LIN_Stack/lowlevel/lin.o
LOAD ./Sources/Driver/SPI/spi.o
LOAD ./Sources/Driver/adc/adc.o
LOAD ./Sources/Driver/clock/clock.o
LOAD ./Sources/Driver/eeprom/eeprom.o
LOAD ./Sources/Driver/ftm/ftm.o
LOAD ./Sources/Driver/gpio/gpio.o
LOAD ./Sources/Driver/pmc/pmc.o
LOAD ./Sources/Driver/rtc/rtc.o
LOAD ./Sources/Driver/watchdog/watchdog.o
LOAD ./Sources/Transport/LIN_app/lin_app.o
LOAD ./Sources/Transport/Local_eep_data/local_eep_data.o
LOAD ./Sources/Transport/lin_cfg/lin_cfg.o
LOAD ./Sources/Transport/lin_transport/lin_lin21tl_api.o
LOAD ./Sources/Transport/lin_transport/lin_j2602tl_api.o
LOAD ./Sources/Transport/lin_transport/lin_commontl_proto.o
LOAD ./Sources/Transport/lin_transport/lin_commontl_api.o
START GROUP
LOAD D:/CW11.0/CW MCU v11.0/MCU/ARM_GCC_Support/ewl/lib/armv6-m\libc.a
LOAD D:/CW11.0/CW MCU v11.0/MCU/ARM_GCC_Support/ewl/lib/armv6-m\libm.a
LOAD d:/cw11.0/cw mcu v11.0/cross_tools/arm-none-eabi-gcc-4_7_3/bin/../lib/gcc/arm-none-eabi/4.7.3/armv6-m\libgcc.a
LOAD D:/CW11.0/CW MCU v11.0/MCU/ARM_GCC_Support/ewl/lib/armv6-m\librt.a
END GROUP
                0x20000c00                _estack = 0x20000c00
                0x20000c00                __SP_INIT = _estack
                0x00000100                __heap_size = 0x100
                0x00000100                __stack_size = 0x100

.interrupts     0x00000000       0xc0
                0x00000000                __vector_table = .
                0x00000000                . = ALIGN (0x4)
 *(.vectortable)
 .vectortable   0x00000000       0xc0 ./Project_Settings/Startup_Code/kinetis_sysinit.o
                0x00000000                InterruptVector
                0x000000c0                . = ALIGN (0x4)

.cfmprotect     0x00000400        0x0
                0x00000400                . = ALIGN (0x4)
 *(.cfmconfig)
                0x00000400                . = ALIGN (0x4)

.text           0x00000800     0xa40c
                0x00000800                . = ALIGN (0x4)
 *(.text)
 .text          0x00000800       0x9c d:/cw11.0/cw mcu v11.0/cross_tools/arm-none-eabi-gcc-4_7_3/bin/../lib/gcc/arm-none-eabi/4.7.3/armv6-m\libgcc.a(_udivsi3.o)
                0x00000800                __aeabi_uidiv
                0x00000800                __udivsi3
                0x00000888                __aeabi_uidivmod
 .text          0x0000089c       0xc0 d:/cw11.0/cw mcu v11.0/cross_tools/arm-none-eabi-gcc-4_7_3/bin/../lib/gcc/arm-none-eabi/4.7.3/armv6-m\libgcc.a(_divsi3.o)
                0x0000089c                __divsi3
                0x0000089c                __aeabi_idiv
                0x00000948                __aeabi_idivmod
 .text          0x0000095c        0x4 d:/cw11.0/cw mcu v11.0/cross_tools/arm-none-eabi-gcc-4_7_3/bin/../lib/gcc/arm-none-eabi/4.7.3/armv6-m\libgcc.a(_dvmd_tls.o)
                0x0000095c                __aeabi_idiv0
                0x0000095c                __aeabi_ldiv0
 .text          0x00000960       0x40 d:/cw11.0/cw mcu v11.0/cross_tools/arm-none-eabi-gcc-4_7_3/bin/../lib/gcc/arm-none-eabi/4.7.3/armv6-m\libgcc.a(_fixunsdfsi.o)
                0x00000960                __aeabi_d2uiz
                0x00000960                __fixunsdfsi
 .text          0x000009a0      0x758 d:/cw11.0/cw mcu v11.0/cross_tools/arm-none-eabi-gcc-4_7_3/bin/../lib/gcc/arm-none-eabi/4.7.3/armv6-m\libgcc.a(adddf3.o)
                0x000009a0                __aeabi_dadd
 .text          0x000010f8      0x6f8 d:/cw11.0/cw mcu v11.0/cross_tools/arm-none-eabi-gcc-4_7_3/bin/../lib/gcc/arm-none-eabi/4.7.3/armv6-m\libgcc.a(subdf3.o)
                0x000010f8                __aeabi_dsub
 .text          0x000017f0       0x68 d:/cw11.0/cw mcu v11.0/cross_tools/arm-none-eabi-gcc-4_7_3/bin/../lib/gcc/arm-none-eabi/4.7.3/armv6-m\libgcc.a(fixdfsi.o)
                0x000017f0                __aeabi_d2iz
 .text          0x00001858       0x64 d:/cw11.0/cw mcu v11.0/cross_tools/arm-none-eabi-gcc-4_7_3/bin/../lib/gcc/arm-none-eabi/4.7.3/armv6-m\libgcc.a(floatunsidf.o)
                0x00001858                __aeabi_ui2d
 .text          0x000018bc       0x7c d:/cw11.0/cw mcu v11.0/cross_tools/arm-none-eabi-gcc-4_7_3/bin/../lib/gcc/arm-none-eabi/4.7.3/armv6-m\libgcc.a(_arm_cmpdf2.o)
                0x000018bc                __aeabi_cdrcmple
                0x000018cc                __aeabi_cdcmple
                0x000018cc                __aeabi_cdcmpeq
                0x000018dc                __aeabi_dcmpeq
                0x000018e8                __aeabi_dcmplt
                0x000018fc                __aeabi_dcmple
                0x00001910                __aeabi_dcmpgt
                0x00001924                __aeabi_dcmpge
 .text          0x00001938       0x3c d:/cw11.0/cw mcu v11.0/cross_tools/arm-none-eabi-gcc-4_7_3/bin/../lib/gcc/arm-none-eabi/4.7.3/armv6-m\libgcc.a(_clzsi2.o)
                0x00001938                __clzsi2
 .text          0x00001974       0x7c d:/cw11.0/cw mcu v11.0/cross_tools/arm-none-eabi-gcc-4_7_3/bin/../lib/gcc/arm-none-eabi/4.7.3/armv6-m\libgcc.a(eqdf2.o)
                0x00001974                __nedf2
                0x00001974                __eqdf2
 .text          0x000019f0       0xe8 d:/cw11.0/cw mcu v11.0/cross_tools/arm-none-eabi-gcc-4_7_3/bin/../lib/gcc/arm-none-eabi/4.7.3/armv6-m\libgcc.a(gedf2.o)
                0x000019f0                __gedf2
                0x000019f0                __gtdf2
 .text          0x00001ad8       0xd8 d:/cw11.0/cw mcu v11.0/cross_tools/arm-none-eabi-gcc-4_7_3/bin/../lib/gcc/arm-none-eabi/4.7.3/armv6-m\libgcc.a(ledf2.o)
                0x00001ad8                __ledf2
                0x00001ad8                __ltdf2
 *(.text*)
 .text.Default_Handler
                0x00001bb0        0xc ./Project_Settings/Startup_Code/kinetis_sysinit.o
                0x00001bb0                I2C0_IRQHandler
                0x00001bb0                HardFault_Handler
                0x00001bb0                SysTick_Handler
                0x00001bb0                PendSV_Handler
                0x00001bb0                NMI_Handler
                0x00001bb0                ADC0_IRQHandler
                0x00001bb0                SPI1_IRQHandler
                0x00001bb0                UART2_SCI2_IRQHandler
                0x00001bb0                IRQ_IRQHandler
                0x00001bb0                PIT_CH0_IRQHandler
                0x00001bb0                Default_Handler
                0x00001bb0                ACMP0_IRQHandler
                0x00001bb0                SVC_Handler
                0x00001bb0                ICS_IRQHandler
                0x00001bb0                PIT_CH1_IRQHandler
                0x00001bb0                FTMRH_IRQHandler
                0x00001bb0                KBI0_IRQHandler
                0x00001bb0                PMC_IRQHandler
                0x00001bb0                SPI0_IRQHandler
                0x00001bb0                FTM2_IRQHandler
                0x00001bb0                ACMP1_IRQHandler
                0x00001bb0                KBI1_IRQHandler
                0x00001bb0                UART1_SCI1_IRQHandler
 .text.__init_hardware
                0x00001bbc       0x38 ./Project_Settings/Startup_Code/kinetis_sysinit.o
                0x00001bbc                __init_hardware
 .text.zero_fill_bss
                0x00001bf4       0x24 ./Project_Settings/Startup_Code/__arm_start.o
 .text.__thumb_startup
                0x00001c18       0x30 ./Project_Settings/Startup_Code/__arm_start.o
                0x00001c18                __thumb_startup
 .text._ExitProcess
                0x00001c48        0xc ./Project_Settings/Startup_Code/__arm_end.o
                0x00001c48                _ExitProcess
 .text.Globle_parameter_Init
                0x00001c54      0x24c ./Sources/Application/Config_parameters/config_parameter.o
                0x00001c54                Globle_parameter_Init
 .text.lin_diagservice_session_state
                0x00001ea0       0x58 ./Sources/Application/Diagnostic/lin_diagnostic_service.o
                0x00001ea0                lin_diagservice_session_state
 .text.boot_jump_to_APP
                0x00001ef8       0x18 ./Sources/Application/Diagnostic/lin_diagnostic_service.o
                0x00001ef8                boot_jump_to_APP
 .text.lin_diagservice_session_control
                0x00001f10       0xf8 ./Sources/Application/Diagnostic/lin_diagnostic_service.o
                0x00001f10                lin_diagservice_session_control
 .text.uds_calc_key
                0x00002008       0xa0 ./Sources/Application/Diagnostic/lin_diagnostic_service.o
                0x00002008                uds_calc_key
 .text.lin_diagservice_service_securityaccess
                0x000020a8      0x100 ./Sources/Application/Diagnostic/lin_diagnostic_service.o
                0x000020a8                lin_diagservice_service_securityaccess
 .text.lin_diagservice_read_data_by_identifier
                0x000021a8      0x12c ./Sources/Application/Diagnostic/lin_diagnostic_service.o
                0x000021a8                lin_diagservice_read_data_by_identifier
 .text.lin_diagservice_write_data_by_identifier
                0x000022d4      0x2b8 ./Sources/Application/Diagnostic/lin_diagnostic_service.o
                0x000022d4                lin_diagservice_write_data_by_identifier
 .text.lin_diagservice_assign_frame_id_range
                0x0000258c      0x140 ./Sources/Application/Diagnostic/lin_diagnostic_service.o
                0x0000258c                lin_diagservice_assign_frame_id_range
 .text.lin_diagservice_read_by_identifier
                0x000026cc       0x74 ./Sources/Application/Diagnostic/lin_diagnostic_service.o
                0x000026cc                lin_diagservice_read_by_identifier
 .text.lin_condittional_change_nad
                0x00002740       0xa0 ./Sources/Application/Diagnostic/lin_diagnostic_service.o
                0x00002740                lin_condittional_change_nad
 .text.lin_diagsrv_functional_service
                0x000027e0       0x1c ./Sources/Application/Diagnostic/lin_diagnostic_service.o
                0x000027e0                lin_diagsrv_functional_service
 .text.SPI_Enable
                0x000027fc       0x1c ./Sources/Application/RLS_app/rls_app.o
 .text.SPI_Disable
                0x00002818       0x1c ./Sources/Application/RLS_app/rls_app.o
 .text.Search_Table
                0x00002834      0x234 ./Sources/Application/RLS_app/rls_app.o
                0x00002834                Search_Table
 .text.MLX75308_Init
                0x00002a68      0x180 ./Sources/Application/RLS_app/rls_app.o
                0x00002a68                MLX75308_Init
 .text.RLS_Rain_Get_Measure
                0x00002be8      0x39c ./Sources/Application/RLS_app/rls_app.o
                0x00002be8                RLS_Rain_Get_Measure
 .text.RLS_AutoLightControl
                0x00002f84      0x1c0 ./Sources/Application/RLS_app/rls_app.o
                0x00002f84                RLS_AutoLightControl
 .text.RLS_Light_Module_Fault_Process
                0x00003144       0x98 ./Sources/Application/RLS_app/rls_app.o
                0x00003144                RLS_Light_Module_Fault_Process
 .text.RLS_Auto_Light_Task
                0x000031dc       0xa0 ./Sources/Application/RLS_app/rls_app.o
                0x000031dc                RLS_Auto_Light_Task
 .text.RLS_Auto_Solar_Task
                0x0000327c      0x1b0 ./Sources/Application/RLS_app/rls_app.o
                0x0000327c                RLS_Auto_Solar_Task
 .text.RLS_Enable_Light
                0x0000342c       0x40 ./Sources/Application/RLS_app/rls_app.o
                0x0000342c                RLS_Enable_Light
 .text.RLS_Disable_Light
                0x0000346c       0x40 ./Sources/Application/RLS_app/rls_app.o
                0x0000346c                RLS_Disable_Light
 .text.RLS_Rain_Module_Fault_Process
                0x000034ac       0xb0 ./Sources/Application/RLS_app/rls_app.o
                0x000034ac                RLS_Rain_Module_Fault_Process
 .text.RLS_Get_Rain_State
                0x0000355c      0x53c ./Sources/Application/RLS_app/rls_app.o
                0x0000355c                RLS_Get_Rain_State
 .text.RLS_Get_Rain_ExpectStage
                0x00003a98      0x2d0 ./Sources/Application/RLS_app/rls_app.o
                0x00003a98                RLS_Get_Rain_ExpectStage
 .text.RLS_Mask_False_Operation
                0x00003d68      0x198 ./Sources/Application/RLS_app/rls_app.o
                0x00003d68                RLS_Mask_False_Operation
 .text.RLS_Invalid_DataProcess
                0x00003f00      0x1fc ./Sources/Application/RLS_app/rls_app.o
                0x00003f00                RLS_Invalid_DataProcess
 .text.RLS_Period_Mode
                0x000040fc       0x68 ./Sources/Application/RLS_app/rls_app.o
                0x000040fc                RLS_Period_Mode
 .text.RLS_Rain_State_Mchaine
                0x00004164     0x1290 ./Sources/Application/RLS_app/rls_app.o
                0x00004164                RLS_Rain_State_Mchaine
 .text.RLS_Wipe_Park_Process
                0x000053f4       0x84 ./Sources/Application/RLS_app/rls_app.o
                0x000053f4                RLS_Wipe_Park_Process
 .text.RLS_Auto_Rain_Task
                0x00005478       0x1c ./Sources/Application/RLS_app/rls_app.o
                0x00005478                RLS_Auto_Rain_Task
 .text.RLS_SelfAdaptTask
                0x00005494      0x438 ./Sources/Application/RLS_app/rls_app.o
                0x00005494                RLS_SelfAdaptTask
 .text.RLS_Wipe_Auto_On_Function
                0x000058cc       0xd4 ./Sources/Application/RLS_app/rls_app.o
                0x000058cc                RLS_Wipe_Auto_On_Function
 .text.RLS_Wipe_Sensitivity_Up_Function
                0x000059a0       0xe4 ./Sources/Application/RLS_app/rls_app.o
                0x000059a0                RLS_Wipe_Sensitivity_Up_Function
 .text.RLS_Battery_Measurement
                0x00005a84       0x3c ./Sources/Application/RLS_app/rls_app.o
                0x00005a84                RLS_Battery_Measurement
 .text.RLS_Battery_State
                0x00005ac0       0x94 ./Sources/Application/RLS_app/rls_app.o
                0x00005ac0                RLS_Battery_State
 .text.RLS_Lin_Diag_Fucntion
                0x00005b54       0x34 ./Sources/Application/RLS_app/rls_app.o
                0x00005b54                RLS_Lin_Diag_Fucntion
 .text.Auto_Roof_Process
                0x00005b88      0x19c ./Sources/Application/RLS_app/rls_app.o
                0x00005b88                Auto_Roof_Process
 .text.Sleep_Process
                0x00005d24      0x158 ./Sources/Application/RLS_app/rls_app.o
                0x00005d24                Sleep_Process
 .text.Recover_Process
                0x00005e7c       0x60 ./Sources/Application/RLS_app/rls_app.o
                0x00005e7c                Recover_Process
 .text.Gloable_Var_Init
                0x00005edc       0x50 ./Sources/Application/main.o
                0x00005edc                Gloable_Var_Init
 .text.main     0x00005f2c      0x1d0 ./Sources/Application/main.o
                0x00005f2c                main
 .text.lin_lld_uart_init
                0x000060fc       0xdc ./Sources/Driver/LIN_Stack/bsp/UART/lin_lld_uart.o
                0x000060fc                lin_lld_uart_init
 .text.lin_lld_uart_ignore_response
                0x000061d8        0xc ./Sources/Driver/LIN_Stack/bsp/UART/lin_lld_uart.o
                0x000061d8                lin_lld_uart_ignore_response
 .text.lin_lld_uart_set_low_power_mode
                0x000061e4       0x14 ./Sources/Driver/LIN_Stack/bsp/UART/lin_lld_uart.o
                0x000061e4                lin_lld_uart_set_low_power_mode
 .text.lin_lld_uart_rx_response
                0x000061f8       0x40 ./Sources/Driver/LIN_Stack/bsp/UART/lin_lld_uart.o
                0x000061f8                lin_lld_uart_rx_response
 .text.lin_lld_uart_tx_response
                0x00006238       0x58 ./Sources/Driver/LIN_Stack/bsp/UART/lin_lld_uart.o
                0x00006238                lin_lld_uart_tx_response
 .text.lin_lld_uart_timeout
                0x00006290      0x168 ./Sources/Driver/LIN_Stack/bsp/UART/lin_lld_uart.o
                0x00006290                lin_lld_uart_timeout
 .text.lin_goto_idle_state
                0x000063f8       0x44 ./Sources/Driver/LIN_Stack/bsp/UART/lin_lld_uart.o
                0x000063f8                lin_goto_idle_state
 .text.lin_lld_uart_rx_isr
                0x0000643c      0x4f0 ./Sources/Driver/LIN_Stack/bsp/UART/lin_lld_uart.o
                0x0000643c                lin_lld_uart_rx_isr
 .text.lin_lld_timer_K_init
                0x0000692c       0x7c ./Sources/Driver/LIN_Stack/bsp/UART/lin_lld_timesrv.o
                0x0000692c                lin_lld_timer_K_init
 .text.lin_lld_timer_isr
                0x000069a8        0xc ./Sources/Driver/LIN_Stack/bsp/UART/lin_lld_timesrv.o
                0x000069a8                lin_lld_timer_isr
 .text.UART0_SCI0_IRQHandler
                0x000069b4        0xc ./Sources/Driver/LIN_Stack/bsp/UART/lin_isr.o
                0x000069b4                UART0_SCI0_IRQHandler
 .text.FTM1_IRQHandler
                0x000069c0       0x68 ./Sources/Driver/LIN_Stack/bsp/UART/lin_isr.o
                0x000069c0                FTM1_IRQHandler
 .text.lin_update_word_status_lin21
                0x00006a28       0x7c ./Sources/Driver/LIN_Stack/coreapi/lin_lin21_proto.o
                0x00006a28                lin_update_word_status_lin21
 .text.lin_update_err_signal
                0x00006aa4       0x7c ./Sources/Driver/LIN_Stack/coreapi/lin_lin21_proto.o
                0x00006aa4                lin_update_err_signal
 .text.lin_make_res_evnt_frame
                0x00006b20       0x38 ./Sources/Driver/LIN_Stack/coreapi/lin_lin21_proto.o
                0x00006b20                lin_make_res_evnt_frame
 .text.lin_pid_response_callback_handler
                0x00006b58       0x78 ./Sources/Driver/LIN_Stack/coreapi/lin_common_proto.o
                0x00006b58                lin_pid_response_callback_handler
 .text.lin_process_pid
                0x00006bd0      0x15c ./Sources/Driver/LIN_Stack/coreapi/lin_common_proto.o
                0x00006bd0                lin_process_pid
 .text.lin_update_rx
                0x00006d2c       0xe8 ./Sources/Driver/LIN_Stack/coreapi/lin_common_proto.o
                0x00006d2c                lin_update_rx
 .text.lin_update_tx
                0x00006e14       0xd0 ./Sources/Driver/LIN_Stack/coreapi/lin_common_proto.o
                0x00006e14                lin_update_tx
 .text.lin_handle_error
                0x00006ee4       0xd8 ./Sources/Driver/LIN_Stack/coreapi/lin_common_proto.o
                0x00006ee4                lin_handle_error
 .text.lin_bus_activity_timeout
                0x00006fbc       0x20 ./Sources/Driver/LIN_Stack/coreapi/lin_common_proto.o
                0x00006fbc                lin_bus_activity_timeout
 .text.lin_update_tx_flags
                0x00006fdc       0xe0 ./Sources/Driver/LIN_Stack/coreapi/lin_common_proto.o
                0x00006fdc                lin_update_tx_flags
 .text.lin_update_rx_diag_frame
                0x000070bc       0x28 ./Sources/Driver/LIN_Stack/coreapi/lin_common_proto.o
                0x000070bc                lin_update_rx_diag_frame
 .text.lin_make_res_diag_frame
                0x000070e4        0xc ./Sources/Driver/LIN_Stack/coreapi/lin_common_proto.o
                0x000070e4                lin_make_res_diag_frame
 .text.lin_get_frame_index
                0x000070f0       0x5c ./Sources/Driver/LIN_Stack/coreapi/lin_common_proto.o
                0x000070f0                lin_get_frame_index
 .text.lin_process_uncd_frame
                0x0000714c      0x130 ./Sources/Driver/LIN_Stack/coreapi/lin_common_proto.o
                0x0000714c                lin_process_uncd_frame
 .text.l_sys_init
                0x0000727c       0x10 ./Sources/Driver/LIN_Stack/coreapi/lin_common_api.o
                0x0000727c                l_sys_init
 .text.l_ifc_init
                0x0000728c       0x1c ./Sources/Driver/LIN_Stack/coreapi/lin_common_api.o
                0x0000728c                l_ifc_init
 .text.lin_lld_init
                0x000072a8       0x14 ./Sources/Driver/LIN_Stack/lowlevel/lin.o
                0x000072a8                lin_lld_init
 .text.lin_lld_ignore_response
                0x000072bc       0x10 ./Sources/Driver/LIN_Stack/lowlevel/lin.o
                0x000072bc                lin_lld_ignore_response
 .text.lin_lld_set_low_power_mode
                0x000072cc       0x10 ./Sources/Driver/LIN_Stack/lowlevel/lin.o
                0x000072cc                lin_lld_set_low_power_mode
 .text.lin_lld_set_response
                0x000072dc       0x4c ./Sources/Driver/LIN_Stack/lowlevel/lin.o
                0x000072dc                lin_lld_set_response
 .text.lin_lld_rx_response
                0x00007328       0x20 ./Sources/Driver/LIN_Stack/lowlevel/lin.o
                0x00007328                lin_lld_rx_response
 .text.lin_process_parity
                0x00007348       0xf0 ./Sources/Driver/LIN_Stack/lowlevel/lin.o
                0x00007348                lin_process_parity
 .text.lin_checksum
                0x00007438       0x9c ./Sources/Driver/LIN_Stack/lowlevel/lin.o
                0x00007438                lin_checksum
 .text.lin_lld_timer_init
                0x000074d4        0xc ./Sources/Driver/LIN_Stack/lowlevel/lin.o
                0x000074d4                lin_lld_timer_init
 .text.SPI_COM  0x000074e0       0x68 ./Sources/Driver/SPI/spi.o
                0x000074e0                SPI_COM
 .text.SPI_Init
                0x00007548       0x74 ./Sources/Driver/SPI/spi.o
                0x00007548                SPI_Init
 .text.SPI_SetBaudRate
                0x000075bc       0xe4 ./Sources/Driver/SPI/spi.o
                0x000075bc                SPI_SetBaudRate
 .text.SPI_Wr_Cmd
                0x000076a0      0x174 ./Sources/Driver/SPI/spi.o
                0x000076a0                SPI_Wr_Cmd
 .text.SPI_Wr_Reg
                0x00007814      0x298 ./Sources/Driver/SPI/spi.o
                0x00007814                SPI_Wr_Reg
 .text.SPI_Rd_Reg
                0x00007aac       0xc4 ./Sources/Driver/SPI/spi.o
                0x00007aac                SPI_Rd_Reg
 .text.MLX75308_SetPara
                0x00007b70      0x49c ./Sources/Driver/SPI/spi.o
                0x00007b70                MLX75308_SetPara
 .text.SPI_Rd_Mchan
                0x0000800c      0x1f0 ./Sources/Driver/SPI/spi.o
                0x0000800c                SPI_Rd_Mchan
 .text.MLX75308_Meansure
                0x000081fc       0xac ./Sources/Driver/SPI/spi.o
                0x000081fc                MLX75308_Meansure
 .text.ADC_Init
                0x000082a8       0x38 ./Sources/Driver/adc/adc.o
                0x000082a8                ADC_Init
 .text.get_adc  0x000082e0       0x38 ./Sources/Driver/adc/adc.o
                0x000082e0                get_adc
 .text.get_adc_times
                0x00008318       0x74 ./Sources/Driver/adc/adc.o
                0x00008318                get_adc_times
 .text.Clk_Init
                0x0000838c       0x84 ./Sources/Driver/clock/clock.o
                0x0000838c                Clk_Init
 .text.Delay_Ms
                0x00008410       0x64 ./Sources/Driver/clock/clock.o
                0x00008410                Delay_Ms
 .text.Delay_Nus
                0x00008474       0x3c ./Sources/Driver/clock/clock.o
                0x00008474                Delay_Nus
 .text.FLASH_Init
                0x000084b0       0xfc ./Sources/Driver/eeprom/eeprom.o
                0x000084b0                FLASH_Init
 .text.FLASH_LaunchCMD
                0x000085ac       0x48 ./Sources/Driver/eeprom/eeprom.o
                0x000085ac                FLASH_LaunchCMD
 .text.EEPROM_EraseSector
                0x000085f4       0xe4 ./Sources/Driver/eeprom/eeprom.o
                0x000085f4                EEPROM_EraseSector
 .text.EEPROM_ProgramWord
                0x000086d8      0x110 ./Sources/Driver/eeprom/eeprom.o
                0x000086d8                EEPROM_ProgramWord
 .text.write_data_from_EEPROM
                0x000087e8      0x388 ./Sources/Driver/eeprom/eeprom.o
                0x000087e8                write_data_from_EEPROM
 .text.read_data_from_EEPROM
                0x00008b70      0x11c ./Sources/Driver/eeprom/eeprom.o
                0x00008b70                read_data_from_EEPROM
 .text.FTM0_Init
                0x00008c8c       0x80 ./Sources/Driver/ftm/ftm.o
                0x00008c8c                FTM0_Init
 *fill*         0x00008d0c        0x4 00
 .text.FTM0_IRQHandler
                0x00008d10       0x68 ./Sources/Driver/ftm/ftm.o
                0x00008d10                FTM0_IRQHandler
 .text.GPIO_Init
                0x00008d78      0x208 ./Sources/Driver/gpio/gpio.o
                0x00008d78                GPIO_Init
 .text.PMC_Init
                0x00008f80       0x64 ./Sources/Driver/pmc/pmc.o
                0x00008f80                PMC_Init
 .text.RTC_EnableInt
                0x00008fe4       0x18 ./Sources/Driver/rtc/rtc.o
                0x00008fe4                RTC_EnableInt
 .text.RTC_DisableInt
                0x00008ffc       0x18 ./Sources/Driver/rtc/rtc.o
                0x00008ffc                RTC_DisableInt
 .text.RTC_Init
                0x00009014       0x6c ./Sources/Driver/rtc/rtc.o
                0x00009014                RTC_Init
 .text.RTC_IRQHandler
                0x00009080       0x18 ./Sources/Driver/rtc/rtc.o
                0x00009080                RTC_IRQHandler
 .text.WDOG_Feed
                0x00009098       0x24 ./Sources/Driver/watchdog/watchdog.o
                0x00009098                WDOG_Feed
 .text.WDG_IRQHandler
                0x000090bc       0x1c ./Sources/Driver/watchdog/watchdog.o
                0x000090bc                WDG_IRQHandler
 .text.Lin_Sys_Init
                0x000090d8       0x64 ./Sources/Transport/LIN_app/lin_app.o
                0x000090d8                Lin_Sys_Init
 .text.Lin_Busy_Process
                0x0000913c       0x14 ./Sources/Transport/LIN_app/lin_app.o
                0x0000913c                Lin_Busy_Process
 .text.message_cnt
                0x00009150        0x8 ./Sources/Transport/LIN_app/lin_app.o
                0x00009150                message_cnt
 .text.RLS_Analysis_Master_Data
                0x00009158      0x188 ./Sources/Transport/LIN_app/lin_app.o
                0x00009158                RLS_Analysis_Master_Data
 .text.Lin_RLS_data
                0x000092e0      0x1cc ./Sources/Transport/LIN_app/lin_app.o
                0x000092e0                Lin_RLS_data
 .text.Lin_RLS_Wakeup_BCM
                0x000094ac       0x2c ./Sources/Transport/LIN_app/lin_app.o
                0x000094ac                Lin_RLS_Wakeup_BCM
 .text.Get_All_data_From_EEPROM
                0x000094d8       0x20 ./Sources/Transport/Local_eep_data/local_eep_data.o
                0x000094d8                Get_All_data_From_EEPROM
 .text.Set_Data_To_EEPROM
                0x000094f8       0xdc ./Sources/Transport/Local_eep_data/local_eep_data.o
                0x000094f8                Set_Data_To_EEPROM
 .text.Write_App_value_flag
                0x000095d4       0x24 ./Sources/Transport/Local_eep_data/local_eep_data.o
                0x000095d4                Write_App_value_flag
 .text.Read_App_value_flag
                0x000095f8       0x24 ./Sources/Transport/Local_eep_data/local_eep_data.o
                0x000095f8                Read_App_value_flag
 .text.ld_read_by_id_callout
                0x0000961c       0x78 ./Sources/Transport/lin_cfg/lin_cfg.o
                0x0000961c                ld_read_by_id_callout
 .text.lin_tl_make_slaveres_pdu
                0x00009694      0x764 ./Sources/Transport/lin_transport/lin_commontl_proto.o
                0x00009694                lin_tl_make_slaveres_pdu
 .text.lin_tl_get_pdu
                0x00009df8       0x5c ./Sources/Transport/lin_transport/lin_commontl_proto.o
                0x00009df8                lin_tl_get_pdu
 .text.lin_process_pdu
                0x00009e54      0x260 ./Sources/Transport/lin_transport/lin_commontl_proto.o
 .text.lin_tl_handler
                0x0000a0b4      0x164 ./Sources/Transport/lin_transport/lin_commontl_proto.o
                0x0000a0b4                lin_tl_handler
 .text.lin_tl_attach_service
                0x0000a218      0x1a4 ./Sources/Transport/lin_transport/lin_commontl_proto.o
                0x0000a218                lin_tl_attach_service
 .text.tl_put_raw
                0x0000a3bc       0xcc ./Sources/Transport/lin_transport/lin_commontl_proto.o
                0x0000a3bc                tl_put_raw
 .text.tl_get_raw
                0x0000a488       0xe8 ./Sources/Transport/lin_transport/lin_commontl_proto.o
                0x0000a488                tl_get_raw
 .text.ld_get_raw
                0x0000a570       0x20 ./Sources/Transport/lin_transport/lin_commontl_api.o
                0x0000a570                ld_get_raw
 .text.ld_receive_message
                0x0000a590      0x284 ./Sources/Transport/lin_transport/lin_commontl_api.o
                0x0000a590                ld_receive_message
 .text.exit     0x0000a814       0x38 D:/CW11.0/CW MCU v11.0/MCU/ARM_GCC_Support/ewl/lib/armv6-m\libc.a(exit.o)
                0x0000a814                exit
 .text.rand     0x0000a84c       0x20 D:/CW11.0/CW MCU v11.0/MCU/ARM_GCC_Support/ewl/lib/armv6-m\libc.a(rand.o)
                0x0000a84c                rand
 .text.memset   0x0000a86c        0xc D:/CW11.0/CW MCU v11.0/MCU/ARM_GCC_Support/ewl/lib/armv6-m\libc.a(memset.o)
                0x0000a86c                memset
 .text.__fill_mem
                0x0000a878       0x7e D:/CW11.0/CW MCU v11.0/MCU/ARM_GCC_Support/ewl/lib/armv6-m\libc.a(__filll_mem.o)
                0x0000a878                __fill_mem
 *fill*         0x0000a8f6        0x2 00
 .text.__init_cpp
                0x0000a8f8       0x48 D:/CW11.0/CW MCU v11.0/MCU/ARM_GCC_Support/ewl/lib/armv6-m\librt.a(gcc_ctor_dtor.o)
                0x0000a8f8                __init_cpp
 .text.__fini_cpp
                0x0000a940       0x34 D:/CW11.0/CW MCU v11.0/MCU/ARM_GCC_Support/ewl/lib/armv6-m\librt.a(gcc_ctor_dtor.o)
                0x0000a940                __fini_cpp
 .text.__destroy_global_chain
                0x0000a974       0x1c D:/CW11.0/CW MCU v11.0/MCU/ARM_GCC_Support/ewl/lib/armv6-m\librt.a(__arm_eabi_init.o)
                0x0000a974                __destroy_global_chain
 .text.__init_registers
                0x0000a990       0x1c D:/CW11.0/CW MCU v11.0/MCU/ARM_GCC_Support/ewl/lib/armv6-m\librt.a(__arm_eabi_init.o)
                0x0000a990                __init_registers
 .text.__init_user
                0x0000a9ac        0x4 D:/CW11.0/CW MCU v11.0/MCU/ARM_GCC_Support/ewl/lib/armv6-m\librt.a(__arm_eabi_init.o)
                0x0000a9ac                __init_user
 .text.__copy_rom_section
                0x0000a9b0       0x48 D:/CW11.0/CW MCU v11.0/MCU/ARM_GCC_Support/ewl/lib/armv6-m\librt.a(ROMCopy.o)
                0x0000a9b0                __copy_rom_section
 .text.__copy_rom_sections_to_ram
                0x0000a9f8       0x34 D:/CW11.0/CW MCU v11.0/MCU/ARM_GCC_Support/ewl/lib/armv6-m\librt.a(ROMCopy.o)
                0x0000a9f8                __copy_rom_sections_to_ram
 *(.rodata)
 *(.rodata*)
 .rodata.Software_Versions
                0x0000aa2c        0x4 ./Sources/Application/Config_parameters/config_parameter.o
                0x0000aa2c                Software_Versions
 .rodata.Hardware_Versions
                0x0000aa30        0x4 ./Sources/Application/Config_parameters/config_parameter.o
                0x0000aa30                Hardware_Versions
 .rodata.Mlx75308_Config_Parameter
                0x0000aa34       0x14 ./Sources/Application/Config_parameters/config_parameter.o
                0x0000aa34                Mlx75308_Config_Parameter
 .rodata.Rain_Stastegy_Parameter
                0x0000aa48       0x4c ./Sources/Application/Config_parameters/config_parameter.o
                0x0000aa48                Rain_Stastegy_Parameter
 .rodata.Light_Stastegy_Parameter
                0x0000aa94        0xc ./Sources/Application/Config_parameters/config_parameter.o
                0x0000aa94                Light_Stastegy_Parameter
 .rodata.RLS_Invalid_DataProcess
                0x0000aaa0       0x30 ./Sources/Application/RLS_app/rls_app.o
 .rodata.RLS_Rain_State_Mchaine
                0x0000aad0       0x18 ./Sources/Application/RLS_app/rls_app.o
 .rodata.lin_lld_uart_timeout
                0x0000aae8       0x28 ./Sources/Driver/LIN_Stack/bsp/UART/lin_lld_uart.o
 .rodata.lin_lld_uart_rx_isr
                0x0000ab10       0x20 ./Sources/Driver/LIN_Stack/bsp/UART/lin_lld_uart.o
 .rodata.MLX75308_SetPara
                0x0000ab30       0x54 ./Sources/Driver/SPI/spi.o
 .rodata.RLS_Analysis_Master_Data
                0x0000ab84       0x1c ./Sources/Transport/LIN_app/lin_app.o
 .rodata.LI0_response_error_signal
                0x0000aba0        0x1 ./Sources/Transport/lin_cfg/lin_cfg.o
                0x0000aba0                LI0_response_error_signal
 .rodata.response_error_byte_offset
                0x0000aba1        0x1 ./Sources/Transport/lin_cfg/lin_cfg.o
                0x0000aba1                response_error_byte_offset
 .rodata.response_error_bit_offset
                0x0000aba2        0x1 ./Sources/Transport/lin_cfg/lin_cfg.o
                0x0000aba2                response_error_bit_offset
 *fill*         0x0000aba3        0x1 00
 .rodata.lin_frame_tbl
                0x0000aba4       0x3c ./Sources/Transport/lin_cfg/lin_cfg.o
                0x0000aba4                lin_frame_tbl
 .rodata.lin_max_frame_res_timeout_val
                0x0000abe0       0x10 ./Sources/Transport/lin_cfg/lin_cfg.o
                0x0000abe0                lin_max_frame_res_timeout_val
 .rodata.lin_initial_NAD
                0x0000abf0        0x1 ./Sources/Transport/lin_cfg/lin_cfg.o
                0x0000abf0                lin_initial_NAD
 *fill*         0x0000abf1        0x3 00
 .rodata.product_id
                0x0000abf4        0x8 ./Sources/Transport/lin_cfg/lin_cfg.o
                0x0000abf4                product_id
 .rodata.response_error
                0x0000abfc        0x1 ./Sources/Transport/lin_cfg/lin_cfg.o
                0x0000abfc                response_error
 *fill*         0x0000abfd        0x3 00
 .rodata.lin_diag_services_supported
                0x0000ac00        0xc ./Sources/Transport/lin_cfg/lin_cfg.o
                0x0000ac00                lin_diag_services_supported
 *(.glue_7)
 .glue_7        0x00000000        0x0 linker stubs
 *(.glue_7t)
 .glue_7t       0x00000000        0x0 linker stubs
 *(.eh_frame)
 *(.init)
 *(.fini)
                0x0000ac0c                . = ALIGN (0x4)
                0x0000ac0c                _etext = .

.vfp11_veneer   0x0000ac0c        0x0
 .vfp11_veneer  0x00000000        0x0 linker stubs

.v4_bx          0x0000ac0c        0x0
 .v4_bx         0x00000000        0x0 linker stubs

.iplt           0x0000ac0c        0x0
 .iplt          0x00000000        0x0 ./Project_Settings/Startup_Code/kinetis_sysinit.o

.rel.dyn        0x0000ac0c        0x0
 .rel.iplt      0x00000000        0x0 ./Project_Settings/Startup_Code/kinetis_sysinit.o

.ARM.extab
 *(.ARM.extab* .gnu.linkonce.armextab.*)

.ARM            0x0000ac0c        0x0
                0x0000ac0c                __exidx_start = .
 *(.ARM.exidx*)
                0x0000ac0c                __exidx_end = .

.ctors          0x0000ac0c        0x0
                0x0000ac0c                __CTOR_LIST__ = .
 *crtbegin.o(.ctors)
 *(EXCLUDE_FILE(*crtend.o) .ctors)
 *(SORT(.ctors.*))
 *(.ctors)
                0x0000ac0c                __CTOR_END__ = .

.dtors          0x0000ac0c        0x0
                0x0000ac0c                __DTOR_LIST__ = .
 *crtbegin.o(.dtors)
 *(EXCLUDE_FILE(*crtend.o) .dtors)
 *(SORT(.dtors.*))
 *(.dtors)
                0x0000ac0c                __DTOR_END__ = .

.preinit_array  0x0000ac0c        0x0
                0x0000ac0c                PROVIDE (__preinit_array_start, .)
 *(.preinit_array*)
                0x0000ac0c                PROVIDE (__preinit_array_end, .)

.init_array     0x0000ac0c        0x0
                0x0000ac0c                PROVIDE (__init_array_start, .)
 *(SORT(.init_array.*))
 *(.init_array*)
                0x0000ac0c                PROVIDE (__init_array_end, .)

.fini_array     0x0000ac0c        0x0
                0x0000ac0c                PROVIDE (__fini_array_start, .)
 *(SORT(.fini_array.*))
 *(.fini_array*)
                0x0000ac0c                PROVIDE (__fini_array_end, .)
                0x0000ac0c                ___ROM_AT = .

.mtb            0x1ffffc00        0x0
                0x1ffffc00                . = ALIGN (0x8)
                0x1ffffc00                _mtb_start = .
 *(.mtb_buf)
                0x1ffffc00                . = ALIGN (0x8)
                0x1ffffc00                _mtb_end = .

.data           0x1ffffc00       0xb4 load address 0x0000ac0c
                0x1ffffc00                . = ALIGN (0x4)
                0x1ffffc00                _sdata = .
 *(.data)
 *(.data*)
 .data.Tab_AWG_Solar
                0x1ffffc00       0x40 ./Sources/Application/RLS_app/rls_app.o
 .data.Tab_Brightness_Solar
                0x1ffffc40       0x20 ./Sources/Application/RLS_app/rls_app.o
 .data.pUART    0x1ffffc60        0x4 ./Sources/Driver/LIN_Stack/bsp/UART/lin_lld_uart.o
 .data.ifc      0x1ffffc64        0x1 ./Sources/Driver/LIN_Stack/bsp/UART/lin_lld_uart.o
 .data.state    0x1ffffc65        0x1 ./Sources/Driver/LIN_Stack/bsp/UART/lin_lld_uart.o
 .data.pid      0x1ffffc66        0x1 ./Sources/Driver/LIN_Stack/bsp/UART/lin_lld_uart.o
 *fill*         0x1ffffc67        0x1 00
 .data.lin_pFrameBuf
                0x1ffffc68       0x18 ./Sources/Transport/lin_cfg/lin_cfg.o
                0x1ffffc68                lin_pFrameBuf
 .data.lin_configuration_RAM
                0x1ffffc80        0x8 ./Sources/Transport/lin_cfg/lin_cfg.o
                0x1ffffc80                lin_configuration_RAM
 .data.lin_configured_NAD
                0x1ffffc88        0x1 ./Sources/Transport/lin_cfg/lin_cfg.o
                0x1ffffc88                lin_configured_NAD
 *fill*         0x1ffffc89        0x3 00
 .data.lin_tl_tx_queue
                0x1ffffc8c       0x10 ./Sources/Transport/lin_cfg/lin_cfg.o
                0x1ffffc8c                lin_tl_tx_queue
 .data.lin_tl_rx_queue
                0x1ffffc9c       0x10 ./Sources/Transport/lin_cfg/lin_cfg.o
                0x1ffffc9c                lin_tl_rx_queue
 .data.tl_service_status
                0x1ffffcac        0x1 ./Sources/Transport/lin_cfg/lin_cfg.o
                0x1ffffcac                tl_service_status
 *fill*         0x1ffffcad        0x3 00
 .data.random_next
                0x1ffffcb0        0x4 D:/CW11.0/CW MCU v11.0/MCU/ARM_GCC_Support/ewl/lib/armv6-m\libc.a(rand.o)
                0x1ffffcb4                . = ALIGN (0x4)
                0x1ffffcb4                _edata = .
                0x000000b4                ___data_size = (_edata - _sdata)

.igot.plt       0x1ffffcb4        0x0 load address 0x0000acc0
 .igot.plt      0x00000000        0x0 ./Project_Settings/Startup_Code/kinetis_sysinit.o
                0x1ffffcb4                . = ALIGN (0x4)

.bss            0x1ffffcb4      0x2a0 load address 0x0000acc0
                0x1ffffcb4                __START_BSS = .
                0x1ffffcb4                PROVIDE (__bss_start__, __START_BSS)
 *(.bss)
 *(.bss*)
 .bss.argv      0x1ffffcb4        0x4 ./Project_Settings/Startup_Code/__arm_start.o
 .bss.u8_RLS_WindowCloseReq
                0x1ffffcb8        0x1 ./Sources/Application/RLS_app/rls_app.o
                0x1ffffcb8                u8_RLS_WindowCloseReq
 *fill*         0x1ffffcb9        0x3 00
 .bss.l_status  0x1ffffcbc        0x4 ./Sources/Driver/LIN_Stack/bsp/UART/lin_lld_uart.o
 .bss.cnt_byte  0x1ffffcc0        0x1 ./Sources/Driver/LIN_Stack/bsp/UART/lin_lld_uart.o
 *fill*         0x1ffffcc1        0x3 00
 .bss.ptr       0x1ffffcc4        0x4 ./Sources/Driver/LIN_Stack/bsp/UART/lin_lld_uart.o
 .bss.current_id
                0x1ffffcc8        0x1 ./Sources/Driver/LIN_Stack/bsp/UART/lin_lld_uart.o
 *fill*         0x1ffffcc9        0x3 00
 .bss.response_buffer
                0x1ffffccc        0x4 ./Sources/Driver/LIN_Stack/bsp/UART/lin_lld_uart.o
 .bss.tbit      0x1ffffcd0        0x2 ./Sources/Driver/LIN_Stack/bsp/UART/lin_lld_uart.o
 .bss.frame_timeout_cnt
                0x1ffffcd2        0x2 ./Sources/Driver/LIN_Stack/bsp/UART/lin_lld_uart.o
 .bss.res_frame_timeout_cnt
                0x1ffffcd4        0x2 ./Sources/Driver/LIN_Stack/bsp/UART/lin_lld_uart.o
 .bss.idle_timeout_cnt
                0x1ffffcd6        0x2 ./Sources/Driver/LIN_Stack/bsp/UART/lin_lld_uart.o
 .bss.lin_save_configuration_flg
                0x1ffffcd8        0x1 ./Sources/Transport/lin_cfg/lin_cfg.o
                0x1ffffcd8                lin_save_configuration_flg
 *fill*         0x1ffffcd9        0x3 00
 .bss.lin_flag_handle_tbl
                0x1ffffcdc        0x8 ./Sources/Transport/lin_cfg/lin_cfg.o
                0x1ffffcdc                lin_flag_handle_tbl
 .bss.lin_frame_flag_tbl
                0x1ffffce4        0x8 ./Sources/Transport/lin_cfg/lin_cfg.o
                0x1ffffce4                lin_frame_flag_tbl
 .bss.tl_diag_state
                0x1ffffcec        0x1 ./Sources/Transport/lin_cfg/lin_cfg.o
                0x1ffffcec                tl_diag_state
 *fill*         0x1ffffced        0x3 00
 .bss.lin_diag_services_flag
                0x1ffffcf0        0xc ./Sources/Transport/lin_cfg/lin_cfg.o
                0x1ffffcf0                lin_diag_services_flag
 .bss.tl_slaveresp_cnt
                0x1ffffcfc        0x1 ./Sources/Transport/lin_cfg/lin_cfg.o
                0x1ffffcfc                tl_slaveresp_cnt
 *fill*         0x1ffffcfd        0x3 00
 .bss.__stdio_exit
                0x1ffffd00        0x4 D:/CW11.0/CW MCU v11.0/MCU/ARM_GCC_Support/ewl/lib/armv6-m\libc.a(exit.o)
                0x1ffffd00                __stdio_exit
 .bss.__console_exit
                0x1ffffd04        0x4 D:/CW11.0/CW MCU v11.0/MCU/ARM_GCC_Support/ewl/lib/armv6-m\libc.a(exit.o)
                0x1ffffd04                __console_exit
 .bss.__global_destructor_chain
                0x1ffffd08        0x4 D:/CW11.0/CW MCU v11.0/MCU/ARM_GCC_Support/ewl/lib/armv6-m\librt.a(__arm_eabi_init.o)
                0x1ffffd08                __global_destructor_chain
 .bss.__S_romp  0x1ffffd0c        0xc D:/CW11.0/CW MCU v11.0/MCU/ARM_GCC_Support/ewl/lib/armv6-m\librt.a(ROMCopy.o)
 *(COMMON)
 COMMON         0x1ffffd18       0x14 ./Sources/Application/Diagnostic/lin_diagnostic_service.o
                0x1ffffd18                diagnostic_Session
                0x1ffffd1c                boot_key
                0x1ffffd20                boot_seed
                0x1ffffd24                diagnostic_Session_flg
                0x1ffffd26                diagnostic_Session_timer
                0x1ffffd28                boot_up_ret
                0x1ffffd2a                diagnostic_Session_pre
                0x1ffffd2b                boot_status_flag
 COMMON         0x1ffffd2c      0x192 ./Sources/Application/RLS_app/rls_app.o
                0x1ffffd2c                u8_HighHoldCnt
                0x1ffffd2d                u8_Rain_Delta
                0x1ffffd2e                u16_Delta_DC_bre_B
                0x1ffffd30                u16_Save_DC_bre_A
                0x1ffffd32                u16_Delta_DC_aft_B
                0x1ffffd34                u8_light_on_invent_req
                0x1ffffd38                u16_DC_PD_dt
                0x1ffffd3c                u8_Battery_Low_Cnt
                0x1ffffd3d                u8_enter_period_cnt
                0x1ffffd3e                u8_IntSpeedFlgCnt
                0x1ffffd40                u16_SPD_Vehicle
                0x1ffffd42                u8_Wiper_StatePre
                0x1ffffd44                u8_RainIntensity_Win
                0x1ffffd47                u8_light_on_req
                0x1ffffd48                Mnrval
                0x1ffffd5c                Light_on_cnt
                0x1ffffd60                PD_Meas_Comp_Ref
                0x1ffffd64                u8_RLS_StopMsureFlg
                0x1ffffd65                u8_Rain_SensitivityPre
                0x1ffffd66                u8_Wipe_Automatic_On_Flg
                0x1ffffd67                Auto_Roof_FSM
                0x1ffffd68                u8_cnt_choose_pre
                0x1ffffd6c                u16_Dt_PD
                0x1ffffd70                u8_IntSpeedCnt
                0x1ffffd71                MLX75308_A_Adc
                0x1ffffd72                u8_low_enter_high_timer
                0x1ffffd74                u16_Solar_r_value_raw
                0x1ffffd76                u16_PDA_Wmax
                0x1ffffd78                App_Rls_Error
                0x1ffffd7e                Mcu_wakeup_state
                0x1ffffd7f                u8_Rain_SensitivityLowValue
                0x1ffffd80                Rain_Sensitivity
                0x1ffffd81                u8_Rain_Invalid_Cnt
                0x1ffffd82                MLX75308_B_Gain
                0x1ffffd84                u16_Brightness_UP
                0x1ffffd86                u8_wakeup_bcm_cnt_sleep_flg
                0x1ffffd87                u8_Solar_l_value
                0x1ffffd88                u16_Ref_Adc_A
                0x1ffffd8a                u8_IntSpeedFlg
                0x1ffffd8c                u16_Delta_DC_bre_A
                0x1ffffd8e                u16_Save_DC_aft_A
                0x1ffffd90                u8_EnterLowSpeedCnt
                0x1ffffd91                u8_Int_Time
                0x1ffffd92                u16_PDB_Wmax
                0x1ffffd94                PD_Meas_Comp_Ref_Pre
                0x1ffffd98                u8_Vehicle_State_Pre
                0x1ffffd99                u8_ClearEnternIntSpeedCnt
                0x1ffffd9a                u8_low_voltage_cnt
                0x1ffffd9b                u8_Wipe_Automatic_On_Pre
                0x1ffffd9c                u16_Solar_l_value_raw_temp
                0x1ffffd9e                u8_HighSpeedHoldCnt
                0x1ffffd9f                u8_high_voltage_cnt
                0x1ffffda0                u8_ExitLowSpeedCnt
                0x1ffffda2                u16_Battery_Volt
                0x1ffffda4                u8_LightOnTimer
                0x1ffffda6                u16_Ref_Adc_B
                0x1ffffda8                u16_Solar_r_value_raw_temp
                0x1ffffdaa                u8_auto_roof_rain_measure_sleep_flg
                0x1ffffdab                u8_WiperSpeed_Expert
                0x1ffffdac                u8_RainIntensityPre
                0x1ffffdae                u8_Int_Time_pre
                0x1ffffdaf                u8_Splash_cnt
                0x1ffffdb0                u16_DC_Comp_Value
                0x1ffffdb4                u16_wakeup_bcm_1min_timer
                0x1ffffdb8                u8_RainIntensity
                0x1ffffdba                u8_Cmd_Execution
                0x1ffffdbc                u16_Save_DC_bre_B
                0x1ffffdbe                u8_wakeup_timer
                0x1ffffdc0                u8_PD_State
                0x1ffffdc4                MLX75308_RxFrame
                0x1ffffddc                Light_off_cnt
                0x1ffffdde                u8_Wiper_StatePre_Int
                0x1ffffde0                u16_DC_comp_value
                0x1ffffde2                u8_Lin_Diag_Enable
                0x1ffffde4                u32_light_value
                0x1ffffde8                u16_PD_Win_Max
                0x1ffffdec                u8_twilight_on_req
                0x1ffffded                u8_Rain_Valid
                0x1ffffdee                u8_RainIntensity_Max
                0x1ffffdf0                u16_ExitLowSpeedTimer
                0x1ffffdf2                u8_Wiper_StatePre_Int_Cnt
                0x1ffffdf3                u8_Lin_Diag_Enable_Cnt
                0x1ffffdf4                u8_enter_period_flg
                0x1ffffdf5                u8_ls_error_cnt
                0x1ffffdf6                u8_cnt_choose
                0x1ffffdf8                u16_Save_DC_aft_B
                0x1ffffdfa                u8_Vehicle_State
                0x1ffffdfb                u8_IntSpeedEnterCnt
                0x1ffffdfc                u8_Battery_High_Cnt
                0x1ffffe00                Brightness_Infrared_Percentage
                0x1ffffe04                PD_WIN_AVG
                0x1ffffe1c                DC_WIN_BUFF
                0x1ffffe6c                u8_Int_Cnt
                0x1ffffe70                Lin_BCM_Frame
                0x1ffffe76                u8_Automatic_On_Cnt
                0x1ffffe77                u8_Solar_r_value
                0x1ffffe78                MLX75308_B_Adc
                0x1ffffe7a                u16_Pd_Measure_Value
                0x1ffffe7c                u8_Rain_Sensitivity
                0x1ffffe7e                u16_IntWindow_Cnt
                0x1ffffe80                u8_Rain_Flg
                0x1ffffe81                u8_Battery_status
                0x1ffffe84                u8_Juge_Rain_Cnt
                0x1ffffe86                u8_IntDelayTimer
                0x1ffffe87                u8_wakeup_bcm_1500ms_timer
                0x1ffffe88                u16_Delta_DC_aft_A
                0x1ffffe8a                u16_RainWindow_Cnt
                0x1ffffe8c                u8_WiperSpeed
                0x1ffffe8d                u8_twilight_on_invent_req
                0x1ffffe8e                MLX75308_A_Gain
                0x1ffffe90                u16_Brightness_FW
                0x1ffffe92                u16_Solar_l_value_raw
                0x1ffffe94                u8_Wiper_State
                0x1ffffe95                u8_MeasureSureTime
                0x1ffffe96                u8_lin_cmd_sleep
                0x1ffffe97                u8_SensitivityUpCnt
                0x1ffffe98                u16_solar_buffer
                0x1ffffeb8                u8_Rain_Value
                0x1ffffeb9                u8_SensitivityUpFlg
                0x1ffffeba                u8_LowSpeedCnt
                0x1ffffebc                u16_DC_checkValue
 *fill*         0x1ffffebe        0x2 00
 COMMON         0x1ffffec0        0xd ./Sources/Application/main.o
                0x1ffffec0                Timer_500ms
                0x1ffffec1                Timer_600ms
                0x1ffffec2                Timer_10ms
                0x1ffffec3                Timer_4s
                0x1ffffec4                Timer_100ms
                0x1ffffec5                Timer_50ms
                0x1ffffec8                Timer_6h
                0x1ffffecc                RLS_RunMode
 COMMON         0x1ffffecd        0x2 ./Sources/Driver/LIN_Stack/coreapi/lin_common_proto.o
                0x1ffffecd                frame_signal_error
                0x1ffffece                frame_index
 COMMON         0x1ffffecf        0x3 ./Sources/Transport/LIN_app/lin_app.o
                0x1ffffecf                Enter_Sleep_Flag
                0x1ffffed0                Lin_Busy_Flag
                0x1ffffed1                u8_MsgCounter
 *fill*         0x1ffffed2        0x2 00
 COMMON         0x1ffffed4       0x18 ./Sources/Transport/Local_eep_data/local_eep_data.o
                0x1ffffed4                local_info
 COMMON         0x1ffffeec       0x66 ./Sources/Transport/lin_cfg/lin_cfg.o
                0x1ffffeec                tl_rx_msg_status
                0x1ffffeed                tl_ld_error_code
                0x1ffffeee                tl_receive_msg_status
                0x1ffffef0                tl_check_timeout
                0x1ffffef4                tl_rx_queue_data
                0x1fffff04                tl_frame_counter
                0x1fffff08                tl_tx_queue_data
                0x1fffff18                tl_tx_msg_size
                0x1fffff1a                tl_last_cfg_result
                0x1fffff1b                tl_tx_msg_status
                0x1fffff1c                tl_last_RSID
                0x1fffff1d                lin_successful_transfer
                0x1fffff1e                tl_rx_msg_index
                0x1fffff20                tl_no_of_pdu
                0x1fffff24                lin_diag_signal_tbl
                0x1fffff34                lin_goto_sleep_flg
                0x1fffff36                tl_rx_msg_size
                0x1fffff38                lin_word_status
                0x1fffff3a                tl_tx_msg_index
                0x1fffff3c                tl_check_timeout_type
                0x1fffff3d                lin_current_pid
                0x1fffff40                tl_ident_data
                0x1fffff44                lin_error_in_response
                0x1fffff48                lin_lld_response_buffer
                0x1fffff54                . = ALIGN (0x4)
 *fill*         0x1fffff52        0x2 00
                0x1fffff54                __END_BSS = .
                0x1fffff54                PROVIDE (__bss_end__, __END_BSS)
                0x0000acc0                _romp_at = (___ROM_AT + SIZEOF (.data))

.romp           0x1fffff54       0x18 load address 0x0000acc0
                0x0000acc0                __S_romp = _romp_at
                0x1fffff54        0x4 LONG 0xac0c ___ROM_AT
                0x1fffff58        0x4 LONG 0x1ffffc00 _sdata
                0x1fffff5c        0x4 LONG 0xb4 ___data_size
                0x1fffff60        0x4 LONG 0x0
                0x1fffff64        0x4 LONG 0x0
                0x1fffff68        0x4 LONG 0x0

._user_heap_stack
                0x1fffff6c      0x200 load address 0x0000acd8
                0x1fffff6c                . = ALIGN (0x4)
                0x1fffff6c                PROVIDE (end, .)
                0x1fffff6c                PROVIDE (_end, .)
                0x1fffff6c                __heap_addr = .
                0x2000006c                . = (. + __heap_size)
 *fill*         0x1fffff6c      0x100 00
                0x2000016c                . = (. + __stack_size)
 *fill*         0x2000006c      0x100 00
                0x2000016c                . = ALIGN (0x4)

.ARM.attributes
                0x00000000       0x31
 *(.ARM.attributes)
 .ARM.attributes
                0x00000000       0x31 ./Project_Settings/Startup_Code/kinetis_sysinit.o
 .ARM.attributes
                0x00000031       0x31 ./Project_Settings/Startup_Code/__arm_start.o
 .ARM.attributes
                0x00000062       0x31 ./Project_Settings/Startup_Code/__arm_end.o
 .ARM.attributes
                0x00000093       0x31 ./Sources/Application/Config_parameters/config_parameter.o
 .ARM.attributes
                0x000000c4       0x31 ./Sources/Application/Diagnostic/lin_diagnostic_service.o
 .ARM.attributes
                0x000000f5       0x31 ./Sources/Application/RLS_app/rls_app.o
 .ARM.attributes
                0x00000126       0x31 ./Sources/Application/main.o
 .ARM.attributes
                0x00000157       0x31 ./Sources/Driver/LIN_Stack/bsp/UART/lin_lld_uart.o
 .ARM.attributes
                0x00000188       0x31 ./Sources/Driver/LIN_Stack/bsp/UART/lin_lld_timesrv.o
 .ARM.attributes
                0x000001b9       0x31 ./Sources/Driver/LIN_Stack/bsp/UART/lin_isr.o
 .ARM.attributes
                0x000001ea       0x31 ./Sources/Driver/LIN_Stack/coreapi/lin_lin21_proto.o
 .ARM.attributes
                0x0000021b       0x31 ./Sources/Driver/LIN_Stack/coreapi/lin_common_proto.o
 .ARM.attributes
                0x0000024c       0x31 ./Sources/Driver/LIN_Stack/coreapi/lin_common_api.o
 .ARM.attributes
                0x0000027d       0x31 ./Sources/Driver/LIN_Stack/lowlevel/lin.o
 .ARM.attributes
                0x000002ae       0x31 ./Sources/Driver/SPI/spi.o
 .ARM.attributes
                0x000002df       0x31 ./Sources/Driver/adc/adc.o
 .ARM.attributes
                0x00000310       0x31 ./Sources/Driver/clock/clock.o
 .ARM.attributes
                0x00000341       0x31 ./Sources/Driver/eeprom/eeprom.o
 .ARM.attributes
                0x00000372       0x31 ./Sources/Driver/ftm/ftm.o
 .ARM.attributes
                0x000003a3       0x31 ./Sources/Driver/gpio/gpio.o
 .ARM.attributes
                0x000003d4       0x31 ./Sources/Driver/pmc/pmc.o
 .ARM.attributes
                0x00000405       0x31 ./Sources/Driver/rtc/rtc.o
 .ARM.attributes
                0x00000436       0x31 ./Sources/Driver/watchdog/watchdog.o
 .ARM.attributes
                0x00000467       0x31 ./Sources/Transport/LIN_app/lin_app.o
 .ARM.attributes
                0x00000498       0x31 ./Sources/Transport/Local_eep_data/local_eep_data.o
 .ARM.attributes
                0x000004c9       0x31 ./Sources/Transport/lin_cfg/lin_cfg.o
 .ARM.attributes
                0x000004fa       0x31 ./Sources/Transport/lin_transport/lin_commontl_proto.o
 .ARM.attributes
                0x0000052b       0x31 ./Sources/Transport/lin_transport/lin_commontl_api.o
 .ARM.attributes
                0x0000055c       0x31 D:/CW11.0/CW MCU v11.0/MCU/ARM_GCC_Support/ewl/lib/armv6-m\libc.a(exit.o)
 .ARM.attributes
                0x0000058d       0x31 D:/CW11.0/CW MCU v11.0/MCU/ARM_GCC_Support/ewl/lib/armv6-m\libc.a(rand.o)
 .ARM.attributes
                0x000005be       0x31 D:/CW11.0/CW MCU v11.0/MCU/ARM_GCC_Support/ewl/lib/armv6-m\libc.a(memset.o)
 .ARM.attributes
                0x000005ef       0x31 D:/CW11.0/CW MCU v11.0/MCU/ARM_GCC_Support/ewl/lib/armv6-m\libc.a(__filll_mem.o)
 .ARM.attributes
                0x00000620       0x1e d:/cw11.0/cw mcu v11.0/cross_tools/arm-none-eabi-gcc-4_7_3/bin/../lib/gcc/arm-none-eabi/4.7.3/armv6-m\libgcc.a(_udivsi3.o)
 .ARM.attributes
                0x0000063e       0x1e d:/cw11.0/cw mcu v11.0/cross_tools/arm-none-eabi-gcc-4_7_3/bin/../lib/gcc/arm-none-eabi/4.7.3/armv6-m\libgcc.a(_divsi3.o)
 .ARM.attributes
                0x0000065c       0x1e d:/cw11.0/cw mcu v11.0/cross_tools/arm-none-eabi-gcc-4_7_3/bin/../lib/gcc/arm-none-eabi/4.7.3/armv6-m\libgcc.a(_dvmd_tls.o)
 .ARM.attributes
                0x0000067a       0x2c d:/cw11.0/cw mcu v11.0/cross_tools/arm-none-eabi-gcc-4_7_3/bin/../lib/gcc/arm-none-eabi/4.7.3/armv6-m\libgcc.a(_fixunsdfsi.o)
 .ARM.attributes
                0x000006a6       0x2c d:/cw11.0/cw mcu v11.0/cross_tools/arm-none-eabi-gcc-4_7_3/bin/../lib/gcc/arm-none-eabi/4.7.3/armv6-m\libgcc.a(adddf3.o)
 .ARM.attributes
                0x000006d2       0x2c d:/cw11.0/cw mcu v11.0/cross_tools/arm-none-eabi-gcc-4_7_3/bin/../lib/gcc/arm-none-eabi/4.7.3/armv6-m\libgcc.a(subdf3.o)
 .ARM.attributes
                0x000006fe       0x2c d:/cw11.0/cw mcu v11.0/cross_tools/arm-none-eabi-gcc-4_7_3/bin/../lib/gcc/arm-none-eabi/4.7.3/armv6-m\libgcc.a(fixdfsi.o)
 .ARM.attributes
                0x0000072a       0x2c d:/cw11.0/cw mcu v11.0/cross_tools/arm-none-eabi-gcc-4_7_3/bin/../lib/gcc/arm-none-eabi/4.7.3/armv6-m\libgcc.a(floatunsidf.o)
 .ARM.attributes
                0x00000756       0x1e d:/cw11.0/cw mcu v11.0/cross_tools/arm-none-eabi-gcc-4_7_3/bin/../lib/gcc/arm-none-eabi/4.7.3/armv6-m\libgcc.a(_arm_cmpdf2.o)
 .ARM.attributes
                0x00000774       0x1e d:/cw11.0/cw mcu v11.0/cross_tools/arm-none-eabi-gcc-4_7_3/bin/../lib/gcc/arm-none-eabi/4.7.3/armv6-m\libgcc.a(_clzsi2.o)
 .ARM.attributes
                0x00000792       0x2c d:/cw11.0/cw mcu v11.0/cross_tools/arm-none-eabi-gcc-4_7_3/bin/../lib/gcc/arm-none-eabi/4.7.3/armv6-m\libgcc.a(eqdf2.o)
 .ARM.attributes
                0x000007be       0x2c d:/cw11.0/cw mcu v11.0/cross_tools/arm-none-eabi-gcc-4_7_3/bin/../lib/gcc/arm-none-eabi/4.7.3/armv6-m\libgcc.a(gedf2.o)
 .ARM.attributes
                0x000007ea       0x2c d:/cw11.0/cw mcu v11.0/cross_tools/arm-none-eabi-gcc-4_7_3/bin/../lib/gcc/arm-none-eabi/4.7.3/armv6-m\libgcc.a(ledf2.o)
 .ARM.attributes
                0x00000816       0x31 D:/CW11.0/CW MCU v11.0/MCU/ARM_GCC_Support/ewl/lib/armv6-m\librt.a(gcc_ctor_dtor.o)
 .ARM.attributes
                0x00000847       0x31 D:/CW11.0/CW MCU v11.0/MCU/ARM_GCC_Support/ewl/lib/armv6-m\librt.a(__arm_eabi_init.o)
 .ARM.attributes
                0x00000878       0x31 D:/CW11.0/CW MCU v11.0/MCU/ARM_GCC_Support/ewl/lib/armv6-m\librt.a(ROMCopy.o)
OUTPUT(RLS.elf elf32-littlearm)

.debug_info     0x00000000     0xa571
 .debug_info    0x00000000      0x383 ./Project_Settings/Startup_Code/kinetis_sysinit.o
 .debug_info    0x00000383      0x126 ./Project_Settings/Startup_Code/__arm_start.o
 .debug_info    0x000004a9       0x50 ./Project_Settings/Startup_Code/__arm_end.o
 .debug_info    0x000004f9      0xa8b ./Sources/Application/Config_parameters/config_parameter.o
 .debug_info    0x00000f84      0x78a ./Sources/Application/Diagnostic/lin_diagnostic_service.o
 .debug_info    0x0000170e     0x1c59 ./Sources/Application/RLS_app/rls_app.o
 .debug_info    0x00003367      0x1a1 ./Sources/Application/main.o
 .debug_info    0x00003508      0xd53 ./Sources/Driver/LIN_Stack/bsp/UART/lin_lld_uart.o
 .debug_info    0x0000425b      0x539 ./Sources/Driver/LIN_Stack/bsp/UART/lin_lld_timesrv.o
 .debug_info    0x00004794      0x29c ./Sources/Driver/LIN_Stack/bsp/UART/lin_isr.o
 .debug_info    0x00004a30      0x371 ./Sources/Driver/LIN_Stack/coreapi/lin_lin21_proto.o
 .debug_info    0x00004da1      0x834 ./Sources/Driver/LIN_Stack/coreapi/lin_common_proto.o
 .debug_info    0x000055d5      0x337 ./Sources/Driver/LIN_Stack/coreapi/lin_common_api.o
 .debug_info    0x0000590c      0x378 ./Sources/Driver/LIN_Stack/lowlevel/lin.o
 .debug_info    0x00005c84      0x62c ./Sources/Driver/SPI/spi.o
 .debug_info    0x000062b0      0x248 ./Sources/Driver/adc/adc.o
 .debug_info    0x000064f8      0x171 ./Sources/Driver/clock/clock.o
 .debug_info    0x00006669      0x43a ./Sources/Driver/eeprom/eeprom.o
 .debug_info    0x00006aa3      0x565 ./Sources/Driver/ftm/ftm.o
 .debug_info    0x00007008      0x2ce ./Sources/Driver/gpio/gpio.o
 .debug_info    0x000072d6       0xe1 ./Sources/Driver/pmc/pmc.o
 .debug_info    0x000073b7      0x3ba ./Sources/Driver/rtc/rtc.o
 .debug_info    0x00007771      0x259 ./Sources/Driver/watchdog/watchdog.o
 .debug_info    0x000079ca      0x65a ./Sources/Transport/LIN_app/lin_app.o
 .debug_info    0x00008024      0x27e ./Sources/Transport/Local_eep_data/local_eep_data.o
 .debug_info    0x000082a2      0x980 ./Sources/Transport/lin_cfg/lin_cfg.o
 .debug_info    0x00008c22      0x937 ./Sources/Transport/lin_transport/lin_commontl_proto.o
 .debug_info    0x00009559      0x683 ./Sources/Transport/lin_transport/lin_commontl_api.o
 .debug_info    0x00009bdc       0xe8 D:/CW11.0/CW MCU v11.0/MCU/ARM_GCC_Support/ewl/lib/armv6-m\libc.a(exit.o)
 .debug_info    0x00009cc4      0x100 D:/CW11.0/CW MCU v11.0/MCU/ARM_GCC_Support/ewl/lib/armv6-m\libc.a(rand.o)
 .debug_info    0x00009dc4       0xec D:/CW11.0/CW MCU v11.0/MCU/ARM_GCC_Support/ewl/lib/armv6-m\libc.a(memset.o)
 .debug_info    0x00009eb0      0x137 D:/CW11.0/CW MCU v11.0/MCU/ARM_GCC_Support/ewl/lib/armv6-m\libc.a(__filll_mem.o)
 .debug_info    0x00009fe7      0x136 D:/CW11.0/CW MCU v11.0/MCU/ARM_GCC_Support/ewl/lib/armv6-m\librt.a(gcc_ctor_dtor.o)
 .debug_info    0x0000a11d      0x2b9 D:/CW11.0/CW MCU v11.0/MCU/ARM_GCC_Support/ewl/lib/armv6-m\librt.a(__arm_eabi_init.o)
 .debug_info    0x0000a3d6      0x19b D:/CW11.0/CW MCU v11.0/MCU/ARM_GCC_Support/ewl/lib/armv6-m\librt.a(ROMCopy.o)

.debug_abbrev   0x00000000     0x268a
 .debug_abbrev  0x00000000      0x131 ./Project_Settings/Startup_Code/kinetis_sysinit.o
 .debug_abbrev  0x00000131       0x90 ./Project_Settings/Startup_Code/__arm_start.o
 .debug_abbrev  0x000001c1       0x4a ./Project_Settings/Startup_Code/__arm_end.o
 .debug_abbrev  0x0000020b      0x13a ./Sources/Application/Config_parameters/config_parameter.o
 .debug_abbrev  0x00000345      0x236 ./Sources/Application/Diagnostic/lin_diagnostic_service.o
 .debug_abbrev  0x0000057b      0x25e ./Sources/Application/RLS_app/rls_app.o
 .debug_abbrev  0x000007d9       0x80 ./Sources/Application/main.o
 .debug_abbrev  0x00000859      0x26b ./Sources/Driver/LIN_Stack/bsp/UART/lin_lld_uart.o
 .debug_abbrev  0x00000ac4       0xdf ./Sources/Driver/LIN_Stack/bsp/UART/lin_lld_timesrv.o
 .debug_abbrev  0x00000ba3       0xaf ./Sources/Driver/LIN_Stack/bsp/UART/lin_isr.o
 .debug_abbrev  0x00000c52      0x118 ./Sources/Driver/LIN_Stack/coreapi/lin_lin21_proto.o
 .debug_abbrev  0x00000d6a      0x1a8 ./Sources/Driver/LIN_Stack/coreapi/lin_common_proto.o
 .debug_abbrev  0x00000f12      0x117 ./Sources/Driver/LIN_Stack/coreapi/lin_common_api.o
 .debug_abbrev  0x00001029      0x110 ./Sources/Driver/LIN_Stack/lowlevel/lin.o
 .debug_abbrev  0x00001139      0x1db ./Sources/Driver/SPI/spi.o
 .debug_abbrev  0x00001314       0xfe ./Sources/Driver/adc/adc.o
 .debug_abbrev  0x00001412       0xcd ./Sources/Driver/clock/clock.o
 .debug_abbrev  0x000014df      0x146 ./Sources/Driver/eeprom/eeprom.o
 .debug_abbrev  0x00001625      0x103 ./Sources/Driver/ftm/ftm.o
 .debug_abbrev  0x00001728       0x9b ./Sources/Driver/gpio/gpio.o
 .debug_abbrev  0x000017c3       0x92 ./Sources/Driver/pmc/pmc.o
 .debug_abbrev  0x00001855       0xd2 ./Sources/Driver/rtc/rtc.o
 .debug_abbrev  0x00001927       0xf5 ./Sources/Driver/watchdog/watchdog.o
 .debug_abbrev  0x00001a1c      0x167 ./Sources/Transport/LIN_app/lin_app.o
 .debug_abbrev  0x00001b83      0x155 ./Sources/Transport/Local_eep_data/local_eep_data.o
 .debug_abbrev  0x00001cd8      0x136 ./Sources/Transport/lin_cfg/lin_cfg.o
 .debug_abbrev  0x00001e0e      0x200 ./Sources/Transport/lin_transport/lin_commontl_proto.o
 .debug_abbrev  0x0000200e      0x12e ./Sources/Transport/lin_transport/lin_commontl_api.o
 .debug_abbrev  0x0000213c       0x7a D:/CW11.0/CW MCU v11.0/MCU/ARM_GCC_Support/ewl/lib/armv6-m\libc.a(exit.o)
 .debug_abbrev  0x000021b6       0x8e D:/CW11.0/CW MCU v11.0/MCU/ARM_GCC_Support/ewl/lib/armv6-m\libc.a(rand.o)
 .debug_abbrev  0x00002244       0x62 D:/CW11.0/CW MCU v11.0/MCU/ARM_GCC_Support/ewl/lib/armv6-m\libc.a(memset.o)
 .debug_abbrev  0x000022a6       0x78 D:/CW11.0/CW MCU v11.0/MCU/ARM_GCC_Support/ewl/lib/armv6-m\libc.a(__filll_mem.o)
 .debug_abbrev  0x0000231e       0x99 D:/CW11.0/CW MCU v11.0/MCU/ARM_GCC_Support/ewl/lib/armv6-m\librt.a(gcc_ctor_dtor.o)
 .debug_abbrev  0x000023b7      0x1b3 D:/CW11.0/CW MCU v11.0/MCU/ARM_GCC_Support/ewl/lib/armv6-m\librt.a(__arm_eabi_init.o)
 .debug_abbrev  0x0000256a      0x120 D:/CW11.0/CW MCU v11.0/MCU/ARM_GCC_Support/ewl/lib/armv6-m\librt.a(ROMCopy.o)

.debug_loc      0x00000000     0x26b6
 .debug_loc     0x00000000       0x58 ./Project_Settings/Startup_Code/kinetis_sysinit.o
 .debug_loc     0x00000058       0x2c ./Project_Settings/Startup_Code/__arm_start.o
 .debug_loc     0x00000084       0x38 ./Project_Settings/Startup_Code/__arm_end.o
 .debug_loc     0x000000bc       0x38 ./Sources/Application/Config_parameters/config_parameter.o
 .debug_loc     0x000000f4      0x25c ./Sources/Application/Diagnostic/lin_diagnostic_service.o
 .debug_loc     0x00000350      0x5d4 ./Sources/Application/RLS_app/rls_app.o
 .debug_loc     0x00000924       0x58 ./Sources/Application/main.o
 .debug_loc     0x0000097c      0x298 ./Sources/Driver/LIN_Stack/bsp/UART/lin_lld_uart.o
 .debug_loc     0x00000c14       0x58 ./Sources/Driver/LIN_Stack/bsp/UART/lin_lld_timesrv.o
 .debug_loc     0x00000c6c       0x58 ./Sources/Driver/LIN_Stack/bsp/UART/lin_isr.o
 .debug_loc     0x00000cc4       0xa8 ./Sources/Driver/LIN_Stack/coreapi/lin_lin21_proto.o
 .debug_loc     0x00000d6c      0x250 ./Sources/Driver/LIN_Stack/coreapi/lin_common_proto.o
 .debug_loc     0x00000fbc      0x224 ./Sources/Driver/LIN_Stack/coreapi/lin_common_api.o
 .debug_loc     0x000011e0      0x334 ./Sources/Driver/LIN_Stack/lowlevel/lin.o
 .debug_loc     0x00001514      0x1ec ./Sources/Driver/SPI/spi.o
 .debug_loc     0x00001700       0x9c ./Sources/Driver/adc/adc.o
 .debug_loc     0x0000179c       0x9c ./Sources/Driver/clock/clock.o
 .debug_loc     0x00001838      0x150 ./Sources/Driver/eeprom/eeprom.o
 .debug_loc     0x00001988       0x58 ./Sources/Driver/ftm/ftm.o
 .debug_loc     0x000019e0       0x2c ./Sources/Driver/gpio/gpio.o
 .debug_loc     0x00001a0c       0x38 ./Sources/Driver/pmc/pmc.o
 .debug_loc     0x00001a44       0xb0 ./Sources/Driver/rtc/rtc.o
 .debug_loc     0x00001af4       0xe8 ./Sources/Driver/watchdog/watchdog.o
 .debug_loc     0x00001bdc      0x114 ./Sources/Transport/LIN_app/lin_app.o
 .debug_loc     0x00001cf0       0xd4 ./Sources/Transport/Local_eep_data/local_eep_data.o
 .debug_loc     0x00001dc4       0x38 ./Sources/Transport/lin_cfg/lin_cfg.o
 .debug_loc     0x00001dfc      0x18a ./Sources/Transport/lin_transport/lin_commontl_proto.o
 .debug_loc     0x00001f86      0x22c ./Sources/Transport/lin_transport/lin_commontl_api.o
 .debug_loc     0x000021b2       0x3e D:/CW11.0/CW MCU v11.0/MCU/ARM_GCC_Support/ewl/lib/armv6-m\libc.a(exit.o)
 .debug_loc     0x000021f0       0x6f D:/CW11.0/CW MCU v11.0/MCU/ARM_GCC_Support/ewl/lib/armv6-m\libc.a(memset.o)
 .debug_loc     0x0000225f      0x14a D:/CW11.0/CW MCU v11.0/MCU/ARM_GCC_Support/ewl/lib/armv6-m\libc.a(__filll_mem.o)
 .debug_loc     0x000023a9       0x9d D:/CW11.0/CW MCU v11.0/MCU/ARM_GCC_Support/ewl/lib/armv6-m\librt.a(gcc_ctor_dtor.o)
 .debug_loc     0x00002446      0x197 D:/CW11.0/CW MCU v11.0/MCU/ARM_GCC_Support/ewl/lib/armv6-m\librt.a(__arm_eabi_init.o)
 .debug_loc     0x000025dd       0xd9 D:/CW11.0/CW MCU v11.0/MCU/ARM_GCC_Support/ewl/lib/armv6-m\librt.a(ROMCopy.o)

.debug_aranges  0x00000000      0x930
 .debug_aranges
                0x00000000       0x28 ./Project_Settings/Startup_Code/kinetis_sysinit.o
 .debug_aranges
                0x00000028       0x30 ./Project_Settings/Startup_Code/__arm_start.o
 .debug_aranges
                0x00000058       0x20 ./Project_Settings/Startup_Code/__arm_end.o
 .debug_aranges
                0x00000078       0x20 ./Sources/Application/Config_parameters/config_parameter.o
 .debug_aranges
                0x00000098       0x70 ./Sources/Application/Diagnostic/lin_diagnostic_service.o
 .debug_aranges
                0x00000108      0x100 ./Sources/Application/RLS_app/rls_app.o
 .debug_aranges
                0x00000208       0x28 ./Sources/Application/main.o
 .debug_aranges
                0x00000230       0x88 ./Sources/Driver/LIN_Stack/bsp/UART/lin_lld_uart.o
 .debug_aranges
                0x000002b8       0x28 ./Sources/Driver/LIN_Stack/bsp/UART/lin_lld_timesrv.o
 .debug_aranges
                0x000002e0       0x28 ./Sources/Driver/LIN_Stack/bsp/UART/lin_isr.o
 .debug_aranges
                0x00000308       0x30 ./Sources/Driver/LIN_Stack/coreapi/lin_lin21_proto.o
 .debug_aranges
                0x00000338       0x70 ./Sources/Driver/LIN_Stack/coreapi/lin_common_proto.o
 .debug_aranges
                0x000003a8       0x68 ./Sources/Driver/LIN_Stack/coreapi/lin_common_api.o
 .debug_aranges
                0x00000410       0xa0 ./Sources/Driver/LIN_Stack/lowlevel/lin.o
 .debug_aranges
                0x000004b0       0x60 ./Sources/Driver/SPI/spi.o
 .debug_aranges
                0x00000510       0x30 ./Sources/Driver/adc/adc.o
 .debug_aranges
                0x00000540       0x30 ./Sources/Driver/clock/clock.o
 .debug_aranges
                0x00000570       0x48 ./Sources/Driver/eeprom/eeprom.o
 .debug_aranges
                0x000005b8       0x28 ./Sources/Driver/ftm/ftm.o
 .debug_aranges
                0x000005e0       0x20 ./Sources/Driver/gpio/gpio.o
 .debug_aranges
                0x00000600       0x20 ./Sources/Driver/pmc/pmc.o
 .debug_aranges
                0x00000620       0x38 ./Sources/Driver/rtc/rtc.o
 .debug_aranges
                0x00000658       0x40 ./Sources/Driver/watchdog/watchdog.o
 .debug_aranges
                0x00000698       0x48 ./Sources/Transport/LIN_app/lin_app.o
 .debug_aranges
                0x000006e0       0x38 ./Sources/Transport/Local_eep_data/local_eep_data.o
 .debug_aranges
                0x00000718       0x20 ./Sources/Transport/lin_cfg/lin_cfg.o
 .debug_aranges
                0x00000738       0x50 ./Sources/Transport/lin_transport/lin_commontl_proto.o
 .debug_aranges
                0x00000788       0x70 ./Sources/Transport/lin_transport/lin_commontl_api.o
 .debug_aranges
                0x000007f8       0x20 D:/CW11.0/CW MCU v11.0/MCU/ARM_GCC_Support/ewl/lib/armv6-m\libc.a(exit.o)
 .debug_aranges
                0x00000818       0x28 D:/CW11.0/CW MCU v11.0/MCU/ARM_GCC_Support/ewl/lib/armv6-m\libc.a(rand.o)
 .debug_aranges
                0x00000840       0x20 D:/CW11.0/CW MCU v11.0/MCU/ARM_GCC_Support/ewl/lib/armv6-m\libc.a(memset.o)
 .debug_aranges
                0x00000860       0x20 D:/CW11.0/CW MCU v11.0/MCU/ARM_GCC_Support/ewl/lib/armv6-m\libc.a(__filll_mem.o)
 .debug_aranges
                0x00000880       0x28 D:/CW11.0/CW MCU v11.0/MCU/ARM_GCC_Support/ewl/lib/armv6-m\librt.a(gcc_ctor_dtor.o)
 .debug_aranges
                0x000008a8       0x58 D:/CW11.0/CW MCU v11.0/MCU/ARM_GCC_Support/ewl/lib/armv6-m\librt.a(__arm_eabi_init.o)
 .debug_aranges
                0x00000900       0x30 D:/CW11.0/CW MCU v11.0/MCU/ARM_GCC_Support/ewl/lib/armv6-m\librt.a(ROMCopy.o)

.debug_line     0x00000000     0x465e
 .debug_line    0x00000000      0x11c ./Project_Settings/Startup_Code/kinetis_sysinit.o
 .debug_line    0x0000011c       0x92 ./Project_Settings/Startup_Code/__arm_start.o
 .debug_line    0x000001ae       0x5e ./Project_Settings/Startup_Code/__arm_end.o
 .debug_line    0x0000020c      0x2cb ./Sources/Application/Config_parameters/config_parameter.o
 .debug_line    0x000004d7      0x3df ./Sources/Application/Diagnostic/lin_diagnostic_service.o
 .debug_line    0x000008b6      0xb1e ./Sources/Application/RLS_app/rls_app.o
 .debug_line    0x000013d4      0x18b ./Sources/Application/main.o
 .debug_line    0x0000155f      0x4f4 ./Sources/Driver/LIN_Stack/bsp/UART/lin_lld_uart.o
 .debug_line    0x00001a53      0x124 ./Sources/Driver/LIN_Stack/bsp/UART/lin_lld_timesrv.o
 .debug_line    0x00001b77      0x118 ./Sources/Driver/LIN_Stack/bsp/UART/lin_isr.o
 .debug_line    0x00001c8f       0xfd ./Sources/Driver/LIN_Stack/coreapi/lin_lin21_proto.o
 .debug_line    0x00001d8c      0x347 ./Sources/Driver/LIN_Stack/coreapi/lin_common_proto.o
 .debug_line    0x000020d3      0x1d4 ./Sources/Driver/LIN_Stack/coreapi/lin_common_api.o
 .debug_line    0x000022a7      0x22f ./Sources/Driver/LIN_Stack/lowlevel/lin.o
 .debug_line    0x000024d6      0x360 ./Sources/Driver/SPI/spi.o
 .debug_line    0x00002836      0x196 ./Sources/Driver/adc/adc.o
 .debug_line    0x000029cc      0x1a3 ./Sources/Driver/clock/clock.o
 .debug_line    0x00002b6f      0x285 ./Sources/Driver/eeprom/eeprom.o
 .debug_line    0x00002df4      0x181 ./Sources/Driver/ftm/ftm.o
 .debug_line    0x00002f75      0x11e ./Sources/Driver/gpio/gpio.o
 .debug_line    0x00003093      0x169 ./Sources/Driver/pmc/pmc.o
 .debug_line    0x000031fc      0x127 ./Sources/Driver/rtc/rtc.o
 .debug_line    0x00003323      0x150 ./Sources/Driver/watchdog/watchdog.o
 .debug_line    0x00003473      0x39c ./Sources/Transport/LIN_app/lin_app.o
 .debug_line    0x0000380f      0x133 ./Sources/Transport/Local_eep_data/local_eep_data.o
 .debug_line    0x00003942       0xe3 ./Sources/Transport/lin_cfg/lin_cfg.o
 .debug_line    0x00003a25      0x507 ./Sources/Transport/lin_transport/lin_commontl_proto.o
 .debug_line    0x00003f2c      0x24c ./Sources/Transport/lin_transport/lin_commontl_api.o
 .debug_line    0x00004178       0x8d D:/CW11.0/CW MCU v11.0/MCU/ARM_GCC_Support/ewl/lib/armv6-m\libc.a(exit.o)
 .debug_line    0x00004205       0x93 D:/CW11.0/CW MCU v11.0/MCU/ARM_GCC_Support/ewl/lib/armv6-m\libc.a(rand.o)
 .debug_line    0x00004298       0x90 D:/CW11.0/CW MCU v11.0/MCU/ARM_GCC_Support/ewl/lib/armv6-m\libc.a(memset.o)
 .debug_line    0x00004328       0xf6 D:/CW11.0/CW MCU v11.0/MCU/ARM_GCC_Support/ewl/lib/armv6-m\libc.a(__filll_mem.o)
 .debug_line    0x0000441e       0x6c D:/CW11.0/CW MCU v11.0/MCU/ARM_GCC_Support/ewl/lib/armv6-m\librt.a(gcc_ctor_dtor.o)
 .debug_line    0x0000448a      0x117 D:/CW11.0/CW MCU v11.0/MCU/ARM_GCC_Support/ewl/lib/armv6-m\librt.a(__arm_eabi_init.o)
 .debug_line    0x000045a1       0xbd D:/CW11.0/CW MCU v11.0/MCU/ARM_GCC_Support/ewl/lib/armv6-m\librt.a(ROMCopy.o)

.debug_str      0x00000000     0x4164
 .debug_str     0x00000000      0x248 ./Project_Settings/Startup_Code/kinetis_sysinit.o
                                0x275 (size before relaxing)
 .debug_str     0x00000248       0x85 ./Project_Settings/Startup_Code/__arm_start.o
                                0x1a9 (size before relaxing)
 .debug_str     0x000002cd       0x3a ./Project_Settings/Startup_Code/__arm_end.o
                                 0xe0 (size before relaxing)
 .debug_str     0x00000307      0xa4d ./Sources/Application/Config_parameters/config_parameter.o
                                0xc14 (size before relaxing)
 .debug_str     0x00000d54      0x3ab ./Sources/Application/Diagnostic/lin_diagnostic_service.o
                                0x612 (size before relaxing)
 .debug_str     0x000010ff      0xc9d ./Sources/Application/RLS_app/rls_app.o
                               0x17fe (size before relaxing)
 .debug_str     0x00001d9c       0x7d ./Sources/Application/main.o
                                0x244 (size before relaxing)
 .debug_str     0x00001e19      0x7a5 ./Sources/Driver/LIN_Stack/bsp/UART/lin_lld_uart.o
                                0x99b (size before relaxing)
 .debug_str     0x000025be      0x389 ./Sources/Driver/LIN_Stack/bsp/UART/lin_lld_timesrv.o
                                0x525 (size before relaxing)
 .debug_str     0x00002947       0x55 ./Sources/Driver/LIN_Stack/bsp/UART/lin_isr.o
                                0x230 (size before relaxing)
 .debug_str     0x0000299c      0x260 ./Sources/Driver/LIN_Stack/coreapi/lin_lin21_proto.o
                                0x3dc (size before relaxing)
 .debug_str     0x00002bfc      0x372 ./Sources/Driver/LIN_Stack/coreapi/lin_common_proto.o
                                0xa3e (size before relaxing)
 .debug_str     0x00002f6e       0xcc ./Sources/Driver/LIN_Stack/coreapi/lin_common_api.o
                                0x2b0 (size before relaxing)
 .debug_str     0x0000303a      0x22c ./Sources/Driver/LIN_Stack/lowlevel/lin.o
                                0x39b (size before relaxing)
 .debug_str     0x00003266      0x12d ./Sources/Driver/SPI/spi.o
                                0x381 (size before relaxing)
 .debug_str     0x00003393       0x6e ./Sources/Driver/adc/adc.o
                                0x1e7 (size before relaxing)
 .debug_str     0x00003401       0x55 ./Sources/Driver/clock/clock.o
                                0x17c (size before relaxing)
 .debug_str     0x00003456      0x1b8 ./Sources/Driver/eeprom/eeprom.o
                                0x32a (size before relaxing)
 .debug_str     0x0000360e       0x36 ./Sources/Driver/ftm/ftm.o
                                0x51a (size before relaxing)
 .debug_str     0x00003644      0x108 ./Sources/Driver/gpio/gpio.o
                                0x2a4 (size before relaxing)
 .debug_str     0x0000374c       0x25 ./Sources/Driver/pmc/pmc.o
                                0x16c (size before relaxing)
 .debug_str     0x00003771       0x6a ./Sources/Driver/rtc/rtc.o
                                0x48f (size before relaxing)
 .debug_str     0x000037db       0x83 ./Sources/Driver/watchdog/watchdog.o
                                0x1fd (size before relaxing)
 .debug_str     0x0000385e       0xa9 ./Sources/Transport/LIN_app/lin_app.o
                                0x6e8 (size before relaxing)
 .debug_str     0x00003907       0x9d ./Sources/Transport/Local_eep_data/local_eep_data.o
                                0x2b0 (size before relaxing)
 .debug_str     0x000039a4      0x223 ./Sources/Transport/lin_cfg/lin_cfg.o
                                0xb3f (size before relaxing)
 .debug_str     0x00003bc7      0x102 ./Sources/Transport/lin_transport/lin_commontl_proto.o
                                0x8ae (size before relaxing)
 .debug_str     0x00003cc9      0x112 ./Sources/Transport/lin_transport/lin_commontl_api.o
                                0x6ba (size before relaxing)
 .debug_str     0x00003ddb       0x5a D:/CW11.0/CW MCU v11.0/MCU/ARM_GCC_Support/ewl/lib/armv6-m\libc.a(exit.o)
                                0x157 (size before relaxing)
 .debug_str     0x00003e35       0x2b D:/CW11.0/CW MCU v11.0/MCU/ARM_GCC_Support/ewl/lib/armv6-m\libc.a(rand.o)
                                0x152 (size before relaxing)
 .debug_str     0x00003e60       0x23 D:/CW11.0/CW MCU v11.0/MCU/ARM_GCC_Support/ewl/lib/armv6-m\libc.a(memset.o)
                                0x140 (size before relaxing)
 .debug_str     0x00003e83       0x2d D:/CW11.0/CW MCU v11.0/MCU/ARM_GCC_Support/ewl/lib/armv6-m\libc.a(__filll_mem.o)
                                0x152 (size before relaxing)
 .debug_str     0x00003eb0      0x126 D:/CW11.0/CW MCU v11.0/MCU/ARM_GCC_Support/ewl/lib/armv6-m\librt.a(gcc_ctor_dtor.o)
                                0x181 (size before relaxing)
 .debug_str     0x00003fd6       0xf3 D:/CW11.0/CW MCU v11.0/MCU/ARM_GCC_Support/ewl/lib/armv6-m\librt.a(__arm_eabi_init.o)
                                0x1b5 (size before relaxing)
 .debug_str     0x000040c9       0x9b D:/CW11.0/CW MCU v11.0/MCU/ARM_GCC_Support/ewl/lib/armv6-m\librt.a(ROMCopy.o)
                                0x13c (size before relaxing)

.comment        0x00000000       0x79
 .comment       0x00000000       0x79 ./Project_Settings/Startup_Code/kinetis_sysinit.o
                                 0x7a (size before relaxing)
 .comment       0x00000000       0x7a ./Project_Settings/Startup_Code/__arm_start.o
 .comment       0x00000000       0x7a ./Project_Settings/Startup_Code/__arm_end.o
 .comment       0x00000000       0x7a ./Sources/Application/Config_parameters/config_parameter.o
 .comment       0x00000000       0x7a ./Sources/Application/Diagnostic/lin_diagnostic_service.o
 .comment       0x00000000       0x7a ./Sources/Application/RLS_app/rls_app.o
 .comment       0x00000000       0x7a ./Sources/Application/main.o
 .comment       0x00000000       0x7a ./Sources/Driver/LIN_Stack/bsp/UART/lin_lld_uart.o
 .comment       0x00000000       0x7a ./Sources/Driver/LIN_Stack/bsp/UART/lin_lld_timesrv.o
 .comment       0x00000000       0x7a ./Sources/Driver/LIN_Stack/bsp/UART/lin_isr.o
 .comment       0x00000000       0x7a ./Sources/Driver/LIN_Stack/coreapi/lin_lin21_proto.o
 .comment       0x00000000       0x7a ./Sources/Driver/LIN_Stack/coreapi/lin_common_proto.o
 .comment       0x00000000       0x7a ./Sources/Driver/LIN_Stack/coreapi/lin_common_api.o
 .comment       0x00000000       0x7a ./Sources/Driver/LIN_Stack/lowlevel/lin.o
 .comment       0x00000000       0x7a ./Sources/Driver/SPI/spi.o
 .comment       0x00000000       0x7a ./Sources/Driver/adc/adc.o
 .comment       0x00000000       0x7a ./Sources/Driver/clock/clock.o
 .comment       0x00000000       0x7a ./Sources/Driver/eeprom/eeprom.o
 .comment       0x00000000       0x7a ./Sources/Driver/ftm/ftm.o
 .comment       0x00000000       0x7a ./Sources/Driver/gpio/gpio.o
 .comment       0x00000000       0x7a ./Sources/Driver/pmc/pmc.o
 .comment       0x00000000       0x7a ./Sources/Driver/rtc/rtc.o
 .comment       0x00000000       0x7a ./Sources/Driver/watchdog/watchdog.o
 .comment       0x00000000       0x7a ./Sources/Transport/LIN_app/lin_app.o
 .comment       0x00000000       0x7a ./Sources/Transport/Local_eep_data/local_eep_data.o
 .comment       0x00000000       0x7a ./Sources/Transport/lin_cfg/lin_cfg.o
 .comment       0x00000000       0x7a ./Sources/Transport/lin_transport/lin_commontl_proto.o
 .comment       0x00000000       0x7a ./Sources/Transport/lin_transport/lin_commontl_api.o
 .comment       0x00000000       0x7a D:/CW11.0/CW MCU v11.0/MCU/ARM_GCC_Support/ewl/lib/armv6-m\libc.a(exit.o)
 .comment       0x00000000       0x7a D:/CW11.0/CW MCU v11.0/MCU/ARM_GCC_Support/ewl/lib/armv6-m\libc.a(rand.o)
 .comment       0x00000000       0x7a D:/CW11.0/CW MCU v11.0/MCU/ARM_GCC_Support/ewl/lib/armv6-m\libc.a(memset.o)
 .comment       0x00000000       0x7a D:/CW11.0/CW MCU v11.0/MCU/ARM_GCC_Support/ewl/lib/armv6-m\libc.a(__filll_mem.o)
 .comment       0x00000000       0x7a D:/CW11.0/CW MCU v11.0/MCU/ARM_GCC_Support/ewl/lib/armv6-m\librt.a(gcc_ctor_dtor.o)
 .comment       0x00000000       0x7a D:/CW11.0/CW MCU v11.0/MCU/ARM_GCC_Support/ewl/lib/armv6-m\librt.a(__arm_eabi_init.o)
 .comment       0x00000000       0x7a D:/CW11.0/CW MCU v11.0/MCU/ARM_GCC_Support/ewl/lib/armv6-m\librt.a(ROMCopy.o)

.debug_frame    0x00000000     0x19d0
 .debug_frame   0x00000000       0x48 ./Project_Settings/Startup_Code/kinetis_sysinit.o
 .debug_frame   0x00000048       0x4c ./Project_Settings/Startup_Code/__arm_start.o
 .debug_frame   0x00000094       0x30 ./Project_Settings/Startup_Code/__arm_end.o
 .debug_frame   0x000000c4       0x30 ./Sources/Application/Config_parameters/config_parameter.o
 .debug_frame   0x000000f4      0x16c ./Sources/Application/Diagnostic/lin_diagnostic_service.o
 .debug_frame   0x00000260      0x384 ./Sources/Application/RLS_app/rls_app.o
 .debug_frame   0x000005e4       0x48 ./Sources/Application/main.o
 .debug_frame   0x0000062c      0x1ac ./Sources/Driver/LIN_Stack/bsp/UART/lin_lld_uart.o
 .debug_frame   0x000007d8       0x48 ./Sources/Driver/LIN_Stack/bsp/UART/lin_lld_timesrv.o
 .debug_frame   0x00000820       0x4c ./Sources/Driver/LIN_Stack/bsp/UART/lin_isr.o
 .debug_frame   0x0000086c       0x70 ./Sources/Driver/LIN_Stack/coreapi/lin_lin21_proto.o
 .debug_frame   0x000008dc      0x168 ./Sources/Driver/LIN_Stack/coreapi/lin_common_proto.o
 .debug_frame   0x00000a44      0x14c ./Sources/Driver/LIN_Stack/coreapi/lin_common_api.o
 .debug_frame   0x00000b90      0x204 ./Sources/Driver/LIN_Stack/lowlevel/lin.o
 .debug_frame   0x00000d94      0x12c ./Sources/Driver/SPI/spi.o
 .debug_frame   0x00000ec0       0x6c ./Sources/Driver/adc/adc.o
 .debug_frame   0x00000f2c       0x6c ./Sources/Driver/clock/clock.o
 .debug_frame   0x00000f98       0xd0 ./Sources/Driver/eeprom/eeprom.o
 .debug_frame   0x00001068       0x4c ./Sources/Driver/ftm/ftm.o
 .debug_frame   0x000010b4       0x2c ./Sources/Driver/gpio/gpio.o
 .debug_frame   0x000010e0       0x30 ./Sources/Driver/pmc/pmc.o
 .debug_frame   0x00001110       0x80 ./Sources/Driver/rtc/rtc.o
 .debug_frame   0x00001190       0xa0 ./Sources/Driver/watchdog/watchdog.o
 .debug_frame   0x00001230       0xbc ./Sources/Transport/LIN_app/lin_app.o
 .debug_frame   0x000012ec       0x8c ./Sources/Transport/Local_eep_data/local_eep_data.o
 .debug_frame   0x00001378       0x30 ./Sources/Transport/lin_cfg/lin_cfg.o
 .debug_frame   0x000013a8       0xf0 ./Sources/Transport/lin_transport/lin_commontl_proto.o
 .debug_frame   0x00001498      0x15c ./Sources/Transport/lin_transport/lin_commontl_api.o
 .debug_frame   0x000015f4       0x2c D:/CW11.0/CW MCU v11.0/MCU/ARM_GCC_Support/ewl/lib/armv6-m\libc.a(exit.o)
 .debug_frame   0x00001620       0x30 D:/CW11.0/CW MCU v11.0/MCU/ARM_GCC_Support/ewl/lib/armv6-m\libc.a(rand.o)
 .debug_frame   0x00001650       0x28 D:/CW11.0/CW MCU v11.0/MCU/ARM_GCC_Support/ewl/lib/armv6-m\libc.a(memset.o)
 .debug_frame   0x00001678       0x2c D:/CW11.0/CW MCU v11.0/MCU/ARM_GCC_Support/ewl/lib/armv6-m\libc.a(__filll_mem.o)
 .debug_frame   0x000016a4       0x20 d:/cw11.0/cw mcu v11.0/cross_tools/arm-none-eabi-gcc-4_7_3/bin/../lib/gcc/arm-none-eabi/4.7.3/armv6-m\libgcc.a(_udivsi3.o)
 .debug_frame   0x000016c4       0x20 d:/cw11.0/cw mcu v11.0/cross_tools/arm-none-eabi-gcc-4_7_3/bin/../lib/gcc/arm-none-eabi/4.7.3/armv6-m\libgcc.a(_divsi3.o)
 .debug_frame   0x000016e4       0x2c d:/cw11.0/cw mcu v11.0/cross_tools/arm-none-eabi-gcc-4_7_3/bin/../lib/gcc/arm-none-eabi/4.7.3/armv6-m\libgcc.a(_fixunsdfsi.o)
 .debug_frame   0x00001710       0x3c d:/cw11.0/cw mcu v11.0/cross_tools/arm-none-eabi-gcc-4_7_3/bin/../lib/gcc/arm-none-eabi/4.7.3/armv6-m\libgcc.a(adddf3.o)
 .debug_frame   0x0000174c       0x38 d:/cw11.0/cw mcu v11.0/cross_tools/arm-none-eabi-gcc-4_7_3/bin/../lib/gcc/arm-none-eabi/4.7.3/armv6-m\libgcc.a(subdf3.o)
 .debug_frame   0x00001784       0x2c d:/cw11.0/cw mcu v11.0/cross_tools/arm-none-eabi-gcc-4_7_3/bin/../lib/gcc/arm-none-eabi/4.7.3/armv6-m\libgcc.a(fixdfsi.o)
 .debug_frame   0x000017b0       0x2c d:/cw11.0/cw mcu v11.0/cross_tools/arm-none-eabi-gcc-4_7_3/bin/../lib/gcc/arm-none-eabi/4.7.3/armv6-m\libgcc.a(floatunsidf.o)
 .debug_frame   0x000017dc       0x34 d:/cw11.0/cw mcu v11.0/cross_tools/arm-none-eabi-gcc-4_7_3/bin/../lib/gcc/arm-none-eabi/4.7.3/armv6-m\libgcc.a(eqdf2.o)
 .debug_frame   0x00001810       0x38 d:/cw11.0/cw mcu v11.0/cross_tools/arm-none-eabi-gcc-4_7_3/bin/../lib/gcc/arm-none-eabi/4.7.3/armv6-m\libgcc.a(gedf2.o)
 .debug_frame   0x00001848       0x38 d:/cw11.0/cw mcu v11.0/cross_tools/arm-none-eabi-gcc-4_7_3/bin/../lib/gcc/arm-none-eabi/4.7.3/armv6-m\libgcc.a(ledf2.o)
 .debug_frame   0x00001880       0x40 D:/CW11.0/CW MCU v11.0/MCU/ARM_GCC_Support/ewl/lib/armv6-m\librt.a(gcc_ctor_dtor.o)
 .debug_frame   0x000018c0       0xbc D:/CW11.0/CW MCU v11.0/MCU/ARM_GCC_Support/ewl/lib/armv6-m\librt.a(__arm_eabi_init.o)
 .debug_frame   0x0000197c       0x54 D:/CW11.0/CW MCU v11.0/MCU/ARM_GCC_Support/ewl/lib/armv6-m\librt.a(ROMCopy.o)
