Archive member included because of file (symbol)

D:/CW11.0/CW MCU v11.0/MCU/ARM_GCC_Support/ewl/lib/armv6-m\libc.a(exit.o)
                              ./Project_Settings/Startup_Code/__arm_start.o (exit)
D:/CW11.0/CW MCU v11.0/MCU/ARM_GCC_Support/ewl/lib/armv6-m\libc.a(rand.o)
                              ./Sources/LIN_Stack/diagnostic/lin_diagnostic_service.o (rand)
D:/CW11.0/CW MCU v11.0/MCU/ARM_GCC_Support/ewl/lib/armv6-m\libc.a(memset.o)
                              ./Project_Settings/Startup_Code/__arm_start.o (memset)
D:/CW11.0/CW MCU v11.0/MCU/ARM_GCC_Support/ewl/lib/armv6-m\libc.a(__filll_mem.o)
                              D:/CW11.0/CW MCU v11.0/MCU/ARM_GCC_Support/ewl/lib/armv6-m\libc.a(memset.o) (__fill_mem)
d:/cw11.0/cw mcu v11.0/cross_tools/arm-none-eabi-gcc-4_7_3/bin/../lib/gcc/arm-none-eabi/4.7.3/armv6-m\libgcc.a(_udivsi3.o)
                              ./Sources/LIN_Stack/transport/lin_commontl_api.o (__aeabi_uidiv)
d:/cw11.0/cw mcu v11.0/cross_tools/arm-none-eabi-gcc-4_7_3/bin/../lib/gcc/arm-none-eabi/4.7.3/armv6-m\libgcc.a(_divsi3.o)
                              ./Sources/LIN_Stack/transport/lin_commontl_proto.o (__aeabi_idiv)
d:/cw11.0/cw mcu v11.0/cross_tools/arm-none-eabi-gcc-4_7_3/bin/../lib/gcc/arm-none-eabi/4.7.3/armv6-m\libgcc.a(_dvmd_tls.o)
                              d:/cw11.0/cw mcu v11.0/cross_tools/arm-none-eabi-gcc-4_7_3/bin/../lib/gcc/arm-none-eabi/4.7.3/armv6-m\libgcc.a(_udivsi3.o) (__aeabi_idiv0)
d:/cw11.0/cw mcu v11.0/cross_tools/arm-none-eabi-gcc-4_7_3/bin/../lib/gcc/arm-none-eabi/4.7.3/armv6-m\libgcc.a(_fixunsdfsi.o)
                              ./Sources/LIN_Stack/bsp/UART/lin_isr.o (__aeabi_d2uiz)
d:/cw11.0/cw mcu v11.0/cross_tools/arm-none-eabi-gcc-4_7_3/bin/../lib/gcc/arm-none-eabi/4.7.3/armv6-m\libgcc.a(adddf3.o)
                              ./Sources/LIN_Stack/bsp/UART/lin_isr.o (__aeabi_dadd)
d:/cw11.0/cw mcu v11.0/cross_tools/arm-none-eabi-gcc-4_7_3/bin/../lib/gcc/arm-none-eabi/4.7.3/armv6-m\libgcc.a(subdf3.o)
                              d:/cw11.0/cw mcu v11.0/cross_tools/arm-none-eabi-gcc-4_7_3/bin/../lib/gcc/arm-none-eabi/4.7.3/armv6-m\libgcc.a(_fixunsdfsi.o) (__aeabi_dsub)
d:/cw11.0/cw mcu v11.0/cross_tools/arm-none-eabi-gcc-4_7_3/bin/../lib/gcc/arm-none-eabi/4.7.3/armv6-m\libgcc.a(fixdfsi.o)
                              d:/cw11.0/cw mcu v11.0/cross_tools/arm-none-eabi-gcc-4_7_3/bin/../lib/gcc/arm-none-eabi/4.7.3/armv6-m\libgcc.a(_fixunsdfsi.o) (__aeabi_d2iz)
d:/cw11.0/cw mcu v11.0/cross_tools/arm-none-eabi-gcc-4_7_3/bin/../lib/gcc/arm-none-eabi/4.7.3/armv6-m\libgcc.a(floatunsidf.o)
                              ./Sources/LIN_Stack/bsp/UART/lin_isr.o (__aeabi_ui2d)
d:/cw11.0/cw mcu v11.0/cross_tools/arm-none-eabi-gcc-4_7_3/bin/../lib/gcc/arm-none-eabi/4.7.3/armv6-m\libgcc.a(_arm_cmpdf2.o)
                              d:/cw11.0/cw mcu v11.0/cross_tools/arm-none-eabi-gcc-4_7_3/bin/../lib/gcc/arm-none-eabi/4.7.3/armv6-m\libgcc.a(_fixunsdfsi.o) (__aeabi_dcmpge)
d:/cw11.0/cw mcu v11.0/cross_tools/arm-none-eabi-gcc-4_7_3/bin/../lib/gcc/arm-none-eabi/4.7.3/armv6-m\libgcc.a(_clzsi2.o)
                              d:/cw11.0/cw mcu v11.0/cross_tools/arm-none-eabi-gcc-4_7_3/bin/../lib/gcc/arm-none-eabi/4.7.3/armv6-m\libgcc.a(adddf3.o) (__clzsi2)
d:/cw11.0/cw mcu v11.0/cross_tools/arm-none-eabi-gcc-4_7_3/bin/../lib/gcc/arm-none-eabi/4.7.3/armv6-m\libgcc.a(eqdf2.o)
                              d:/cw11.0/cw mcu v11.0/cross_tools/arm-none-eabi-gcc-4_7_3/bin/../lib/gcc/arm-none-eabi/4.7.3/armv6-m\libgcc.a(_arm_cmpdf2.o) (__eqdf2)
d:/cw11.0/cw mcu v11.0/cross_tools/arm-none-eabi-gcc-4_7_3/bin/../lib/gcc/arm-none-eabi/4.7.3/armv6-m\libgcc.a(gedf2.o)
                              d:/cw11.0/cw mcu v11.0/cross_tools/arm-none-eabi-gcc-4_7_3/bin/../lib/gcc/arm-none-eabi/4.7.3/armv6-m\libgcc.a(_arm_cmpdf2.o) (__gedf2)
d:/cw11.0/cw mcu v11.0/cross_tools/arm-none-eabi-gcc-4_7_3/bin/../lib/gcc/arm-none-eabi/4.7.3/armv6-m\libgcc.a(ledf2.o)
                              d:/cw11.0/cw mcu v11.0/cross_tools/arm-none-eabi-gcc-4_7_3/bin/../lib/gcc/arm-none-eabi/4.7.3/armv6-m\libgcc.a(_arm_cmpdf2.o) (__ledf2)
D:/CW11.0/CW MCU v11.0/MCU/ARM_GCC_Support/ewl/lib/armv6-m\librt.a(gcc_ctor_dtor.o)
                              ./Project_Settings/Startup_Code/__arm_start.o (__init_cpp)
D:/CW11.0/CW MCU v11.0/MCU/ARM_GCC_Support/ewl/lib/armv6-m\librt.a(__arm_eabi_init.o)
                              D:/CW11.0/CW MCU v11.0/MCU/ARM_GCC_Support/ewl/lib/armv6-m\libc.a(exit.o) (__destroy_global_chain)
D:/CW11.0/CW MCU v11.0/MCU/ARM_GCC_Support/ewl/lib/armv6-m\librt.a(ROMCopy.o)
                              ./Project_Settings/Startup_Code/__arm_start.o (__copy_rom_sections_to_ram)

Allocating common symbols
Common symbol       size              file

tl_rx_msg_status    0x1               ./Sources/lin_cfg/lin_cfg.o
tl_ld_error_code    0x1               ./Sources/lin_cfg/lin_cfg.o
data_cn1            0x1               ./Sources/LIN_Stack/diagnostic/lin_diagnostic_service.o
boot_flashdata_last_cn
                    0x2               ./Sources/LIN_Stack/diagnostic/lin_diagnostic_service.o
diagnostic_Session  0x1               ./Sources/LIN_Stack/diagnostic/lin_diagnostic_service.o
tl_receive_msg_status
                    0x1               ./Sources/lin_cfg/lin_cfg.o
tl_check_timeout    0x2               ./Sources/lin_cfg/lin_cfg.o
tl_rx_queue_data    0x30              ./Sources/lin_cfg/lin_cfg.o
tl_frame_counter    0x1               ./Sources/lin_cfg/lin_cfg.o
tl_tx_queue_data    0x30              ./Sources/lin_cfg/lin_cfg.o
tl_tx_msg_size      0x2               ./Sources/lin_cfg/lin_cfg.o
tl_last_cfg_result  0x1               ./Sources/lin_cfg/lin_cfg.o
tl_tx_msg_status    0x1               ./Sources/lin_cfg/lin_cfg.o
boot_write_flash    0x64              ./Sources/LIN_Stack/diagnostic/lin_diagnostic_service.o
data_cn2            0x1               ./Sources/LIN_Stack/diagnostic/lin_diagnostic_service.o
boot_key            0x4               ./Sources/LIN_Stack/diagnostic/lin_diagnostic_service.o
tl_last_RSID        0x1               ./Sources/lin_cfg/lin_cfg.o
lin_successful_transfer
                    0x1               ./Sources/lin_cfg/lin_cfg.o
frame_signal_error  0x1               ./Sources/LIN_Stack/coreapi/lin_common_proto.o
boot_rx_ok_id       0x1               ./Sources/main.o
tl_rx_msg_index     0x2               ./Sources/lin_cfg/lin_cfg.o
boot_seed           0x4               ./Sources/LIN_Stack/diagnostic/lin_diagnostic_service.o
tl_no_of_pdu        0x1               ./Sources/lin_cfg/lin_cfg.o
lin_diag_signal_tbl
                    0x10              ./Sources/lin_cfg/lin_cfg.o
lin_goto_sleep_flg  0x1               ./Sources/lin_cfg/lin_cfg.o
diagnostic_Session_flg
                    0x1               ./Sources/LIN_Stack/diagnostic/lin_diagnostic_service.o
tl_rx_msg_size      0x2               ./Sources/lin_cfg/lin_cfg.o
lin_word_status     0x2               ./Sources/lin_cfg/lin_cfg.o
tl_tx_msg_index     0x2               ./Sources/lin_cfg/lin_cfg.o
tl_check_timeout_type
                    0x1               ./Sources/lin_cfg/lin_cfg.o
diagnostic_Session_timer
                    0x2               ./Sources/LIN_Stack/diagnostic/lin_diagnostic_service.o
frame_index         0x1               ./Sources/LIN_Stack/coreapi/lin_common_proto.o
lin_current_pid     0x1               ./Sources/lin_cfg/lin_cfg.o
boot_up_ret         0x2               ./Sources/main.o
tl_ident_data       0x4               ./Sources/lin_cfg/lin_cfg.o
lin_error_in_response
                    0x1               ./Sources/lin_cfg/lin_cfg.o
lin_lld_response_buffer
                    0xa               ./Sources/lin_cfg/lin_cfg.o
diagnostic_Session_pre
                    0x1               ./Sources/LIN_Stack/diagnostic/lin_diagnostic_service.o
boot_status_flag    0x1               ./Sources/main.o
boot_flashdata_cn   0x2               ./Sources/LIN_Stack/diagnostic/lin_diagnostic_service.o

Discarded input sections

 .text          0x00000000        0x0 ./Project_Settings/Startup_Code/kinetis_sysinit.o
 .data          0x00000000        0x0 ./Project_Settings/Startup_Code/kinetis_sysinit.o
 .bss           0x00000000        0x0 ./Project_Settings/Startup_Code/kinetis_sysinit.o
 .text          0x00000000        0x0 ./Project_Settings/Startup_Code/__arm_start.o
 .data          0x00000000        0x0 ./Project_Settings/Startup_Code/__arm_start.o
 .bss           0x00000000        0x0 ./Project_Settings/Startup_Code/__arm_start.o
 .text.__iar_program_start
                0x00000000        0x4 ./Project_Settings/Startup_Code/__arm_start.o
 .text          0x00000000        0x0 ./Project_Settings/Startup_Code/__arm_end.o
 .data          0x00000000        0x0 ./Project_Settings/Startup_Code/__arm_end.o
 .bss           0x00000000        0x0 ./Project_Settings/Startup_Code/__arm_end.o
 .text          0x00000000        0x0 ./Sources/LIN_Stack/bsp/UART/lin_lld_uart.o
 .data          0x00000000        0x0 ./Sources/LIN_Stack/bsp/UART/lin_lld_uart.o
 .bss           0x00000000        0x0 ./Sources/LIN_Stack/bsp/UART/lin_lld_uart.o
 .text.lin_lld_uart_deinit
                0x00000000        0xc ./Sources/LIN_Stack/bsp/UART/lin_lld_uart.o
 .text.lin_lld_uart_tx_wake_up
                0x00000000       0x4c ./Sources/LIN_Stack/bsp/UART/lin_lld_uart.o
 .text.lin_lld_uart_int_enable
                0x00000000       0x28 ./Sources/LIN_Stack/bsp/UART/lin_lld_uart.o
 .text.lin_lld_uart_int_disable
                0x00000000       0x2c ./Sources/LIN_Stack/bsp/UART/lin_lld_uart.o
 .text.lin_lld_uart_get_status
                0x00000000        0xc ./Sources/LIN_Stack/bsp/UART/lin_lld_uart.o
 .text.lin_lld_uart_get_state
                0x00000000        0xc ./Sources/LIN_Stack/bsp/UART/lin_lld_uart.o
 .text.lin_goto_idle_state
                0x00000000       0x38 ./Sources/LIN_Stack/bsp/UART/lin_lld_uart.o
 .text          0x00000000        0x0 ./Sources/LIN_Stack/bsp/UART/lin_lld_timesrv.o
 .data          0x00000000        0x0 ./Sources/LIN_Stack/bsp/UART/lin_lld_timesrv.o
 .bss           0x00000000        0x0 ./Sources/LIN_Stack/bsp/UART/lin_lld_timesrv.o
 .text          0x00000000        0x0 ./Sources/LIN_Stack/bsp/UART/lin_isr.o
 .data          0x00000000        0x0 ./Sources/LIN_Stack/bsp/UART/lin_isr.o
 .bss           0x00000000        0x0 ./Sources/LIN_Stack/bsp/UART/lin_isr.o
 .text          0x00000000        0x0 ./Sources/LIN_Stack/coreapi/lin_lin21_proto.o
 .data          0x00000000        0x0 ./Sources/LIN_Stack/coreapi/lin_lin21_proto.o
 .bss           0x00000000        0x0 ./Sources/LIN_Stack/coreapi/lin_lin21_proto.o
 .text          0x00000000        0x0 ./Sources/LIN_Stack/coreapi/lin_lin21_api.o
 .data          0x00000000        0x0 ./Sources/LIN_Stack/coreapi/lin_lin21_api.o
 .bss           0x00000000        0x0 ./Sources/LIN_Stack/coreapi/lin_lin21_api.o
 .debug_info    0x00000000       0x68 ./Sources/LIN_Stack/coreapi/lin_lin21_api.o
 .debug_abbrev  0x00000000       0x28 ./Sources/LIN_Stack/coreapi/lin_lin21_api.o
 .debug_aranges
                0x00000000       0x18 ./Sources/LIN_Stack/coreapi/lin_lin21_api.o
 .debug_macinfo
                0x00000000    0x2344e ./Sources/LIN_Stack/coreapi/lin_lin21_api.o
 .debug_line    0x00000000      0x2fa ./Sources/LIN_Stack/coreapi/lin_lin21_api.o
 .debug_str     0x00000000      0x12a ./Sources/LIN_Stack/coreapi/lin_lin21_api.o
 .comment       0x00000000       0x7a ./Sources/LIN_Stack/coreapi/lin_lin21_api.o
 .ARM.attributes
                0x00000000       0x31 ./Sources/LIN_Stack/coreapi/lin_lin21_api.o
 .text          0x00000000        0x0 ./Sources/LIN_Stack/coreapi/lin_common_proto.o
 .data          0x00000000        0x0 ./Sources/LIN_Stack/coreapi/lin_common_proto.o
 .bss           0x00000000        0x0 ./Sources/LIN_Stack/coreapi/lin_common_proto.o
 .text.lin_update_tx_flags
                0x00000000       0x78 ./Sources/LIN_Stack/coreapi/lin_common_proto.o
 .text.lin_update_rx_diag_frame
                0x00000000       0x24 ./Sources/LIN_Stack/coreapi/lin_common_proto.o
 .text.lin_make_res_diag_frame
                0x00000000        0x8 ./Sources/LIN_Stack/coreapi/lin_common_proto.o
 .text.lin_get_frame_index
                0x00000000       0x50 ./Sources/LIN_Stack/coreapi/lin_common_proto.o
 .text          0x00000000        0x0 ./Sources/LIN_Stack/coreapi/lin_common_api.o
 .data          0x00000000        0x0 ./Sources/LIN_Stack/coreapi/lin_common_api.o
 .bss           0x00000000        0x0 ./Sources/LIN_Stack/coreapi/lin_common_api.o
 .text.l_ifc_goto_sleep
                0x00000000        0x4 ./Sources/LIN_Stack/coreapi/lin_common_api.o
 .text.l_ifc_wake_up
                0x00000000        0x8 ./Sources/LIN_Stack/coreapi/lin_common_api.o
 .text.l_ifc_rx
                0x00000000        0x4 ./Sources/LIN_Stack/coreapi/lin_common_api.o
 .text.l_ifc_tx
                0x00000000        0x4 ./Sources/LIN_Stack/coreapi/lin_common_api.o
 .text.l_ifc_aux
                0x00000000        0x4 ./Sources/LIN_Stack/coreapi/lin_common_api.o
 .text.l_ifc_read_status
                0x00000000       0x20 ./Sources/LIN_Stack/coreapi/lin_common_api.o
 .text.l_sys_irq_disable
                0x00000000        0x8 ./Sources/LIN_Stack/coreapi/lin_common_api.o
 .text.l_sys_irq_restore
                0x00000000        0x8 ./Sources/LIN_Stack/coreapi/lin_common_api.o
 .bss.tmp_word_status.5056
                0x00000000        0x2 ./Sources/LIN_Stack/coreapi/lin_common_api.o
 .text          0x00000000        0x0 ./Sources/LIN_Stack/diagnostic/lin_diagnostic_service.o
 .data          0x00000000        0x0 ./Sources/LIN_Stack/diagnostic/lin_diagnostic_service.o
 .bss           0x00000000        0x0 ./Sources/LIN_Stack/diagnostic/lin_diagnostic_service.o
 .text.lin_diagservice_write_data_by_identifier
                0x00000000       0x2c ./Sources/LIN_Stack/diagnostic/lin_diagnostic_service.o
 .text.uds_calc_key
                0x00000000       0x78 ./Sources/LIN_Stack/diagnostic/lin_diagnostic_service.o
 .text          0x00000000        0x0 ./Sources/LIN_Stack/lowlevel/lin.o
 .data          0x00000000        0x0 ./Sources/LIN_Stack/lowlevel/lin.o
 .bss           0x00000000        0x0 ./Sources/LIN_Stack/lowlevel/lin.o
 .text.lin_lld_deinit
                0x00000000        0xc ./Sources/LIN_Stack/lowlevel/lin.o
 .text.lin_lld_get_status
                0x00000000        0xc ./Sources/LIN_Stack/lowlevel/lin.o
 .text.lin_lld_get_state
                0x00000000        0x8 ./Sources/LIN_Stack/lowlevel/lin.o
 .text.lin_lld_tx_wake_up
                0x00000000        0x8 ./Sources/LIN_Stack/lowlevel/lin.o
 .text.lin_lld_int_enable
                0x00000000        0x8 ./Sources/LIN_Stack/lowlevel/lin.o
 .text.lin_lld_int_disable
                0x00000000        0xc ./Sources/LIN_Stack/lowlevel/lin.o
 .text.lin_lld_mcu_reset
                0x00000000        0x4 ./Sources/LIN_Stack/lowlevel/lin.o
 .text.lin_lld_set_etf_collision_flag
                0x00000000        0xc ./Sources/LIN_Stack/lowlevel/lin.o
 .text.lin_lld_clear_etf_collision_flag
                0x00000000        0xc ./Sources/LIN_Stack/lowlevel/lin.o
 .bss.etf_collision_flag
                0x00000000        0x1 ./Sources/LIN_Stack/lowlevel/lin.o
 .text          0x00000000        0x0 ./Sources/LIN_Stack/transport/lin_lin21tl_api.o
 .data          0x00000000        0x0 ./Sources/LIN_Stack/transport/lin_lin21tl_api.o
 .bss           0x00000000        0x0 ./Sources/LIN_Stack/transport/lin_lin21tl_api.o
 .text.diag_get_flag
                0x00000000       0x14 ./Sources/LIN_Stack/transport/lin_lin21tl_api.o
 .text.diag_clear_flag
                0x00000000       0x14 ./Sources/LIN_Stack/transport/lin_lin21tl_api.o
 .debug_info    0x00000000       0xe5 ./Sources/LIN_Stack/transport/lin_lin21tl_api.o
 .debug_abbrev  0x00000000       0xa6 ./Sources/LIN_Stack/transport/lin_lin21tl_api.o
 .debug_loc     0x00000000       0x53 ./Sources/LIN_Stack/transport/lin_lin21tl_api.o
 .debug_aranges
                0x00000000       0x28 ./Sources/LIN_Stack/transport/lin_lin21tl_api.o
 .debug_macinfo
                0x00000000    0x23450 ./Sources/LIN_Stack/transport/lin_lin21tl_api.o
 .debug_line    0x00000000      0x325 ./Sources/LIN_Stack/transport/lin_lin21tl_api.o
 .debug_str     0x00000000      0x173 ./Sources/LIN_Stack/transport/lin_lin21tl_api.o
 .comment       0x00000000       0x7a ./Sources/LIN_Stack/transport/lin_lin21tl_api.o
 .ARM.attributes
                0x00000000       0x31 ./Sources/LIN_Stack/transport/lin_lin21tl_api.o
 .debug_frame   0x00000000       0x40 ./Sources/LIN_Stack/transport/lin_lin21tl_api.o
 .text          0x00000000        0x0 ./Sources/LIN_Stack/transport/lin_commontl_proto.o
 .data          0x00000000        0x0 ./Sources/LIN_Stack/transport/lin_commontl_proto.o
 .bss           0x00000000        0x0 ./Sources/LIN_Stack/transport/lin_commontl_proto.o
 .text.tl_put_raw
                0x00000000       0x9c ./Sources/LIN_Stack/transport/lin_commontl_proto.o
 .text          0x00000000        0x0 ./Sources/LIN_Stack/transport/lin_commontl_api.o
 .data          0x00000000        0x0 ./Sources/LIN_Stack/transport/lin_commontl_api.o
 .bss           0x00000000        0x0 ./Sources/LIN_Stack/transport/lin_commontl_api.o
 .text.ld_init  0x00000000       0xb4 ./Sources/LIN_Stack/transport/lin_commontl_api.o
 .text.ld_put_raw
                0x00000000       0x10 ./Sources/LIN_Stack/transport/lin_commontl_api.o
 .text.ld_get_raw
                0x00000000       0x10 ./Sources/LIN_Stack/transport/lin_commontl_api.o
 .text.ld_raw_tx_status
                0x00000000        0xc ./Sources/LIN_Stack/transport/lin_commontl_api.o
 .text.ld_raw_rx_status
                0x00000000        0xc ./Sources/LIN_Stack/transport/lin_commontl_api.o
 .text.ld_send_message
                0x00000000      0x2a8 ./Sources/LIN_Stack/transport/lin_commontl_api.o
 .text.ld_tx_status
                0x00000000        0xc ./Sources/LIN_Stack/transport/lin_commontl_api.o
 .text.ld_rx_status
                0x00000000        0xc ./Sources/LIN_Stack/transport/lin_commontl_api.o
 .text.ld_read_configuration
                0x00000000       0x60 ./Sources/LIN_Stack/transport/lin_commontl_api.o
 .text.ld_set_configuration
                0x00000000       0x5c ./Sources/LIN_Stack/transport/lin_commontl_api.o
 .text          0x00000000        0x0 ./Sources/driver/clock/clock.o
 .data          0x00000000        0x0 ./Sources/driver/clock/clock.o
 .bss           0x00000000        0x0 ./Sources/driver/clock/clock.o
 .text          0x00000000        0x0 ./Sources/driver/eeprom/eeprom.o
 .data          0x00000000        0x0 ./Sources/driver/eeprom/eeprom.o
 .bss           0x00000000        0x0 ./Sources/driver/eeprom/eeprom.o
 .text.FLASH_EraseSector
                0x00000000       0xa0 ./Sources/driver/eeprom/eeprom.o
 .text.FLASH_LaunchCMD
                0x00000000       0x2c ./Sources/driver/eeprom/eeprom.o
 .text.FLASH_Program1LongWord
                0x00000000       0x14 ./Sources/driver/eeprom/eeprom.o
 .text.EEPROM_EraseSector
                0x00000000       0x94 ./Sources/driver/eeprom/eeprom.o
 .text          0x00000000        0x0 ./Sources/driver/gpio/gpio.o
 .data          0x00000000        0x0 ./Sources/driver/gpio/gpio.o
 .bss           0x00000000        0x0 ./Sources/driver/gpio/gpio.o
 .text          0x00000000        0x0 ./Sources/lin_cfg/lin_cfg.o
 .data          0x00000000        0x0 ./Sources/lin_cfg/lin_cfg.o
 .bss           0x00000000        0x0 ./Sources/lin_cfg/lin_cfg.o
 .rodata.product_id
                0x00000000        0x8 ./Sources/lin_cfg/lin_cfg.o
 .rodata.lin_configuration_ROM
                0x00000000       0x10 ./Sources/lin_cfg/lin_cfg.o
 .rodata.lin_initial_NAD
                0x00000000        0x1 ./Sources/lin_cfg/lin_cfg.o
 .rodata.product_serial_num
                0x00000000        0x4 ./Sources/lin_cfg/lin_cfg.o
 .rodata.lin_virtual_ifc
                0x00000000        0x1 ./Sources/lin_cfg/lin_cfg.o
 .text          0x00000000        0x0 ./Sources/main.o
 .data          0x00000000        0x0 ./Sources/main.o
 .bss           0x00000000        0x0 ./Sources/main.o
 .text.boot_Var_init
                0x00000000       0x20 ./Sources/main.o
 .text.Flash_bootloader_protect
                0x00000000       0x28 ./Sources/main.o
 .bss.u16Err_1  0x00000000        0x2 ./Sources/main.o
 .text          0x00000000        0x0 D:/CW11.0/CW MCU v11.0/MCU/ARM_GCC_Support/ewl/lib/armv6-m\libc.a(exit.o)
 .data          0x00000000        0x0 D:/CW11.0/CW MCU v11.0/MCU/ARM_GCC_Support/ewl/lib/armv6-m\libc.a(exit.o)
 .bss           0x00000000        0x0 D:/CW11.0/CW MCU v11.0/MCU/ARM_GCC_Support/ewl/lib/armv6-m\libc.a(exit.o)
 .text          0x00000000        0x0 D:/CW11.0/CW MCU v11.0/MCU/ARM_GCC_Support/ewl/lib/armv6-m\libc.a(rand.o)
 .data          0x00000000        0x0 D:/CW11.0/CW MCU v11.0/MCU/ARM_GCC_Support/ewl/lib/armv6-m\libc.a(rand.o)
 .bss           0x00000000        0x0 D:/CW11.0/CW MCU v11.0/MCU/ARM_GCC_Support/ewl/lib/armv6-m\libc.a(rand.o)
 .text.srand    0x00000000        0xc D:/CW11.0/CW MCU v11.0/MCU/ARM_GCC_Support/ewl/lib/armv6-m\libc.a(rand.o)
 .text          0x00000000        0x0 D:/CW11.0/CW MCU v11.0/MCU/ARM_GCC_Support/ewl/lib/armv6-m\libc.a(memset.o)
 .data          0x00000000        0x0 D:/CW11.0/CW MCU v11.0/MCU/ARM_GCC_Support/ewl/lib/armv6-m\libc.a(memset.o)
 .bss           0x00000000        0x0 D:/CW11.0/CW MCU v11.0/MCU/ARM_GCC_Support/ewl/lib/armv6-m\libc.a(memset.o)
 .text          0x00000000        0x0 D:/CW11.0/CW MCU v11.0/MCU/ARM_GCC_Support/ewl/lib/armv6-m\libc.a(__filll_mem.o)
 .data          0x00000000        0x0 D:/CW11.0/CW MCU v11.0/MCU/ARM_GCC_Support/ewl/lib/armv6-m\libc.a(__filll_mem.o)
 .bss           0x00000000        0x0 D:/CW11.0/CW MCU v11.0/MCU/ARM_GCC_Support/ewl/lib/armv6-m\libc.a(__filll_mem.o)
 .data          0x00000000        0x0 d:/cw11.0/cw mcu v11.0/cross_tools/arm-none-eabi-gcc-4_7_3/bin/../lib/gcc/arm-none-eabi/4.7.3/armv6-m\libgcc.a(_udivsi3.o)
 .bss           0x00000000        0x0 d:/cw11.0/cw mcu v11.0/cross_tools/arm-none-eabi-gcc-4_7_3/bin/../lib/gcc/arm-none-eabi/4.7.3/armv6-m\libgcc.a(_udivsi3.o)
 .data          0x00000000        0x0 d:/cw11.0/cw mcu v11.0/cross_tools/arm-none-eabi-gcc-4_7_3/bin/../lib/gcc/arm-none-eabi/4.7.3/armv6-m\libgcc.a(_divsi3.o)
 .bss           0x00000000        0x0 d:/cw11.0/cw mcu v11.0/cross_tools/arm-none-eabi-gcc-4_7_3/bin/../lib/gcc/arm-none-eabi/4.7.3/armv6-m\libgcc.a(_divsi3.o)
 .data          0x00000000        0x0 d:/cw11.0/cw mcu v11.0/cross_tools/arm-none-eabi-gcc-4_7_3/bin/../lib/gcc/arm-none-eabi/4.7.3/armv6-m\libgcc.a(_dvmd_tls.o)
 .bss           0x00000000        0x0 d:/cw11.0/cw mcu v11.0/cross_tools/arm-none-eabi-gcc-4_7_3/bin/../lib/gcc/arm-none-eabi/4.7.3/armv6-m\libgcc.a(_dvmd_tls.o)
 .data          0x00000000        0x0 d:/cw11.0/cw mcu v11.0/cross_tools/arm-none-eabi-gcc-4_7_3/bin/../lib/gcc/arm-none-eabi/4.7.3/armv6-m\libgcc.a(_fixunsdfsi.o)
 .bss           0x00000000        0x0 d:/cw11.0/cw mcu v11.0/cross_tools/arm-none-eabi-gcc-4_7_3/bin/../lib/gcc/arm-none-eabi/4.7.3/armv6-m\libgcc.a(_fixunsdfsi.o)
 .data          0x00000000        0x0 d:/cw11.0/cw mcu v11.0/cross_tools/arm-none-eabi-gcc-4_7_3/bin/../lib/gcc/arm-none-eabi/4.7.3/armv6-m\libgcc.a(adddf3.o)
 .bss           0x00000000        0x0 d:/cw11.0/cw mcu v11.0/cross_tools/arm-none-eabi-gcc-4_7_3/bin/../lib/gcc/arm-none-eabi/4.7.3/armv6-m\libgcc.a(adddf3.o)
 .data          0x00000000        0x0 d:/cw11.0/cw mcu v11.0/cross_tools/arm-none-eabi-gcc-4_7_3/bin/../lib/gcc/arm-none-eabi/4.7.3/armv6-m\libgcc.a(subdf3.o)
 .bss           0x00000000        0x0 d:/cw11.0/cw mcu v11.0/cross_tools/arm-none-eabi-gcc-4_7_3/bin/../lib/gcc/arm-none-eabi/4.7.3/armv6-m\libgcc.a(subdf3.o)
 .data          0x00000000        0x0 d:/cw11.0/cw mcu v11.0/cross_tools/arm-none-eabi-gcc-4_7_3/bin/../lib/gcc/arm-none-eabi/4.7.3/armv6-m\libgcc.a(fixdfsi.o)
 .bss           0x00000000        0x0 d:/cw11.0/cw mcu v11.0/cross_tools/arm-none-eabi-gcc-4_7_3/bin/../lib/gcc/arm-none-eabi/4.7.3/armv6-m\libgcc.a(fixdfsi.o)
 .data          0x00000000        0x0 d:/cw11.0/cw mcu v11.0/cross_tools/arm-none-eabi-gcc-4_7_3/bin/../lib/gcc/arm-none-eabi/4.7.3/armv6-m\libgcc.a(floatunsidf.o)
 .bss           0x00000000        0x0 d:/cw11.0/cw mcu v11.0/cross_tools/arm-none-eabi-gcc-4_7_3/bin/../lib/gcc/arm-none-eabi/4.7.3/armv6-m\libgcc.a(floatunsidf.o)
 .data          0x00000000        0x0 d:/cw11.0/cw mcu v11.0/cross_tools/arm-none-eabi-gcc-4_7_3/bin/../lib/gcc/arm-none-eabi/4.7.3/armv6-m\libgcc.a(_arm_cmpdf2.o)
 .bss           0x00000000        0x0 d:/cw11.0/cw mcu v11.0/cross_tools/arm-none-eabi-gcc-4_7_3/bin/../lib/gcc/arm-none-eabi/4.7.3/armv6-m\libgcc.a(_arm_cmpdf2.o)
 .data          0x00000000        0x0 d:/cw11.0/cw mcu v11.0/cross_tools/arm-none-eabi-gcc-4_7_3/bin/../lib/gcc/arm-none-eabi/4.7.3/armv6-m\libgcc.a(_clzsi2.o)
 .bss           0x00000000        0x0 d:/cw11.0/cw mcu v11.0/cross_tools/arm-none-eabi-gcc-4_7_3/bin/../lib/gcc/arm-none-eabi/4.7.3/armv6-m\libgcc.a(_clzsi2.o)
 .data          0x00000000        0x0 d:/cw11.0/cw mcu v11.0/cross_tools/arm-none-eabi-gcc-4_7_3/bin/../lib/gcc/arm-none-eabi/4.7.3/armv6-m\libgcc.a(eqdf2.o)
 .bss           0x00000000        0x0 d:/cw11.0/cw mcu v11.0/cross_tools/arm-none-eabi-gcc-4_7_3/bin/../lib/gcc/arm-none-eabi/4.7.3/armv6-m\libgcc.a(eqdf2.o)
 .data          0x00000000        0x0 d:/cw11.0/cw mcu v11.0/cross_tools/arm-none-eabi-gcc-4_7_3/bin/../lib/gcc/arm-none-eabi/4.7.3/armv6-m\libgcc.a(gedf2.o)
 .bss           0x00000000        0x0 d:/cw11.0/cw mcu v11.0/cross_tools/arm-none-eabi-gcc-4_7_3/bin/../lib/gcc/arm-none-eabi/4.7.3/armv6-m\libgcc.a(gedf2.o)
 .data          0x00000000        0x0 d:/cw11.0/cw mcu v11.0/cross_tools/arm-none-eabi-gcc-4_7_3/bin/../lib/gcc/arm-none-eabi/4.7.3/armv6-m\libgcc.a(ledf2.o)
 .bss           0x00000000        0x0 d:/cw11.0/cw mcu v11.0/cross_tools/arm-none-eabi-gcc-4_7_3/bin/../lib/gcc/arm-none-eabi/4.7.3/armv6-m\libgcc.a(ledf2.o)
 .text          0x00000000        0x0 D:/CW11.0/CW MCU v11.0/MCU/ARM_GCC_Support/ewl/lib/armv6-m\librt.a(gcc_ctor_dtor.o)
 .data          0x00000000        0x0 D:/CW11.0/CW MCU v11.0/MCU/ARM_GCC_Support/ewl/lib/armv6-m\librt.a(gcc_ctor_dtor.o)
 .bss           0x00000000        0x0 D:/CW11.0/CW MCU v11.0/MCU/ARM_GCC_Support/ewl/lib/armv6-m\librt.a(gcc_ctor_dtor.o)
 .bss.__dso_handle
                0x00000000        0x4 D:/CW11.0/CW MCU v11.0/MCU/ARM_GCC_Support/ewl/lib/armv6-m\librt.a(gcc_ctor_dtor.o)
 .text          0x00000000        0x0 D:/CW11.0/CW MCU v11.0/MCU/ARM_GCC_Support/ewl/lib/armv6-m\librt.a(__arm_eabi_init.o)
 .data          0x00000000        0x0 D:/CW11.0/CW MCU v11.0/MCU/ARM_GCC_Support/ewl/lib/armv6-m\librt.a(__arm_eabi_init.o)
 .bss           0x00000000        0x0 D:/CW11.0/CW MCU v11.0/MCU/ARM_GCC_Support/ewl/lib/armv6-m\librt.a(__arm_eabi_init.o)
 .text.__register_global_object
                0x00000000       0x14 D:/CW11.0/CW MCU v11.0/MCU/ARM_GCC_Support/ewl/lib/armv6-m\librt.a(__arm_eabi_init.o)
 .text.__cxa_atexit
                0x00000000       0x38 D:/CW11.0/CW MCU v11.0/MCU/ARM_GCC_Support/ewl/lib/armv6-m\librt.a(__arm_eabi_init.o)
 .text.__aeabi_atexit
                0x00000000        0xe D:/CW11.0/CW MCU v11.0/MCU/ARM_GCC_Support/ewl/lib/armv6-m\librt.a(__arm_eabi_init.o)
 .text.__register_atexit
                0x00000000        0xc D:/CW11.0/CW MCU v11.0/MCU/ARM_GCC_Support/ewl/lib/armv6-m\librt.a(__arm_eabi_init.o)
 .text.__init_hardware
                0x00000000        0x4 D:/CW11.0/CW MCU v11.0/MCU/ARM_GCC_Support/ewl/lib/armv6-m\librt.a(__arm_eabi_init.o)
 .bss.atexit_curr_func
                0x00000000        0x4 D:/CW11.0/CW MCU v11.0/MCU/ARM_GCC_Support/ewl/lib/armv6-m\librt.a(__arm_eabi_init.o)
 .bss.atexit_funcs
                0x00000000      0x300 D:/CW11.0/CW MCU v11.0/MCU/ARM_GCC_Support/ewl/lib/armv6-m\librt.a(__arm_eabi_init.o)
 .text          0x00000000        0x0 D:/CW11.0/CW MCU v11.0/MCU/ARM_GCC_Support/ewl/lib/armv6-m\librt.a(ROMCopy.o)
 .data          0x00000000        0x0 D:/CW11.0/CW MCU v11.0/MCU/ARM_GCC_Support/ewl/lib/armv6-m\librt.a(ROMCopy.o)
 .bss           0x00000000        0x0 D:/CW11.0/CW MCU v11.0/MCU/ARM_GCC_Support/ewl/lib/armv6-m\librt.a(ROMCopy.o)
 .text.__flush_cache
                0x00000000        0x2 D:/CW11.0/CW MCU v11.0/MCU/ARM_GCC_Support/ewl/lib/armv6-m\librt.a(ROMCopy.o)

Memory Configuration

Name             Origin             Length             Attributes
m_interrupts     0x00000000         0x000000c0         xr
m_cfmprotrom     0x00000400         0x00000010         xr
m_text           0x00000800         0x0000f800         xr
m_data           0x1ffffc00         0x00001000         xrw
*default*        0x00000000         0xffffffff

Linker script and memory map

LOAD ./Project_Settings/Startup_Code/kinetis_sysinit.o
LOAD ./Project_Settings/Startup_Code/__arm_start.o
LOAD ./Project_Settings/Startup_Code/__arm_end.o
LOAD ./Sources/LIN_Stack/bsp/UART/lin_lld_uart.o
LOAD ./Sources/LIN_Stack/bsp/UART/lin_lld_timesrv.o
LOAD ./Sources/LIN_Stack/bsp/UART/lin_isr.o
LOAD ./Sources/LIN_Stack/coreapi/lin_lin21_proto.o
LOAD ./Sources/LIN_Stack/coreapi/lin_lin21_api.o
LOAD ./Sources/LIN_Stack/coreapi/lin_common_proto.o
LOAD ./Sources/LIN_Stack/coreapi/lin_common_api.o
LOAD ./Sources/LIN_Stack/diagnostic/lin_diagnostic_service.o
LOAD ./Sources/LIN_Stack/lowlevel/lin.o
LOAD ./Sources/LIN_Stack/transport/lin_lin21tl_api.o
LOAD ./Sources/LIN_Stack/transport/lin_commontl_proto.o
LOAD ./Sources/LIN_Stack/transport/lin_commontl_api.o
LOAD ./Sources/driver/clock/clock.o
LOAD ./Sources/driver/eeprom/eeprom.o
LOAD ./Sources/driver/gpio/gpio.o
LOAD ./Sources/lin_cfg/lin_cfg.o
LOAD ./Sources/main.o
START GROUP
LOAD D:/CW11.0/CW MCU v11.0/MCU/ARM_GCC_Support/ewl/lib/armv6-m\libc.a
LOAD D:/CW11.0/CW MCU v11.0/MCU/ARM_GCC_Support/ewl/lib/armv6-m\libm.a
LOAD d:/cw11.0/cw mcu v11.0/cross_tools/arm-none-eabi-gcc-4_7_3/bin/../lib/gcc/arm-none-eabi/4.7.3/armv6-m\libgcc.a
LOAD D:/CW11.0/CW MCU v11.0/MCU/ARM_GCC_Support/ewl/lib/armv6-m\librt.a
END GROUP
                0x20000c00                _estack = 0x20000c00
                0x20000c00                __SP_INIT = _estack
                0x00000100                __heap_size = 0x100
                0x00000100                __stack_size = 0x100

.interrupts     0x00000000       0xc0
                0x00000000                __vector_table = .
                0x00000000                . = ALIGN (0x4)
 *(.vectortable)
 .vectortable   0x00000000       0xc0 ./Project_Settings/Startup_Code/kinetis_sysinit.o
                0x00000000                InterruptVector
                0x000000c0                . = ALIGN (0x4)

.cfmprotect     0x00000400        0x0
                0x00000400                . = ALIGN (0x4)
 *(.cfmconfig)
                0x00000400                . = ALIGN (0x4)

.text           0x00000800     0x4538
                0x00000800                . = ALIGN (0x4)
 *(.text)
 .text          0x00000800       0x9c d:/cw11.0/cw mcu v11.0/cross_tools/arm-none-eabi-gcc-4_7_3/bin/../lib/gcc/arm-none-eabi/4.7.3/armv6-m\libgcc.a(_udivsi3.o)
                0x00000800                __aeabi_uidiv
                0x00000800                __udivsi3
                0x00000888                __aeabi_uidivmod
 .text          0x0000089c       0xc0 d:/cw11.0/cw mcu v11.0/cross_tools/arm-none-eabi-gcc-4_7_3/bin/../lib/gcc/arm-none-eabi/4.7.3/armv6-m\libgcc.a(_divsi3.o)
                0x0000089c                __divsi3
                0x0000089c                __aeabi_idiv
                0x00000948                __aeabi_idivmod
 .text          0x0000095c        0x4 d:/cw11.0/cw mcu v11.0/cross_tools/arm-none-eabi-gcc-4_7_3/bin/../lib/gcc/arm-none-eabi/4.7.3/armv6-m\libgcc.a(_dvmd_tls.o)
                0x0000095c                __aeabi_idiv0
                0x0000095c                __aeabi_ldiv0
 .text          0x00000960       0x40 d:/cw11.0/cw mcu v11.0/cross_tools/arm-none-eabi-gcc-4_7_3/bin/../lib/gcc/arm-none-eabi/4.7.3/armv6-m\libgcc.a(_fixunsdfsi.o)
                0x00000960                __aeabi_d2uiz
                0x00000960                __fixunsdfsi
 .text          0x000009a0      0x758 d:/cw11.0/cw mcu v11.0/cross_tools/arm-none-eabi-gcc-4_7_3/bin/../lib/gcc/arm-none-eabi/4.7.3/armv6-m\libgcc.a(adddf3.o)
                0x000009a0                __aeabi_dadd
 .text          0x000010f8      0x6f8 d:/cw11.0/cw mcu v11.0/cross_tools/arm-none-eabi-gcc-4_7_3/bin/../lib/gcc/arm-none-eabi/4.7.3/armv6-m\libgcc.a(subdf3.o)
                0x000010f8                __aeabi_dsub
 .text          0x000017f0       0x68 d:/cw11.0/cw mcu v11.0/cross_tools/arm-none-eabi-gcc-4_7_3/bin/../lib/gcc/arm-none-eabi/4.7.3/armv6-m\libgcc.a(fixdfsi.o)
                0x000017f0                __aeabi_d2iz
 .text          0x00001858       0x64 d:/cw11.0/cw mcu v11.0/cross_tools/arm-none-eabi-gcc-4_7_3/bin/../lib/gcc/arm-none-eabi/4.7.3/armv6-m\libgcc.a(floatunsidf.o)
                0x00001858                __aeabi_ui2d
 .text          0x000018bc       0x7c d:/cw11.0/cw mcu v11.0/cross_tools/arm-none-eabi-gcc-4_7_3/bin/../lib/gcc/arm-none-eabi/4.7.3/armv6-m\libgcc.a(_arm_cmpdf2.o)
                0x000018bc                __aeabi_cdrcmple
                0x000018cc                __aeabi_cdcmple
                0x000018cc                __aeabi_cdcmpeq
                0x000018dc                __aeabi_dcmpeq
                0x000018e8                __aeabi_dcmplt
                0x000018fc                __aeabi_dcmple
                0x00001910                __aeabi_dcmpgt
                0x00001924                __aeabi_dcmpge
 .text          0x00001938       0x3c d:/cw11.0/cw mcu v11.0/cross_tools/arm-none-eabi-gcc-4_7_3/bin/../lib/gcc/arm-none-eabi/4.7.3/armv6-m\libgcc.a(_clzsi2.o)
                0x00001938                __clzsi2
 .text          0x00001974       0x7c d:/cw11.0/cw mcu v11.0/cross_tools/arm-none-eabi-gcc-4_7_3/bin/../lib/gcc/arm-none-eabi/4.7.3/armv6-m\libgcc.a(eqdf2.o)
                0x00001974                __nedf2
                0x00001974                __eqdf2
 .text          0x000019f0       0xe8 d:/cw11.0/cw mcu v11.0/cross_tools/arm-none-eabi-gcc-4_7_3/bin/../lib/gcc/arm-none-eabi/4.7.3/armv6-m\libgcc.a(gedf2.o)
                0x000019f0                __gedf2
                0x000019f0                __gtdf2
 .text          0x00001ad8       0xd8 d:/cw11.0/cw mcu v11.0/cross_tools/arm-none-eabi-gcc-4_7_3/bin/../lib/gcc/arm-none-eabi/4.7.3/armv6-m\libgcc.a(ledf2.o)
                0x00001ad8                __ledf2
                0x00001ad8                __ltdf2
 *(.text*)
 .text.Default_Handler
                0x00001bb0        0x4 ./Project_Settings/Startup_Code/kinetis_sysinit.o
                0x00001bb0                I2C0_IRQHandler
                0x00001bb0                HardFault_Handler
                0x00001bb0                SysTick_Handler
                0x00001bb0                PendSV_Handler
                0x00001bb0                NMI_Handler
                0x00001bb0                ADC0_IRQHandler
                0x00001bb0                WDG_IRQHandler
                0x00001bb0                SPI1_IRQHandler
                0x00001bb0                UART2_SCI2_IRQHandler
                0x00001bb0                RTC_IRQHandler
                0x00001bb0                IRQ_IRQHandler
                0x00001bb0                PIT_CH0_IRQHandler
                0x00001bb0                Default_Handler
                0x00001bb0                ACMP0_IRQHandler
                0x00001bb0                SVC_Handler
                0x00001bb0                ICS_IRQHandler
                0x00001bb0                PIT_CH1_IRQHandler
                0x00001bb0                FTMRH_IRQHandler
                0x00001bb0                KBI0_IRQHandler
                0x00001bb0                PMC_IRQHandler
                0x00001bb0                SPI0_IRQHandler
                0x00001bb0                FTM0_IRQHandler
                0x00001bb0                FTM2_IRQHandler
                0x00001bb0                ACMP1_IRQHandler
                0x00001bb0                KBI1_IRQHandler
                0x00001bb0                UART1_SCI1_IRQHandler
 .text.__init_hardware
                0x00001bb4       0x2c ./Project_Settings/Startup_Code/kinetis_sysinit.o
                0x00001bb4                __init_hardware
 .text.__thumb_startup
                0x00001be0       0x38 ./Project_Settings/Startup_Code/__arm_start.o
                0x00001be0                __thumb_startup
 .text._ExitProcess
                0x00001c18        0x4 ./Project_Settings/Startup_Code/__arm_end.o
                0x00001c18                _ExitProcess
 .text.lin_lld_uart_init
                0x00001c1c       0x94 ./Sources/LIN_Stack/bsp/UART/lin_lld_uart.o
                0x00001c1c                lin_lld_uart_init
 .text.lin_lld_uart_ignore_response
                0x00001cb0       0x38 ./Sources/LIN_Stack/bsp/UART/lin_lld_uart.o
                0x00001cb0                lin_lld_uart_ignore_response
 .text.lin_lld_uart_set_low_power_mode
                0x00001ce8        0xc ./Sources/LIN_Stack/bsp/UART/lin_lld_uart.o
                0x00001ce8                lin_lld_uart_set_low_power_mode
 .text.lin_lld_uart_rx_response
                0x00001cf4       0x28 ./Sources/LIN_Stack/bsp/UART/lin_lld_uart.o
                0x00001cf4                lin_lld_uart_rx_response
 .text.lin_lld_uart_tx_response
                0x00001d1c       0x40 ./Sources/LIN_Stack/bsp/UART/lin_lld_uart.o
                0x00001d1c                lin_lld_uart_tx_response
 .text.lin_lld_uart_timeout
                0x00001d5c      0x150 ./Sources/LIN_Stack/bsp/UART/lin_lld_uart.o
                0x00001d5c                lin_lld_uart_timeout
 .text.lin_lld_uart_rx_isr
                0x00001eac      0x378 ./Sources/LIN_Stack/bsp/UART/lin_lld_uart.o
                0x00001eac                lin_lld_uart_rx_isr
 .text.Strart_next_rx
                0x00002224       0x48 ./Sources/LIN_Stack/bsp/UART/lin_lld_uart.o
                0x00002224                Strart_next_rx
 .text.lin_lld_timer_K_init
                0x0000226c       0x54 ./Sources/LIN_Stack/bsp/UART/lin_lld_timesrv.o
                0x0000226c                lin_lld_timer_K_init
 .text.lin_lld_timer_isr
                0x000022c0        0x8 ./Sources/LIN_Stack/bsp/UART/lin_lld_timesrv.o
                0x000022c0                lin_lld_timer_isr
 .text.UART0_SCI0_IRQHandler
                0x000022c8        0x8 ./Sources/LIN_Stack/bsp/UART/lin_isr.o
                0x000022c8                UART0_SCI0_IRQHandler
 .text.FTM1_IRQHandler
                0x000022d0       0x40 ./Sources/LIN_Stack/bsp/UART/lin_isr.o
                0x000022d0                FTM1_IRQHandler
 .text.lin_update_word_status_lin21
                0x00002310       0x48 ./Sources/LIN_Stack/coreapi/lin_lin21_proto.o
                0x00002310                lin_update_word_status_lin21
 .text.lin_update_err_signal
                0x00002358       0x44 ./Sources/LIN_Stack/coreapi/lin_lin21_proto.o
                0x00002358                lin_update_err_signal
 .text.lin_make_res_evnt_frame
                0x0000239c       0x1c ./Sources/LIN_Stack/coreapi/lin_lin21_proto.o
                0x0000239c                lin_make_res_evnt_frame
 .text.lin_process_pid
                0x000023b8      0x168 ./Sources/LIN_Stack/coreapi/lin_common_proto.o
                0x000023b8                lin_process_pid
 .text.lin_update_rx
                0x00002520       0xd8 ./Sources/LIN_Stack/coreapi/lin_common_proto.o
                0x00002520                lin_update_rx
 .text.lin_update_tx
                0x000025f8      0x180 ./Sources/LIN_Stack/coreapi/lin_common_proto.o
                0x000025f8                lin_update_tx
 .text.lin_handle_error
                0x00002778       0xd0 ./Sources/LIN_Stack/coreapi/lin_common_proto.o
                0x00002778                lin_handle_error
 .text.lin_bus_activity_timeout
                0x00002848        0xc ./Sources/LIN_Stack/coreapi/lin_common_proto.o
                0x00002848                lin_bus_activity_timeout
 .text.lin_process_uncd_frame
                0x00002854       0x90 ./Sources/LIN_Stack/coreapi/lin_common_proto.o
                0x00002854                lin_process_uncd_frame
 .text.l_sys_init
                0x000028e4        0xc ./Sources/LIN_Stack/coreapi/lin_common_api.o
                0x000028e4                l_sys_init
 .text.l_ifc_init
                0x000028f0        0x8 ./Sources/LIN_Stack/coreapi/lin_common_api.o
                0x000028f0                l_ifc_init
 .text.boot_APP_check
                0x000028f8       0x6c ./Sources/LIN_Stack/diagnostic/lin_diagnostic_service.o
                0x000028f8                boot_APP_check
 .text.boot_up_check
                0x00002964       0x54 ./Sources/LIN_Stack/diagnostic/lin_diagnostic_service.o
                0x00002964                boot_up_check
 .text.lin_diagservice_session_control
                0x000029b8      0x158 ./Sources/LIN_Stack/diagnostic/lin_diagnostic_service.o
                0x000029b8                lin_diagservice_session_control
 .text.lin_diagservice_read_data_by_identifier
                0x00002b10       0x50 ./Sources/LIN_Stack/diagnostic/lin_diagnostic_service.o
                0x00002b10                lin_diagservice_read_data_by_identifier
 .text.lin_diagservice_service_securityaccess
                0x00002b60      0x118 ./Sources/LIN_Stack/diagnostic/lin_diagnostic_service.o
                0x00002b60                lin_diagservice_service_securityaccess
 .text.lin_diagservice_request_download
                0x00002c78       0x94 ./Sources/LIN_Stack/diagnostic/lin_diagnostic_service.o
                0x00002c78                lin_diagservice_request_download
 .text.lin_diagservice_transfer_data
                0x00002d0c      0x264 ./Sources/LIN_Stack/diagnostic/lin_diagnostic_service.o
                0x00002d0c                lin_diagservice_transfer_data
 .text.lin_diagservice_service_trigger_check
                0x00002f70       0x6c ./Sources/LIN_Stack/diagnostic/lin_diagnostic_service.o
                0x00002f70                lin_diagservice_service_trigger_check
 .text.lin_diagservice_exit_transfer
                0x00002fdc       0x88 ./Sources/LIN_Stack/diagnostic/lin_diagnostic_service.o
                0x00002fdc                lin_diagservice_exit_transfer
 .text.lin_lld_init
                0x00003064        0xc ./Sources/LIN_Stack/lowlevel/lin.o
                0x00003064                lin_lld_init
 .text.lin_lld_ignore_response
                0x00003070        0x8 ./Sources/LIN_Stack/lowlevel/lin.o
                0x00003070                lin_lld_ignore_response
 .text.lin_lld_set_low_power_mode
                0x00003078        0x8 ./Sources/LIN_Stack/lowlevel/lin.o
                0x00003078                lin_lld_set_low_power_mode
 .text.lin_lld_set_response
                0x00003080       0x1c ./Sources/LIN_Stack/lowlevel/lin.o
                0x00003080                lin_lld_set_response
 .text.lin_lld_rx_response
                0x0000309c        0xc ./Sources/LIN_Stack/lowlevel/lin.o
                0x0000309c                lin_lld_rx_response
 .text.lin_process_parity
                0x000030a8       0x54 ./Sources/LIN_Stack/lowlevel/lin.o
                0x000030a8                lin_process_parity
 .text.lin_checksum
                0x000030fc       0x8c ./Sources/LIN_Stack/lowlevel/lin.o
                0x000030fc                lin_checksum
 .text.lin_lld_timer_init
                0x00003188        0x8 ./Sources/LIN_Stack/lowlevel/lin.o
                0x00003188                lin_lld_timer_init
 .text.lin_tl_make_slaveres_pdu
                0x00003190      0x190 ./Sources/LIN_Stack/transport/lin_commontl_proto.o
                0x00003190                lin_tl_make_slaveres_pdu
 .text.lin_tl_get_pdu
                0x00003320       0xc0 ./Sources/LIN_Stack/transport/lin_commontl_proto.o
                0x00003320                lin_tl_get_pdu
 .text.lin_tl_attach_service
                0x000033e0      0x194 ./Sources/LIN_Stack/transport/lin_commontl_proto.o
                0x000033e0                lin_tl_attach_service
 .text.lin_tl_handler
                0x00003574      0x37c ./Sources/LIN_Stack/transport/lin_commontl_proto.o
                0x00003574                lin_tl_handler
 .text.tl_get_raw
                0x000038f0       0xa4 ./Sources/LIN_Stack/transport/lin_commontl_proto.o
                0x000038f0                tl_get_raw
 .text.ld_receive_message
                0x00003994      0x274 ./Sources/LIN_Stack/transport/lin_commontl_api.o
                0x00003994                ld_receive_message
 .text.Clk_Init
                0x00003c08       0x54 ./Sources/driver/clock/clock.o
                0x00003c08                Clk_Init
 .text.FLASH_Program1LongWord.part.1
                0x00003c5c       0xb0 ./Sources/driver/eeprom/eeprom.o
 .text.WDOG_Feed
                0x00003d0c       0x1c ./Sources/driver/eeprom/eeprom.o
                0x00003d0c                WDOG_Feed
 .text.FLASH_Init
                0x00003d28       0x68 ./Sources/driver/eeprom/eeprom.o
                0x00003d28                FLASH_Init
 .text.FLASH_Program2LongWords
                0x00003d90       0xd8 ./Sources/driver/eeprom/eeprom.o
                0x00003d90                FLASH_Program2LongWords
 .text.FLASH_Program
                0x00003e68      0x10c ./Sources/driver/eeprom/eeprom.o
                0x00003e68                FLASH_Program
 .text.EEPROM_ProgramWord
                0x00003f74       0xa4 ./Sources/driver/eeprom/eeprom.o
                0x00003f74                EEPROM_ProgramWord
 .text.write_data_from_EEPROM
                0x00004018      0x73c ./Sources/driver/eeprom/eeprom.o
                0x00004018                write_data_from_EEPROM
 .text.read_data_from_EEPROM
                0x00004754       0xf0 ./Sources/driver/eeprom/eeprom.o
                0x00004754                read_data_from_EEPROM
 .text.GPIO_Init
                0x00004844       0x28 ./Sources/driver/gpio/gpio.o
                0x00004844                GPIO_Init
 .text.Lin_Sys_Init
                0x0000486c       0x28 ./Sources/main.o
                0x0000486c                Lin_Sys_Init
 .text.boot_sysinit
                0x00004894       0x18 ./Sources/main.o
                0x00004894                boot_sysinit
 .text.boot_jump_to_APP
                0x000048ac       0x10 ./Sources/main.o
                0x000048ac                boot_jump_to_APP
 .text.startup.main
                0x000048bc       0x9c ./Sources/main.o
                0x000048bc                main
 .text.exit     0x00004958       0x38 D:/CW11.0/CW MCU v11.0/MCU/ARM_GCC_Support/ewl/lib/armv6-m\libc.a(exit.o)
                0x00004958                exit
 .text.rand     0x00004990       0x20 D:/CW11.0/CW MCU v11.0/MCU/ARM_GCC_Support/ewl/lib/armv6-m\libc.a(rand.o)
                0x00004990                rand
 .text.memset   0x000049b0        0xc D:/CW11.0/CW MCU v11.0/MCU/ARM_GCC_Support/ewl/lib/armv6-m\libc.a(memset.o)
                0x000049b0                memset
 .text.__fill_mem
                0x000049bc       0x7e D:/CW11.0/CW MCU v11.0/MCU/ARM_GCC_Support/ewl/lib/armv6-m\libc.a(__filll_mem.o)
                0x000049bc                __fill_mem
 *fill*         0x00004a3a        0x2 00
 .text.__init_cpp
                0x00004a3c       0x48 D:/CW11.0/CW MCU v11.0/MCU/ARM_GCC_Support/ewl/lib/armv6-m\librt.a(gcc_ctor_dtor.o)
                0x00004a3c                __init_cpp
 .text.__fini_cpp
                0x00004a84       0x34 D:/CW11.0/CW MCU v11.0/MCU/ARM_GCC_Support/ewl/lib/armv6-m\librt.a(gcc_ctor_dtor.o)
                0x00004a84                __fini_cpp
 .text.__destroy_global_chain
                0x00004ab8       0x1c D:/CW11.0/CW MCU v11.0/MCU/ARM_GCC_Support/ewl/lib/armv6-m\librt.a(__arm_eabi_init.o)
                0x00004ab8                __destroy_global_chain
 .text.__init_registers
                0x00004ad4       0x1c D:/CW11.0/CW MCU v11.0/MCU/ARM_GCC_Support/ewl/lib/armv6-m\librt.a(__arm_eabi_init.o)
                0x00004ad4                __init_registers
 .text.__init_user
                0x00004af0        0x4 D:/CW11.0/CW MCU v11.0/MCU/ARM_GCC_Support/ewl/lib/armv6-m\librt.a(__arm_eabi_init.o)
                0x00004af0                __init_user
 .text.__copy_rom_section
                0x00004af4       0x48 D:/CW11.0/CW MCU v11.0/MCU/ARM_GCC_Support/ewl/lib/armv6-m\librt.a(ROMCopy.o)
                0x00004af4                __copy_rom_section
 .text.__copy_rom_sections_to_ram
                0x00004b3c       0x34 D:/CW11.0/CW MCU v11.0/MCU/ARM_GCC_Support/ewl/lib/armv6-m\librt.a(ROMCopy.o)
                0x00004b3c                __copy_rom_sections_to_ram
 *(.rodata)
 *(.rodata*)
 .rodata.lin_lld_uart_rx_isr
                0x00004b70       0x20 ./Sources/LIN_Stack/bsp/UART/lin_lld_uart.o
 .rodata.lin_tl_make_slaveres_pdu
                0x00004b90       0xa0 ./Sources/LIN_Stack/transport/lin_commontl_proto.o
 .rodata.lin_tl_attach_service
                0x00004c30       0xa0 ./Sources/LIN_Stack/transport/lin_commontl_proto.o
 .rodata.response_error_byte_offset
                0x00004cd0        0x1 ./Sources/lin_cfg/lin_cfg.o
                0x00004cd0                response_error_byte_offset
 .rodata.response_error_bit_offset
                0x00004cd1        0x1 ./Sources/lin_cfg/lin_cfg.o
                0x00004cd1                response_error_bit_offset
 .rodata.LI0_response_error_signal
                0x00004cd2        0x1 ./Sources/lin_cfg/lin_cfg.o
                0x00004cd2                LI0_response_error_signal
 *fill*         0x00004cd3        0x1 00
 .rodata.lin_max_frame_res_timeout_val
                0x00004cd4       0x10 ./Sources/lin_cfg/lin_cfg.o
                0x00004cd4                lin_max_frame_res_timeout_val
 .rodata.lin_frame_tbl
                0x00004ce4       0x48 ./Sources/lin_cfg/lin_cfg.o
                0x00004ce4                lin_frame_tbl
 .rodata.lin_diag_services_supported
                0x00004d2c        0x8 ./Sources/lin_cfg/lin_cfg.o
                0x00004d2c                lin_diag_services_supported
 .rodata.response_error
                0x00004d34        0x1 ./Sources/lin_cfg/lin_cfg.o
                0x00004d34                response_error
 *(.glue_7)
 .glue_7        0x00000000        0x0 linker stubs
 *(.glue_7t)
 .glue_7t       0x00000000        0x0 linker stubs
 *(.eh_frame)
 *(.init)
 *(.fini)
                0x00004d38                . = ALIGN (0x4)
 *fill*         0x00004d35        0x3 00
                0x00004d38                _etext = .

.vfp11_veneer   0x00004d38        0x0
 .vfp11_veneer  0x00000000        0x0 linker stubs

.v4_bx          0x00004d38        0x0
 .v4_bx         0x00000000        0x0 linker stubs

.iplt           0x00004d38        0x0
 .iplt          0x00000000        0x0 ./Project_Settings/Startup_Code/kinetis_sysinit.o

.rel.dyn        0x00004d38        0x0
 .rel.iplt      0x00000000        0x0 ./Project_Settings/Startup_Code/kinetis_sysinit.o

.ARM.extab
 *(.ARM.extab* .gnu.linkonce.armextab.*)

.ARM            0x00004d38        0x0
                0x00004d38                __exidx_start = .
 *(.ARM.exidx*)
                0x00004d38                __exidx_end = .

.ctors          0x00004d38        0x0
                0x00004d38                __CTOR_LIST__ = .
 *crtbegin.o(.ctors)
 *(EXCLUDE_FILE(*crtend.o) .ctors)
 *(SORT(.ctors.*))
 *(.ctors)
                0x00004d38                __CTOR_END__ = .

.dtors          0x00004d38        0x0
                0x00004d38                __DTOR_LIST__ = .
 *crtbegin.o(.dtors)
 *(EXCLUDE_FILE(*crtend.o) .dtors)
 *(SORT(.dtors.*))
 *(.dtors)
                0x00004d38                __DTOR_END__ = .

.preinit_array  0x00004d38        0x0
                0x00004d38                PROVIDE (__preinit_array_start, .)
 *(.preinit_array*)
                0x00004d38                PROVIDE (__preinit_array_end, .)

.init_array     0x00004d38        0x0
                0x00004d38                PROVIDE (__init_array_start, .)
 *(SORT(.init_array.*))
 *(.init_array*)
                0x00004d38                PROVIDE (__init_array_end, .)

.fini_array     0x00004d38        0x0
                0x00004d38                PROVIDE (__fini_array_start, .)
 *(SORT(.fini_array.*))
 *(.fini_array*)
                0x00004d38                PROVIDE (__fini_array_end, .)
                0x00004d38                ___ROM_AT = .

.mtb            0x1ffffc00        0x0
                0x1ffffc00                . = ALIGN (0x8)
                0x1ffffc00                _mtb_start = .
 *(.mtb_buf)
                0x1ffffc00                . = ALIGN (0x8)
                0x1ffffc00                _mtb_end = .

.data           0x1ffffc00       0x50 load address 0x00004d38
                0x1ffffc00                . = ALIGN (0x4)
                0x1ffffc00                _sdata = .
 *(.data)
 *(.data*)
 .data.state    0x1ffffc00        0x1 ./Sources/LIN_Stack/bsp/UART/lin_lld_uart.o
 .data.ifc      0x1ffffc01        0x1 ./Sources/LIN_Stack/bsp/UART/lin_lld_uart.o
 .data.pid      0x1ffffc02        0x1 ./Sources/LIN_Stack/bsp/UART/lin_lld_uart.o
 *fill*         0x1ffffc03        0x1 00
 .data.APP_check_value
                0x1ffffc04        0x4 ./Sources/LIN_Stack/diagnostic/lin_diagnostic_service.o
                0x1ffffc04                APP_check_value
 .data.lin_tl_rx_queue
                0x1ffffc08       0x10 ./Sources/lin_cfg/lin_cfg.o
                0x1ffffc08                lin_tl_rx_queue
 .data.lin_configured_NAD
                0x1ffffc18        0x1 ./Sources/lin_cfg/lin_cfg.o
                0x1ffffc18                lin_configured_NAD
 *fill*         0x1ffffc19        0x3 00
 .data.lin_tl_tx_queue
                0x1ffffc1c       0x10 ./Sources/lin_cfg/lin_cfg.o
                0x1ffffc1c                lin_tl_tx_queue
 .data.tl_service_status
                0x1ffffc2c        0x1 ./Sources/lin_cfg/lin_cfg.o
                0x1ffffc2c                tl_service_status
 *fill*         0x1ffffc2d        0x3 00
 .data.lin_pFrameBuf
                0x1ffffc30       0x14 ./Sources/lin_cfg/lin_cfg.o
                0x1ffffc30                lin_pFrameBuf
 .data.lin_configuration_RAM
                0x1ffffc44        0x8 ./Sources/lin_cfg/lin_cfg.o
                0x1ffffc44                lin_configuration_RAM
 .data.random_next
                0x1ffffc4c        0x4 D:/CW11.0/CW MCU v11.0/MCU/ARM_GCC_Support/ewl/lib/armv6-m\libc.a(rand.o)
                0x1ffffc50                . = ALIGN (0x4)
                0x1ffffc50                _edata = .
                0x00000050                ___data_size = (_edata - _sdata)

.igot.plt       0x1ffffc50        0x0 load address 0x00004d88
 .igot.plt      0x00000000        0x0 ./Project_Settings/Startup_Code/kinetis_sysinit.o
                0x1ffffc50                . = ALIGN (0x4)

.bss            0x1ffffc50      0x1f4 load address 0x00004d88
                0x1ffffc50                __START_BSS = .
                0x1ffffc50                PROVIDE (__bss_start__, __START_BSS)
 *(.bss)
 *(.bss*)
 .bss.argv      0x1ffffc50        0x4 ./Project_Settings/Startup_Code/__arm_start.o
 .bss.l_status  0x1ffffc54        0x4 ./Sources/LIN_Stack/bsp/UART/lin_lld_uart.o
 .bss.idle_timeout_cnt
                0x1ffffc58        0x2 ./Sources/LIN_Stack/bsp/UART/lin_lld_uart.o
 .bss.res_frame_timeout_cnt
                0x1ffffc5a        0x2 ./Sources/LIN_Stack/bsp/UART/lin_lld_uart.o
 .bss.ptr       0x1ffffc5c        0x4 ./Sources/LIN_Stack/bsp/UART/lin_lld_uart.o
 .bss.response_buffer
                0x1ffffc60        0x4 ./Sources/LIN_Stack/bsp/UART/lin_lld_uart.o
 .bss.frame_timeout_cnt
                0x1ffffc64        0x2 ./Sources/LIN_Stack/bsp/UART/lin_lld_uart.o
 .bss.tbit      0x1ffffc66        0x2 ./Sources/LIN_Stack/bsp/UART/lin_lld_uart.o
 .bss.cnt_byte  0x1ffffc68        0x1 ./Sources/LIN_Stack/bsp/UART/lin_lld_uart.o
 .bss.current_id
                0x1ffffc69        0x1 ./Sources/LIN_Stack/bsp/UART/lin_lld_uart.o
 *fill*         0x1ffffc6a        0x2 00
 .bss.service_flash_read
                0x1ffffc6c       0x64 ./Sources/LIN_Stack/diagnostic/lin_diagnostic_service.o
                0x1ffffc6c                service_flash_read
 .bss.length.5178
                0x1ffffcd0        0x2 ./Sources/LIN_Stack/diagnostic/lin_diagnostic_service.o
 .bss.updata_length
                0x1ffffcd2        0x2 ./Sources/LIN_Stack/diagnostic/lin_diagnostic_service.o
                0x1ffffcd2                updata_length
 .bss.updata_flash_ID
                0x1ffffcd4        0x4 ./Sources/LIN_Stack/diagnostic/lin_diagnostic_service.o
                0x1ffffcd4                updata_flash_ID
 .bss.tl_diag_state
                0x1ffffcd8        0x1 ./Sources/lin_cfg/lin_cfg.o
                0x1ffffcd8                tl_diag_state
 *fill*         0x1ffffcd9        0x3 00
 .bss.lin_flag_handle_tbl
                0x1ffffcdc        0x8 ./Sources/lin_cfg/lin_cfg.o
                0x1ffffcdc                lin_flag_handle_tbl
 .bss.tl_slaveresp_cnt
                0x1ffffce4        0x1 ./Sources/lin_cfg/lin_cfg.o
                0x1ffffce4                tl_slaveresp_cnt
 .bss.lin_save_configuration_flg
                0x1ffffce5        0x1 ./Sources/lin_cfg/lin_cfg.o
                0x1ffffce5                lin_save_configuration_flg
 *fill*         0x1ffffce6        0x2 00
 .bss.lin_frame_flag_tbl
                0x1ffffce8        0x8 ./Sources/lin_cfg/lin_cfg.o
                0x1ffffce8                lin_frame_flag_tbl
 .bss.lin_diag_services_flag
                0x1ffffcf0        0x8 ./Sources/lin_cfg/lin_cfg.o
                0x1ffffcf0                lin_diag_services_flag
 .bss.__stdio_exit
                0x1ffffcf8        0x4 D:/CW11.0/CW MCU v11.0/MCU/ARM_GCC_Support/ewl/lib/armv6-m\libc.a(exit.o)
                0x1ffffcf8                __stdio_exit
 .bss.__console_exit
                0x1ffffcfc        0x4 D:/CW11.0/CW MCU v11.0/MCU/ARM_GCC_Support/ewl/lib/armv6-m\libc.a(exit.o)
                0x1ffffcfc                __console_exit
 .bss.__global_destructor_chain
                0x1ffffd00        0x4 D:/CW11.0/CW MCU v11.0/MCU/ARM_GCC_Support/ewl/lib/armv6-m\librt.a(__arm_eabi_init.o)
                0x1ffffd00                __global_destructor_chain
 .bss.__S_romp  0x1ffffd04        0xc D:/CW11.0/CW MCU v11.0/MCU/ARM_GCC_Support/ewl/lib/armv6-m\librt.a(ROMCopy.o)
 *(COMMON)
 COMMON         0x1ffffd10        0x2 ./Sources/LIN_Stack/coreapi/lin_common_proto.o
                0x1ffffd10                frame_signal_error
                0x1ffffd11                frame_index
 *fill*         0x1ffffd12        0x2 00
 COMMON         0x1ffffd14       0x80 ./Sources/LIN_Stack/diagnostic/lin_diagnostic_service.o
                0x1ffffd14                data_cn1
                0x1ffffd16                boot_flashdata_last_cn
                0x1ffffd18                diagnostic_Session
                0x1ffffd1c                boot_write_flash
                0x1ffffd80                data_cn2
                0x1ffffd84                boot_key
                0x1ffffd88                boot_seed
                0x1ffffd8c                diagnostic_Session_flg
                0x1ffffd8e                diagnostic_Session_timer
                0x1ffffd90                diagnostic_Session_pre
                0x1ffffd92                boot_flashdata_cn
 COMMON         0x1ffffd94       0xa6 ./Sources/lin_cfg/lin_cfg.o
                0x1ffffd94                tl_rx_msg_status
                0x1ffffd95                tl_ld_error_code
                0x1ffffd96                tl_receive_msg_status
                0x1ffffd98                tl_check_timeout
                0x1ffffd9c                tl_rx_queue_data
                0x1ffffdcc                tl_frame_counter
                0x1ffffdd0                tl_tx_queue_data
                0x1ffffe00                tl_tx_msg_size
                0x1ffffe02                tl_last_cfg_result
                0x1ffffe03                tl_tx_msg_status
                0x1ffffe04                tl_last_RSID
                0x1ffffe05                lin_successful_transfer
                0x1ffffe06                tl_rx_msg_index
                0x1ffffe08                tl_no_of_pdu
                0x1ffffe0c                lin_diag_signal_tbl
                0x1ffffe1c                lin_goto_sleep_flg
                0x1ffffe1e                tl_rx_msg_size
                0x1ffffe20                lin_word_status
                0x1ffffe22                tl_tx_msg_index
                0x1ffffe24                tl_check_timeout_type
                0x1ffffe25                lin_current_pid
                0x1ffffe28                tl_ident_data
                0x1ffffe2c                lin_error_in_response
                0x1ffffe30                lin_lld_response_buffer
 *fill*         0x1ffffe3a        0x2 00
 COMMON         0x1ffffe3c        0x7 ./Sources/main.o
                0x1ffffe3c                boot_rx_ok_id
                0x1ffffe40                boot_up_ret
                0x1ffffe42                boot_status_flag
                0x1ffffe44                . = ALIGN (0x4)
 *fill*         0x1ffffe43        0x1 00
                0x1ffffe44                __END_BSS = .
                0x1ffffe44                PROVIDE (__bss_end__, __END_BSS)
                0x00004d88                _romp_at = (___ROM_AT + SIZEOF (.data))

.romp           0x1ffffe44       0x18 load address 0x00004d88
                0x00004d88                __S_romp = _romp_at
                0x1ffffe44        0x4 LONG 0x4d38 ___ROM_AT
                0x1ffffe48        0x4 LONG 0x1ffffc00 _sdata
                0x1ffffe4c        0x4 LONG 0x50 ___data_size
                0x1ffffe50        0x4 LONG 0x0
                0x1ffffe54        0x4 LONG 0x0
                0x1ffffe58        0x4 LONG 0x0

._user_heap_stack
                0x1ffffe5c      0x200 load address 0x00004da0
                0x1ffffe5c                . = ALIGN (0x4)
                0x1ffffe5c                PROVIDE (end, .)
                0x1ffffe5c                PROVIDE (_end, .)
                0x1ffffe5c                __heap_addr = .
                0x1fffff5c                . = (. + __heap_size)
 *fill*         0x1ffffe5c      0x100 00
                0x2000005c                . = (. + __stack_size)
 *fill*         0x1fffff5c      0x100 00
                0x2000005c                . = ALIGN (0x4)

.ARM.attributes
                0x00000000       0x31
 *(.ARM.attributes)
 .ARM.attributes
                0x00000000       0x31 ./Project_Settings/Startup_Code/kinetis_sysinit.o
 .ARM.attributes
                0x00000031       0x31 ./Project_Settings/Startup_Code/__arm_start.o
 .ARM.attributes
                0x00000062       0x31 ./Project_Settings/Startup_Code/__arm_end.o
 .ARM.attributes
                0x00000093       0x31 ./Sources/LIN_Stack/bsp/UART/lin_lld_uart.o
 .ARM.attributes
                0x000000c4       0x31 ./Sources/LIN_Stack/bsp/UART/lin_lld_timesrv.o
 .ARM.attributes
                0x000000f5       0x31 ./Sources/LIN_Stack/bsp/UART/lin_isr.o
 .ARM.attributes
                0x00000126       0x31 ./Sources/LIN_Stack/coreapi/lin_lin21_proto.o
 .ARM.attributes
                0x00000157       0x31 ./Sources/LIN_Stack/coreapi/lin_common_proto.o
 .ARM.attributes
                0x00000188       0x31 ./Sources/LIN_Stack/coreapi/lin_common_api.o
 .ARM.attributes
                0x000001b9       0x31 ./Sources/LIN_Stack/diagnostic/lin_diagnostic_service.o
 .ARM.attributes
                0x000001ea       0x31 ./Sources/LIN_Stack/lowlevel/lin.o
 .ARM.attributes
                0x0000021b       0x31 ./Sources/LIN_Stack/transport/lin_commontl_proto.o
 .ARM.attributes
                0x0000024c       0x31 ./Sources/LIN_Stack/transport/lin_commontl_api.o
 .ARM.attributes
                0x0000027d       0x31 ./Sources/driver/clock/clock.o
 .ARM.attributes
                0x000002ae       0x31 ./Sources/driver/eeprom/eeprom.o
 .ARM.attributes
                0x000002df       0x31 ./Sources/driver/gpio/gpio.o
 .ARM.attributes
                0x00000310       0x31 ./Sources/lin_cfg/lin_cfg.o
 .ARM.attributes
                0x00000341       0x31 ./Sources/main.o
 .ARM.attributes
                0x00000372       0x31 D:/CW11.0/CW MCU v11.0/MCU/ARM_GCC_Support/ewl/lib/armv6-m\libc.a(exit.o)
 .ARM.attributes
                0x000003a3       0x31 D:/CW11.0/CW MCU v11.0/MCU/ARM_GCC_Support/ewl/lib/armv6-m\libc.a(rand.o)
 .ARM.attributes
                0x000003d4       0x31 D:/CW11.0/CW MCU v11.0/MCU/ARM_GCC_Support/ewl/lib/armv6-m\libc.a(memset.o)
 .ARM.attributes
                0x00000405       0x31 D:/CW11.0/CW MCU v11.0/MCU/ARM_GCC_Support/ewl/lib/armv6-m\libc.a(__filll_mem.o)
 .ARM.attributes
                0x00000436       0x1e d:/cw11.0/cw mcu v11.0/cross_tools/arm-none-eabi-gcc-4_7_3/bin/../lib/gcc/arm-none-eabi/4.7.3/armv6-m\libgcc.a(_udivsi3.o)
 .ARM.attributes
                0x00000454       0x1e d:/cw11.0/cw mcu v11.0/cross_tools/arm-none-eabi-gcc-4_7_3/bin/../lib/gcc/arm-none-eabi/4.7.3/armv6-m\libgcc.a(_divsi3.o)
 .ARM.attributes
                0x00000472       0x1e d:/cw11.0/cw mcu v11.0/cross_tools/arm-none-eabi-gcc-4_7_3/bin/../lib/gcc/arm-none-eabi/4.7.3/armv6-m\libgcc.a(_dvmd_tls.o)
 .ARM.attributes
                0x00000490       0x2c d:/cw11.0/cw mcu v11.0/cross_tools/arm-none-eabi-gcc-4_7_3/bin/../lib/gcc/arm-none-eabi/4.7.3/armv6-m\libgcc.a(_fixunsdfsi.o)
 .ARM.attributes
                0x000004bc       0x2c d:/cw11.0/cw mcu v11.0/cross_tools/arm-none-eabi-gcc-4_7_3/bin/../lib/gcc/arm-none-eabi/4.7.3/armv6-m\libgcc.a(adddf3.o)
 .ARM.attributes
                0x000004e8       0x2c d:/cw11.0/cw mcu v11.0/cross_tools/arm-none-eabi-gcc-4_7_3/bin/../lib/gcc/arm-none-eabi/4.7.3/armv6-m\libgcc.a(subdf3.o)
 .ARM.attributes
                0x00000514       0x2c d:/cw11.0/cw mcu v11.0/cross_tools/arm-none-eabi-gcc-4_7_3/bin/../lib/gcc/arm-none-eabi/4.7.3/armv6-m\libgcc.a(fixdfsi.o)
 .ARM.attributes
                0x00000540       0x2c d:/cw11.0/cw mcu v11.0/cross_tools/arm-none-eabi-gcc-4_7_3/bin/../lib/gcc/arm-none-eabi/4.7.3/armv6-m\libgcc.a(floatunsidf.o)
 .ARM.attributes
                0x0000056c       0x1e d:/cw11.0/cw mcu v11.0/cross_tools/arm-none-eabi-gcc-4_7_3/bin/../lib/gcc/arm-none-eabi/4.7.3/armv6-m\libgcc.a(_arm_cmpdf2.o)
 .ARM.attributes
                0x0000058a       0x1e d:/cw11.0/cw mcu v11.0/cross_tools/arm-none-eabi-gcc-4_7_3/bin/../lib/gcc/arm-none-eabi/4.7.3/armv6-m\libgcc.a(_clzsi2.o)
 .ARM.attributes
                0x000005a8       0x2c d:/cw11.0/cw mcu v11.0/cross_tools/arm-none-eabi-gcc-4_7_3/bin/../lib/gcc/arm-none-eabi/4.7.3/armv6-m\libgcc.a(eqdf2.o)
 .ARM.attributes
                0x000005d4       0x2c d:/cw11.0/cw mcu v11.0/cross_tools/arm-none-eabi-gcc-4_7_3/bin/../lib/gcc/arm-none-eabi/4.7.3/armv6-m\libgcc.a(gedf2.o)
 .ARM.attributes
                0x00000600       0x2c d:/cw11.0/cw mcu v11.0/cross_tools/arm-none-eabi-gcc-4_7_3/bin/../lib/gcc/arm-none-eabi/4.7.3/armv6-m\libgcc.a(ledf2.o)
 .ARM.attributes
                0x0000062c       0x31 D:/CW11.0/CW MCU v11.0/MCU/ARM_GCC_Support/ewl/lib/armv6-m\librt.a(gcc_ctor_dtor.o)
 .ARM.attributes
                0x0000065d       0x31 D:/CW11.0/CW MCU v11.0/MCU/ARM_GCC_Support/ewl/lib/armv6-m\librt.a(__arm_eabi_init.o)
 .ARM.attributes
                0x0000068e       0x31 D:/CW11.0/CW MCU v11.0/MCU/ARM_GCC_Support/ewl/lib/armv6-m\librt.a(ROMCopy.o)
OUTPUT(RLS.elf elf32-littlearm)

.debug_info     0x00000000     0x6c56
 .debug_info    0x00000000      0x385 ./Project_Settings/Startup_Code/kinetis_sysinit.o
 .debug_info    0x00000385      0x148 ./Project_Settings/Startup_Code/__arm_start.o
 .debug_info    0x000004cd       0x53 ./Project_Settings/Startup_Code/__arm_end.o
 .debug_info    0x00000520      0xe6c ./Sources/LIN_Stack/bsp/UART/lin_lld_uart.o
 .debug_info    0x0000138c      0x54c ./Sources/LIN_Stack/bsp/UART/lin_lld_timesrv.o
 .debug_info    0x000018d8      0x2a0 ./Sources/LIN_Stack/bsp/UART/lin_isr.o
 .debug_info    0x00001b78      0x378 ./Sources/LIN_Stack/coreapi/lin_lin21_proto.o
 .debug_info    0x00001ef0      0x9e1 ./Sources/LIN_Stack/coreapi/lin_common_proto.o
 .debug_info    0x000028d1      0x337 ./Sources/LIN_Stack/coreapi/lin_common_api.o
 .debug_info    0x00002c08      0x67c ./Sources/LIN_Stack/diagnostic/lin_diagnostic_service.o
 .debug_info    0x00003284      0x363 ./Sources/LIN_Stack/lowlevel/lin.o
 .debug_info    0x000035e7      0x848 ./Sources/LIN_Stack/transport/lin_commontl_proto.o
 .debug_info    0x00003e2f      0x711 ./Sources/LIN_Stack/transport/lin_commontl_api.o
 .debug_info    0x00004540       0xf2 ./Sources/driver/clock/clock.o
 .debug_info    0x00004632      0xbef ./Sources/driver/eeprom/eeprom.o
 .debug_info    0x00005221      0x1a3 ./Sources/driver/gpio/gpio.o
 .debug_info    0x000053c4      0x99e ./Sources/lin_cfg/lin_cfg.o
 .debug_info    0x00005d62      0x55f ./Sources/main.o
 .debug_info    0x000062c1       0xe8 D:/CW11.0/CW MCU v11.0/MCU/ARM_GCC_Support/ewl/lib/armv6-m\libc.a(exit.o)
 .debug_info    0x000063a9      0x100 D:/CW11.0/CW MCU v11.0/MCU/ARM_GCC_Support/ewl/lib/armv6-m\libc.a(rand.o)
 .debug_info    0x000064a9       0xec D:/CW11.0/CW MCU v11.0/MCU/ARM_GCC_Support/ewl/lib/armv6-m\libc.a(memset.o)
 .debug_info    0x00006595      0x137 D:/CW11.0/CW MCU v11.0/MCU/ARM_GCC_Support/ewl/lib/armv6-m\libc.a(__filll_mem.o)
 .debug_info    0x000066cc      0x136 D:/CW11.0/CW MCU v11.0/MCU/ARM_GCC_Support/ewl/lib/armv6-m\librt.a(gcc_ctor_dtor.o)
 .debug_info    0x00006802      0x2b9 D:/CW11.0/CW MCU v11.0/MCU/ARM_GCC_Support/ewl/lib/armv6-m\librt.a(__arm_eabi_init.o)
 .debug_info    0x00006abb      0x19b D:/CW11.0/CW MCU v11.0/MCU/ARM_GCC_Support/ewl/lib/armv6-m\librt.a(ROMCopy.o)

.debug_abbrev   0x00000000     0x1e75
 .debug_abbrev  0x00000000      0x133 ./Project_Settings/Startup_Code/kinetis_sysinit.o
 .debug_abbrev  0x00000133       0xc2 ./Project_Settings/Startup_Code/__arm_start.o
 .debug_abbrev  0x000001f5       0x4c ./Project_Settings/Startup_Code/__arm_end.o
 .debug_abbrev  0x00000241      0x2fc ./Sources/LIN_Stack/bsp/UART/lin_lld_uart.o
 .debug_abbrev  0x0000053d      0x10c ./Sources/LIN_Stack/bsp/UART/lin_lld_timesrv.o
 .debug_abbrev  0x00000649       0xb1 ./Sources/LIN_Stack/bsp/UART/lin_isr.o
 .debug_abbrev  0x000006fa      0x11a ./Sources/LIN_Stack/coreapi/lin_lin21_proto.o
 .debug_abbrev  0x00000814      0x227 ./Sources/LIN_Stack/coreapi/lin_common_proto.o
 .debug_abbrev  0x00000a3b      0x158 ./Sources/LIN_Stack/coreapi/lin_common_api.o
 .debug_abbrev  0x00000b93      0x204 ./Sources/LIN_Stack/diagnostic/lin_diagnostic_service.o
 .debug_abbrev  0x00000d97      0x145 ./Sources/LIN_Stack/lowlevel/lin.o
 .debug_abbrev  0x00000edc      0x22c ./Sources/LIN_Stack/transport/lin_commontl_proto.o
 .debug_abbrev  0x00001108      0x218 ./Sources/LIN_Stack/transport/lin_commontl_api.o
 .debug_abbrev  0x00001320       0x85 ./Sources/driver/clock/clock.o
 .debug_abbrev  0x000013a5      0x27d ./Sources/driver/eeprom/eeprom.o
 .debug_abbrev  0x00001622       0x85 ./Sources/driver/gpio/gpio.o
 .debug_abbrev  0x000016a7       0xf2 ./Sources/lin_cfg/lin_cfg.o
 .debug_abbrev  0x00001799      0x18e ./Sources/main.o
 .debug_abbrev  0x00001927       0x7a D:/CW11.0/CW MCU v11.0/MCU/ARM_GCC_Support/ewl/lib/armv6-m\libc.a(exit.o)
 .debug_abbrev  0x000019a1       0x8e D:/CW11.0/CW MCU v11.0/MCU/ARM_GCC_Support/ewl/lib/armv6-m\libc.a(rand.o)
 .debug_abbrev  0x00001a2f       0x62 D:/CW11.0/CW MCU v11.0/MCU/ARM_GCC_Support/ewl/lib/armv6-m\libc.a(memset.o)
 .debug_abbrev  0x00001a91       0x78 D:/CW11.0/CW MCU v11.0/MCU/ARM_GCC_Support/ewl/lib/armv6-m\libc.a(__filll_mem.o)
 .debug_abbrev  0x00001b09       0x99 D:/CW11.0/CW MCU v11.0/MCU/ARM_GCC_Support/ewl/lib/armv6-m\librt.a(gcc_ctor_dtor.o)
 .debug_abbrev  0x00001ba2      0x1b3 D:/CW11.0/CW MCU v11.0/MCU/ARM_GCC_Support/ewl/lib/armv6-m\librt.a(__arm_eabi_init.o)
 .debug_abbrev  0x00001d55      0x120 D:/CW11.0/CW MCU v11.0/MCU/ARM_GCC_Support/ewl/lib/armv6-m\librt.a(ROMCopy.o)

.debug_aranges  0x00000000      0x668
 .debug_aranges
                0x00000000       0x28 ./Project_Settings/Startup_Code/kinetis_sysinit.o
 .debug_aranges
                0x00000028       0x28 ./Project_Settings/Startup_Code/__arm_start.o
 .debug_aranges
                0x00000050       0x20 ./Project_Settings/Startup_Code/__arm_end.o
 .debug_aranges
                0x00000070       0x90 ./Sources/LIN_Stack/bsp/UART/lin_lld_uart.o
 .debug_aranges
                0x00000100       0x28 ./Sources/LIN_Stack/bsp/UART/lin_lld_timesrv.o
 .debug_aranges
                0x00000128       0x28 ./Sources/LIN_Stack/bsp/UART/lin_isr.o
 .debug_aranges
                0x00000150       0x30 ./Sources/LIN_Stack/coreapi/lin_lin21_proto.o
 .debug_aranges
                0x00000180       0x68 ./Sources/LIN_Stack/coreapi/lin_common_proto.o
 .debug_aranges
                0x000001e8       0x68 ./Sources/LIN_Stack/coreapi/lin_common_api.o
 .debug_aranges
                0x00000250       0x70 ./Sources/LIN_Stack/diagnostic/lin_diagnostic_service.o
 .debug_aranges
                0x000002c0       0xa0 ./Sources/LIN_Stack/lowlevel/lin.o
 .debug_aranges
                0x00000360       0x48 ./Sources/LIN_Stack/transport/lin_commontl_proto.o
 .debug_aranges
                0x000003a8       0x70 ./Sources/LIN_Stack/transport/lin_commontl_api.o
 .debug_aranges
                0x00000418       0x20 ./Sources/driver/clock/clock.o
 .debug_aranges
                0x00000438       0x78 ./Sources/driver/eeprom/eeprom.o
 .debug_aranges
                0x000004b0       0x20 ./Sources/driver/gpio/gpio.o
 .debug_aranges
                0x000004d0       0x18 ./Sources/lin_cfg/lin_cfg.o
 .debug_aranges
                0x000004e8       0x48 ./Sources/main.o
 .debug_aranges
                0x00000530       0x20 D:/CW11.0/CW MCU v11.0/MCU/ARM_GCC_Support/ewl/lib/armv6-m\libc.a(exit.o)
 .debug_aranges
                0x00000550       0x28 D:/CW11.0/CW MCU v11.0/MCU/ARM_GCC_Support/ewl/lib/armv6-m\libc.a(rand.o)
 .debug_aranges
                0x00000578       0x20 D:/CW11.0/CW MCU v11.0/MCU/ARM_GCC_Support/ewl/lib/armv6-m\libc.a(memset.o)
 .debug_aranges
                0x00000598       0x20 D:/CW11.0/CW MCU v11.0/MCU/ARM_GCC_Support/ewl/lib/armv6-m\libc.a(__filll_mem.o)
 .debug_aranges
                0x000005b8       0x28 D:/CW11.0/CW MCU v11.0/MCU/ARM_GCC_Support/ewl/lib/armv6-m\librt.a(gcc_ctor_dtor.o)
 .debug_aranges
                0x000005e0       0x58 D:/CW11.0/CW MCU v11.0/MCU/ARM_GCC_Support/ewl/lib/armv6-m\librt.a(__arm_eabi_init.o)
 .debug_aranges
                0x00000638       0x30 D:/CW11.0/CW MCU v11.0/MCU/ARM_GCC_Support/ewl/lib/armv6-m\librt.a(ROMCopy.o)

.debug_macinfo  0x00000000   0x21b70f
 .debug_macinfo
                0x00000000    0x1a1a6 ./Project_Settings/Startup_Code/kinetis_sysinit.o
 .debug_macinfo
                0x0001a1a6     0x3e6c ./Project_Settings/Startup_Code/__arm_start.o
 .debug_macinfo
                0x0001e012     0x3455 ./Project_Settings/Startup_Code/__arm_end.o
 .debug_macinfo
                0x00021467    0x23ae6 ./Sources/LIN_Stack/bsp/UART/lin_lld_uart.o
 .debug_macinfo
                0x00044f4d    0x23557 ./Sources/LIN_Stack/bsp/UART/lin_lld_timesrv.o
 .debug_macinfo
                0x000684a4    0x23517 ./Sources/LIN_Stack/bsp/UART/lin_isr.o
 .debug_macinfo
                0x0008b9bb    0x23490 ./Sources/LIN_Stack/coreapi/lin_lin21_proto.o
 .debug_macinfo
                0x000aee4b    0x237a7 ./Sources/LIN_Stack/coreapi/lin_common_proto.o
 .debug_macinfo
                0x000d25f2    0x2347a ./Sources/LIN_Stack/coreapi/lin_common_api.o
 .debug_macinfo
                0x000f5a6c    0x23cbe ./Sources/LIN_Stack/diagnostic/lin_diagnostic_service.o
 .debug_macinfo
                0x0011972a    0x2351b ./Sources/LIN_Stack/lowlevel/lin.o
 .debug_macinfo
                0x0013cc45    0x23d48 ./Sources/LIN_Stack/transport/lin_commontl_proto.o
 .debug_macinfo
                0x0016098d    0x237a3 ./Sources/LIN_Stack/transport/lin_commontl_api.o
 .debug_macinfo
                0x00184130    0x1a1a6 ./Sources/driver/clock/clock.o
 .debug_macinfo
                0x0019e2d6    0x1a731 ./Sources/driver/eeprom/eeprom.o
 .debug_macinfo
                0x001b8a07    0x1a1e2 ./Sources/driver/gpio/gpio.o
 .debug_macinfo
                0x001d2be9    0x2343a ./Sources/lin_cfg/lin_cfg.o
 .debug_macinfo
                0x001f6023    0x256ec ./Sources/main.o

.debug_line     0x00000000     0x4e50
 .debug_line    0x00000000      0x207 ./Project_Settings/Startup_Code/kinetis_sysinit.o
 .debug_line    0x00000207      0x27d ./Project_Settings/Startup_Code/__arm_start.o
 .debug_line    0x00000484      0x259 ./Project_Settings/Startup_Code/__arm_end.o
 .debug_line    0x000006dd      0x6a3 ./Sources/LIN_Stack/bsp/UART/lin_lld_uart.o
 .debug_line    0x00000d80      0x365 ./Sources/LIN_Stack/bsp/UART/lin_lld_timesrv.o
 .debug_line    0x000010e5      0x301 ./Sources/LIN_Stack/bsp/UART/lin_isr.o
 .debug_line    0x000013e6      0x367 ./Sources/LIN_Stack/coreapi/lin_lin21_proto.o
 .debug_line    0x0000174d      0x5ca ./Sources/LIN_Stack/coreapi/lin_common_proto.o
 .debug_line    0x00001d17      0x3c3 ./Sources/LIN_Stack/coreapi/lin_common_api.o
 .debug_line    0x000020da      0x5cd ./Sources/LIN_Stack/diagnostic/lin_diagnostic_service.o
 .debug_line    0x000026a7      0x434 ./Sources/LIN_Stack/lowlevel/lin.o
 .debug_line    0x00002adb      0x651 ./Sources/LIN_Stack/transport/lin_commontl_proto.o
 .debug_line    0x0000312c      0x589 ./Sources/LIN_Stack/transport/lin_commontl_api.o
 .debug_line    0x000036b5      0x1d7 ./Sources/driver/clock/clock.o
 .debug_line    0x0000388c      0x732 ./Sources/driver/eeprom/eeprom.o
 .debug_line    0x00003fbe      0x1d0 ./Sources/driver/gpio/gpio.o
 .debug_line    0x0000418e      0x2b5 ./Sources/lin_cfg/lin_cfg.o
 .debug_line    0x00004443      0x527 ./Sources/main.o
 .debug_line    0x0000496a       0x8d D:/CW11.0/CW MCU v11.0/MCU/ARM_GCC_Support/ewl/lib/armv6-m\libc.a(exit.o)
 .debug_line    0x000049f7       0x93 D:/CW11.0/CW MCU v11.0/MCU/ARM_GCC_Support/ewl/lib/armv6-m\libc.a(rand.o)
 .debug_line    0x00004a8a       0x90 D:/CW11.0/CW MCU v11.0/MCU/ARM_GCC_Support/ewl/lib/armv6-m\libc.a(memset.o)
 .debug_line    0x00004b1a       0xf6 D:/CW11.0/CW MCU v11.0/MCU/ARM_GCC_Support/ewl/lib/armv6-m\libc.a(__filll_mem.o)
 .debug_line    0x00004c10       0x6c D:/CW11.0/CW MCU v11.0/MCU/ARM_GCC_Support/ewl/lib/armv6-m\librt.a(gcc_ctor_dtor.o)
 .debug_line    0x00004c7c      0x117 D:/CW11.0/CW MCU v11.0/MCU/ARM_GCC_Support/ewl/lib/armv6-m\librt.a(__arm_eabi_init.o)
 .debug_line    0x00004d93       0xbd D:/CW11.0/CW MCU v11.0/MCU/ARM_GCC_Support/ewl/lib/armv6-m\librt.a(ROMCopy.o)

.debug_str      0x00000000     0x27fc
 .debug_str     0x00000000      0x239 ./Project_Settings/Startup_Code/kinetis_sysinit.o
                                0x260 (size before relaxing)
 .debug_str     0x00000239       0x85 ./Project_Settings/Startup_Code/__arm_start.o
                                0x194 (size before relaxing)
 .debug_str     0x000002be       0x3a ./Project_Settings/Startup_Code/__arm_end.o
                                 0xcb (size before relaxing)
 .debug_str     0x000002f8      0x8d6 ./Sources/LIN_Stack/bsp/UART/lin_lld_uart.o
                                0xa3a (size before relaxing)
 .debug_str     0x00000bce      0x382 ./Sources/LIN_Stack/bsp/UART/lin_lld_timesrv.o
                                0x51e (size before relaxing)
 .debug_str     0x00000f50       0x4e ./Sources/LIN_Stack/bsp/UART/lin_isr.o
                                0x214 (size before relaxing)
 .debug_str     0x00000f9e      0x267 ./Sources/LIN_Stack/coreapi/lin_lin21_proto.o
                                0x3c0 (size before relaxing)
 .debug_str     0x00001205      0x4ab ./Sources/LIN_Stack/coreapi/lin_common_proto.o
                                0xa25 (size before relaxing)
 .debug_str     0x000016b0       0xc5 ./Sources/LIN_Stack/coreapi/lin_common_api.o
                                0x294 (size before relaxing)
 .debug_str     0x00001775      0x290 ./Sources/LIN_Stack/diagnostic/lin_diagnostic_service.o
                                0x4ce (size before relaxing)
 .debug_str     0x00001a05      0x225 ./Sources/LIN_Stack/lowlevel/lin.o
                                0x37f (size before relaxing)
 .debug_str     0x00001c2a      0x16f ./Sources/LIN_Stack/transport/lin_commontl_proto.o
                                0x736 (size before relaxing)
 .debug_str     0x00001d99      0x1ae ./Sources/LIN_Stack/transport/lin_commontl_api.o
                                0x6a1 (size before relaxing)
 .debug_str     0x00001f47       0x42 ./Sources/driver/clock/clock.o
                                0x147 (size before relaxing)
 .debug_str     0x00001f89      0x2a4 ./Sources/driver/eeprom/eeprom.o
                                0x42d (size before relaxing)
 .debug_str     0x0000222d       0x66 ./Sources/driver/gpio/gpio.o
                                0x1af (size before relaxing)
 .debug_str     0x00002293      0x131 ./Sources/lin_cfg/lin_cfg.o
                                0xb7e (size before relaxing)
 .debug_str     0x000023c4       0xc1 ./Sources/main.o
                                0x627 (size before relaxing)
 .debug_str     0x00002485       0x48 D:/CW11.0/CW MCU v11.0/MCU/ARM_GCC_Support/ewl/lib/armv6-m\libc.a(exit.o)
                                0x157 (size before relaxing)
 .debug_str     0x000024cd       0x2b D:/CW11.0/CW MCU v11.0/MCU/ARM_GCC_Support/ewl/lib/armv6-m\libc.a(rand.o)
                                0x152 (size before relaxing)
 .debug_str     0x000024f8       0x23 D:/CW11.0/CW MCU v11.0/MCU/ARM_GCC_Support/ewl/lib/armv6-m\libc.a(memset.o)
                                0x140 (size before relaxing)
 .debug_str     0x0000251b       0x2d D:/CW11.0/CW MCU v11.0/MCU/ARM_GCC_Support/ewl/lib/armv6-m\libc.a(__filll_mem.o)
                                0x152 (size before relaxing)
 .debug_str     0x00002548      0x126 D:/CW11.0/CW MCU v11.0/MCU/ARM_GCC_Support/ewl/lib/armv6-m\librt.a(gcc_ctor_dtor.o)
                                0x181 (size before relaxing)
 .debug_str     0x0000266e       0xf3 D:/CW11.0/CW MCU v11.0/MCU/ARM_GCC_Support/ewl/lib/armv6-m\librt.a(__arm_eabi_init.o)
                                0x1b5 (size before relaxing)
 .debug_str     0x00002761       0x9b D:/CW11.0/CW MCU v11.0/MCU/ARM_GCC_Support/ewl/lib/armv6-m\librt.a(ROMCopy.o)
                                0x13c (size before relaxing)

.comment        0x00000000       0x79
 .comment       0x00000000       0x79 ./Project_Settings/Startup_Code/kinetis_sysinit.o
                                 0x7a (size before relaxing)
 .comment       0x00000000       0x7a ./Project_Settings/Startup_Code/__arm_start.o
 .comment       0x00000000       0x7a ./Project_Settings/Startup_Code/__arm_end.o
 .comment       0x00000000       0x7a ./Sources/LIN_Stack/bsp/UART/lin_lld_uart.o
 .comment       0x00000000       0x7a ./Sources/LIN_Stack/bsp/UART/lin_lld_timesrv.o
 .comment       0x00000000       0x7a ./Sources/LIN_Stack/bsp/UART/lin_isr.o
 .comment       0x00000000       0x7a ./Sources/LIN_Stack/coreapi/lin_lin21_proto.o
 .comment       0x00000000       0x7a ./Sources/LIN_Stack/coreapi/lin_common_proto.o
 .comment       0x00000000       0x7a ./Sources/LIN_Stack/coreapi/lin_common_api.o
 .comment       0x00000000       0x7a ./Sources/LIN_Stack/diagnostic/lin_diagnostic_service.o
 .comment       0x00000000       0x7a ./Sources/LIN_Stack/lowlevel/lin.o
 .comment       0x00000000       0x7a ./Sources/LIN_Stack/transport/lin_commontl_proto.o
 .comment       0x00000000       0x7a ./Sources/LIN_Stack/transport/lin_commontl_api.o
 .comment       0x00000000       0x7a ./Sources/driver/clock/clock.o
 .comment       0x00000000       0x7a ./Sources/driver/eeprom/eeprom.o
 .comment       0x00000000       0x7a ./Sources/driver/gpio/gpio.o
 .comment       0x00000000       0x7a ./Sources/lin_cfg/lin_cfg.o
 .comment       0x00000000       0x7a ./Sources/main.o
 .comment       0x00000000       0x7a D:/CW11.0/CW MCU v11.0/MCU/ARM_GCC_Support/ewl/lib/armv6-m\libc.a(exit.o)
 .comment       0x00000000       0x7a D:/CW11.0/CW MCU v11.0/MCU/ARM_GCC_Support/ewl/lib/armv6-m\libc.a(rand.o)
 .comment       0x00000000       0x7a D:/CW11.0/CW MCU v11.0/MCU/ARM_GCC_Support/ewl/lib/armv6-m\libc.a(memset.o)
 .comment       0x00000000       0x7a D:/CW11.0/CW MCU v11.0/MCU/ARM_GCC_Support/ewl/lib/armv6-m\libc.a(__filll_mem.o)
 .comment       0x00000000       0x7a D:/CW11.0/CW MCU v11.0/MCU/ARM_GCC_Support/ewl/lib/armv6-m\librt.a(gcc_ctor_dtor.o)
 .comment       0x00000000       0x7a D:/CW11.0/CW MCU v11.0/MCU/ARM_GCC_Support/ewl/lib/armv6-m\librt.a(__arm_eabi_init.o)
 .comment       0x00000000       0x7a D:/CW11.0/CW MCU v11.0/MCU/ARM_GCC_Support/ewl/lib/armv6-m\librt.a(ROMCopy.o)

.debug_frame    0x00000000      0xfa0
 .debug_frame   0x00000000       0x30 ./Project_Settings/Startup_Code/kinetis_sysinit.o
 .debug_frame   0x00000030       0x30 ./Project_Settings/Startup_Code/__arm_start.o
 .debug_frame   0x00000060       0x28 ./Project_Settings/Startup_Code/__arm_end.o
 .debug_frame   0x00000088      0x150 ./Sources/LIN_Stack/bsp/UART/lin_lld_uart.o
 .debug_frame   0x000001d8       0x38 ./Sources/LIN_Stack/bsp/UART/lin_lld_timesrv.o
 .debug_frame   0x00000210       0x40 ./Sources/LIN_Stack/bsp/UART/lin_isr.o
 .debug_frame   0x00000250       0x58 ./Sources/LIN_Stack/coreapi/lin_lin21_proto.o
 .debug_frame   0x000002a8      0x12c ./Sources/LIN_Stack/coreapi/lin_common_proto.o
 .debug_frame   0x000003d4       0xd8 ./Sources/LIN_Stack/coreapi/lin_common_api.o
 .debug_frame   0x000004ac      0x158 ./Sources/LIN_Stack/diagnostic/lin_diagnostic_service.o
 .debug_frame   0x00000604      0x198 ./Sources/LIN_Stack/lowlevel/lin.o
 .debug_frame   0x0000079c       0xcc ./Sources/LIN_Stack/transport/lin_commontl_proto.o
 .debug_frame   0x00000868      0x120 ./Sources/LIN_Stack/transport/lin_commontl_api.o
 .debug_frame   0x00000988       0x28 ./Sources/driver/clock/clock.o
 .debug_frame   0x000009b0      0x154 ./Sources/driver/eeprom/eeprom.o
 .debug_frame   0x00000b04       0x20 ./Sources/driver/gpio/gpio.o
 .debug_frame   0x00000b24       0xa0 ./Sources/main.o
 .debug_frame   0x00000bc4       0x2c D:/CW11.0/CW MCU v11.0/MCU/ARM_GCC_Support/ewl/lib/armv6-m\libc.a(exit.o)
 .debug_frame   0x00000bf0       0x30 D:/CW11.0/CW MCU v11.0/MCU/ARM_GCC_Support/ewl/lib/armv6-m\libc.a(rand.o)
 .debug_frame   0x00000c20       0x28 D:/CW11.0/CW MCU v11.0/MCU/ARM_GCC_Support/ewl/lib/armv6-m\libc.a(memset.o)
 .debug_frame   0x00000c48       0x2c D:/CW11.0/CW MCU v11.0/MCU/ARM_GCC_Support/ewl/lib/armv6-m\libc.a(__filll_mem.o)
 .debug_frame   0x00000c74       0x20 d:/cw11.0/cw mcu v11.0/cross_tools/arm-none-eabi-gcc-4_7_3/bin/../lib/gcc/arm-none-eabi/4.7.3/armv6-m\libgcc.a(_udivsi3.o)
 .debug_frame   0x00000c94       0x20 d:/cw11.0/cw mcu v11.0/cross_tools/arm-none-eabi-gcc-4_7_3/bin/../lib/gcc/arm-none-eabi/4.7.3/armv6-m\libgcc.a(_divsi3.o)
 .debug_frame   0x00000cb4       0x2c d:/cw11.0/cw mcu v11.0/cross_tools/arm-none-eabi-gcc-4_7_3/bin/../lib/gcc/arm-none-eabi/4.7.3/armv6-m\libgcc.a(_fixunsdfsi.o)
 .debug_frame   0x00000ce0       0x3c d:/cw11.0/cw mcu v11.0/cross_tools/arm-none-eabi-gcc-4_7_3/bin/../lib/gcc/arm-none-eabi/4.7.3/armv6-m\libgcc.a(adddf3.o)
 .debug_frame   0x00000d1c       0x38 d:/cw11.0/cw mcu v11.0/cross_tools/arm-none-eabi-gcc-4_7_3/bin/../lib/gcc/arm-none-eabi/4.7.3/armv6-m\libgcc.a(subdf3.o)
 .debug_frame   0x00000d54       0x2c d:/cw11.0/cw mcu v11.0/cross_tools/arm-none-eabi-gcc-4_7_3/bin/../lib/gcc/arm-none-eabi/4.7.3/armv6-m\libgcc.a(fixdfsi.o)
 .debug_frame   0x00000d80       0x2c d:/cw11.0/cw mcu v11.0/cross_tools/arm-none-eabi-gcc-4_7_3/bin/../lib/gcc/arm-none-eabi/4.7.3/armv6-m\libgcc.a(floatunsidf.o)
 .debug_frame   0x00000dac       0x34 d:/cw11.0/cw mcu v11.0/cross_tools/arm-none-eabi-gcc-4_7_3/bin/../lib/gcc/arm-none-eabi/4.7.3/armv6-m\libgcc.a(eqdf2.o)
 .debug_frame   0x00000de0       0x38 d:/cw11.0/cw mcu v11.0/cross_tools/arm-none-eabi-gcc-4_7_3/bin/../lib/gcc/arm-none-eabi/4.7.3/armv6-m\libgcc.a(gedf2.o)
 .debug_frame   0x00000e18       0x38 d:/cw11.0/cw mcu v11.0/cross_tools/arm-none-eabi-gcc-4_7_3/bin/../lib/gcc/arm-none-eabi/4.7.3/armv6-m\libgcc.a(ledf2.o)
 .debug_frame   0x00000e50       0x40 D:/CW11.0/CW MCU v11.0/MCU/ARM_GCC_Support/ewl/lib/armv6-m\librt.a(gcc_ctor_dtor.o)
 .debug_frame   0x00000e90       0xbc D:/CW11.0/CW MCU v11.0/MCU/ARM_GCC_Support/ewl/lib/armv6-m\librt.a(__arm_eabi_init.o)
 .debug_frame   0x00000f4c       0x54 D:/CW11.0/CW MCU v11.0/MCU/ARM_GCC_Support/ewl/lib/armv6-m\librt.a(ROMCopy.o)

.debug_loc      0x00000000     0x3209
 .debug_loc     0x00000000       0x20 ./Project_Settings/Startup_Code/__arm_end.o
 .debug_loc     0x00000020      0x2d6 ./Sources/LIN_Stack/bsp/UART/lin_lld_uart.o
 .debug_loc     0x000002f6       0x20 ./Sources/LIN_Stack/bsp/UART/lin_lld_timesrv.o
 .debug_loc     0x00000316       0x40 ./Sources/LIN_Stack/bsp/UART/lin_isr.o
 .debug_loc     0x00000356       0x99 ./Sources/LIN_Stack/coreapi/lin_lin21_proto.o
 .debug_loc     0x000003ef      0x97b ./Sources/LIN_Stack/coreapi/lin_common_proto.o
 .debug_loc     0x00000d6a       0xff ./Sources/LIN_Stack/coreapi/lin_common_api.o
 .debug_loc     0x00000e69      0x4e8 ./Sources/LIN_Stack/diagnostic/lin_diagnostic_service.o
 .debug_loc     0x00001351      0x2d4 ./Sources/LIN_Stack/lowlevel/lin.o
 .debug_loc     0x00001625      0x549 ./Sources/LIN_Stack/transport/lin_commontl_proto.o
 .debug_loc     0x00001b6e      0x562 ./Sources/LIN_Stack/transport/lin_commontl_api.o
 .debug_loc     0x000020d0       0x20 ./Sources/driver/clock/clock.o
 .debug_loc     0x000020f0      0xb6b ./Sources/driver/eeprom/eeprom.o
 .debug_loc     0x00002c5b       0xaa ./Sources/main.o
 .debug_loc     0x00002d05       0x3e D:/CW11.0/CW MCU v11.0/MCU/ARM_GCC_Support/ewl/lib/armv6-m\libc.a(exit.o)
 .debug_loc     0x00002d43       0x6f D:/CW11.0/CW MCU v11.0/MCU/ARM_GCC_Support/ewl/lib/armv6-m\libc.a(memset.o)
 .debug_loc     0x00002db2      0x14a D:/CW11.0/CW MCU v11.0/MCU/ARM_GCC_Support/ewl/lib/armv6-m\libc.a(__filll_mem.o)
 .debug_loc     0x00002efc       0x9d D:/CW11.0/CW MCU v11.0/MCU/ARM_GCC_Support/ewl/lib/armv6-m\librt.a(gcc_ctor_dtor.o)
 .debug_loc     0x00002f99      0x197 D:/CW11.0/CW MCU v11.0/MCU/ARM_GCC_Support/ewl/lib/armv6-m\librt.a(__arm_eabi_init.o)
 .debug_loc     0x00003130       0xd9 D:/CW11.0/CW MCU v11.0/MCU/ARM_GCC_Support/ewl/lib/armv6-m\librt.a(ROMCopy.o)
