Archive member included because of file (symbol)

D:/CW11.0/CW MCU v11.0/MCU/ARM_GCC_Support/ewl/lib/armv6-m\libc.a(exit.o)
                              ./Project_Settings/Startup_Code/__arm_start.o (exit)
D:/CW11.0/CW MCU v11.0/MCU/ARM_GCC_Support/ewl/lib/armv6-m\libc.a(memset.o)
                              ./Project_Settings/Startup_Code/__arm_start.o (memset)
D:/CW11.0/CW MCU v11.0/MCU/ARM_GCC_Support/ewl/lib/armv6-m\libc.a(__filll_mem.o)
                              D:/CW11.0/CW MCU v11.0/MCU/ARM_GCC_Support/ewl/lib/armv6-m\libc.a(memset.o) (__fill_mem)
d:/cw11.0/cw mcu v11.0/cross_tools/arm-none-eabi-gcc-4_7_3/bin/../lib/gcc/arm-none-eabi/4.7.3/armv6-m\libgcc.a(_thumb1_case_uqi.o)
                              ./Sources/LIN_Stack/bsp/UART/lin_lld_uart.o (__gnu_thumb1_case_uqi)
d:/cw11.0/cw mcu v11.0/cross_tools/arm-none-eabi-gcc-4_7_3/bin/../lib/gcc/arm-none-eabi/4.7.3/armv6-m\libgcc.a(_udivsi3.o)
                              ./Sources/driver/eeprom/eeprom.o (__aeabi_uidiv)
d:/cw11.0/cw mcu v11.0/cross_tools/arm-none-eabi-gcc-4_7_3/bin/../lib/gcc/arm-none-eabi/4.7.3/armv6-m\libgcc.a(_divsi3.o)
                              ./Sources/LIN_Stack/transport/lin_commontl_proto.o (__aeabi_idiv)
d:/cw11.0/cw mcu v11.0/cross_tools/arm-none-eabi-gcc-4_7_3/bin/../lib/gcc/arm-none-eabi/4.7.3/armv6-m\libgcc.a(_dvmd_tls.o)
                              d:/cw11.0/cw mcu v11.0/cross_tools/arm-none-eabi-gcc-4_7_3/bin/../lib/gcc/arm-none-eabi/4.7.3/armv6-m\libgcc.a(_udivsi3.o) (__aeabi_idiv0)
d:/cw11.0/cw mcu v11.0/cross_tools/arm-none-eabi-gcc-4_7_3/bin/../lib/gcc/arm-none-eabi/4.7.3/armv6-m\libgcc.a(_fixunsdfsi.o)
                              ./Sources/LIN_Stack/bsp/UART/lin_isr.o (__aeabi_d2uiz)
d:/cw11.0/cw mcu v11.0/cross_tools/arm-none-eabi-gcc-4_7_3/bin/../lib/gcc/arm-none-eabi/4.7.3/armv6-m\libgcc.a(adddf3.o)
                              ./Sources/LIN_Stack/bsp/UART/lin_isr.o (__aeabi_dadd)
d:/cw11.0/cw mcu v11.0/cross_tools/arm-none-eabi-gcc-4_7_3/bin/../lib/gcc/arm-none-eabi/4.7.3/armv6-m\libgcc.a(subdf3.o)
                              d:/cw11.0/cw mcu v11.0/cross_tools/arm-none-eabi-gcc-4_7_3/bin/../lib/gcc/arm-none-eabi/4.7.3/armv6-m\libgcc.a(_fixunsdfsi.o) (__aeabi_dsub)
d:/cw11.0/cw mcu v11.0/cross_tools/arm-none-eabi-gcc-4_7_3/bin/../lib/gcc/arm-none-eabi/4.7.3/armv6-m\libgcc.a(fixdfsi.o)
                              d:/cw11.0/cw mcu v11.0/cross_tools/arm-none-eabi-gcc-4_7_3/bin/../lib/gcc/arm-none-eabi/4.7.3/armv6-m\libgcc.a(_fixunsdfsi.o) (__aeabi_d2iz)
d:/cw11.0/cw mcu v11.0/cross_tools/arm-none-eabi-gcc-4_7_3/bin/../lib/gcc/arm-none-eabi/4.7.3/armv6-m\libgcc.a(floatunsidf.o)
                              ./Sources/LIN_Stack/bsp/UART/lin_isr.o (__aeabi_ui2d)
d:/cw11.0/cw mcu v11.0/cross_tools/arm-none-eabi-gcc-4_7_3/bin/../lib/gcc/arm-none-eabi/4.7.3/armv6-m\libgcc.a(_arm_cmpdf2.o)
                              d:/cw11.0/cw mcu v11.0/cross_tools/arm-none-eabi-gcc-4_7_3/bin/../lib/gcc/arm-none-eabi/4.7.3/armv6-m\libgcc.a(_fixunsdfsi.o) (__aeabi_dcmpge)
d:/cw11.0/cw mcu v11.0/cross_tools/arm-none-eabi-gcc-4_7_3/bin/../lib/gcc/arm-none-eabi/4.7.3/armv6-m\libgcc.a(_clzsi2.o)
                              d:/cw11.0/cw mcu v11.0/cross_tools/arm-none-eabi-gcc-4_7_3/bin/../lib/gcc/arm-none-eabi/4.7.3/armv6-m\libgcc.a(adddf3.o) (__clzsi2)
d:/cw11.0/cw mcu v11.0/cross_tools/arm-none-eabi-gcc-4_7_3/bin/../lib/gcc/arm-none-eabi/4.7.3/armv6-m\libgcc.a(eqdf2.o)
                              d:/cw11.0/cw mcu v11.0/cross_tools/arm-none-eabi-gcc-4_7_3/bin/../lib/gcc/arm-none-eabi/4.7.3/armv6-m\libgcc.a(_arm_cmpdf2.o) (__eqdf2)
d:/cw11.0/cw mcu v11.0/cross_tools/arm-none-eabi-gcc-4_7_3/bin/../lib/gcc/arm-none-eabi/4.7.3/armv6-m\libgcc.a(gedf2.o)
                              d:/cw11.0/cw mcu v11.0/cross_tools/arm-none-eabi-gcc-4_7_3/bin/../lib/gcc/arm-none-eabi/4.7.3/armv6-m\libgcc.a(_arm_cmpdf2.o) (__gedf2)
d:/cw11.0/cw mcu v11.0/cross_tools/arm-none-eabi-gcc-4_7_3/bin/../lib/gcc/arm-none-eabi/4.7.3/armv6-m\libgcc.a(ledf2.o)
                              d:/cw11.0/cw mcu v11.0/cross_tools/arm-none-eabi-gcc-4_7_3/bin/../lib/gcc/arm-none-eabi/4.7.3/armv6-m\libgcc.a(_arm_cmpdf2.o) (__ledf2)
D:/CW11.0/CW MCU v11.0/MCU/ARM_GCC_Support/ewl/lib/armv6-m\librt.a(gcc_ctor_dtor.o)
                              ./Project_Settings/Startup_Code/__arm_start.o (__init_cpp)
D:/CW11.0/CW MCU v11.0/MCU/ARM_GCC_Support/ewl/lib/armv6-m\librt.a(__arm_eabi_init.o)
                              D:/CW11.0/CW MCU v11.0/MCU/ARM_GCC_Support/ewl/lib/armv6-m\libc.a(exit.o) (__destroy_global_chain)
D:/CW11.0/CW MCU v11.0/MCU/ARM_GCC_Support/ewl/lib/armv6-m\librt.a(ROMCopy.o)
                              ./Project_Settings/Startup_Code/__arm_start.o (__copy_rom_sections_to_ram)

Allocating common symbols
Common symbol       size              file

tl_rx_msg_status    0x1               ./Sources/lin_cfg/lin_cfg.o
tl_ld_error_code    0x1               ./Sources/lin_cfg/lin_cfg.o
data_cn1            0x1               ./Sources/LIN_Stack/diagnostic/lin_diagnostic_service.o
boot_flashdata_last_cn
                    0x2               ./Sources/LIN_Stack/diagnostic/lin_diagnostic_service.o
diagnostic_Session  0x1               ./Sources/LIN_Stack/diagnostic/lin_diagnostic_service.o
tl_receive_msg_status
                    0x1               ./Sources/lin_cfg/lin_cfg.o
tl_check_timeout    0x2               ./Sources/lin_cfg/lin_cfg.o
tl_rx_queue_data    0x30              ./Sources/lin_cfg/lin_cfg.o
tl_frame_counter    0x1               ./Sources/lin_cfg/lin_cfg.o
tl_tx_queue_data    0x30              ./Sources/lin_cfg/lin_cfg.o
boot_data_tansfer_cn
                    0x2               ./Sources/LIN_Stack/transport/lin_commontl_proto.o
tl_tx_msg_size      0x2               ./Sources/lin_cfg/lin_cfg.o
tl_last_cfg_result  0x1               ./Sources/lin_cfg/lin_cfg.o
tl_tx_msg_status    0x1               ./Sources/lin_cfg/lin_cfg.o
boot_write_flash    0x32              ./Sources/LIN_Stack/diagnostic/lin_diagnostic_service.o
data_cn2            0x1               ./Sources/LIN_Stack/diagnostic/lin_diagnostic_service.o
tl_last_RSID        0x1               ./Sources/lin_cfg/lin_cfg.o
lin_successful_transfer
                    0x1               ./Sources/lin_cfg/lin_cfg.o
frame_signal_error  0x1               ./Sources/LIN_Stack/coreapi/lin_common_proto.o
tl_rx_msg_index     0x2               ./Sources/lin_cfg/lin_cfg.o
tl_no_of_pdu        0x1               ./Sources/lin_cfg/lin_cfg.o
lin_diag_signal_tbl
                    0x10              ./Sources/lin_cfg/lin_cfg.o
lin_goto_sleep_flg  0x1               ./Sources/lin_cfg/lin_cfg.o
diagnostic_Session_flg
                    0x1               ./Sources/LIN_Stack/diagnostic/lin_diagnostic_service.o
tl_rx_msg_size      0x2               ./Sources/lin_cfg/lin_cfg.o
lin_word_status     0x2               ./Sources/lin_cfg/lin_cfg.o
tl_tx_msg_index     0x2               ./Sources/lin_cfg/lin_cfg.o
tl_check_timeout_type
                    0x1               ./Sources/lin_cfg/lin_cfg.o
diagnostic_Session_timer
                    0x2               ./Sources/LIN_Stack/diagnostic/lin_diagnostic_service.o
frame_index         0x1               ./Sources/LIN_Stack/coreapi/lin_common_proto.o
lin_current_pid     0x1               ./Sources/lin_cfg/lin_cfg.o
tl_ident_data       0x4               ./Sources/lin_cfg/lin_cfg.o
lin_error_in_response
                    0x1               ./Sources/lin_cfg/lin_cfg.o
lin_lld_response_buffer
                    0xa               ./Sources/lin_cfg/lin_cfg.o
diagnostic_Session_pre
                    0x1               ./Sources/LIN_Stack/diagnostic/lin_diagnostic_service.o
boot_status_flag    0x1               ./Sources/main.o
boot_flashdata_cn   0x2               ./Sources/LIN_Stack/diagnostic/lin_diagnostic_service.o

Discarded input sections

 .text          0x00000000        0x0 ./Project_Settings/Startup_Code/kinetis_sysinit.o
 .data          0x00000000        0x0 ./Project_Settings/Startup_Code/kinetis_sysinit.o
 .bss           0x00000000        0x0 ./Project_Settings/Startup_Code/kinetis_sysinit.o
 .text          0x00000000        0x0 ./Project_Settings/Startup_Code/__arm_start.o
 .data          0x00000000        0x0 ./Project_Settings/Startup_Code/__arm_start.o
 .bss           0x00000000        0x0 ./Project_Settings/Startup_Code/__arm_start.o
 .text.__iar_program_start
                0x00000000        0x4 ./Project_Settings/Startup_Code/__arm_start.o
 .text          0x00000000        0x0 ./Project_Settings/Startup_Code/__arm_end.o
 .data          0x00000000        0x0 ./Project_Settings/Startup_Code/__arm_end.o
 .bss           0x00000000        0x0 ./Project_Settings/Startup_Code/__arm_end.o
 .text          0x00000000        0x0 ./Sources/LIN_Stack/bsp/UART/lin_lld_uart.o
 .data          0x00000000        0x0 ./Sources/LIN_Stack/bsp/UART/lin_lld_uart.o
 .bss           0x00000000        0x0 ./Sources/LIN_Stack/bsp/UART/lin_lld_uart.o
 .text.lin_lld_uart_int_enable
                0x00000000       0x28 ./Sources/LIN_Stack/bsp/UART/lin_lld_uart.o
 .text.lin_lld_uart_int_disable
                0x00000000       0x30 ./Sources/LIN_Stack/bsp/UART/lin_lld_uart.o
 .text.lin_lld_uart_deinit
                0x00000000       0x14 ./Sources/LIN_Stack/bsp/UART/lin_lld_uart.o
 .text.lin_lld_uart_get_status
                0x00000000        0xc ./Sources/LIN_Stack/bsp/UART/lin_lld_uart.o
 .text.lin_lld_uart_get_state
                0x00000000        0xc ./Sources/LIN_Stack/bsp/UART/lin_lld_uart.o
 .text.lin_lld_uart_tx_wake_up
                0x00000000       0x24 ./Sources/LIN_Stack/bsp/UART/lin_lld_uart.o
 .text          0x00000000        0x0 ./Sources/LIN_Stack/bsp/UART/lin_lld_timesrv.o
 .data          0x00000000        0x0 ./Sources/LIN_Stack/bsp/UART/lin_lld_timesrv.o
 .bss           0x00000000        0x0 ./Sources/LIN_Stack/bsp/UART/lin_lld_timesrv.o
 .text          0x00000000        0x0 ./Sources/LIN_Stack/bsp/UART/lin_isr.o
 .data          0x00000000        0x0 ./Sources/LIN_Stack/bsp/UART/lin_isr.o
 .bss           0x00000000        0x0 ./Sources/LIN_Stack/bsp/UART/lin_isr.o
 .text          0x00000000        0x0 ./Sources/LIN_Stack/coreapi/lin_lin21_proto.o
 .data          0x00000000        0x0 ./Sources/LIN_Stack/coreapi/lin_lin21_proto.o
 .bss           0x00000000        0x0 ./Sources/LIN_Stack/coreapi/lin_lin21_proto.o
 .text          0x00000000        0x0 ./Sources/LIN_Stack/coreapi/lin_lin21_api.o
 .data          0x00000000        0x0 ./Sources/LIN_Stack/coreapi/lin_lin21_api.o
 .bss           0x00000000        0x0 ./Sources/LIN_Stack/coreapi/lin_lin21_api.o
 .debug_info    0x00000000       0x68 ./Sources/LIN_Stack/coreapi/lin_lin21_api.o
 .debug_abbrev  0x00000000       0x28 ./Sources/LIN_Stack/coreapi/lin_lin21_api.o
 .debug_aranges
                0x00000000       0x18 ./Sources/LIN_Stack/coreapi/lin_lin21_api.o
 .debug_macinfo
                0x00000000    0x23460 ./Sources/LIN_Stack/coreapi/lin_lin21_api.o
 .debug_line    0x00000000      0x32c ./Sources/LIN_Stack/coreapi/lin_lin21_api.o
 .debug_str     0x00000000      0x134 ./Sources/LIN_Stack/coreapi/lin_lin21_api.o
 .comment       0x00000000       0x7a ./Sources/LIN_Stack/coreapi/lin_lin21_api.o
 .ARM.attributes
                0x00000000       0x31 ./Sources/LIN_Stack/coreapi/lin_lin21_api.o
 .text          0x00000000        0x0 ./Sources/LIN_Stack/coreapi/lin_common_proto.o
 .data          0x00000000        0x0 ./Sources/LIN_Stack/coreapi/lin_common_proto.o
 .bss           0x00000000        0x0 ./Sources/LIN_Stack/coreapi/lin_common_proto.o
 .text.lin_make_res_diag_frame
                0x00000000        0x8 ./Sources/LIN_Stack/coreapi/lin_common_proto.o
 .text          0x00000000        0x0 ./Sources/LIN_Stack/coreapi/lin_common_api.o
 .data          0x00000000        0x0 ./Sources/LIN_Stack/coreapi/lin_common_api.o
 .bss           0x00000000        0x0 ./Sources/LIN_Stack/coreapi/lin_common_api.o
 .text.l_ifc_goto_sleep
                0x00000000        0x2 ./Sources/LIN_Stack/coreapi/lin_common_api.o
 .text.l_ifc_wake_up
                0x00000000        0x8 ./Sources/LIN_Stack/coreapi/lin_common_api.o
 .text.l_ifc_rx
                0x00000000        0x2 ./Sources/LIN_Stack/coreapi/lin_common_api.o
 .text.l_ifc_tx
                0x00000000        0x2 ./Sources/LIN_Stack/coreapi/lin_common_api.o
 .text.l_ifc_aux
                0x00000000        0x2 ./Sources/LIN_Stack/coreapi/lin_common_api.o
 .text.l_ifc_read_status
                0x00000000       0x20 ./Sources/LIN_Stack/coreapi/lin_common_api.o
 .text.l_sys_irq_disable
                0x00000000        0x8 ./Sources/LIN_Stack/coreapi/lin_common_api.o
 .text.l_sys_irq_restore
                0x00000000        0x8 ./Sources/LIN_Stack/coreapi/lin_common_api.o
 .bss.tmp_word_status.5051
                0x00000000        0x2 ./Sources/LIN_Stack/coreapi/lin_common_api.o
 .text          0x00000000        0x0 ./Sources/LIN_Stack/diagnostic/lin_diagnostic_service.o
 .data          0x00000000        0x0 ./Sources/LIN_Stack/diagnostic/lin_diagnostic_service.o
 .bss           0x00000000        0x0 ./Sources/LIN_Stack/diagnostic/lin_diagnostic_service.o
 .text.lin_diagservice_session_state
                0x00000000       0x40 ./Sources/LIN_Stack/diagnostic/lin_diagnostic_service.o
 .text.lin_diagservice_write_data_by_identifier
                0x00000000       0x24 ./Sources/LIN_Stack/diagnostic/lin_diagnostic_service.o
 .text          0x00000000        0x0 ./Sources/LIN_Stack/lowlevel/lin.o
 .data          0x00000000        0x0 ./Sources/LIN_Stack/lowlevel/lin.o
 .bss           0x00000000        0x0 ./Sources/LIN_Stack/lowlevel/lin.o
 .text.lin_lld_deinit
                0x00000000        0xa ./Sources/LIN_Stack/lowlevel/lin.o
 .text.lin_lld_get_status
                0x00000000        0xa ./Sources/LIN_Stack/lowlevel/lin.o
 .text.lin_lld_get_state
                0x00000000        0x8 ./Sources/LIN_Stack/lowlevel/lin.o
 .text.lin_lld_tx_wake_up
                0x00000000        0x8 ./Sources/LIN_Stack/lowlevel/lin.o
 .text.lin_lld_int_enable
                0x00000000        0x8 ./Sources/LIN_Stack/lowlevel/lin.o
 .text.lin_lld_int_disable
                0x00000000        0xa ./Sources/LIN_Stack/lowlevel/lin.o
 .text.lin_lld_mcu_reset
                0x00000000        0x2 ./Sources/LIN_Stack/lowlevel/lin.o
 .text.lin_lld_set_etf_collision_flag
                0x00000000        0xc ./Sources/LIN_Stack/lowlevel/lin.o
 .text.lin_lld_clear_etf_collision_flag
                0x00000000        0xc ./Sources/LIN_Stack/lowlevel/lin.o
 .bss.etf_collision_flag
                0x00000000        0x1 ./Sources/LIN_Stack/lowlevel/lin.o
 .text          0x00000000        0x0 ./Sources/LIN_Stack/transport/lin_lin21tl_api.o
 .data          0x00000000        0x0 ./Sources/LIN_Stack/transport/lin_lin21tl_api.o
 .bss           0x00000000        0x0 ./Sources/LIN_Stack/transport/lin_lin21tl_api.o
 .text.diag_get_flag
                0x00000000       0x14 ./Sources/LIN_Stack/transport/lin_lin21tl_api.o
 .text.diag_clear_flag
                0x00000000       0x14 ./Sources/LIN_Stack/transport/lin_lin21tl_api.o
 .debug_info    0x00000000       0xe5 ./Sources/LIN_Stack/transport/lin_lin21tl_api.o
 .debug_abbrev  0x00000000       0xa6 ./Sources/LIN_Stack/transport/lin_lin21tl_api.o
 .debug_loc     0x00000000       0x53 ./Sources/LIN_Stack/transport/lin_lin21tl_api.o
 .debug_aranges
                0x00000000       0x28 ./Sources/LIN_Stack/transport/lin_lin21tl_api.o
 .debug_macinfo
                0x00000000    0x23462 ./Sources/LIN_Stack/transport/lin_lin21tl_api.o
 .debug_line    0x00000000      0x357 ./Sources/LIN_Stack/transport/lin_lin21tl_api.o
 .debug_str     0x00000000      0x17d ./Sources/LIN_Stack/transport/lin_lin21tl_api.o
 .comment       0x00000000       0x7a ./Sources/LIN_Stack/transport/lin_lin21tl_api.o
 .ARM.attributes
                0x00000000       0x31 ./Sources/LIN_Stack/transport/lin_lin21tl_api.o
 .debug_frame   0x00000000       0x40 ./Sources/LIN_Stack/transport/lin_lin21tl_api.o
 .text          0x00000000        0x0 ./Sources/LIN_Stack/transport/lin_commontl_proto.o
 .data          0x00000000        0x0 ./Sources/LIN_Stack/transport/lin_commontl_proto.o
 .bss           0x00000000        0x0 ./Sources/LIN_Stack/transport/lin_commontl_proto.o
 COMMON         0x00000000        0x2 ./Sources/LIN_Stack/transport/lin_commontl_proto.o
 .text          0x00000000        0x0 ./Sources/LIN_Stack/transport/lin_commontl_api.o
 .data          0x00000000        0x0 ./Sources/LIN_Stack/transport/lin_commontl_api.o
 .bss           0x00000000        0x0 ./Sources/LIN_Stack/transport/lin_commontl_api.o
 .text.ld_init  0x00000000       0xb4 ./Sources/LIN_Stack/transport/lin_commontl_api.o
 .text.ld_put_raw
                0x00000000       0x10 ./Sources/LIN_Stack/transport/lin_commontl_api.o
 .text.ld_raw_tx_status
                0x00000000        0xc ./Sources/LIN_Stack/transport/lin_commontl_api.o
 .text.ld_raw_rx_status
                0x00000000        0xc ./Sources/LIN_Stack/transport/lin_commontl_api.o
 .text.ld_send_message
                0x00000000      0x184 ./Sources/LIN_Stack/transport/lin_commontl_api.o
 .text.ld_tx_status
                0x00000000        0xc ./Sources/LIN_Stack/transport/lin_commontl_api.o
 .text.ld_rx_status
                0x00000000        0xc ./Sources/LIN_Stack/transport/lin_commontl_api.o
 .text.ld_read_configuration
                0x00000000       0x34 ./Sources/LIN_Stack/transport/lin_commontl_api.o
 .text.ld_set_configuration
                0x00000000       0x30 ./Sources/LIN_Stack/transport/lin_commontl_api.o
 .text          0x00000000        0x0 ./Sources/driver/clock/clock.o
 .data          0x00000000        0x0 ./Sources/driver/clock/clock.o
 .bss           0x00000000        0x0 ./Sources/driver/clock/clock.o
 .text          0x00000000        0x0 ./Sources/driver/eeprom/eeprom.o
 .data          0x00000000        0x0 ./Sources/driver/eeprom/eeprom.o
 .bss           0x00000000        0x0 ./Sources/driver/eeprom/eeprom.o
 .text          0x00000000        0x0 ./Sources/driver/gpio/gpio.o
 .data          0x00000000        0x0 ./Sources/driver/gpio/gpio.o
 .bss           0x00000000        0x0 ./Sources/driver/gpio/gpio.o
 .text          0x00000000        0x0 ./Sources/lin_cfg/lin_cfg.o
 .data          0x00000000        0x0 ./Sources/lin_cfg/lin_cfg.o
 .bss           0x00000000        0x0 ./Sources/lin_cfg/lin_cfg.o
 .text.ld_read_by_id_callout
                0x00000000       0x22 ./Sources/lin_cfg/lin_cfg.o
 .rodata.product_id
                0x00000000        0x6 ./Sources/lin_cfg/lin_cfg.o
 .rodata.lin_configuration_ROM
                0x00000000       0x10 ./Sources/lin_cfg/lin_cfg.o
 .rodata.lin_initial_NAD
                0x00000000        0x1 ./Sources/lin_cfg/lin_cfg.o
 .rodata.product_serial_num
                0x00000000        0x4 ./Sources/lin_cfg/lin_cfg.o
 .rodata.lin_virtual_ifc
                0x00000000        0x1 ./Sources/lin_cfg/lin_cfg.o
 .text          0x00000000        0x0 ./Sources/main.o
 .data          0x00000000        0x0 ./Sources/main.o
 .bss           0x00000000        0x0 ./Sources/main.o
 .text.boot_Var_init
                0x00000000        0xc ./Sources/main.o
 .text          0x00000000        0x0 D:/CW11.0/CW MCU v11.0/MCU/ARM_GCC_Support/ewl/lib/armv6-m\libc.a(exit.o)
 .data          0x00000000        0x0 D:/CW11.0/CW MCU v11.0/MCU/ARM_GCC_Support/ewl/lib/armv6-m\libc.a(exit.o)
 .bss           0x00000000        0x0 D:/CW11.0/CW MCU v11.0/MCU/ARM_GCC_Support/ewl/lib/armv6-m\libc.a(exit.o)
 .text          0x00000000        0x0 D:/CW11.0/CW MCU v11.0/MCU/ARM_GCC_Support/ewl/lib/armv6-m\libc.a(memset.o)
 .data          0x00000000        0x0 D:/CW11.0/CW MCU v11.0/MCU/ARM_GCC_Support/ewl/lib/armv6-m\libc.a(memset.o)
 .bss           0x00000000        0x0 D:/CW11.0/CW MCU v11.0/MCU/ARM_GCC_Support/ewl/lib/armv6-m\libc.a(memset.o)
 .text          0x00000000        0x0 D:/CW11.0/CW MCU v11.0/MCU/ARM_GCC_Support/ewl/lib/armv6-m\libc.a(__filll_mem.o)
 .data          0x00000000        0x0 D:/CW11.0/CW MCU v11.0/MCU/ARM_GCC_Support/ewl/lib/armv6-m\libc.a(__filll_mem.o)
 .bss           0x00000000        0x0 D:/CW11.0/CW MCU v11.0/MCU/ARM_GCC_Support/ewl/lib/armv6-m\libc.a(__filll_mem.o)
 .data          0x00000000        0x0 d:/cw11.0/cw mcu v11.0/cross_tools/arm-none-eabi-gcc-4_7_3/bin/../lib/gcc/arm-none-eabi/4.7.3/armv6-m\libgcc.a(_thumb1_case_uqi.o)
 .bss           0x00000000        0x0 d:/cw11.0/cw mcu v11.0/cross_tools/arm-none-eabi-gcc-4_7_3/bin/../lib/gcc/arm-none-eabi/4.7.3/armv6-m\libgcc.a(_thumb1_case_uqi.o)
 .data          0x00000000        0x0 d:/cw11.0/cw mcu v11.0/cross_tools/arm-none-eabi-gcc-4_7_3/bin/../lib/gcc/arm-none-eabi/4.7.3/armv6-m\libgcc.a(_udivsi3.o)
 .bss           0x00000000        0x0 d:/cw11.0/cw mcu v11.0/cross_tools/arm-none-eabi-gcc-4_7_3/bin/../lib/gcc/arm-none-eabi/4.7.3/armv6-m\libgcc.a(_udivsi3.o)
 .data          0x00000000        0x0 d:/cw11.0/cw mcu v11.0/cross_tools/arm-none-eabi-gcc-4_7_3/bin/../lib/gcc/arm-none-eabi/4.7.3/armv6-m\libgcc.a(_divsi3.o)
 .bss           0x00000000        0x0 d:/cw11.0/cw mcu v11.0/cross_tools/arm-none-eabi-gcc-4_7_3/bin/../lib/gcc/arm-none-eabi/4.7.3/armv6-m\libgcc.a(_divsi3.o)
 .data          0x00000000        0x0 d:/cw11.0/cw mcu v11.0/cross_tools/arm-none-eabi-gcc-4_7_3/bin/../lib/gcc/arm-none-eabi/4.7.3/armv6-m\libgcc.a(_dvmd_tls.o)
 .bss           0x00000000        0x0 d:/cw11.0/cw mcu v11.0/cross_tools/arm-none-eabi-gcc-4_7_3/bin/../lib/gcc/arm-none-eabi/4.7.3/armv6-m\libgcc.a(_dvmd_tls.o)
 .data          0x00000000        0x0 d:/cw11.0/cw mcu v11.0/cross_tools/arm-none-eabi-gcc-4_7_3/bin/../lib/gcc/arm-none-eabi/4.7.3/armv6-m\libgcc.a(_fixunsdfsi.o)
 .bss           0x00000000        0x0 d:/cw11.0/cw mcu v11.0/cross_tools/arm-none-eabi-gcc-4_7_3/bin/../lib/gcc/arm-none-eabi/4.7.3/armv6-m\libgcc.a(_fixunsdfsi.o)
 .data          0x00000000        0x0 d:/cw11.0/cw mcu v11.0/cross_tools/arm-none-eabi-gcc-4_7_3/bin/../lib/gcc/arm-none-eabi/4.7.3/armv6-m\libgcc.a(adddf3.o)
 .bss           0x00000000        0x0 d:/cw11.0/cw mcu v11.0/cross_tools/arm-none-eabi-gcc-4_7_3/bin/../lib/gcc/arm-none-eabi/4.7.3/armv6-m\libgcc.a(adddf3.o)
 .data          0x00000000        0x0 d:/cw11.0/cw mcu v11.0/cross_tools/arm-none-eabi-gcc-4_7_3/bin/../lib/gcc/arm-none-eabi/4.7.3/armv6-m\libgcc.a(subdf3.o)
 .bss           0x00000000        0x0 d:/cw11.0/cw mcu v11.0/cross_tools/arm-none-eabi-gcc-4_7_3/bin/../lib/gcc/arm-none-eabi/4.7.3/armv6-m\libgcc.a(subdf3.o)
 .data          0x00000000        0x0 d:/cw11.0/cw mcu v11.0/cross_tools/arm-none-eabi-gcc-4_7_3/bin/../lib/gcc/arm-none-eabi/4.7.3/armv6-m\libgcc.a(fixdfsi.o)
 .bss           0x00000000        0x0 d:/cw11.0/cw mcu v11.0/cross_tools/arm-none-eabi-gcc-4_7_3/bin/../lib/gcc/arm-none-eabi/4.7.3/armv6-m\libgcc.a(fixdfsi.o)
 .data          0x00000000        0x0 d:/cw11.0/cw mcu v11.0/cross_tools/arm-none-eabi-gcc-4_7_3/bin/../lib/gcc/arm-none-eabi/4.7.3/armv6-m\libgcc.a(floatunsidf.o)
 .bss           0x00000000        0x0 d:/cw11.0/cw mcu v11.0/cross_tools/arm-none-eabi-gcc-4_7_3/bin/../lib/gcc/arm-none-eabi/4.7.3/armv6-m\libgcc.a(floatunsidf.o)
 .data          0x00000000        0x0 d:/cw11.0/cw mcu v11.0/cross_tools/arm-none-eabi-gcc-4_7_3/bin/../lib/gcc/arm-none-eabi/4.7.3/armv6-m\libgcc.a(_arm_cmpdf2.o)
 .bss           0x00000000        0x0 d:/cw11.0/cw mcu v11.0/cross_tools/arm-none-eabi-gcc-4_7_3/bin/../lib/gcc/arm-none-eabi/4.7.3/armv6-m\libgcc.a(_arm_cmpdf2.o)
 .data          0x00000000        0x0 d:/cw11.0/cw mcu v11.0/cross_tools/arm-none-eabi-gcc-4_7_3/bin/../lib/gcc/arm-none-eabi/4.7.3/armv6-m\libgcc.a(_clzsi2.o)
 .bss           0x00000000        0x0 d:/cw11.0/cw mcu v11.0/cross_tools/arm-none-eabi-gcc-4_7_3/bin/../lib/gcc/arm-none-eabi/4.7.3/armv6-m\libgcc.a(_clzsi2.o)
 .data          0x00000000        0x0 d:/cw11.0/cw mcu v11.0/cross_tools/arm-none-eabi-gcc-4_7_3/bin/../lib/gcc/arm-none-eabi/4.7.3/armv6-m\libgcc.a(eqdf2.o)
 .bss           0x00000000        0x0 d:/cw11.0/cw mcu v11.0/cross_tools/arm-none-eabi-gcc-4_7_3/bin/../lib/gcc/arm-none-eabi/4.7.3/armv6-m\libgcc.a(eqdf2.o)
 .data          0x00000000        0x0 d:/cw11.0/cw mcu v11.0/cross_tools/arm-none-eabi-gcc-4_7_3/bin/../lib/gcc/arm-none-eabi/4.7.3/armv6-m\libgcc.a(gedf2.o)
 .bss           0x00000000        0x0 d:/cw11.0/cw mcu v11.0/cross_tools/arm-none-eabi-gcc-4_7_3/bin/../lib/gcc/arm-none-eabi/4.7.3/armv6-m\libgcc.a(gedf2.o)
 .data          0x00000000        0x0 d:/cw11.0/cw mcu v11.0/cross_tools/arm-none-eabi-gcc-4_7_3/bin/../lib/gcc/arm-none-eabi/4.7.3/armv6-m\libgcc.a(ledf2.o)
 .bss           0x00000000        0x0 d:/cw11.0/cw mcu v11.0/cross_tools/arm-none-eabi-gcc-4_7_3/bin/../lib/gcc/arm-none-eabi/4.7.3/armv6-m\libgcc.a(ledf2.o)
 .text          0x00000000        0x0 D:/CW11.0/CW MCU v11.0/MCU/ARM_GCC_Support/ewl/lib/armv6-m\librt.a(gcc_ctor_dtor.o)
 .data          0x00000000        0x0 D:/CW11.0/CW MCU v11.0/MCU/ARM_GCC_Support/ewl/lib/armv6-m\librt.a(gcc_ctor_dtor.o)
 .bss           0x00000000        0x0 D:/CW11.0/CW MCU v11.0/MCU/ARM_GCC_Support/ewl/lib/armv6-m\librt.a(gcc_ctor_dtor.o)
 .bss.__dso_handle
                0x00000000        0x4 D:/CW11.0/CW MCU v11.0/MCU/ARM_GCC_Support/ewl/lib/armv6-m\librt.a(gcc_ctor_dtor.o)
 .text          0x00000000        0x0 D:/CW11.0/CW MCU v11.0/MCU/ARM_GCC_Support/ewl/lib/armv6-m\librt.a(__arm_eabi_init.o)
 .data          0x00000000        0x0 D:/CW11.0/CW MCU v11.0/MCU/ARM_GCC_Support/ewl/lib/armv6-m\librt.a(__arm_eabi_init.o)
 .bss           0x00000000        0x0 D:/CW11.0/CW MCU v11.0/MCU/ARM_GCC_Support/ewl/lib/armv6-m\librt.a(__arm_eabi_init.o)
 .text.__register_global_object
                0x00000000       0x14 D:/CW11.0/CW MCU v11.0/MCU/ARM_GCC_Support/ewl/lib/armv6-m\librt.a(__arm_eabi_init.o)
 .text.__cxa_atexit
                0x00000000       0x38 D:/CW11.0/CW MCU v11.0/MCU/ARM_GCC_Support/ewl/lib/armv6-m\librt.a(__arm_eabi_init.o)
 .text.__aeabi_atexit
                0x00000000        0xe D:/CW11.0/CW MCU v11.0/MCU/ARM_GCC_Support/ewl/lib/armv6-m\librt.a(__arm_eabi_init.o)
 .text.__register_atexit
                0x00000000        0xc D:/CW11.0/CW MCU v11.0/MCU/ARM_GCC_Support/ewl/lib/armv6-m\librt.a(__arm_eabi_init.o)
 .text.__init_hardware
                0x00000000        0x4 D:/CW11.0/CW MCU v11.0/MCU/ARM_GCC_Support/ewl/lib/armv6-m\librt.a(__arm_eabi_init.o)
 .bss.atexit_curr_func
                0x00000000        0x4 D:/CW11.0/CW MCU v11.0/MCU/ARM_GCC_Support/ewl/lib/armv6-m\librt.a(__arm_eabi_init.o)
 .bss.atexit_funcs
                0x00000000      0x300 D:/CW11.0/CW MCU v11.0/MCU/ARM_GCC_Support/ewl/lib/armv6-m\librt.a(__arm_eabi_init.o)
 .text          0x00000000        0x0 D:/CW11.0/CW MCU v11.0/MCU/ARM_GCC_Support/ewl/lib/armv6-m\librt.a(ROMCopy.o)
 .data          0x00000000        0x0 D:/CW11.0/CW MCU v11.0/MCU/ARM_GCC_Support/ewl/lib/armv6-m\librt.a(ROMCopy.o)
 .bss           0x00000000        0x0 D:/CW11.0/CW MCU v11.0/MCU/ARM_GCC_Support/ewl/lib/armv6-m\librt.a(ROMCopy.o)
 .text.__flush_cache
                0x00000000        0x2 D:/CW11.0/CW MCU v11.0/MCU/ARM_GCC_Support/ewl/lib/armv6-m\librt.a(ROMCopy.o)

Memory Configuration

Name             Origin             Length             Attributes
m_interrupts     0x00000000         0x000000c0         xr
m_cfmprotrom     0x00000400         0x00000010         xr
m_text           0x00000800         0x0000f800         xr
m_data           0x1ffffc00         0x00001000         xrw
*default*        0x00000000         0xffffffff

Linker script and memory map

LOAD ./Project_Settings/Startup_Code/kinetis_sysinit.o
LOAD ./Project_Settings/Startup_Code/__arm_start.o
LOAD ./Project_Settings/Startup_Code/__arm_end.o
LOAD ./Sources/LIN_Stack/bsp/UART/lin_lld_uart.o
LOAD ./Sources/LIN_Stack/bsp/UART/lin_lld_timesrv.o
LOAD ./Sources/LIN_Stack/bsp/UART/lin_isr.o
LOAD ./Sources/LIN_Stack/coreapi/lin_lin21_proto.o
LOAD ./Sources/LIN_Stack/coreapi/lin_lin21_api.o
LOAD ./Sources/LIN_Stack/coreapi/lin_common_proto.o
LOAD ./Sources/LIN_Stack/coreapi/lin_common_api.o
LOAD ./Sources/LIN_Stack/diagnostic/lin_diagnostic_service.o
LOAD ./Sources/LIN_Stack/lowlevel/lin.o
LOAD ./Sources/LIN_Stack/transport/lin_lin21tl_api.o
LOAD ./Sources/LIN_Stack/transport/lin_commontl_proto.o
LOAD ./Sources/LIN_Stack/transport/lin_commontl_api.o
LOAD ./Sources/driver/clock/clock.o
LOAD ./Sources/driver/eeprom/eeprom.o
LOAD ./Sources/driver/gpio/gpio.o
LOAD ./Sources/lin_cfg/lin_cfg.o
LOAD ./Sources/main.o
START GROUP
LOAD D:/CW11.0/CW MCU v11.0/MCU/ARM_GCC_Support/ewl/lib/armv6-m\libc.a
LOAD D:/CW11.0/CW MCU v11.0/MCU/ARM_GCC_Support/ewl/lib/armv6-m\libm.a
LOAD d:/cw11.0/cw mcu v11.0/cross_tools/arm-none-eabi-gcc-4_7_3/bin/../lib/gcc/arm-none-eabi/4.7.3/armv6-m\libgcc.a
LOAD D:/CW11.0/CW MCU v11.0/MCU/ARM_GCC_Support/ewl/lib/armv6-m\librt.a
END GROUP
                0x20000c00                _estack = 0x20000c00
                0x20000c00                __SP_INIT = _estack
                0x00000100                __heap_size = 0x100
                0x00000100                __stack_size = 0x100

.interrupts     0x00000000       0xc0
                0x00000000                __vector_table = .
                0x00000000                . = ALIGN (0x4)
 *(.vectortable)
 .vectortable   0x00000000       0xc0 ./Project_Settings/Startup_Code/kinetis_sysinit.o
                0x00000000                InterruptVector
                0x000000c0                . = ALIGN (0x4)

.cfmprotect     0x00000400        0x0
                0x00000400                . = ALIGN (0x4)
 *(.cfmconfig)
                0x00000400                . = ALIGN (0x4)

.text           0x00000800     0x30fc
                0x00000800                . = ALIGN (0x4)
 *(.text)
 .text          0x00000800       0x14 d:/cw11.0/cw mcu v11.0/cross_tools/arm-none-eabi-gcc-4_7_3/bin/../lib/gcc/arm-none-eabi/4.7.3/armv6-m\libgcc.a(_thumb1_case_uqi.o)
                0x00000800                __gnu_thumb1_case_uqi
 .text          0x00000814       0x9c d:/cw11.0/cw mcu v11.0/cross_tools/arm-none-eabi-gcc-4_7_3/bin/../lib/gcc/arm-none-eabi/4.7.3/armv6-m\libgcc.a(_udivsi3.o)
                0x00000814                __aeabi_uidiv
                0x00000814                __udivsi3
                0x0000089c                __aeabi_uidivmod
 .text          0x000008b0       0xc0 d:/cw11.0/cw mcu v11.0/cross_tools/arm-none-eabi-gcc-4_7_3/bin/../lib/gcc/arm-none-eabi/4.7.3/armv6-m\libgcc.a(_divsi3.o)
                0x000008b0                __divsi3
                0x000008b0                __aeabi_idiv
                0x0000095c                __aeabi_idivmod
 .text          0x00000970        0x4 d:/cw11.0/cw mcu v11.0/cross_tools/arm-none-eabi-gcc-4_7_3/bin/../lib/gcc/arm-none-eabi/4.7.3/armv6-m\libgcc.a(_dvmd_tls.o)
                0x00000970                __aeabi_idiv0
                0x00000970                __aeabi_ldiv0
 *fill*         0x00000974        0x4 00
 .text          0x00000978       0x40 d:/cw11.0/cw mcu v11.0/cross_tools/arm-none-eabi-gcc-4_7_3/bin/../lib/gcc/arm-none-eabi/4.7.3/armv6-m\libgcc.a(_fixunsdfsi.o)
                0x00000978                __aeabi_d2uiz
                0x00000978                __fixunsdfsi
 .text          0x000009b8      0x758 d:/cw11.0/cw mcu v11.0/cross_tools/arm-none-eabi-gcc-4_7_3/bin/../lib/gcc/arm-none-eabi/4.7.3/armv6-m\libgcc.a(adddf3.o)
                0x000009b8                __aeabi_dadd
 .text          0x00001110      0x6f8 d:/cw11.0/cw mcu v11.0/cross_tools/arm-none-eabi-gcc-4_7_3/bin/../lib/gcc/arm-none-eabi/4.7.3/armv6-m\libgcc.a(subdf3.o)
                0x00001110                __aeabi_dsub
 .text          0x00001808       0x68 d:/cw11.0/cw mcu v11.0/cross_tools/arm-none-eabi-gcc-4_7_3/bin/../lib/gcc/arm-none-eabi/4.7.3/armv6-m\libgcc.a(fixdfsi.o)
                0x00001808                __aeabi_d2iz
 .text          0x00001870       0x64 d:/cw11.0/cw mcu v11.0/cross_tools/arm-none-eabi-gcc-4_7_3/bin/../lib/gcc/arm-none-eabi/4.7.3/armv6-m\libgcc.a(floatunsidf.o)
                0x00001870                __aeabi_ui2d
 .text          0x000018d4       0x7c d:/cw11.0/cw mcu v11.0/cross_tools/arm-none-eabi-gcc-4_7_3/bin/../lib/gcc/arm-none-eabi/4.7.3/armv6-m\libgcc.a(_arm_cmpdf2.o)
                0x000018d4                __aeabi_cdrcmple
                0x000018e4                __aeabi_cdcmple
                0x000018e4                __aeabi_cdcmpeq
                0x000018f4                __aeabi_dcmpeq
                0x00001900                __aeabi_dcmplt
                0x00001914                __aeabi_dcmple
                0x00001928                __aeabi_dcmpgt
                0x0000193c                __aeabi_dcmpge
 .text          0x00001950       0x3c d:/cw11.0/cw mcu v11.0/cross_tools/arm-none-eabi-gcc-4_7_3/bin/../lib/gcc/arm-none-eabi/4.7.3/armv6-m\libgcc.a(_clzsi2.o)
                0x00001950                __clzsi2
 .text          0x0000198c       0x7c d:/cw11.0/cw mcu v11.0/cross_tools/arm-none-eabi-gcc-4_7_3/bin/../lib/gcc/arm-none-eabi/4.7.3/armv6-m\libgcc.a(eqdf2.o)
                0x0000198c                __nedf2
                0x0000198c                __eqdf2
 .text          0x00001a08       0xe8 d:/cw11.0/cw mcu v11.0/cross_tools/arm-none-eabi-gcc-4_7_3/bin/../lib/gcc/arm-none-eabi/4.7.3/armv6-m\libgcc.a(gedf2.o)
                0x00001a08                __gedf2
                0x00001a08                __gtdf2
 .text          0x00001af0       0xd8 d:/cw11.0/cw mcu v11.0/cross_tools/arm-none-eabi-gcc-4_7_3/bin/../lib/gcc/arm-none-eabi/4.7.3/armv6-m\libgcc.a(ledf2.o)
                0x00001af0                __ledf2
                0x00001af0                __ltdf2
 *(.text*)
 .text.Default_Handler
                0x00001bc8        0x4 ./Project_Settings/Startup_Code/kinetis_sysinit.o
                0x00001bc8                I2C0_IRQHandler
                0x00001bc8                HardFault_Handler
                0x00001bc8                SysTick_Handler
                0x00001bc8                PendSV_Handler
                0x00001bc8                NMI_Handler
                0x00001bc8                ADC0_IRQHandler
                0x00001bc8                WDG_IRQHandler
                0x00001bc8                SPI1_IRQHandler
                0x00001bc8                UART2_SCI2_IRQHandler
                0x00001bc8                RTC_IRQHandler
                0x00001bc8                IRQ_IRQHandler
                0x00001bc8                PIT_CH0_IRQHandler
                0x00001bc8                Default_Handler
                0x00001bc8                ACMP0_IRQHandler
                0x00001bc8                SVC_Handler
                0x00001bc8                ICS_IRQHandler
                0x00001bc8                PIT_CH1_IRQHandler
                0x00001bc8                FTMRH_IRQHandler
                0x00001bc8                KBI0_IRQHandler
                0x00001bc8                PMC_IRQHandler
                0x00001bc8                SPI0_IRQHandler
                0x00001bc8                FTM0_IRQHandler
                0x00001bc8                FTM2_IRQHandler
                0x00001bc8                ACMP1_IRQHandler
                0x00001bc8                KBI1_IRQHandler
                0x00001bc8                UART1_SCI1_IRQHandler
 .text.__init_hardware
                0x00001bcc       0x2c ./Project_Settings/Startup_Code/kinetis_sysinit.o
                0x00001bcc                __init_hardware
 .text.__thumb_startup
                0x00001bf8       0x38 ./Project_Settings/Startup_Code/__arm_start.o
                0x00001bf8                __thumb_startup
 .text._ExitProcess
                0x00001c30        0x4 ./Project_Settings/Startup_Code/__arm_end.o
                0x00001c30                _ExitProcess
 .text.lin_lld_uart_set_low_power_mode
                0x00001c34        0xc ./Sources/LIN_Stack/bsp/UART/lin_lld_uart.o
                0x00001c34                lin_lld_uart_set_low_power_mode
 .text.lin_lld_uart_rx_response
                0x00001c40       0x28 ./Sources/LIN_Stack/bsp/UART/lin_lld_uart.o
                0x00001c40                lin_lld_uart_rx_response
 .text.lin_lld_uart_tx_response
                0x00001c68       0x40 ./Sources/LIN_Stack/bsp/UART/lin_lld_uart.o
                0x00001c68                lin_lld_uart_tx_response
 .text.lin_goto_idle_state
                0x00001ca8       0x38 ./Sources/LIN_Stack/bsp/UART/lin_lld_uart.o
                0x00001ca8                lin_goto_idle_state
 .text.lin_lld_uart_timeout
                0x00001ce0      0x124 ./Sources/LIN_Stack/bsp/UART/lin_lld_uart.o
                0x00001ce0                lin_lld_uart_timeout
 .text.lin_lld_uart_ignore_response
                0x00001e04        0x8 ./Sources/LIN_Stack/bsp/UART/lin_lld_uart.o
                0x00001e04                lin_lld_uart_ignore_response
 .text.lin_lld_uart_init
                0x00001e0c       0x6c ./Sources/LIN_Stack/bsp/UART/lin_lld_uart.o
                0x00001e0c                lin_lld_uart_init
 .text.lin_lld_uart_rx_isr
                0x00001e78      0x270 ./Sources/LIN_Stack/bsp/UART/lin_lld_uart.o
                0x00001e78                lin_lld_uart_rx_isr
 .text.lin_lld_timer_K_init
                0x000020e8       0x54 ./Sources/LIN_Stack/bsp/UART/lin_lld_timesrv.o
                0x000020e8                lin_lld_timer_K_init
 .text.lin_lld_timer_isr
                0x0000213c        0x8 ./Sources/LIN_Stack/bsp/UART/lin_lld_timesrv.o
                0x0000213c                lin_lld_timer_isr
 .text.UART0_SCI0_IRQHandler
                0x00002144        0x8 ./Sources/LIN_Stack/bsp/UART/lin_isr.o
                0x00002144                UART0_SCI0_IRQHandler
 *fill*         0x0000214c        0x4 00
 .text.FTM1_IRQHandler
                0x00002150       0x40 ./Sources/LIN_Stack/bsp/UART/lin_isr.o
                0x00002150                FTM1_IRQHandler
 .text.lin_update_word_status_lin21
                0x00002190       0x48 ./Sources/LIN_Stack/coreapi/lin_lin21_proto.o
                0x00002190                lin_update_word_status_lin21
 .text.lin_update_err_signal
                0x000021d8       0x44 ./Sources/LIN_Stack/coreapi/lin_lin21_proto.o
                0x000021d8                lin_update_err_signal
 .text.lin_make_res_evnt_frame
                0x0000221c       0x1c ./Sources/LIN_Stack/coreapi/lin_lin21_proto.o
                0x0000221c                lin_make_res_evnt_frame
 .text.lin_bus_activity_timeout
                0x00002238        0xc ./Sources/LIN_Stack/coreapi/lin_common_proto.o
                0x00002238                lin_bus_activity_timeout
 .text.lin_update_tx_flags
                0x00002244       0x4c ./Sources/LIN_Stack/coreapi/lin_common_proto.o
                0x00002244                lin_update_tx_flags
 .text.lin_update_rx_diag_frame
                0x00002290       0x24 ./Sources/LIN_Stack/coreapi/lin_common_proto.o
                0x00002290                lin_update_rx_diag_frame
 .text.lin_get_frame_index
                0x000022b4       0x28 ./Sources/LIN_Stack/coreapi/lin_common_proto.o
                0x000022b4                lin_get_frame_index
 .text.lin_handle_error
                0x000022dc       0x8c ./Sources/LIN_Stack/coreapi/lin_common_proto.o
                0x000022dc                lin_handle_error
 .text.lin_update_tx
                0x00002368       0x94 ./Sources/LIN_Stack/coreapi/lin_common_proto.o
                0x00002368                lin_update_tx
 .text.lin_process_uncd_frame
                0x000023fc       0x80 ./Sources/LIN_Stack/coreapi/lin_common_proto.o
                0x000023fc                lin_process_uncd_frame
 .text.lin_update_rx
                0x0000247c       0x60 ./Sources/LIN_Stack/coreapi/lin_common_proto.o
                0x0000247c                lin_update_rx
 .text.lin_process_pid
                0x000024dc       0xa4 ./Sources/LIN_Stack/coreapi/lin_common_proto.o
                0x000024dc                lin_process_pid
 .text.l_sys_init
                0x00002580        0xa ./Sources/LIN_Stack/coreapi/lin_common_api.o
                0x00002580                l_sys_init
 .text.l_ifc_init
                0x0000258a        0x8 ./Sources/LIN_Stack/coreapi/lin_common_api.o
                0x0000258a                l_ifc_init
 *fill*         0x00002592        0x2 00
 .text.boot_APP_check
                0x00002594       0x34 ./Sources/LIN_Stack/diagnostic/lin_diagnostic_service.o
                0x00002594                boot_APP_check
 .text.boot_up_check
                0x000025c8       0x28 ./Sources/LIN_Stack/diagnostic/lin_diagnostic_service.o
                0x000025c8                boot_up_check
 .text.lin_diagservice_session_control
                0x000025f0       0x94 ./Sources/LIN_Stack/diagnostic/lin_diagnostic_service.o
                0x000025f0                lin_diagservice_session_control
 .text.lin_diagservice_read_data_by_identifier
                0x00002684       0x48 ./Sources/LIN_Stack/diagnostic/lin_diagnostic_service.o
                0x00002684                lin_diagservice_read_data_by_identifier
 .text.lin_diagservice_service_securityaccess
                0x000026cc       0x2a ./Sources/LIN_Stack/diagnostic/lin_diagnostic_service.o
                0x000026cc                lin_diagservice_service_securityaccess
 *fill*         0x000026f6        0x2 00
 .text.lin_diagservice_request_download
                0x000026f8       0x84 ./Sources/LIN_Stack/diagnostic/lin_diagnostic_service.o
                0x000026f8                lin_diagservice_request_download
 .text.lin_diagservice_transfer_data
                0x0000277c       0xf4 ./Sources/LIN_Stack/diagnostic/lin_diagnostic_service.o
                0x0000277c                lin_diagservice_transfer_data
 .text.lin_diagservice_service_trigger_check
                0x00002870       0x60 ./Sources/LIN_Stack/diagnostic/lin_diagnostic_service.o
                0x00002870                lin_diagservice_service_trigger_check
 .text.lin_diagservice_exit_transfer
                0x000028d0       0x40 ./Sources/LIN_Stack/diagnostic/lin_diagnostic_service.o
                0x000028d0                lin_diagservice_exit_transfer
 .text.lin_lld_init
                0x00002910        0xc ./Sources/LIN_Stack/lowlevel/lin.o
                0x00002910                lin_lld_init
 .text.lin_lld_ignore_response
                0x0000291c        0x8 ./Sources/LIN_Stack/lowlevel/lin.o
                0x0000291c                lin_lld_ignore_response
 .text.lin_lld_set_low_power_mode
                0x00002924        0x8 ./Sources/LIN_Stack/lowlevel/lin.o
                0x00002924                lin_lld_set_low_power_mode
 .text.lin_lld_set_response
                0x0000292c       0x1c ./Sources/LIN_Stack/lowlevel/lin.o
                0x0000292c                lin_lld_set_response
 .text.lin_lld_rx_response
                0x00002948        0xa ./Sources/LIN_Stack/lowlevel/lin.o
                0x00002948                lin_lld_rx_response
 .text.lin_process_parity
                0x00002952       0x52 ./Sources/LIN_Stack/lowlevel/lin.o
                0x00002952                lin_process_parity
 .text.lin_checksum
                0x000029a4       0x2e ./Sources/LIN_Stack/lowlevel/lin.o
                0x000029a4                lin_checksum
 .text.lin_lld_timer_init
                0x000029d2        0x8 ./Sources/LIN_Stack/lowlevel/lin.o
                0x000029d2                lin_lld_timer_init
 *fill*         0x000029da        0x2 00
 .text.lin_tl_make_slaveres_pdu
                0x000029dc      0x110 ./Sources/LIN_Stack/transport/lin_commontl_proto.o
                0x000029dc                lin_tl_make_slaveres_pdu
 .text.lin_tl_attach_service
                0x00002aec       0xbc ./Sources/LIN_Stack/transport/lin_commontl_proto.o
                0x00002aec                lin_tl_attach_service
 .text.tl_put_raw
                0x00002ba8       0x54 ./Sources/LIN_Stack/transport/lin_commontl_proto.o
                0x00002ba8                tl_put_raw
 .text.lin_tl_handler
                0x00002bfc      0x200 ./Sources/LIN_Stack/transport/lin_commontl_proto.o
                0x00002bfc                lin_tl_handler
 .text.tl_get_raw
                0x00002dfc       0x54 ./Sources/LIN_Stack/transport/lin_commontl_proto.o
                0x00002dfc                tl_get_raw
 .text.lin_tl_get_pdu
                0x00002e50       0x28 ./Sources/LIN_Stack/transport/lin_commontl_proto.o
                0x00002e50                lin_tl_get_pdu
 .text.ld_get_raw
                0x00002e78       0x10 ./Sources/LIN_Stack/transport/lin_commontl_api.o
                0x00002e78                ld_get_raw
 .text.ld_receive_message
                0x00002e88       0xf8 ./Sources/LIN_Stack/transport/lin_commontl_api.o
                0x00002e88                ld_receive_message
 .text.Clk_Init
                0x00002f80       0x4c ./Sources/driver/clock/clock.o
                0x00002f80                Clk_Init
 .text.WDOG_Feed
                0x00002fcc       0x1c ./Sources/driver/eeprom/eeprom.o
                0x00002fcc                WDOG_Feed
 .text.FLASH_Init
                0x00002fe8       0x64 ./Sources/driver/eeprom/eeprom.o
                0x00002fe8                FLASH_Init
 .text.FLASH_LaunchCMD
                0x0000304c       0x2c ./Sources/driver/eeprom/eeprom.o
                0x0000304c                FLASH_LaunchCMD
 .text.FLASH_EraseSector
                0x00003078       0x74 ./Sources/driver/eeprom/eeprom.o
                0x00003078                FLASH_EraseSector
 .text.FLASH_Program2LongWords
                0x000030ec       0xac ./Sources/driver/eeprom/eeprom.o
                0x000030ec                FLASH_Program2LongWords
 .text.FLASH_Program1LongWord
                0x00003198       0x90 ./Sources/driver/eeprom/eeprom.o
                0x00003198                FLASH_Program1LongWord
 .text.FLASH_Program
                0x00003228       0x94 ./Sources/driver/eeprom/eeprom.o
                0x00003228                FLASH_Program
 .text.EEPROM_EraseSector
                0x000032bc       0x68 ./Sources/driver/eeprom/eeprom.o
                0x000032bc                EEPROM_EraseSector
 .text.EEPROM_ProgramWord
                0x00003324       0x7c ./Sources/driver/eeprom/eeprom.o
                0x00003324                EEPROM_ProgramWord
 .text.read_data_from_EEPROM
                0x000033a0       0x7c ./Sources/driver/eeprom/eeprom.o
                0x000033a0                read_data_from_EEPROM
 .text.write_data_from_EEPROM
                0x0000341c      0x188 ./Sources/driver/eeprom/eeprom.o
                0x0000341c                write_data_from_EEPROM
 .text.GPIO_Init
                0x000035a4       0x28 ./Sources/driver/gpio/gpio.o
                0x000035a4                GPIO_Init
 .text.Lin_Sys_Init
                0x000035cc       0x28 ./Sources/main.o
                0x000035cc                Lin_Sys_Init
 .text.boot_sysinit
                0x000035f4       0x18 ./Sources/main.o
                0x000035f4                boot_sysinit
 .text.boot_jump_to_APP
                0x0000360c       0x10 ./Sources/main.o
                0x0000360c                boot_jump_to_APP
 .text.startup.main
                0x0000361c       0x84 ./Sources/main.o
                0x0000361c                main
 .text.exit     0x000036a0       0x38 D:/CW11.0/CW MCU v11.0/MCU/ARM_GCC_Support/ewl/lib/armv6-m\libc.a(exit.o)
                0x000036a0                exit
 .text.memset   0x000036d8        0xc D:/CW11.0/CW MCU v11.0/MCU/ARM_GCC_Support/ewl/lib/armv6-m\libc.a(memset.o)
                0x000036d8                memset
 .text.__fill_mem
                0x000036e4       0x7e D:/CW11.0/CW MCU v11.0/MCU/ARM_GCC_Support/ewl/lib/armv6-m\libc.a(__filll_mem.o)
                0x000036e4                __fill_mem
 *fill*         0x00003762        0x2 00
 .text.__init_cpp
                0x00003764       0x48 D:/CW11.0/CW MCU v11.0/MCU/ARM_GCC_Support/ewl/lib/armv6-m\librt.a(gcc_ctor_dtor.o)
                0x00003764                __init_cpp
 .text.__fini_cpp
                0x000037ac       0x34 D:/CW11.0/CW MCU v11.0/MCU/ARM_GCC_Support/ewl/lib/armv6-m\librt.a(gcc_ctor_dtor.o)
                0x000037ac                __fini_cpp
 .text.__destroy_global_chain
                0x000037e0       0x1c D:/CW11.0/CW MCU v11.0/MCU/ARM_GCC_Support/ewl/lib/armv6-m\librt.a(__arm_eabi_init.o)
                0x000037e0                __destroy_global_chain
 .text.__init_registers
                0x000037fc       0x1c D:/CW11.0/CW MCU v11.0/MCU/ARM_GCC_Support/ewl/lib/armv6-m\librt.a(__arm_eabi_init.o)
                0x000037fc                __init_registers
 .text.__init_user
                0x00003818        0x4 D:/CW11.0/CW MCU v11.0/MCU/ARM_GCC_Support/ewl/lib/armv6-m\librt.a(__arm_eabi_init.o)
                0x00003818                __init_user
 .text.__copy_rom_section
                0x0000381c       0x48 D:/CW11.0/CW MCU v11.0/MCU/ARM_GCC_Support/ewl/lib/armv6-m\librt.a(ROMCopy.o)
                0x0000381c                __copy_rom_section
 .text.__copy_rom_sections_to_ram
                0x00003864       0x34 D:/CW11.0/CW MCU v11.0/MCU/ARM_GCC_Support/ewl/lib/armv6-m\librt.a(ROMCopy.o)
                0x00003864                __copy_rom_sections_to_ram
 *(.rodata)
 *(.rodata*)
 .rodata.response_error_byte_offset
                0x00003898        0x1 ./Sources/lin_cfg/lin_cfg.o
                0x00003898                response_error_byte_offset
 .rodata.response_error_bit_offset
                0x00003899        0x1 ./Sources/lin_cfg/lin_cfg.o
                0x00003899                response_error_bit_offset
 .rodata.LI0_response_error_signal
                0x0000389a        0x1 ./Sources/lin_cfg/lin_cfg.o
                0x0000389a                LI0_response_error_signal
 *fill*         0x0000389b        0x1 00
 .rodata.lin_max_frame_res_timeout_val
                0x0000389c       0x10 ./Sources/lin_cfg/lin_cfg.o
                0x0000389c                lin_max_frame_res_timeout_val
 .rodata.lin_frame_tbl
                0x000038ac       0x48 ./Sources/lin_cfg/lin_cfg.o
                0x000038ac                lin_frame_tbl
 .rodata.lin_diag_services_supported
                0x000038f4        0x7 ./Sources/lin_cfg/lin_cfg.o
                0x000038f4                lin_diag_services_supported
 .rodata.response_error
                0x000038fb        0x1 ./Sources/lin_cfg/lin_cfg.o
                0x000038fb                response_error
 *(.glue_7)
 .glue_7        0x00000000        0x0 linker stubs
 *(.glue_7t)
 .glue_7t       0x00000000        0x0 linker stubs
 *(.eh_frame)
 *(.init)
 *(.fini)
                0x000038fc                . = ALIGN (0x4)
                0x000038fc                _etext = .

.vfp11_veneer   0x000038fc        0x0
 .vfp11_veneer  0x00000000        0x0 linker stubs

.v4_bx          0x000038fc        0x0
 .v4_bx         0x00000000        0x0 linker stubs

.iplt           0x000038fc        0x0
 .iplt          0x00000000        0x0 ./Project_Settings/Startup_Code/kinetis_sysinit.o

.rel.dyn        0x000038fc        0x0
 .rel.iplt      0x00000000        0x0 ./Project_Settings/Startup_Code/kinetis_sysinit.o

.ARM.extab
 *(.ARM.extab* .gnu.linkonce.armextab.*)

.ARM            0x000038fc        0x0
                0x000038fc                __exidx_start = .
 *(.ARM.exidx*)
                0x000038fc                __exidx_end = .

.ctors          0x000038fc        0x0
                0x000038fc                __CTOR_LIST__ = .
 *crtbegin.o(.ctors)
 *(EXCLUDE_FILE(*crtend.o) .ctors)
 *(SORT(.ctors.*))
 *(.ctors)
                0x000038fc                __CTOR_END__ = .

.dtors          0x000038fc        0x0
                0x000038fc                __DTOR_LIST__ = .
 *crtbegin.o(.dtors)
 *(EXCLUDE_FILE(*crtend.o) .dtors)
 *(SORT(.dtors.*))
 *(.dtors)
                0x000038fc                __DTOR_END__ = .

.preinit_array  0x000038fc        0x0
                0x000038fc                PROVIDE (__preinit_array_start, .)
 *(.preinit_array*)
                0x000038fc                PROVIDE (__preinit_array_end, .)

.init_array     0x000038fc        0x0
                0x000038fc                PROVIDE (__init_array_start, .)
 *(SORT(.init_array.*))
 *(.init_array*)
                0x000038fc                PROVIDE (__init_array_end, .)

.fini_array     0x000038fc        0x0
                0x000038fc                PROVIDE (__fini_array_start, .)
 *(SORT(.fini_array.*))
 *(.fini_array*)
                0x000038fc                PROVIDE (__fini_array_end, .)
                0x000038fc                ___ROM_AT = .

.mtb            0x1ffffc00        0x0
                0x1ffffc00                . = ALIGN (0x8)
                0x1ffffc00                _mtb_start = .
 *(.mtb_buf)
                0x1ffffc00                . = ALIGN (0x8)
                0x1ffffc00                _mtb_end = .

.data           0x1ffffc00       0x48 load address 0x000038fc
                0x1ffffc00                . = ALIGN (0x4)
                0x1ffffc00                _sdata = .
 *(.data)
 *(.data*)
 .data.state    0x1ffffc00        0x1 ./Sources/LIN_Stack/bsp/UART/lin_lld_uart.o
 .data.ifc      0x1ffffc01        0x1 ./Sources/LIN_Stack/bsp/UART/lin_lld_uart.o
 .data.pid      0x1ffffc02        0x1 ./Sources/LIN_Stack/bsp/UART/lin_lld_uart.o
 .data.APP_check_value
                0x1ffffc03        0x4 ./Sources/LIN_Stack/diagnostic/lin_diagnostic_service.o
                0x1ffffc03                APP_check_value
 *fill*         0x1ffffc07        0x1 00
 .data.lin_tl_rx_queue
                0x1ffffc08       0x10 ./Sources/lin_cfg/lin_cfg.o
                0x1ffffc08                lin_tl_rx_queue
 .data.lin_configured_NAD
                0x1ffffc18        0x1 ./Sources/lin_cfg/lin_cfg.o
                0x1ffffc18                lin_configured_NAD
 *fill*         0x1ffffc19        0x3 00
 .data.lin_tl_tx_queue
                0x1ffffc1c       0x10 ./Sources/lin_cfg/lin_cfg.o
                0x1ffffc1c                lin_tl_tx_queue
 .data.tl_service_status
                0x1ffffc2c        0x1 ./Sources/lin_cfg/lin_cfg.o
                0x1ffffc2c                tl_service_status
 .data.lin_pFrameBuf
                0x1ffffc2d       0x12 ./Sources/lin_cfg/lin_cfg.o
                0x1ffffc2d                lin_pFrameBuf
 .data.lin_configuration_RAM
                0x1ffffc3f        0x8 ./Sources/lin_cfg/lin_cfg.o
                0x1ffffc3f                lin_configuration_RAM
                0x1ffffc48                . = ALIGN (0x4)
 *fill*         0x1ffffc47        0x1 00
                0x1ffffc48                _edata = .
                0x00000048                ___data_size = (_edata - _sdata)

.igot.plt       0x1ffffc48        0x0 load address 0x00003944
 .igot.plt      0x00000000        0x0 ./Project_Settings/Startup_Code/kinetis_sysinit.o
                0x1ffffc48                . = ALIGN (0x4)

.bss            0x1ffffc48      0x160 load address 0x00003944
                0x1ffffc48                __START_BSS = .
                0x1ffffc48                PROVIDE (__bss_start__, __START_BSS)
 *(.bss)
 *(.bss*)
 .bss.argv      0x1ffffc48        0x4 ./Project_Settings/Startup_Code/__arm_start.o
 .bss.l_status  0x1ffffc4c        0x1 ./Sources/LIN_Stack/bsp/UART/lin_lld_uart.o
 *fill*         0x1ffffc4d        0x1 00
 .bss.idle_timeout_cnt
                0x1ffffc4e        0x2 ./Sources/LIN_Stack/bsp/UART/lin_lld_uart.o
 .bss.ptr       0x1ffffc50        0x4 ./Sources/LIN_Stack/bsp/UART/lin_lld_uart.o
 .bss.response_buffer
                0x1ffffc54        0x4 ./Sources/LIN_Stack/bsp/UART/lin_lld_uart.o
 .bss.frame_timeout_cnt
                0x1ffffc58        0x2 ./Sources/LIN_Stack/bsp/UART/lin_lld_uart.o
 .bss.tbit      0x1ffffc5a        0x2 ./Sources/LIN_Stack/bsp/UART/lin_lld_uart.o
 .bss.res_frame_timeout_cnt
                0x1ffffc5c        0x2 ./Sources/LIN_Stack/bsp/UART/lin_lld_uart.o
 .bss.cnt_byte  0x1ffffc5e        0x1 ./Sources/LIN_Stack/bsp/UART/lin_lld_uart.o
 .bss.current_id
                0x1ffffc5f        0x1 ./Sources/LIN_Stack/bsp/UART/lin_lld_uart.o
 .bss.service_flash_read
                0x1ffffc60       0x32 ./Sources/LIN_Stack/diagnostic/lin_diagnostic_service.o
                0x1ffffc60                service_flash_read
 .bss.updata_length
                0x1ffffc92        0x2 ./Sources/LIN_Stack/diagnostic/lin_diagnostic_service.o
                0x1ffffc92                updata_length
 .bss.updata_flash_ID
                0x1ffffc94        0x2 ./Sources/LIN_Stack/diagnostic/lin_diagnostic_service.o
                0x1ffffc94                updata_flash_ID
 .bss.tl_diag_state
                0x1ffffc96        0x1 ./Sources/lin_cfg/lin_cfg.o
                0x1ffffc96                tl_diag_state
 .bss.lin_flag_handle_tbl
                0x1ffffc97        0x6 ./Sources/lin_cfg/lin_cfg.o
                0x1ffffc97                lin_flag_handle_tbl
 .bss.tl_slaveresp_cnt
                0x1ffffc9d        0x1 ./Sources/lin_cfg/lin_cfg.o
                0x1ffffc9d                tl_slaveresp_cnt
 .bss.lin_save_configuration_flg
                0x1ffffc9e        0x1 ./Sources/lin_cfg/lin_cfg.o
                0x1ffffc9e                lin_save_configuration_flg
 .bss.lin_frame_flag_tbl
                0x1ffffc9f        0x6 ./Sources/lin_cfg/lin_cfg.o
                0x1ffffc9f                lin_frame_flag_tbl
 .bss.lin_diag_services_flag
                0x1ffffca5        0x7 ./Sources/lin_cfg/lin_cfg.o
                0x1ffffca5                lin_diag_services_flag
 .bss.u16Err_1  0x1ffffcac        0x2 ./Sources/main.o
                0x1ffffcac                u16Err_1
 *fill*         0x1ffffcae        0x2 00
 .bss.__stdio_exit
                0x1ffffcb0        0x4 D:/CW11.0/CW MCU v11.0/MCU/ARM_GCC_Support/ewl/lib/armv6-m\libc.a(exit.o)
                0x1ffffcb0                __stdio_exit
 .bss.__console_exit
                0x1ffffcb4        0x4 D:/CW11.0/CW MCU v11.0/MCU/ARM_GCC_Support/ewl/lib/armv6-m\libc.a(exit.o)
                0x1ffffcb4                __console_exit
 .bss.__global_destructor_chain
                0x1ffffcb8        0x4 D:/CW11.0/CW MCU v11.0/MCU/ARM_GCC_Support/ewl/lib/armv6-m\librt.a(__arm_eabi_init.o)
                0x1ffffcb8                __global_destructor_chain
 .bss.__S_romp  0x1ffffcbc        0xc D:/CW11.0/CW MCU v11.0/MCU/ARM_GCC_Support/ewl/lib/armv6-m\librt.a(ROMCopy.o)
 *(COMMON)
 COMMON         0x1ffffcc8        0x2 ./Sources/LIN_Stack/coreapi/lin_common_proto.o
                0x1ffffcc8                frame_signal_error
                0x1ffffcc9                frame_index
 COMMON         0x1ffffcca       0x40 ./Sources/LIN_Stack/diagnostic/lin_diagnostic_service.o
                0x1ffffcca                data_cn1
                0x1ffffccc                boot_flashdata_last_cn
                0x1ffffcce                diagnostic_Session
                0x1ffffccf                boot_write_flash
                0x1ffffd01                data_cn2
                0x1ffffd02                diagnostic_Session_flg
                0x1ffffd04                diagnostic_Session_timer
                0x1ffffd06                diagnostic_Session_pre
                0x1ffffd08                boot_flashdata_cn
 *fill*         0x1ffffd0a        0x2 00
 COMMON         0x1ffffd0c       0x9b ./Sources/lin_cfg/lin_cfg.o
                0x1ffffd0c                tl_rx_msg_status
                0x1ffffd0d                tl_ld_error_code
                0x1ffffd0e                tl_receive_msg_status
                0x1ffffd10                tl_check_timeout
                0x1ffffd12                tl_rx_queue_data
                0x1ffffd42                tl_frame_counter
                0x1ffffd43                tl_tx_queue_data
                0x1ffffd74                tl_tx_msg_size
                0x1ffffd76                tl_last_cfg_result
                0x1ffffd77                tl_tx_msg_status
                0x1ffffd78                tl_last_RSID
                0x1ffffd79                lin_successful_transfer
                0x1ffffd7a                tl_rx_msg_index
                0x1ffffd7c                tl_no_of_pdu
                0x1ffffd7d                lin_diag_signal_tbl
                0x1ffffd8d                lin_goto_sleep_flg
                0x1ffffd8e                tl_rx_msg_size
                0x1ffffd90                lin_word_status
                0x1ffffd92                tl_tx_msg_index
                0x1ffffd94                tl_check_timeout_type
                0x1ffffd95                lin_current_pid
                0x1ffffd98                tl_ident_data
                0x1ffffd9c                lin_error_in_response
                0x1ffffd9d                lin_lld_response_buffer
 COMMON         0x1ffffda7        0x1 ./Sources/main.o
                0x1ffffda7                boot_status_flag
                0x1ffffda8                . = ALIGN (0x4)
                0x1ffffda8                __END_BSS = .
                0x1ffffda8                PROVIDE (__bss_end__, __END_BSS)
                0x00003944                _romp_at = (___ROM_AT + SIZEOF (.data))

.romp           0x1ffffda8       0x18 load address 0x00003944
                0x00003944                __S_romp = _romp_at
                0x1ffffda8        0x4 LONG 0x38fc ___ROM_AT
                0x1ffffdac        0x4 LONG 0x1ffffc00 _sdata
                0x1ffffdb0        0x4 LONG 0x48 ___data_size
                0x1ffffdb4        0x4 LONG 0x0
                0x1ffffdb8        0x4 LONG 0x0
                0x1ffffdbc        0x4 LONG 0x0

._user_heap_stack
                0x1ffffdc0      0x200 load address 0x0000395c
                0x1ffffdc0                . = ALIGN (0x4)
                0x1ffffdc0                PROVIDE (end, .)
                0x1ffffdc0                PROVIDE (_end, .)
                0x1ffffdc0                __heap_addr = .
                0x1ffffec0                . = (. + __heap_size)
 *fill*         0x1ffffdc0      0x100 00
                0x1fffffc0                . = (. + __stack_size)
 *fill*         0x1ffffec0      0x100 00
                0x1fffffc0                . = ALIGN (0x4)

.ARM.attributes
                0x00000000       0x31
 *(.ARM.attributes)
 .ARM.attributes
                0x00000000       0x31 ./Project_Settings/Startup_Code/kinetis_sysinit.o
 .ARM.attributes
                0x00000031       0x31 ./Project_Settings/Startup_Code/__arm_start.o
 .ARM.attributes
                0x00000062       0x31 ./Project_Settings/Startup_Code/__arm_end.o
 .ARM.attributes
                0x00000093       0x31 ./Sources/LIN_Stack/bsp/UART/lin_lld_uart.o
 .ARM.attributes
                0x000000c4       0x31 ./Sources/LIN_Stack/bsp/UART/lin_lld_timesrv.o
 .ARM.attributes
                0x000000f5       0x31 ./Sources/LIN_Stack/bsp/UART/lin_isr.o
 .ARM.attributes
                0x00000126       0x31 ./Sources/LIN_Stack/coreapi/lin_lin21_proto.o
 .ARM.attributes
                0x00000157       0x31 ./Sources/LIN_Stack/coreapi/lin_common_proto.o
 .ARM.attributes
                0x00000188       0x31 ./Sources/LIN_Stack/coreapi/lin_common_api.o
 .ARM.attributes
                0x000001b9       0x31 ./Sources/LIN_Stack/diagnostic/lin_diagnostic_service.o
 .ARM.attributes
                0x000001ea       0x31 ./Sources/LIN_Stack/lowlevel/lin.o
 .ARM.attributes
                0x0000021b       0x31 ./Sources/LIN_Stack/transport/lin_commontl_proto.o
 .ARM.attributes
                0x0000024c       0x31 ./Sources/LIN_Stack/transport/lin_commontl_api.o
 .ARM.attributes
                0x0000027d       0x31 ./Sources/driver/clock/clock.o
 .ARM.attributes
                0x000002ae       0x31 ./Sources/driver/eeprom/eeprom.o
 .ARM.attributes
                0x000002df       0x31 ./Sources/driver/gpio/gpio.o
 .ARM.attributes
                0x00000310       0x31 ./Sources/lin_cfg/lin_cfg.o
 .ARM.attributes
                0x00000341       0x31 ./Sources/main.o
 .ARM.attributes
                0x00000372       0x31 D:/CW11.0/CW MCU v11.0/MCU/ARM_GCC_Support/ewl/lib/armv6-m\libc.a(exit.o)
 .ARM.attributes
                0x000003a3       0x31 D:/CW11.0/CW MCU v11.0/MCU/ARM_GCC_Support/ewl/lib/armv6-m\libc.a(memset.o)
 .ARM.attributes
                0x000003d4       0x31 D:/CW11.0/CW MCU v11.0/MCU/ARM_GCC_Support/ewl/lib/armv6-m\libc.a(__filll_mem.o)
 .ARM.attributes
                0x00000405       0x1e d:/cw11.0/cw mcu v11.0/cross_tools/arm-none-eabi-gcc-4_7_3/bin/../lib/gcc/arm-none-eabi/4.7.3/armv6-m\libgcc.a(_thumb1_case_uqi.o)
 .ARM.attributes
                0x00000423       0x1e d:/cw11.0/cw mcu v11.0/cross_tools/arm-none-eabi-gcc-4_7_3/bin/../lib/gcc/arm-none-eabi/4.7.3/armv6-m\libgcc.a(_udivsi3.o)
 .ARM.attributes
                0x00000441       0x1e d:/cw11.0/cw mcu v11.0/cross_tools/arm-none-eabi-gcc-4_7_3/bin/../lib/gcc/arm-none-eabi/4.7.3/armv6-m\libgcc.a(_divsi3.o)
 .ARM.attributes
                0x0000045f       0x1e d:/cw11.0/cw mcu v11.0/cross_tools/arm-none-eabi-gcc-4_7_3/bin/../lib/gcc/arm-none-eabi/4.7.3/armv6-m\libgcc.a(_dvmd_tls.o)
 .ARM.attributes
                0x0000047d       0x2c d:/cw11.0/cw mcu v11.0/cross_tools/arm-none-eabi-gcc-4_7_3/bin/../lib/gcc/arm-none-eabi/4.7.3/armv6-m\libgcc.a(_fixunsdfsi.o)
 .ARM.attributes
                0x000004a9       0x2c d:/cw11.0/cw mcu v11.0/cross_tools/arm-none-eabi-gcc-4_7_3/bin/../lib/gcc/arm-none-eabi/4.7.3/armv6-m\libgcc.a(adddf3.o)
 .ARM.attributes
                0x000004d5       0x2c d:/cw11.0/cw mcu v11.0/cross_tools/arm-none-eabi-gcc-4_7_3/bin/../lib/gcc/arm-none-eabi/4.7.3/armv6-m\libgcc.a(subdf3.o)
 .ARM.attributes
                0x00000501       0x2c d:/cw11.0/cw mcu v11.0/cross_tools/arm-none-eabi-gcc-4_7_3/bin/../lib/gcc/arm-none-eabi/4.7.3/armv6-m\libgcc.a(fixdfsi.o)
 .ARM.attributes
                0x0000052d       0x2c d:/cw11.0/cw mcu v11.0/cross_tools/arm-none-eabi-gcc-4_7_3/bin/../lib/gcc/arm-none-eabi/4.7.3/armv6-m\libgcc.a(floatunsidf.o)
 .ARM.attributes
                0x00000559       0x1e d:/cw11.0/cw mcu v11.0/cross_tools/arm-none-eabi-gcc-4_7_3/bin/../lib/gcc/arm-none-eabi/4.7.3/armv6-m\libgcc.a(_arm_cmpdf2.o)
 .ARM.attributes
                0x00000577       0x1e d:/cw11.0/cw mcu v11.0/cross_tools/arm-none-eabi-gcc-4_7_3/bin/../lib/gcc/arm-none-eabi/4.7.3/armv6-m\libgcc.a(_clzsi2.o)
 .ARM.attributes
                0x00000595       0x2c d:/cw11.0/cw mcu v11.0/cross_tools/arm-none-eabi-gcc-4_7_3/bin/../lib/gcc/arm-none-eabi/4.7.3/armv6-m\libgcc.a(eqdf2.o)
 .ARM.attributes
                0x000005c1       0x2c d:/cw11.0/cw mcu v11.0/cross_tools/arm-none-eabi-gcc-4_7_3/bin/../lib/gcc/arm-none-eabi/4.7.3/armv6-m\libgcc.a(gedf2.o)
 .ARM.attributes
                0x000005ed       0x2c d:/cw11.0/cw mcu v11.0/cross_tools/arm-none-eabi-gcc-4_7_3/bin/../lib/gcc/arm-none-eabi/4.7.3/armv6-m\libgcc.a(ledf2.o)
 .ARM.attributes
                0x00000619       0x31 D:/CW11.0/CW MCU v11.0/MCU/ARM_GCC_Support/ewl/lib/armv6-m\librt.a(gcc_ctor_dtor.o)
 .ARM.attributes
                0x0000064a       0x31 D:/CW11.0/CW MCU v11.0/MCU/ARM_GCC_Support/ewl/lib/armv6-m\librt.a(__arm_eabi_init.o)
 .ARM.attributes
                0x0000067b       0x31 D:/CW11.0/CW MCU v11.0/MCU/ARM_GCC_Support/ewl/lib/armv6-m\librt.a(ROMCopy.o)
OUTPUT(RLS.elf elf32-littlearm)

.debug_info     0x00000000     0x5ec6
 .debug_info    0x00000000      0x385 ./Project_Settings/Startup_Code/kinetis_sysinit.o
 .debug_info    0x00000385      0x148 ./Project_Settings/Startup_Code/__arm_start.o
 .debug_info    0x000004cd       0x53 ./Project_Settings/Startup_Code/__arm_end.o
 .debug_info    0x00000520      0xd1e ./Sources/LIN_Stack/bsp/UART/lin_lld_uart.o
 .debug_info    0x0000123e      0x54c ./Sources/LIN_Stack/bsp/UART/lin_lld_timesrv.o
 .debug_info    0x0000178a      0x2a0 ./Sources/LIN_Stack/bsp/UART/lin_isr.o
 .debug_info    0x00001a2a      0x378 ./Sources/LIN_Stack/coreapi/lin_lin21_proto.o
 .debug_info    0x00001da2      0x820 ./Sources/LIN_Stack/coreapi/lin_common_proto.o
 .debug_info    0x000025c2      0x337 ./Sources/LIN_Stack/coreapi/lin_common_api.o
 .debug_info    0x000028f9      0x4f2 ./Sources/LIN_Stack/diagnostic/lin_diagnostic_service.o
 .debug_info    0x00002deb      0x363 ./Sources/LIN_Stack/lowlevel/lin.o
 .debug_info    0x0000314e      0x648 ./Sources/LIN_Stack/transport/lin_commontl_proto.o
 .debug_info    0x00003796      0x65b ./Sources/LIN_Stack/transport/lin_commontl_api.o
 .debug_info    0x00003df1       0xf2 ./Sources/driver/clock/clock.o
 .debug_info    0x00003ee3      0x7ac ./Sources/driver/eeprom/eeprom.o
 .debug_info    0x0000468f      0x1a3 ./Sources/driver/gpio/gpio.o
 .debug_info    0x00004832      0x9e6 ./Sources/lin_cfg/lin_cfg.o
 .debug_info    0x00005218      0x419 ./Sources/main.o
 .debug_info    0x00005631       0xe8 D:/CW11.0/CW MCU v11.0/MCU/ARM_GCC_Support/ewl/lib/armv6-m\libc.a(exit.o)
 .debug_info    0x00005719       0xec D:/CW11.0/CW MCU v11.0/MCU/ARM_GCC_Support/ewl/lib/armv6-m\libc.a(memset.o)
 .debug_info    0x00005805      0x137 D:/CW11.0/CW MCU v11.0/MCU/ARM_GCC_Support/ewl/lib/armv6-m\libc.a(__filll_mem.o)
 .debug_info    0x0000593c      0x136 D:/CW11.0/CW MCU v11.0/MCU/ARM_GCC_Support/ewl/lib/armv6-m\librt.a(gcc_ctor_dtor.o)
 .debug_info    0x00005a72      0x2b9 D:/CW11.0/CW MCU v11.0/MCU/ARM_GCC_Support/ewl/lib/armv6-m\librt.a(__arm_eabi_init.o)
 .debug_info    0x00005d2b      0x19b D:/CW11.0/CW MCU v11.0/MCU/ARM_GCC_Support/ewl/lib/armv6-m\librt.a(ROMCopy.o)

.debug_abbrev   0x00000000     0x1c58
 .debug_abbrev  0x00000000      0x133 ./Project_Settings/Startup_Code/kinetis_sysinit.o
 .debug_abbrev  0x00000133       0xc2 ./Project_Settings/Startup_Code/__arm_start.o
 .debug_abbrev  0x000001f5       0x4c ./Project_Settings/Startup_Code/__arm_end.o
 .debug_abbrev  0x00000241      0x2c8 ./Sources/LIN_Stack/bsp/UART/lin_lld_uart.o
 .debug_abbrev  0x00000509      0x10c ./Sources/LIN_Stack/bsp/UART/lin_lld_timesrv.o
 .debug_abbrev  0x00000615       0xb1 ./Sources/LIN_Stack/bsp/UART/lin_isr.o
 .debug_abbrev  0x000006c6      0x11a ./Sources/LIN_Stack/coreapi/lin_lin21_proto.o
 .debug_abbrev  0x000007e0      0x1e9 ./Sources/LIN_Stack/coreapi/lin_common_proto.o
 .debug_abbrev  0x000009c9      0x158 ./Sources/LIN_Stack/coreapi/lin_common_api.o
 .debug_abbrev  0x00000b21      0x18b ./Sources/LIN_Stack/diagnostic/lin_diagnostic_service.o
 .debug_abbrev  0x00000cac      0x145 ./Sources/LIN_Stack/lowlevel/lin.o
 .debug_abbrev  0x00000df1      0x1fd ./Sources/LIN_Stack/transport/lin_commontl_proto.o
 .debug_abbrev  0x00000fee      0x1bb ./Sources/LIN_Stack/transport/lin_commontl_api.o
 .debug_abbrev  0x000011a9       0x85 ./Sources/driver/clock/clock.o
 .debug_abbrev  0x0000122e      0x24d ./Sources/driver/eeprom/eeprom.o
 .debug_abbrev  0x0000147b       0x85 ./Sources/driver/gpio/gpio.o
 .debug_abbrev  0x00001500      0x138 ./Sources/lin_cfg/lin_cfg.o
 .debug_abbrev  0x00001638      0x160 ./Sources/main.o
 .debug_abbrev  0x00001798       0x7a D:/CW11.0/CW MCU v11.0/MCU/ARM_GCC_Support/ewl/lib/armv6-m\libc.a(exit.o)
 .debug_abbrev  0x00001812       0x62 D:/CW11.0/CW MCU v11.0/MCU/ARM_GCC_Support/ewl/lib/armv6-m\libc.a(memset.o)
 .debug_abbrev  0x00001874       0x78 D:/CW11.0/CW MCU v11.0/MCU/ARM_GCC_Support/ewl/lib/armv6-m\libc.a(__filll_mem.o)
 .debug_abbrev  0x000018ec       0x99 D:/CW11.0/CW MCU v11.0/MCU/ARM_GCC_Support/ewl/lib/armv6-m\librt.a(gcc_ctor_dtor.o)
 .debug_abbrev  0x00001985      0x1b3 D:/CW11.0/CW MCU v11.0/MCU/ARM_GCC_Support/ewl/lib/armv6-m\librt.a(__arm_eabi_init.o)
 .debug_abbrev  0x00001b38      0x120 D:/CW11.0/CW MCU v11.0/MCU/ARM_GCC_Support/ewl/lib/armv6-m\librt.a(ROMCopy.o)

.debug_aranges  0x00000000      0x630
 .debug_aranges
                0x00000000       0x28 ./Project_Settings/Startup_Code/kinetis_sysinit.o
 .debug_aranges
                0x00000028       0x28 ./Project_Settings/Startup_Code/__arm_start.o
 .debug_aranges
                0x00000050       0x20 ./Project_Settings/Startup_Code/__arm_end.o
 .debug_aranges
                0x00000070       0x88 ./Sources/LIN_Stack/bsp/UART/lin_lld_uart.o
 .debug_aranges
                0x000000f8       0x28 ./Sources/LIN_Stack/bsp/UART/lin_lld_timesrv.o
 .debug_aranges
                0x00000120       0x28 ./Sources/LIN_Stack/bsp/UART/lin_isr.o
 .debug_aranges
                0x00000148       0x30 ./Sources/LIN_Stack/coreapi/lin_lin21_proto.o
 .debug_aranges
                0x00000178       0x68 ./Sources/LIN_Stack/coreapi/lin_common_proto.o
 .debug_aranges
                0x000001e0       0x68 ./Sources/LIN_Stack/coreapi/lin_common_api.o
 .debug_aranges
                0x00000248       0x70 ./Sources/LIN_Stack/diagnostic/lin_diagnostic_service.o
 .debug_aranges
                0x000002b8       0xa0 ./Sources/LIN_Stack/lowlevel/lin.o
 .debug_aranges
                0x00000358       0x48 ./Sources/LIN_Stack/transport/lin_commontl_proto.o
 .debug_aranges
                0x000003a0       0x70 ./Sources/LIN_Stack/transport/lin_commontl_api.o
 .debug_aranges
                0x00000410       0x20 ./Sources/driver/clock/clock.o
 .debug_aranges
                0x00000430       0x70 ./Sources/driver/eeprom/eeprom.o
 .debug_aranges
                0x000004a0       0x20 ./Sources/driver/gpio/gpio.o
 .debug_aranges
                0x000004c0       0x20 ./Sources/lin_cfg/lin_cfg.o
 .debug_aranges
                0x000004e0       0x40 ./Sources/main.o
 .debug_aranges
                0x00000520       0x20 D:/CW11.0/CW MCU v11.0/MCU/ARM_GCC_Support/ewl/lib/armv6-m\libc.a(exit.o)
 .debug_aranges
                0x00000540       0x20 D:/CW11.0/CW MCU v11.0/MCU/ARM_GCC_Support/ewl/lib/armv6-m\libc.a(memset.o)
 .debug_aranges
                0x00000560       0x20 D:/CW11.0/CW MCU v11.0/MCU/ARM_GCC_Support/ewl/lib/armv6-m\libc.a(__filll_mem.o)
 .debug_aranges
                0x00000580       0x28 D:/CW11.0/CW MCU v11.0/MCU/ARM_GCC_Support/ewl/lib/armv6-m\librt.a(gcc_ctor_dtor.o)
 .debug_aranges
                0x000005a8       0x58 D:/CW11.0/CW MCU v11.0/MCU/ARM_GCC_Support/ewl/lib/armv6-m\librt.a(__arm_eabi_init.o)
 .debug_aranges
                0x00000600       0x30 D:/CW11.0/CW MCU v11.0/MCU/ARM_GCC_Support/ewl/lib/armv6-m\librt.a(ROMCopy.o)

.debug_macinfo  0x00000000   0x21b38d
 .debug_macinfo
                0x00000000    0x1a1bc ./Project_Settings/Startup_Code/kinetis_sysinit.o
 .debug_macinfo
                0x0001a1bc     0x3e82 ./Project_Settings/Startup_Code/__arm_start.o
 .debug_macinfo
                0x0001e03e     0x346b ./Project_Settings/Startup_Code/__arm_end.o
 .debug_macinfo
                0x000214a9    0x2356d ./Sources/LIN_Stack/bsp/UART/lin_lld_uart.o
 .debug_macinfo
                0x00044a16    0x23569 ./Sources/LIN_Stack/bsp/UART/lin_lld_timesrv.o
 .debug_macinfo
                0x00067f7f    0x23529 ./Sources/LIN_Stack/bsp/UART/lin_isr.o
 .debug_macinfo
                0x0008b4a8    0x234a2 ./Sources/LIN_Stack/coreapi/lin_lin21_proto.o
 .debug_macinfo
                0x000ae94a    0x237b9 ./Sources/LIN_Stack/coreapi/lin_common_proto.o
 .debug_macinfo
                0x000d2103    0x2348c ./Sources/LIN_Stack/coreapi/lin_common_api.o
 .debug_macinfo
                0x000f558f    0x23cd4 ./Sources/LIN_Stack/diagnostic/lin_diagnostic_service.o
 .debug_macinfo
                0x00119263    0x2352d ./Sources/LIN_Stack/lowlevel/lin.o
 .debug_macinfo
                0x0013c790    0x23d5e ./Sources/LIN_Stack/transport/lin_commontl_proto.o
 .debug_macinfo
                0x001604ee    0x237b5 ./Sources/LIN_Stack/transport/lin_commontl_api.o
 .debug_macinfo
                0x00183ca3    0x1a1bc ./Sources/driver/clock/clock.o
 .debug_macinfo
                0x0019de5f    0x1a7e8 ./Sources/driver/eeprom/eeprom.o
 .debug_macinfo
                0x001b8647    0x1a1f8 ./Sources/driver/gpio/gpio.o
 .debug_macinfo
                0x001d283f    0x2344c ./Sources/lin_cfg/lin_cfg.o
 .debug_macinfo
                0x001f5c8b    0x25702 ./Sources/main.o

.debug_line     0x00000000     0x4a79
 .debug_line    0x00000000      0x211 ./Project_Settings/Startup_Code/kinetis_sysinit.o
 .debug_line    0x00000211      0x287 ./Project_Settings/Startup_Code/__arm_start.o
 .debug_line    0x00000498      0x259 ./Project_Settings/Startup_Code/__arm_end.o
 .debug_line    0x000006f1      0x581 ./Sources/LIN_Stack/bsp/UART/lin_lld_uart.o
 .debug_line    0x00000c72      0x39b ./Sources/LIN_Stack/bsp/UART/lin_lld_timesrv.o
 .debug_line    0x0000100d      0x325 ./Sources/LIN_Stack/bsp/UART/lin_isr.o
 .debug_line    0x00001332      0x399 ./Sources/LIN_Stack/coreapi/lin_lin21_proto.o
 .debug_line    0x000016cb      0x4ea ./Sources/LIN_Stack/coreapi/lin_common_proto.o
 .debug_line    0x00001bb5      0x3f5 ./Sources/LIN_Stack/coreapi/lin_common_api.o
 .debug_line    0x00001faa      0x58f ./Sources/LIN_Stack/diagnostic/lin_diagnostic_service.o
 .debug_line    0x00002539      0x444 ./Sources/LIN_Stack/lowlevel/lin.o
 .debug_line    0x0000297d      0x5d9 ./Sources/LIN_Stack/transport/lin_commontl_proto.o
 .debug_line    0x00002f56      0x56b ./Sources/LIN_Stack/transport/lin_commontl_api.o
 .debug_line    0x000034c1      0x1e4 ./Sources/driver/clock/clock.o
 .debug_line    0x000036a5      0x50f ./Sources/driver/eeprom/eeprom.o
 .debug_line    0x00003bb4      0x1da ./Sources/driver/gpio/gpio.o
 .debug_line    0x00003d8e      0x2fd ./Sources/lin_cfg/lin_cfg.o
 .debug_line    0x0000408b      0x59b ./Sources/main.o
 .debug_line    0x00004626       0x8d D:/CW11.0/CW MCU v11.0/MCU/ARM_GCC_Support/ewl/lib/armv6-m\libc.a(exit.o)
 .debug_line    0x000046b3       0x90 D:/CW11.0/CW MCU v11.0/MCU/ARM_GCC_Support/ewl/lib/armv6-m\libc.a(memset.o)
 .debug_line    0x00004743       0xf6 D:/CW11.0/CW MCU v11.0/MCU/ARM_GCC_Support/ewl/lib/armv6-m\libc.a(__filll_mem.o)
 .debug_line    0x00004839       0x6c D:/CW11.0/CW MCU v11.0/MCU/ARM_GCC_Support/ewl/lib/armv6-m\librt.a(gcc_ctor_dtor.o)
 .debug_line    0x000048a5      0x117 D:/CW11.0/CW MCU v11.0/MCU/ARM_GCC_Support/ewl/lib/armv6-m\librt.a(__arm_eabi_init.o)
 .debug_line    0x000049bc       0xbd D:/CW11.0/CW MCU v11.0/MCU/ARM_GCC_Support/ewl/lib/armv6-m\librt.a(ROMCopy.o)

.debug_str      0x00000000     0x271e
 .debug_str     0x00000000      0x243 ./Project_Settings/Startup_Code/kinetis_sysinit.o
                                0x26a (size before relaxing)
 .debug_str     0x00000243       0x85 ./Project_Settings/Startup_Code/__arm_start.o
                                0x19e (size before relaxing)
 .debug_str     0x000002c8       0x3a ./Project_Settings/Startup_Code/__arm_end.o
                                 0xd5 (size before relaxing)
 .debug_str     0x00000302      0x7ef ./Sources/LIN_Stack/bsp/UART/lin_lld_uart.o
                                0x958 (size before relaxing)
 .debug_str     0x00000af1      0x382 ./Sources/LIN_Stack/bsp/UART/lin_lld_timesrv.o
                                0x528 (size before relaxing)
 .debug_str     0x00000e73       0x4e ./Sources/LIN_Stack/bsp/UART/lin_isr.o
                                0x21e (size before relaxing)
 .debug_str     0x00000ec1      0x267 ./Sources/LIN_Stack/coreapi/lin_lin21_proto.o
                                0x3ca (size before relaxing)
 .debug_str     0x00001128      0x4ab ./Sources/LIN_Stack/coreapi/lin_common_proto.o
                                0xa2f (size before relaxing)
 .debug_str     0x000015d3       0xc5 ./Sources/LIN_Stack/coreapi/lin_common_api.o
                                0x29e (size before relaxing)
 .debug_str     0x00001698      0x291 ./Sources/LIN_Stack/diagnostic/lin_diagnostic_service.o
                                0x415 (size before relaxing)
 .debug_str     0x00001929      0x225 ./Sources/LIN_Stack/lowlevel/lin.o
                                0x389 (size before relaxing)
 .debug_str     0x00001b4e      0x184 ./Sources/LIN_Stack/transport/lin_commontl_proto.o
                                0x678 (size before relaxing)
 .debug_str     0x00001cd2      0x1ae ./Sources/LIN_Stack/transport/lin_commontl_api.o
                                0x6ab (size before relaxing)
 .debug_str     0x00001e80       0x42 ./Sources/driver/clock/clock.o
                                0x151 (size before relaxing)
 .debug_str     0x00001ec2      0x2a4 ./Sources/driver/eeprom/eeprom.o
                                0x444 (size before relaxing)
 .debug_str     0x00002166       0x66 ./Sources/driver/gpio/gpio.o
                                0x1b9 (size before relaxing)
 .debug_str     0x000021cc      0x147 ./Sources/lin_cfg/lin_cfg.o
                                0xbaa (size before relaxing)
 .debug_str     0x00002313       0xb4 ./Sources/main.o
                                0x4e8 (size before relaxing)
 .debug_str     0x000023c7       0x4e D:/CW11.0/CW MCU v11.0/MCU/ARM_GCC_Support/ewl/lib/armv6-m\libc.a(exit.o)
                                0x157 (size before relaxing)
 .debug_str     0x00002415       0x23 D:/CW11.0/CW MCU v11.0/MCU/ARM_GCC_Support/ewl/lib/armv6-m\libc.a(memset.o)
                                0x140 (size before relaxing)
 .debug_str     0x00002438       0x2d D:/CW11.0/CW MCU v11.0/MCU/ARM_GCC_Support/ewl/lib/armv6-m\libc.a(__filll_mem.o)
                                0x152 (size before relaxing)
 .debug_str     0x00002465      0x126 D:/CW11.0/CW MCU v11.0/MCU/ARM_GCC_Support/ewl/lib/armv6-m\librt.a(gcc_ctor_dtor.o)
                                0x181 (size before relaxing)
 .debug_str     0x0000258b       0xf8 D:/CW11.0/CW MCU v11.0/MCU/ARM_GCC_Support/ewl/lib/armv6-m\librt.a(__arm_eabi_init.o)
                                0x1b5 (size before relaxing)
 .debug_str     0x00002683       0x9b D:/CW11.0/CW MCU v11.0/MCU/ARM_GCC_Support/ewl/lib/armv6-m\librt.a(ROMCopy.o)
                                0x13c (size before relaxing)

.comment        0x00000000       0x79
 .comment       0x00000000       0x79 ./Project_Settings/Startup_Code/kinetis_sysinit.o
                                 0x7a (size before relaxing)
 .comment       0x00000000       0x7a ./Project_Settings/Startup_Code/__arm_start.o
 .comment       0x00000000       0x7a ./Project_Settings/Startup_Code/__arm_end.o
 .comment       0x00000000       0x7a ./Sources/LIN_Stack/bsp/UART/lin_lld_uart.o
 .comment       0x00000000       0x7a ./Sources/LIN_Stack/bsp/UART/lin_lld_timesrv.o
 .comment       0x00000000       0x7a ./Sources/LIN_Stack/bsp/UART/lin_isr.o
 .comment       0x00000000       0x7a ./Sources/LIN_Stack/coreapi/lin_lin21_proto.o
 .comment       0x00000000       0x7a ./Sources/LIN_Stack/coreapi/lin_common_proto.o
 .comment       0x00000000       0x7a ./Sources/LIN_Stack/coreapi/lin_common_api.o
 .comment       0x00000000       0x7a ./Sources/LIN_Stack/diagnostic/lin_diagnostic_service.o
 .comment       0x00000000       0x7a ./Sources/LIN_Stack/lowlevel/lin.o
 .comment       0x00000000       0x7a ./Sources/LIN_Stack/transport/lin_commontl_proto.o
 .comment       0x00000000       0x7a ./Sources/LIN_Stack/transport/lin_commontl_api.o
 .comment       0x00000000       0x7a ./Sources/driver/clock/clock.o
 .comment       0x00000000       0x7a ./Sources/driver/eeprom/eeprom.o
 .comment       0x00000000       0x7a ./Sources/driver/gpio/gpio.o
 .comment       0x00000000       0x7a ./Sources/lin_cfg/lin_cfg.o
 .comment       0x00000000       0x7a ./Sources/main.o
 .comment       0x00000000       0x7a D:/CW11.0/CW MCU v11.0/MCU/ARM_GCC_Support/ewl/lib/armv6-m\libc.a(exit.o)
 .comment       0x00000000       0x7a D:/CW11.0/CW MCU v11.0/MCU/ARM_GCC_Support/ewl/lib/armv6-m\libc.a(memset.o)
 .comment       0x00000000       0x7a D:/CW11.0/CW MCU v11.0/MCU/ARM_GCC_Support/ewl/lib/armv6-m\libc.a(__filll_mem.o)
 .comment       0x00000000       0x7a D:/CW11.0/CW MCU v11.0/MCU/ARM_GCC_Support/ewl/lib/armv6-m\librt.a(gcc_ctor_dtor.o)
 .comment       0x00000000       0x7a D:/CW11.0/CW MCU v11.0/MCU/ARM_GCC_Support/ewl/lib/armv6-m\librt.a(__arm_eabi_init.o)
 .comment       0x00000000       0x7a D:/CW11.0/CW MCU v11.0/MCU/ARM_GCC_Support/ewl/lib/armv6-m\librt.a(ROMCopy.o)

.debug_frame    0x00000000      0xf04
 .debug_frame   0x00000000       0x30 ./Project_Settings/Startup_Code/kinetis_sysinit.o
 .debug_frame   0x00000030       0x30 ./Project_Settings/Startup_Code/__arm_start.o
 .debug_frame   0x00000060       0x28 ./Project_Settings/Startup_Code/__arm_end.o
 .debug_frame   0x00000088      0x148 ./Sources/LIN_Stack/bsp/UART/lin_lld_uart.o
 .debug_frame   0x000001d0       0x38 ./Sources/LIN_Stack/bsp/UART/lin_lld_timesrv.o
 .debug_frame   0x00000208       0x40 ./Sources/LIN_Stack/bsp/UART/lin_isr.o
 .debug_frame   0x00000248       0x58 ./Sources/LIN_Stack/coreapi/lin_lin21_proto.o
 .debug_frame   0x000002a0      0x118 ./Sources/LIN_Stack/coreapi/lin_common_proto.o
 .debug_frame   0x000003b8       0xd8 ./Sources/LIN_Stack/coreapi/lin_common_api.o
 .debug_frame   0x00000490      0x154 ./Sources/LIN_Stack/diagnostic/lin_diagnostic_service.o
 .debug_frame   0x000005e4      0x194 ./Sources/LIN_Stack/lowlevel/lin.o
 .debug_frame   0x00000778       0xb8 ./Sources/LIN_Stack/transport/lin_commontl_proto.o
 .debug_frame   0x00000830      0x100 ./Sources/LIN_Stack/transport/lin_commontl_api.o
 .debug_frame   0x00000930       0x28 ./Sources/driver/clock/clock.o
 .debug_frame   0x00000958      0x130 ./Sources/driver/eeprom/eeprom.o
 .debug_frame   0x00000a88       0x20 ./Sources/driver/gpio/gpio.o
 .debug_frame   0x00000aa8       0x28 ./Sources/lin_cfg/lin_cfg.o
 .debug_frame   0x00000ad0       0x88 ./Sources/main.o
 .debug_frame   0x00000b58       0x2c D:/CW11.0/CW MCU v11.0/MCU/ARM_GCC_Support/ewl/lib/armv6-m\libc.a(exit.o)
 .debug_frame   0x00000b84       0x28 D:/CW11.0/CW MCU v11.0/MCU/ARM_GCC_Support/ewl/lib/armv6-m\libc.a(memset.o)
 .debug_frame   0x00000bac       0x2c D:/CW11.0/CW MCU v11.0/MCU/ARM_GCC_Support/ewl/lib/armv6-m\libc.a(__filll_mem.o)
 .debug_frame   0x00000bd8       0x20 d:/cw11.0/cw mcu v11.0/cross_tools/arm-none-eabi-gcc-4_7_3/bin/../lib/gcc/arm-none-eabi/4.7.3/armv6-m\libgcc.a(_udivsi3.o)
 .debug_frame   0x00000bf8       0x20 d:/cw11.0/cw mcu v11.0/cross_tools/arm-none-eabi-gcc-4_7_3/bin/../lib/gcc/arm-none-eabi/4.7.3/armv6-m\libgcc.a(_divsi3.o)
 .debug_frame   0x00000c18       0x2c d:/cw11.0/cw mcu v11.0/cross_tools/arm-none-eabi-gcc-4_7_3/bin/../lib/gcc/arm-none-eabi/4.7.3/armv6-m\libgcc.a(_fixunsdfsi.o)
 .debug_frame   0x00000c44       0x3c d:/cw11.0/cw mcu v11.0/cross_tools/arm-none-eabi-gcc-4_7_3/bin/../lib/gcc/arm-none-eabi/4.7.3/armv6-m\libgcc.a(adddf3.o)
 .debug_frame   0x00000c80       0x38 d:/cw11.0/cw mcu v11.0/cross_tools/arm-none-eabi-gcc-4_7_3/bin/../lib/gcc/arm-none-eabi/4.7.3/armv6-m\libgcc.a(subdf3.o)
 .debug_frame   0x00000cb8       0x2c d:/cw11.0/cw mcu v11.0/cross_tools/arm-none-eabi-gcc-4_7_3/bin/../lib/gcc/arm-none-eabi/4.7.3/armv6-m\libgcc.a(fixdfsi.o)
 .debug_frame   0x00000ce4       0x2c d:/cw11.0/cw mcu v11.0/cross_tools/arm-none-eabi-gcc-4_7_3/bin/../lib/gcc/arm-none-eabi/4.7.3/armv6-m\libgcc.a(floatunsidf.o)
 .debug_frame   0x00000d10       0x34 d:/cw11.0/cw mcu v11.0/cross_tools/arm-none-eabi-gcc-4_7_3/bin/../lib/gcc/arm-none-eabi/4.7.3/armv6-m\libgcc.a(eqdf2.o)
 .debug_frame   0x00000d44       0x38 d:/cw11.0/cw mcu v11.0/cross_tools/arm-none-eabi-gcc-4_7_3/bin/../lib/gcc/arm-none-eabi/4.7.3/armv6-m\libgcc.a(gedf2.o)
 .debug_frame   0x00000d7c       0x38 d:/cw11.0/cw mcu v11.0/cross_tools/arm-none-eabi-gcc-4_7_3/bin/../lib/gcc/arm-none-eabi/4.7.3/armv6-m\libgcc.a(ledf2.o)
 .debug_frame   0x00000db4       0x40 D:/CW11.0/CW MCU v11.0/MCU/ARM_GCC_Support/ewl/lib/armv6-m\librt.a(gcc_ctor_dtor.o)
 .debug_frame   0x00000df4       0xbc D:/CW11.0/CW MCU v11.0/MCU/ARM_GCC_Support/ewl/lib/armv6-m\librt.a(__arm_eabi_init.o)
 .debug_frame   0x00000eb0       0x54 D:/CW11.0/CW MCU v11.0/MCU/ARM_GCC_Support/ewl/lib/armv6-m\librt.a(ROMCopy.o)

.debug_loc      0x00000000     0x2430
 .debug_loc     0x00000000       0x20 ./Project_Settings/Startup_Code/__arm_end.o
 .debug_loc     0x00000020      0x295 ./Sources/LIN_Stack/bsp/UART/lin_lld_uart.o
 .debug_loc     0x000002b5       0x20 ./Sources/LIN_Stack/bsp/UART/lin_lld_timesrv.o
 .debug_loc     0x000002d5       0x40 ./Sources/LIN_Stack/bsp/UART/lin_isr.o
 .debug_loc     0x00000315       0x99 ./Sources/LIN_Stack/coreapi/lin_lin21_proto.o
 .debug_loc     0x000003ae      0x43c ./Sources/LIN_Stack/coreapi/lin_common_proto.o
 .debug_loc     0x000007ea       0xff ./Sources/LIN_Stack/coreapi/lin_common_api.o
 .debug_loc     0x000008e9      0x381 ./Sources/LIN_Stack/diagnostic/lin_diagnostic_service.o
 .debug_loc     0x00000c6a      0x2d3 ./Sources/LIN_Stack/lowlevel/lin.o
 .debug_loc     0x00000f3d      0x3d4 ./Sources/LIN_Stack/transport/lin_commontl_proto.o
 .debug_loc     0x00001311      0x3d9 ./Sources/LIN_Stack/transport/lin_commontl_api.o
 .debug_loc     0x000016ea       0x20 ./Sources/driver/clock/clock.o
 .debug_loc     0x0000170a      0x71d ./Sources/driver/eeprom/eeprom.o
 .debug_loc     0x00001e27       0x46 ./Sources/lin_cfg/lin_cfg.o
 .debug_loc     0x00001e6d       0xbf ./Sources/main.o
 .debug_loc     0x00001f2c       0x3e D:/CW11.0/CW MCU v11.0/MCU/ARM_GCC_Support/ewl/lib/armv6-m\libc.a(exit.o)
 .debug_loc     0x00001f6a       0x6f D:/CW11.0/CW MCU v11.0/MCU/ARM_GCC_Support/ewl/lib/armv6-m\libc.a(memset.o)
 .debug_loc     0x00001fd9      0x14a D:/CW11.0/CW MCU v11.0/MCU/ARM_GCC_Support/ewl/lib/armv6-m\libc.a(__filll_mem.o)
 .debug_loc     0x00002123       0x9d D:/CW11.0/CW MCU v11.0/MCU/ARM_GCC_Support/ewl/lib/armv6-m\librt.a(gcc_ctor_dtor.o)
 .debug_loc     0x000021c0      0x197 D:/CW11.0/CW MCU v11.0/MCU/ARM_GCC_Support/ewl/lib/armv6-m\librt.a(__arm_eabi_init.o)
 .debug_loc     0x00002357       0xd9 D:/CW11.0/CW MCU v11.0/MCU/ARM_GCC_Support/ewl/lib/armv6-m\librt.a(ROMCopy.o)
