Archive member included because of file (symbol)

D:/Freescale/CW MCU v11.0/MCU/ARM_GCC_Support/ewl/lib/armv6-m\libc.a(exit.o)
                              ./Project_Settings/Startup_Code/__arm_start.o (exit)
D:/Freescale/CW MCU v11.0/MCU/ARM_GCC_Support/ewl/lib/armv6-m\libc.a(memset.o)
                              ./Project_Settings/Startup_Code/__arm_start.o (memset)
D:/Freescale/CW MCU v11.0/MCU/ARM_GCC_Support/ewl/lib/armv6-m\libc.a(__filll_mem.o)
                              D:/Freescale/CW MCU v11.0/MCU/ARM_GCC_Support/ewl/lib/armv6-m\libc.a(memset.o) (__fill_mem)
d:/freescale/cw mcu v11.0/cross_tools/arm-none-eabi-gcc-4_7_3/bin/../lib/gcc/arm-none-eabi/4.7.3/armv6-m\libgcc.a(_udivsi3.o)
                              ./Sources/LIN_app/lin_app.o (__aeabi_uidiv)
d:/freescale/cw mcu v11.0/cross_tools/arm-none-eabi-gcc-4_7_3/bin/../lib/gcc/arm-none-eabi/4.7.3/armv6-m\libgcc.a(_divsi3.o)
                              ./Sources/LIN_Stack/transport/lin_commontl_proto.o (__aeabi_idiv)
d:/freescale/cw mcu v11.0/cross_tools/arm-none-eabi-gcc-4_7_3/bin/../lib/gcc/arm-none-eabi/4.7.3/armv6-m\libgcc.a(_dvmd_tls.o)
                              d:/freescale/cw mcu v11.0/cross_tools/arm-none-eabi-gcc-4_7_3/bin/../lib/gcc/arm-none-eabi/4.7.3/armv6-m\libgcc.a(_udivsi3.o) (__aeabi_idiv0)
d:/freescale/cw mcu v11.0/cross_tools/arm-none-eabi-gcc-4_7_3/bin/../lib/gcc/arm-none-eabi/4.7.3/armv6-m\libgcc.a(_fixunsdfsi.o)
                              ./Sources/LIN_Stack/bsp/UART/lin_isr.o (__aeabi_d2uiz)
d:/freescale/cw mcu v11.0/cross_tools/arm-none-eabi-gcc-4_7_3/bin/../lib/gcc/arm-none-eabi/4.7.3/armv6-m\libgcc.a(adddf3.o)
                              ./Sources/LIN_Stack/bsp/UART/lin_isr.o (__aeabi_dadd)
d:/freescale/cw mcu v11.0/cross_tools/arm-none-eabi-gcc-4_7_3/bin/../lib/gcc/arm-none-eabi/4.7.3/armv6-m\libgcc.a(subdf3.o)
                              d:/freescale/cw mcu v11.0/cross_tools/arm-none-eabi-gcc-4_7_3/bin/../lib/gcc/arm-none-eabi/4.7.3/armv6-m\libgcc.a(_fixunsdfsi.o) (__aeabi_dsub)
d:/freescale/cw mcu v11.0/cross_tools/arm-none-eabi-gcc-4_7_3/bin/../lib/gcc/arm-none-eabi/4.7.3/armv6-m\libgcc.a(fixdfsi.o)
                              d:/freescale/cw mcu v11.0/cross_tools/arm-none-eabi-gcc-4_7_3/bin/../lib/gcc/arm-none-eabi/4.7.3/armv6-m\libgcc.a(_fixunsdfsi.o) (__aeabi_d2iz)
d:/freescale/cw mcu v11.0/cross_tools/arm-none-eabi-gcc-4_7_3/bin/../lib/gcc/arm-none-eabi/4.7.3/armv6-m\libgcc.a(floatunsidf.o)
                              ./Sources/LIN_Stack/bsp/UART/lin_isr.o (__aeabi_ui2d)
d:/freescale/cw mcu v11.0/cross_tools/arm-none-eabi-gcc-4_7_3/bin/../lib/gcc/arm-none-eabi/4.7.3/armv6-m\libgcc.a(_arm_cmpdf2.o)
                              d:/freescale/cw mcu v11.0/cross_tools/arm-none-eabi-gcc-4_7_3/bin/../lib/gcc/arm-none-eabi/4.7.3/armv6-m\libgcc.a(_fixunsdfsi.o) (__aeabi_dcmpge)
d:/freescale/cw mcu v11.0/cross_tools/arm-none-eabi-gcc-4_7_3/bin/../lib/gcc/arm-none-eabi/4.7.3/armv6-m\libgcc.a(_clzsi2.o)
                              d:/freescale/cw mcu v11.0/cross_tools/arm-none-eabi-gcc-4_7_3/bin/../lib/gcc/arm-none-eabi/4.7.3/armv6-m\libgcc.a(adddf3.o) (__clzsi2)
d:/freescale/cw mcu v11.0/cross_tools/arm-none-eabi-gcc-4_7_3/bin/../lib/gcc/arm-none-eabi/4.7.3/armv6-m\libgcc.a(eqdf2.o)
                              d:/freescale/cw mcu v11.0/cross_tools/arm-none-eabi-gcc-4_7_3/bin/../lib/gcc/arm-none-eabi/4.7.3/armv6-m\libgcc.a(_arm_cmpdf2.o) (__eqdf2)
d:/freescale/cw mcu v11.0/cross_tools/arm-none-eabi-gcc-4_7_3/bin/../lib/gcc/arm-none-eabi/4.7.3/armv6-m\libgcc.a(gedf2.o)
                              d:/freescale/cw mcu v11.0/cross_tools/arm-none-eabi-gcc-4_7_3/bin/../lib/gcc/arm-none-eabi/4.7.3/armv6-m\libgcc.a(_arm_cmpdf2.o) (__gedf2)
d:/freescale/cw mcu v11.0/cross_tools/arm-none-eabi-gcc-4_7_3/bin/../lib/gcc/arm-none-eabi/4.7.3/armv6-m\libgcc.a(ledf2.o)
                              d:/freescale/cw mcu v11.0/cross_tools/arm-none-eabi-gcc-4_7_3/bin/../lib/gcc/arm-none-eabi/4.7.3/armv6-m\libgcc.a(_arm_cmpdf2.o) (__ledf2)
D:/Freescale/CW MCU v11.0/MCU/ARM_GCC_Support/ewl/lib/armv6-m\librt.a(gcc_ctor_dtor.o)
                              ./Project_Settings/Startup_Code/__arm_start.o (__init_cpp)
D:/Freescale/CW MCU v11.0/MCU/ARM_GCC_Support/ewl/lib/armv6-m\librt.a(__arm_eabi_init.o)
                              D:/Freescale/CW MCU v11.0/MCU/ARM_GCC_Support/ewl/lib/armv6-m\libc.a(exit.o) (__destroy_global_chain)
D:/Freescale/CW MCU v11.0/MCU/ARM_GCC_Support/ewl/lib/armv6-m\librt.a(ROMCopy.o)
                              ./Project_Settings/Startup_Code/__arm_start.o (__copy_rom_sections_to_ram)

Allocating common symbols
Common symbol       size              file

tl_rx_msg_status    0x1               ./Sources/lin_cfg/lin_cfg.o
u8_HighHoldCnt      0x1               ./Sources/RLS_app/rls_app.o
u8_Rain_Delta       0x1               ./Sources/RLS_app/rls_app.o
u16_Delta_DC_bre_B  0x4               ./Sources/RLS_app/rls_app.o
Temp_error_cnt      0x4               ./Sources/humid_app/humid.o
[...]
Memory Configuration

Name             Origin             Length             Attributes
m_interrupts     0x00000000         0x000000c0         xr
m_cfmprotrom     0x00000400         0x00000010         xr
m_text           0x00000800         0x0000f800         xr
m_data           0x1ffffc00         0x00001000         xrw
*default*        0x00000000         0xffffffff

Linker script and memory map

LOAD ./Project_Settings/Startup_Code/kinetis_sysinit.o
LOAD ./Project_Settings/Startup_Code/__arm_start.o
LOAD ./Project_Settings/Startup_Code/__arm_end.o
LOAD ./Sources/LIN_Stack/bsp/UART/lin_lld_uart.o
LOAD ./Sources/LIN_Stack/bsp/UART/lin_lld_timesrv.o
LOAD ./Sources/LIN_Stack/bsp/UART/lin_isr.o
LOAD ./Sources/LIN_Stack/coreapi/lin_lin21_proto.o
LOAD ./Sources/LIN_Stack/coreapi/lin_lin21_api.o
LOAD ./Sources/LIN_Stack/coreapi/lin_j2602_proto.o
LOAD ./Sources/LIN_Stack/coreapi/lin_j2602_api.o
LOAD ./Sources/LIN_Stack/coreapi/lin_common_proto.o
LOAD ./Sources/LIN_Stack/coreapi/lin_common_api.o
LOAD ./Sources/LIN_Stack/diagnostic/lin_diagnostic_service.o
LOAD ./Sources/LIN_Stack/lowlevel/lin.o
LOAD ./Sources/LIN_Stack/transport/lin_lin21tl_api.o
LOAD ./Sources/LIN_Stack/transport/lin_j2602tl_api.o
LOAD ./Sources/LIN_Stack/transport/lin_commontl_proto.o
LOAD ./Sources/LIN_Stack/transport/lin_commontl_api.o
LOAD ./Sources/LIN_app/lin_app.o
LOAD ./Sources/RLS_app/rls_app.o
LOAD ./Sources/config_parameter/config_parameter.o
LOAD ./Sources/driver/IIC/iic.o
LOAD ./Sources/driver/SPI/spi.o
LOAD ./Sources/driver/adc/adc.o
LOAD ./Sources/driver/clock/clock.o
LOAD ./Sources/driver/eeprom/eeprom.o
LOAD ./Sources/driver/ftm/ftm.o
LOAD ./Sources/driver/gpio/gpio.o
LOAD ./Sources/driver/pmc/pmc.o
LOAD ./Sources/driver/rtc/rtc.o
LOAD ./Sources/driver/watchdog/watchdog.o
LOAD ./Sources/humid_app/humid.o
LOAD ./Sources/lin_cfg/lin_cfg.o
LOAD ./Sources/main.o
START GROUP
LOAD D:/Freescale/CW MCU v11.0/MCU/ARM_GCC_Support/ewl/lib/armv6-m\libc.a
LOAD D:/Freescale/CW MCU v11.0/MCU/ARM_GCC_Support/ewl/lib/armv6-m\libm.a
LOAD d:/freescale/cw mcu v11.0/cross_tools/arm-none-eabi-gcc-4_7_3/bin/../lib/gcc/arm-none-eabi/4.7.3/armv6-m\libgcc.a
LOAD D:/Freescale/CW MCU v11.0/MCU/ARM_GCC_Support/ewl/lib/armv6-m\librt.a
END GROUP
                0x20000c00                _estack = 0x20000c00
                0x20000c00                __SP_INIT = _estack
                0x00000100                __heap_size = 0x100
                0x00000100                __stack_size = 0x100

.interrupts     0x00000000       0xc0
                0x00000000                __vector_table = .
                0x00000000                . = ALIGN (0x4)
 *(.vectortable)
 .vectortable   0x00000000       0xc0 ./Project_Settings/Startup_Code/kinetis_sysinit.o
                0x00000000                InterruptVector
                0x000000c0                . = ALIGN (0x4)

.cfmprotect     0x00000400        0x0
                0x00000400                . = ALIGN (0x4)
 *(.cfmconfig)
                0x00000400                . = ALIGN (0x4)

.text           0x00000800     0x9c4c
                0x00000800                . = ALIGN (0x4)
 *(.text)
 .text          0x00000800       0x9c d:/freescale/cw mcu v11.0/cross_tools/arm-none-eabi-gcc-4_7_3/bin/../lib/gcc/arm-none-eabi/4.7.3/armv6-m\libgcc.a(_udivsi3.o)
                0x00000800                __aeabi_uidiv
                0x00000800                __udivsi3
                0x00000888                __aeabi_uidivmod
 .text          0x0000089c       0xc0 d:/freescale/cw mcu v11.0/cross_tools/arm-none-eabi-gcc-4_7_3/bin/../lib/gcc/arm-none-eabi/4.7.3/armv6-m\libgcc.a(_divsi3.o)
                0x0000089c                __divsi3
                0x0000089c                __aeabi_idiv
                0x00000948                __aeabi_idivmod
 .text          0x0000095c        0x4 d:/freescale/cw mcu v11.0/cross_tools/arm-none-eabi-gcc-4_7_3/bin/../lib/gcc/arm-none-eabi/4.7.3/armv6-m\libgcc.a(_dvmd_tls.o)
                0x0000095c                __aeabi_idiv0
                0x0000095c                __aeabi_ldiv0
 .text          0x00000960       0x40 d:/freescale/cw mcu v11.0/cross_tools/arm-none-eabi-gcc-4_7_3/bin/../lib/gcc/arm-none-eabi/4.7.3/armv6-m\libgcc.a(_fixunsdfsi.o)
                0x00000960                __aeabi_d2uiz
                0x00000960                __fixunsdfsi
 .text          0x000009a0      0x758 d:/freescale/cw mcu v11.0/cross_tools/arm-none-eabi-gcc-4_7_3/bin/../lib/gcc/arm-none-eabi/4.7.3/armv6-m\libgcc.a(adddf3.o)
                0x000009a0                __aeabi_dadd
 .text          0x000010f8      0x6f8 d:/freescale/cw mcu v11.0/cross_tools/arm-none-eabi-gcc-4_7_3/bin/../lib/gcc/arm-none-eabi/4.7.3/armv6-m\libgcc.a(subdf3.o)
                0x000010f8                __aeabi_dsub
 .text          0x000017f0       0x68 d:/freescale/cw mcu v11.0/cross_tools/arm-none-eabi-gcc-4_7_3/bin/../lib/gcc/arm-none-eabi/4.7.3/armv6-m\libgcc.a(fixdfsi.o)
                0x000017f0                __aeabi_d2iz
 .text          0x00001858       0x64 d:/freescale/cw mcu v11.0/cross_tools/arm-none-eabi-gcc-4_7_3/bin/../lib/gcc/arm-none-eabi/4.7.3/armv6-m\libgcc.a(floatunsidf.o)
                0x00001858                __aeabi_ui2d
 .text          0x000018bc       0x7c d:/freescale/cw mcu v11.0/cross_tools/arm-none-eabi-gcc-4_7_3/bin/../lib/gcc/arm-none-eabi/4.7.3/armv6-m\libgcc.a(_arm_cmpdf2.o)
                0x000018bc                __aeabi_cdrcmple
                0x000018cc                __aeabi_cdcmple
                0x000018cc                __aeabi_cdcmpeq
                0x000018dc                __aeabi_dcmpeq
                0x000018e8                __aeabi_dcmplt
                0x000018fc                __aeabi_dcmple
                0x00001910                __aeabi_dcmpgt
                0x00001924                __aeabi_dcmpge
 .text          0x00001938       0x3c d:/freescale/cw mcu v11.0/cross_tools/arm-none-eabi-gcc-4_7_3/bin/../lib/gcc/arm-none-eabi/4.7.3/armv6-m\libgcc.a(_clzsi2.o)
                0x00001938                __clzsi2
 .text          0x00001974       0x7c d:/freescale/cw mcu v11.0/cross_tools/arm-none-eabi-gcc-4_7_3/bin/../lib/gcc/arm-none-eabi/4.7.3/armv6-m\libgcc.a(eqdf2.o)
                0x00001974                __nedf2
                0x00001974                __eqdf2
 .text          0x000019f0       0xe8 d:/freescale/cw mcu v11.0/cross_tools/arm-none-eabi-gcc-4_7_3/bin/../lib/gcc/arm-none-eabi/4.7.3/armv6-m\libgcc.a(gedf2.o)
                0x000019f0                __gedf2
                0x000019f0                __gtdf2
 .text          0x00001ad8       0xd8 d:/freescale/cw mcu v11.0/cross_tools/arm-none-eabi-gcc-4_7_3/bin/../lib/gcc/arm-none-eabi/4.7.3/armv6-m\libgcc.a(ledf2.o)
                0x00001ad8                __ledf2
                0x00001ad8                __ltdf2
 *(.text*)
 .text.Default_Handler
                0x00001bb0        0xc ./Project_Settings/Startup_Code/kinetis_sysinit.o
                0x00001bb0                I2C0_IRQHandler
                0x00001bb0                HardFault_Handler
                0x00001bb0                SysTick_Handler
                0x00001bb0                PendSV_Handler
                0x00001bb0                NMI_Handler
                0x00001bb0                ADC0_IRQHandler
                0x00001bb0                SPI1_IRQHandler
                0x00001bb0                UART2_SCI2_IRQHandler
                0x00001bb0                IRQ_IRQHandler
                0x00001bb0                PIT_CH0_IRQHandler
                0x00001bb0                Default_Handler
                0x00001bb0                ACMP0_IRQHandler
                0x00001bb0                SVC_Handler
                0x00001bb0                ICS_IRQHandler
                0x00001bb0                PIT_CH1_IRQHandler
                0x00001bb0                FTMRH_IRQHandler
                0x00001bb0                KBI0_IRQHandler
                0x00001bb0                PMC_IRQHandler
                0x00001bb0                SPI0_IRQHandler
                0x00001bb0                FTM2_IRQHandler
                0x00001bb0                ACMP1_IRQHandler
                0x00001bb0                KBI1_IRQHandler
                0x00001bb0                UART1_SCI1_IRQHandler
 .text.__init_hardware
                0x00001bbc       0x38 ./Project_Settings/Startup_Code/kinetis_sysinit.o
                0x00001bbc                __init_hardware
 .text.zero_fill_bss
                0x00001bf4       0x24 ./Project_Settings/Startup_Code/__arm_start.o
 .text.__thumb_startup
                0x00001c18       0x30 ./Project_Settings/Startup_Code/__arm_start.o
                0x00001c18                __thumb_startup
 .text._ExitProcess
                0x00001c48        0xc ./Project_Settings/Startup_Code/__arm_end.o
                0x00001c48                _ExitProcess
 .text.lin_lld_uart_init
                0x00001c54       0xdc ./Sources/LIN_Stack/bsp/UART/lin_lld_uart.o
                0x00001c54                lin_lld_uart_init
 .text.lin_lld_uart_ignore_response
                0x00001d30        0xc ./Sources/LIN_Stack/bsp/UART/lin_lld_uart.o
                0x00001d30                lin_lld_uart_ignore_response
 .text.lin_lld_uart_set_low_power_mode
                0x00001d3c       0x14 ./Sources/LIN_Stack/bsp/UART/lin_lld_uart.o
                0x00001d3c                lin_lld_uart_set_low_power_mode
 .text.lin_lld_uart_rx_response
                0x00001d50       0x40 ./Sources/LIN_Stack/bsp/UART/lin_lld_uart.o
                0x00001d50                lin_lld_uart_rx_response
 .text.lin_lld_uart_tx_response
                0x00001d90       0x58 ./Sources/LIN_Stack/bsp/UART/lin_lld_uart.o
                0x00001d90                lin_lld_uart_tx_response
 .text.lin_lld_uart_timeout
                0x00001de8      0x168 ./Sources/LIN_Stack/bsp/UART/lin_lld_uart.o
                0x00001de8                lin_lld_uart_timeout
 .text.lin_goto_idle_state
                0x00001f50       0x44 ./Sources/LIN_Stack/bsp/UART/lin_lld_uart.o
                0x00001f50                lin_goto_idle_state
 .text.lin_lld_uart_rx_isr
                0x00001f94      0x4e4 ./Sources/LIN_Stack/bsp/UART/lin_lld_uart.o
                0x00001f94                lin_lld_uart_rx_isr
 .text.lin_lld_timer_K_init
                0x00002478       0x7c ./Sources/LIN_Stack/bsp/UART/lin_lld_timesrv.o
                0x00002478                lin_lld_timer_K_init
 .text.lin_lld_timer_isr
                0x000024f4        0xc ./Sources/LIN_Stack/bsp/UART/lin_lld_timesrv.o
                0x000024f4                lin_lld_timer_isr
 .text.UART0_SCI0_IRQHandler
                0x00002500        0xc ./Sources/LIN_Stack/bsp/UART/lin_isr.o
                0x00002500                UART0_SCI0_IRQHandler
 *fill*         0x0000250c        0x4 00
 .text.FTM1_IRQHandler
                0x00002510       0x68 ./Sources/LIN_Stack/bsp/UART/lin_isr.o
                0x00002510                FTM1_IRQHandler
 .text.lin_update_word_status_lin21
                0x00002578       0x7c ./Sources/LIN_Stack/coreapi/lin_lin21_proto.o
                0x00002578                lin_update_word_status_lin21
 .text.lin_update_err_signal
                0x000025f4       0x7c ./Sources/LIN_Stack/coreapi/lin_lin21_proto.o
                0x000025f4                lin_update_err_signal
 .text.lin_make_res_evnt_frame
                0x00002670       0x38 ./Sources/LIN_Stack/coreapi/lin_lin21_proto.o
                0x00002670                lin_make_res_evnt_frame
 .text.lin_pid_response_callback_handler
                0x000026a8       0x78 ./Sources/LIN_Stack/coreapi/lin_common_proto.o
                0x000026a8                lin_pid_response_callback_handler
 .text.lin_process_pid
                0x00002720      0x15c ./Sources/LIN_Stack/coreapi/lin_common_proto.o
                0x00002720                lin_process_pid
 .text.lin_update_rx
                0x0000287c       0xe8 ./Sources/LIN_Stack/coreapi/lin_common_proto.o
                0x0000287c                lin_update_rx
 .text.lin_update_tx
                0x00002964       0xd0 ./Sources/LIN_Stack/coreapi/lin_common_proto.o
                0x00002964                lin_update_tx
 .text.lin_handle_error
                0x00002a34       0xd8 ./Sources/LIN_Stack/coreapi/lin_common_proto.o
                0x00002a34                lin_handle_error
 .text.lin_bus_activity_timeout
                0x00002b0c       0x20 ./Sources/LIN_Stack/coreapi/lin_common_proto.o
                0x00002b0c                lin_bus_activity_timeout
 .text.lin_update_tx_flags
                0x00002b2c       0xe0 ./Sources/LIN_Stack/coreapi/lin_common_proto.o
                0x00002b2c                lin_update_tx_flags
 .text.lin_update_rx_diag_frame
                0x00002c0c       0x28 ./Sources/LIN_Stack/coreapi/lin_common_proto.o
                0x00002c0c                lin_update_rx_diag_frame
 .text.lin_make_res_diag_frame
                0x00002c34        0xc ./Sources/LIN_Stack/coreapi/lin_common_proto.o
                0x00002c34                lin_make_res_diag_frame
 .text.lin_get_frame_index
                0x00002c40       0x5c ./Sources/LIN_Stack/coreapi/lin_common_proto.o
                0x00002c40                lin_get_frame_index
 .text.lin_process_uncd_frame
                0x00002c9c      0x130 ./Sources/LIN_Stack/coreapi/lin_common_proto.o
                0x00002c9c                lin_process_uncd_frame
 .text.l_sys_init
                0x00002dcc       0x10 ./Sources/LIN_Stack/coreapi/lin_common_api.o
                0x00002dcc                l_sys_init
 .text.l_ifc_init
                0x00002ddc       0x1c ./Sources/LIN_Stack/coreapi/lin_common_api.o
                0x00002ddc                l_ifc_init
 .text.lin_diagservice_session_state
                0x00002df8       0x58 ./Sources/LIN_Stack/diagnostic/lin_diagnostic_service.o
                0x00002df8                lin_diagservice_session_state
 .text.lin_diagservice_session_control
                0x00002e50       0xb8 ./Sources/LIN_Stack/diagnostic/lin_diagnostic_service.o
                0x00002e50                lin_diagservice_session_control
 .text.lin_diagservice_read_data_by_identifier
                0x00002f08      0x12c ./Sources/LIN_Stack/diagnostic/lin_diagnostic_service.o
                0x00002f08                lin_diagservice_read_data_by_identifier
 .text.lin_diagservice_write_data_by_identifier
                0x00003034      0x2cc ./Sources/LIN_Stack/diagnostic/lin_diagnostic_service.o
                0x00003034                lin_diagservice_write_data_by_identifier
 .text.lin_diagservice_assign_frame_id_range
                0x00003300      0x140 ./Sources/LIN_Stack/diagnostic/lin_diagnostic_service.o
                0x00003300                lin_diagservice_assign_frame_id_range
 .text.lin_diagservice_read_by_identifier
                0x00003440       0x74 ./Sources/LIN_Stack/diagnostic/lin_diagnostic_service.o
                0x00003440                lin_diagservice_read_by_identifier
 .text.lin_condittional_change_nad
                0x000034b4       0xa0 ./Sources/LIN_Stack/diagnostic/lin_diagnostic_service.o
                0x000034b4                lin_condittional_change_nad
 .text.lin_diagsrv_functional_service
                0x00003554       0x1c ./Sources/LIN_Stack/diagnostic/lin_diagnostic_service.o
                0x00003554                lin_diagsrv_functional_service
 .text.lin_lld_init
                0x00003570       0x14 ./Sources/LIN_Stack/lowlevel/lin.o
                0x00003570                lin_lld_init
 .text.lin_lld_ignore_response
                0x00003584       0x10 ./Sources/LIN_Stack/lowlevel/lin.o
                0x00003584                lin_lld_ignore_response
 .text.lin_lld_set_low_power_mode
                0x00003594       0x10 ./Sources/LIN_Stack/lowlevel/lin.o
                0x00003594                lin_lld_set_low_power_mode
 .text.lin_lld_set_response
                0x000035a4       0x4c ./Sources/LIN_Stack/lowlevel/lin.o
                0x000035a4                lin_lld_set_response
 .text.lin_lld_rx_response
                0x000035f0       0x20 ./Sources/LIN_Stack/lowlevel/lin.o
                0x000035f0                lin_lld_rx_response
 .text.lin_process_parity
                0x00003610       0xf0 ./Sources/LIN_Stack/lowlevel/lin.o
                0x00003610                lin_process_parity
 .text.lin_checksum
                0x00003700       0x9c ./Sources/LIN_Stack/lowlevel/lin.o
                0x00003700                lin_checksum
 .text.lin_lld_timer_init
                0x0000379c        0xc ./Sources/LIN_Stack/lowlevel/lin.o
                0x0000379c                lin_lld_timer_init
 .text.lin_tl_make_slaveres_pdu
                0x000037a8      0x778 ./Sources/LIN_Stack/transport/lin_commontl_proto.o
                0x000037a8                lin_tl_make_slaveres_pdu
 .text.lin_tl_get_pdu
                0x00003f20       0x5c ./Sources/LIN_Stack/transport/lin_commontl_proto.o
                0x00003f20                lin_tl_get_pdu
 .text.lin_process_pdu
                0x00003f7c      0x260 ./Sources/LIN_Stack/transport/lin_commontl_proto.o
 .text.lin_tl_handler
                0x000041dc      0x164 ./Sources/LIN_Stack/transport/lin_commontl_proto.o
                0x000041dc                lin_tl_handler
 .text.lin_tl_attach_service
                0x00004340      0x194 ./Sources/LIN_Stack/transport/lin_commontl_proto.o
                0x00004340                lin_tl_attach_service
 .text.tl_put_raw
                0x000044d4       0xcc ./Sources/LIN_Stack/transport/lin_commontl_proto.o
                0x000044d4                tl_put_raw
 .text.tl_get_raw
                0x000045a0       0xe8 ./Sources/LIN_Stack/transport/lin_commontl_proto.o
                0x000045a0                tl_get_raw
 .text.ld_get_raw
                0x00004688       0x20 ./Sources/LIN_Stack/transport/lin_commontl_api.o
                0x00004688                ld_get_raw
 .text.ld_receive_message
                0x000046a8      0x284 ./Sources/LIN_Stack/transport/lin_commontl_api.o
                0x000046a8                ld_receive_message
 .text.Lin_Sys_Init
                0x0000492c       0x74 ./Sources/LIN_app/lin_app.o
                0x0000492c                Lin_Sys_Init
 .text.Lin_Busy_Process
                0x000049a0       0x28 ./Sources/LIN_app/lin_app.o
                0x000049a0                Lin_Busy_Process
 .text.message_cnt
                0x000049c8       0x5c ./Sources/LIN_app/lin_app.o
                0x000049c8                message_cnt
 .text.RLS_Analysis_Master_Data
                0x00004a24      0x1cc ./Sources/LIN_app/lin_app.o
                0x00004a24                RLS_Analysis_Master_Data
 .text.Lin_RLS_data
                0x00004bf0      0x278 ./Sources/LIN_app/lin_app.o
                0x00004bf0                Lin_RLS_data
 .text.SPI_Enable
                0x00004e68       0x1c ./Sources/RLS_app/rls_app.o
 .text.SPI_Disable
                0x00004e84       0x1c ./Sources/RLS_app/rls_app.o
 .text.Search_Table
                0x00004ea0      0x218 ./Sources/RLS_app/rls_app.o
                0x00004ea0                Search_Table
 .text.MLX75308_Init
                0x000050b8      0x17c ./Sources/RLS_app/rls_app.o
                0x000050b8                MLX75308_Init
 .text.RLS_Rain_Get_Measure
                0x00005234      0x404 ./Sources/RLS_app/rls_app.o
                0x00005234                RLS_Rain_Get_Measure
 .text.RLS_AutoLightControl
                0x00005638      0x308 ./Sources/RLS_app/rls_app.o
                0x00005638                RLS_AutoLightControl
 .text.RLS_Light_Module_Fault_Process
                0x00005940       0x98 ./Sources/RLS_app/rls_app.o
                0x00005940                RLS_Light_Module_Fault_Process
 .text.RLS_Auto_Light_Task
                0x000059d8      0x124 ./Sources/RLS_app/rls_app.o
                0x000059d8                RLS_Auto_Light_Task
 .text.RLS_Rain_Module_Fault_Process
                0x00005afc       0xb0 ./Sources/RLS_app/rls_app.o
                0x00005afc                RLS_Rain_Module_Fault_Process
 .text.RLS_Get_Rain_State
                0x00005bac      0x43c ./Sources/RLS_app/rls_app.o
                0x00005bac                RLS_Get_Rain_State
 .text.RLS_Get_Rain_ExpectStage
                0x00005fe8      0x2d0 ./Sources/RLS_app/rls_app.o
                0x00005fe8                RLS_Get_Rain_ExpectStage
 .text.RLS_Mask_False_Operation
                0x000062b8      0x198 ./Sources/RLS_app/rls_app.o
                0x000062b8                RLS_Mask_False_Operation
 .text.RLS_Invalid_DataProcess
                0x00006450      0x1fc ./Sources/RLS_app/rls_app.o
                0x00006450                RLS_Invalid_DataProcess
 .text.RLS_Period_Mode
                0x0000664c       0x68 ./Sources/RLS_app/rls_app.o
                0x0000664c                RLS_Period_Mode
 .text.RLS_Rain_State_Mchaine
                0x000066b4     0x11d4 ./Sources/RLS_app/rls_app.o
                0x000066b4                RLS_Rain_State_Mchaine
 .text.RLS_Wipe_Park_Process
                0x00007888       0x84 ./Sources/RLS_app/rls_app.o
                0x00007888                RLS_Wipe_Park_Process
 .text.RLS_Auto_Rain_Task
                0x0000790c       0x1c ./Sources/RLS_app/rls_app.o
                0x0000790c                RLS_Auto_Rain_Task
 .text.RLS_SelfAdaptTask
                0x00007928      0x448 ./Sources/RLS_app/rls_app.o
                0x00007928                RLS_SelfAdaptTask
 .text.RLS_Battery_Measurement
                0x00007d70       0x3c ./Sources/RLS_app/rls_app.o
                0x00007d70                RLS_Battery_Measurement
 .text.RLS_Battery_State
                0x00007dac       0x94 ./Sources/RLS_app/rls_app.o
                0x00007dac                RLS_Battery_State
 .text.RLS_Lin_Diag_Fucntion
                0x00007e40       0x34 ./Sources/RLS_app/rls_app.o
                0x00007e40                RLS_Lin_Diag_Fucntion
 .text.Sleep_Process
                0x00007e74      0x124 ./Sources/RLS_app/rls_app.o
                0x00007e74                Sleep_Process
 .text.Recover_Process
                0x00007f98       0x60 ./Sources/RLS_app/rls_app.o
                0x00007f98                Recover_Process
 .text.Globle_parameter_Init
                0x00007ff8      0x310 ./Sources/config_parameter/config_parameter.o
                0x00007ff8                Globle_parameter_Init
 .text.SPI_COM  0x00008308       0x68 ./Sources/driver/SPI/spi.o
                0x00008308                SPI_COM
 .text.SPI_Init
                0x00008370       0x74 ./Sources/driver/SPI/spi.o
                0x00008370                SPI_Init
 .text.SPI_SetBaudRate
                0x000083e4       0xe4 ./Sources/driver/SPI/spi.o
                0x000083e4                SPI_SetBaudRate
 .text.SPI_Wr_Cmd
                0x000084c8      0x124 ./Sources/driver/SPI/spi.o
                0x000084c8                SPI_Wr_Cmd
 .text.SPI_Wr_Reg
                0x000085ec      0x298 ./Sources/driver/SPI/spi.o
                0x000085ec                SPI_Wr_Reg
 .text.SPI_Rd_Reg
                0x00008884       0xc4 ./Sources/driver/SPI/spi.o
                0x00008884                SPI_Rd_Reg
 .text.MLX75308_SetPara
                0x00008948      0x49c ./Sources/driver/SPI/spi.o
                0x00008948                MLX75308_SetPara
 .text.SPI_Rd_Mchan
                0x00008de4      0x1b0 ./Sources/driver/SPI/spi.o
                0x00008de4                SPI_Rd_Mchan
 .text.MLX75308_Meansure
                0x00008f94       0x7c ./Sources/driver/SPI/spi.o
                0x00008f94                MLX75308_Meansure
 .text.ADC_Init
                0x00009010       0x38 ./Sources/driver/adc/adc.o
                0x00009010                ADC_Init
 .text.get_adc  0x00009048       0x34 ./Sources/driver/adc/adc.o
                0x00009048                get_adc
 .text.get_adc_times
                0x0000907c       0x6c ./Sources/driver/adc/adc.o
                0x0000907c                get_adc_times
 .text.Clk_Init
                0x000090e8       0x84 ./Sources/driver/clock/clock.o
                0x000090e8                Clk_Init
 .text.Delay_Ms
                0x0000916c       0x3c ./Sources/driver/clock/clock.o
                0x0000916c                Delay_Ms
 .text.Delay_Nus
                0x000091a8       0x3c ./Sources/driver/clock/clock.o
                0x000091a8                Delay_Nus
 .text.FLASH_Init
                0x000091e4       0xd4 ./Sources/driver/eeprom/eeprom.o
                0x000091e4                FLASH_Init
 .text.FLASH_LaunchCMD
                0x000092b8       0x48 ./Sources/driver/eeprom/eeprom.o
                0x000092b8                FLASH_LaunchCMD
 .text.EEPROM_EraseSector
                0x00009300       0xbc ./Sources/driver/eeprom/eeprom.o
                0x00009300                EEPROM_EraseSector
 .text.EEPROM_ProgramWord
                0x000093bc       0xdc ./Sources/driver/eeprom/eeprom.o
                0x000093bc                EEPROM_ProgramWord
 .text.write_data_from_EEPROM
                0x00009498      0x310 ./Sources/driver/eeprom/eeprom.o
                0x00009498                write_data_from_EEPROM
 .text.read_data_from_EEPROM
                0x000097a8      0x108 ./Sources/driver/eeprom/eeprom.o
                0x000097a8                read_data_from_EEPROM
 .text.FTM0_Init
                0x000098b0       0x80 ./Sources/driver/ftm/ftm.o
                0x000098b0                FTM0_Init
 .text.FTM0_IRQHandler
                0x00009930      0x130 ./Sources/driver/ftm/ftm.o
                0x00009930                FTM0_IRQHandler
 .text.GPIO_Init
                0x00009a60      0x208 ./Sources/driver/gpio/gpio.o
                0x00009a60                GPIO_Init
 .text.PMC_Init
                0x00009c68       0x64 ./Sources/driver/pmc/pmc.o
                0x00009c68                PMC_Init
 .text.RTC_DisableInt
                0x00009ccc       0x18 ./Sources/driver/rtc/rtc.o
                0x00009ccc                RTC_DisableInt
 .text.RTC_Init
                0x00009ce4       0x6c ./Sources/driver/rtc/rtc.o
                0x00009ce4                RTC_Init
 .text.RTC_IRQHandler
                0x00009d50       0x18 ./Sources/driver/rtc/rtc.o
                0x00009d50                RTC_IRQHandler
 .text.WDOG_Feed
                0x00009d68       0x24 ./Sources/driver/watchdog/watchdog.o
                0x00009d68                WDOG_Feed
 .text.WDG_IRQHandler
                0x00009d8c       0x1c ./Sources/driver/watchdog/watchdog.o
                0x00009d8c                WDG_IRQHandler
 .text.ld_read_by_id_callout
                0x00009da8       0x78 ./Sources/lin_cfg/lin_cfg.o
                0x00009da8                ld_read_by_id_callout
 .text.main     0x00009e20      0x15c ./Sources/main.o
                0x00009e20                main
 .text.exit     0x00009f7c       0x38 D:/Freescale/CW MCU v11.0/MCU/ARM_GCC_Support/ewl/lib/armv6-m\libc.a(exit.o)
                0x00009f7c                exit
 .text.memset   0x00009fb4        0xc D:/Freescale/CW MCU v11.0/MCU/ARM_GCC_Support/ewl/lib/armv6-m\libc.a(memset.o)
                0x00009fb4                memset
 .text.__fill_mem
                0x00009fc0       0x7e D:/Freescale/CW MCU v11.0/MCU/ARM_GCC_Support/ewl/lib/armv6-m\libc.a(__filll_mem.o)
                0x00009fc0                __fill_mem
 *fill*         0x0000a03e        0x2 00
 .text.__init_cpp
                0x0000a040       0x48 D:/Freescale/CW MCU v11.0/MCU/ARM_GCC_Support/ewl/lib/armv6-m\librt.a(gcc_ctor_dtor.o)
                0x0000a040                __init_cpp
 .text.__fini_cpp
                0x0000a088       0x34 D:/Freescale/CW MCU v11.0/MCU/ARM_GCC_Support/ewl/lib/armv6-m\librt.a(gcc_ctor_dtor.o)
                0x0000a088                __fini_cpp
 .text.__destroy_global_chain
                0x0000a0bc       0x1c D:/Freescale/CW MCU v11.0/MCU/ARM_GCC_Support/ewl/lib/armv6-m\librt.a(__arm_eabi_init.o)
                0x0000a0bc                __destroy_global_chain
 .text.__init_registers
                0x0000a0d8       0x1c D:/Freescale/CW MCU v11.0/MCU/ARM_GCC_Support/ewl/lib/armv6-m\librt.a(__arm_eabi_init.o)
                0x0000a0d8                __init_registers
 .text.__init_user
                0x0000a0f4        0x4 D:/Freescale/CW MCU v11.0/MCU/ARM_GCC_Support/ewl/lib/armv6-m\librt.a(__arm_eabi_init.o)
                0x0000a0f4                __init_user
 .text.__copy_rom_section
                0x0000a0f8       0x48 D:/Freescale/CW MCU v11.0/MCU/ARM_GCC_Support/ewl/lib/armv6-m\librt.a(ROMCopy.o)
                0x0000a0f8                __copy_rom_section
 .text.__copy_rom_sections_to_ram
                0x0000a140       0x34 D:/Freescale/CW MCU v11.0/MCU/ARM_GCC_Support/ewl/lib/armv6-m\librt.a(ROMCopy.o)
                0x0000a140                __copy_rom_sections_to_ram
 *(.rodata)
 *(.rodata*)
 .rodata.lin_lld_uart_timeout
                0x0000a174       0x28 ./Sources/LIN_Stack/bsp/UART/lin_lld_uart.o
 .rodata.lin_lld_uart_rx_isr
                0x0000a19c       0x20 ./Sources/LIN_Stack/bsp/UART/lin_lld_uart.o
 .rodata.RLS_Analysis_Master_Data
                0x0000a1bc       0x1c ./Sources/LIN_app/lin_app.o
 .rodata.Tab_AWG_FW
                0x0000a1d8       0x40 ./Sources/RLS_app/rls_app.o
                0x0000a1d8                Tab_AWG_FW
 .rodata.Tab_Brightness_FW
                0x0000a218       0x40 ./Sources/RLS_app/rls_app.o
                0x0000a218                Tab_Brightness_FW
 .rodata.Tab_AWG_IR
                0x0000a258       0x40 ./Sources/RLS_app/rls_app.o
                0x0000a258                Tab_AWG_IR
 .rodata.Tab_Brightness_IR
                0x0000a298       0x40 ./Sources/RLS_app/rls_app.o
                0x0000a298                Tab_Brightness_IR
 .rodata.RLS_Invalid_DataProcess
                0x0000a2d8       0x30 ./Sources/RLS_app/rls_app.o
 .rodata.RLS_Rain_State_Mchaine
                0x0000a308       0x18 ./Sources/RLS_app/rls_app.o
 .rodata.Mlx75308_Config_Parameter
                0x0000a320       0x14 ./Sources/config_parameter/config_parameter.o
                0x0000a320                Mlx75308_Config_Parameter
 .rodata.Rain_Stastegy_Parameter
                0x0000a334       0x54 ./Sources/config_parameter/config_parameter.o
                0x0000a334                Rain_Stastegy_Parameter
 .rodata.Light_Stastegy_Parameter
                0x0000a388       0x14 ./Sources/config_parameter/config_parameter.o
                0x0000a388                Light_Stastegy_Parameter
 .rodata.MLX75308_SetPara
                0x0000a39c       0x54 ./Sources/driver/SPI/spi.o
 .rodata.LI0_response_error_signal
                0x0000a3f0        0x1 ./Sources/lin_cfg/lin_cfg.o
                0x0000a3f0                LI0_response_error_signal
 .rodata.response_error_byte_offset
                0x0000a3f1        0x1 ./Sources/lin_cfg/lin_cfg.o
                0x0000a3f1                response_error_byte_offset
 .rodata.response_error_bit_offset
                0x0000a3f2        0x1 ./Sources/lin_cfg/lin_cfg.o
                0x0000a3f2                response_error_bit_offset
 *fill*         0x0000a3f3        0x1 00
 .rodata.lin_frame_tbl
                0x0000a3f4       0x30 ./Sources/lin_cfg/lin_cfg.o
                0x0000a3f4                lin_frame_tbl
 .rodata.lin_max_frame_res_timeout_val
                0x0000a424       0x10 ./Sources/lin_cfg/lin_cfg.o
                0x0000a424                lin_max_frame_res_timeout_val
 .rodata.lin_initial_NAD
                0x0000a434        0x1 ./Sources/lin_cfg/lin_cfg.o
                0x0000a434                lin_initial_NAD
 *fill*         0x0000a435        0x3 00
 .rodata.product_id
                0x0000a438        0x8 ./Sources/lin_cfg/lin_cfg.o
                0x0000a438                product_id
 .rodata.response_error
                0x0000a440        0x1 ./Sources/lin_cfg/lin_cfg.o
                0x0000a440                response_error
 *fill*         0x0000a441        0x3 00
 .rodata.lin_diag_services_supported
                0x0000a444        0x8 ./Sources/lin_cfg/lin_cfg.o
                0x0000a444                lin_diag_services_supported
 *(.glue_7)
 .glue_7        0x00000000        0x0 linker stubs
 *(.glue_7t)
 .glue_7t       0x00000000        0x0 linker stubs
 *(.eh_frame)
 *(.init)
 *(.fini)
                0x0000a44c                . = ALIGN (0x4)
                0x0000a44c                _etext = .

.vfp11_veneer   0x0000a44c        0x0
 .vfp11_veneer  0x00000000        0x0 linker stubs

.v4_bx          0x0000a44c        0x0
 .v4_bx         0x00000000        0x0 linker stubs

.iplt           0x0000a44c        0x0
 .iplt          0x00000000        0x0 ./Project_Settings/Startup_Code/kinetis_sysinit.o

.rel.dyn        0x0000a44c        0x0
 .rel.iplt      0x00000000        0x0 ./Project_Settings/Startup_Code/kinetis_sysinit.o

.ARM.extab
 *(.ARM.extab* .gnu.linkonce.armextab.*)

.ARM            0x0000a44c        0x0
                0x0000a44c                __exidx_start = .
 *(.ARM.exidx*)
                0x0000a44c                __exidx_end = .

.ctors          0x0000a44c        0x0
                0x0000a44c                __CTOR_LIST__ = .
 *crtbegin.o(.ctors)
 *(EXCLUDE_FILE(*crtend.o) .ctors)
 *(SORT(.ctors.*))
 *(.ctors)
                0x0000a44c                __CTOR_END__ = .

.dtors          0x0000a44c        0x0
                0x0000a44c                __DTOR_LIST__ = .
 *crtbegin.o(.dtors)
 *(EXCLUDE_FILE(*crtend.o) .dtors)
 *(SORT(.dtors.*))
 *(.dtors)
                0x0000a44c                __DTOR_END__ = .

.preinit_array  0x0000a44c        0x0
                0x0000a44c                PROVIDE (__preinit_array_start, .)
 *(.preinit_array*)
                0x0000a44c                PROVIDE (__preinit_array_end, .)

.init_array     0x0000a44c        0x0
                0x0000a44c                PROVIDE (__init_array_start, .)
 *(SORT(.init_array.*))
 *(.init_array*)
                0x0000a44c                PROVIDE (__init_array_end, .)

.fini_array     0x0000a44c        0x0
                0x0000a44c                PROVIDE (__fini_array_start, .)
 *(SORT(.fini_array.*))
 *(.fini_array*)
                0x0000a44c                PROVIDE (__fini_array_end, .)
                0x0000a44c                ___ROM_AT = .

.mtb            0x1ffffc00        0x0
                0x1ffffc00                . = ALIGN (0x8)
                0x1ffffc00                _mtb_start = .
 *(.mtb_buf)
                0x1ffffc00                . = ALIGN (0x8)
                0x1ffffc00                _mtb_end = .

.data           0x1ffffc00       0x50 load address 0x0000a44c
                0x1ffffc00                . = ALIGN (0x4)
                0x1ffffc00                _sdata = .
 *(.data)
 *(.data*)
 .data.pUART    0x1ffffc00        0x4 ./Sources/LIN_Stack/bsp/UART/lin_lld_uart.o
 .data.ifc      0x1ffffc04        0x1 ./Sources/LIN_Stack/bsp/UART/lin_lld_uart.o
 .data.state    0x1ffffc05        0x1 ./Sources/LIN_Stack/bsp/UART/lin_lld_uart.o
 .data.pid      0x1ffffc06        0x1 ./Sources/LIN_Stack/bsp/UART/lin_lld_uart.o
 *fill*         0x1ffffc07        0x1 00
 .data.lin_pFrameBuf
                0x1ffffc08       0x18 ./Sources/lin_cfg/lin_cfg.o
                0x1ffffc08                lin_pFrameBuf
 .data.lin_configuration_RAM
                0x1ffffc20        0x8 ./Sources/lin_cfg/lin_cfg.o
                0x1ffffc20                lin_configuration_RAM
 .data.lin_configured_NAD
                0x1ffffc28        0x1 ./Sources/lin_cfg/lin_cfg.o
                0x1ffffc28                lin_configured_NAD
 *fill*         0x1ffffc29        0x3 00
 .data.lin_tl_tx_queue
                0x1ffffc2c       0x10 ./Sources/lin_cfg/lin_cfg.o
                0x1ffffc2c                lin_tl_tx_queue
 .data.lin_tl_rx_queue
                0x1ffffc3c       0x10 ./Sources/lin_cfg/lin_cfg.o
                0x1ffffc3c                lin_tl_rx_queue
 .data.tl_service_status
                0x1ffffc4c        0x1 ./Sources/lin_cfg/lin_cfg.o
                0x1ffffc4c                tl_service_status
                0x1ffffc50                . = ALIGN (0x4)
 *fill*         0x1ffffc4d        0x3 00
                0x1ffffc50                _edata = .
                0x00000050                ___data_size = (_edata - _sdata)

.igot.plt       0x1ffffc50        0x0 load address 0x0000a49c
 .igot.plt      0x00000000        0x0 ./Project_Settings/Startup_Code/kinetis_sysinit.o
                0x1ffffc50                . = ALIGN (0x4)

.bss            0x1ffffc50      0x320 load address 0x0000a49c
                0x1ffffc50                __START_BSS = .
                0x1ffffc50                PROVIDE (__bss_start__, __START_BSS)
 *(.bss)
 *(.bss*)
 .bss.argv      0x1ffffc50        0x4 ./Project_Settings/Startup_Code/__arm_start.o
 .bss.l_status  0x1ffffc54        0x4 ./Sources/LIN_Stack/bsp/UART/lin_lld_uart.o
 .bss.cnt_byte  0x1ffffc58        0x1 ./Sources/LIN_Stack/bsp/UART/lin_lld_uart.o
 *fill*         0x1ffffc59        0x3 00
 .bss.ptr       0x1ffffc5c        0x4 ./Sources/LIN_Stack/bsp/UART/lin_lld_uart.o
 .bss.current_id
                0x1ffffc60        0x1 ./Sources/LIN_Stack/bsp/UART/lin_lld_uart.o
 *fill*         0x1ffffc61        0x3 00
 .bss.response_buffer
                0x1ffffc64        0x4 ./Sources/LIN_Stack/bsp/UART/lin_lld_uart.o
 .bss.tbit      0x1ffffc68        0x2 ./Sources/LIN_Stack/bsp/UART/lin_lld_uart.o
 .bss.frame_timeout_cnt
                0x1ffffc6a        0x2 ./Sources/LIN_Stack/bsp/UART/lin_lld_uart.o
 .bss.res_frame_timeout_cnt
                0x1ffffc6c        0x2 ./Sources/LIN_Stack/bsp/UART/lin_lld_uart.o
 .bss.idle_timeout_cnt
                0x1ffffc6e        0x2 ./Sources/LIN_Stack/bsp/UART/lin_lld_uart.o
 .bss.G_10ms_counter
                0x1ffffc70        0x1 ./Sources/driver/ftm/ftm.o
                0x1ffffc70                G_10ms_counter
 .bss.G_50ms_counter
                0x1ffffc71        0x1 ./Sources/driver/ftm/ftm.o
                0x1ffffc71                G_50ms_counter
 .bss.G_100ms_counter
                0x1ffffc72        0x1 ./Sources/driver/ftm/ftm.o
                0x1ffffc72                G_100ms_counter
 .bss.G_500ms_counter
                0x1ffffc73        0x1 ./Sources/driver/ftm/ftm.o
                0x1ffffc73                G_500ms_counter
 .bss.G_4s_counter
                0x1ffffc74        0x4 ./Sources/driver/ftm/ftm.o
                0x1ffffc74                G_4s_counter
 .bss.G_10msFlag
                0x1ffffc78        0x1 ./Sources/driver/ftm/ftm.o
                0x1ffffc78                G_10msFlag
 .bss.G_50msFlag
                0x1ffffc79        0x1 ./Sources/driver/ftm/ftm.o
                0x1ffffc79                G_50msFlag
 .bss.G_100msFlag
                0x1ffffc7a        0x1 ./Sources/driver/ftm/ftm.o
                0x1ffffc7a                G_100msFlag
 .bss.G_500msFlag
                0x1ffffc7b        0x1 ./Sources/driver/ftm/ftm.o
                0x1ffffc7b                G_500msFlag
 .bss.G_4sFlag  0x1ffffc7c        0x1 ./Sources/driver/ftm/ftm.o
                0x1ffffc7c                G_4sFlag
 .bss.lin_save_configuration_flg
                0x1ffffc7d        0x1 ./Sources/lin_cfg/lin_cfg.o
                0x1ffffc7d                lin_save_configuration_flg
 *fill*         0x1ffffc7e        0x2 00
 .bss.lin_flag_handle_tbl
                0x1ffffc80        0x8 ./Sources/lin_cfg/lin_cfg.o
                0x1ffffc80                lin_flag_handle_tbl
 .bss.lin_frame_flag_tbl
                0x1ffffc88        0x4 ./Sources/lin_cfg/lin_cfg.o
                0x1ffffc88                lin_frame_flag_tbl
 .bss.tl_diag_state
                0x1ffffc8c        0x1 ./Sources/lin_cfg/lin_cfg.o
                0x1ffffc8c                tl_diag_state
 *fill*         0x1ffffc8d        0x3 00
 .bss.lin_diag_services_flag
                0x1ffffc90        0x8 ./Sources/lin_cfg/lin_cfg.o
                0x1ffffc90                lin_diag_services_flag
 .bss.tl_slaveresp_cnt
                0x1ffffc98        0x1 ./Sources/lin_cfg/lin_cfg.o
                0x1ffffc98                tl_slaveresp_cnt
 *fill*         0x1ffffc99        0x3 00
 .bss.__stdio_exit
                0x1ffffc9c        0x4 D:/Freescale/CW MCU v11.0/MCU/ARM_GCC_Support/ewl/lib/armv6-m\libc.a(exit.o)
                0x1ffffc9c                __stdio_exit
 .bss.__console_exit
                0x1ffffca0        0x4 D:/Freescale/CW MCU v11.0/MCU/ARM_GCC_Support/ewl/lib/armv6-m\libc.a(exit.o)
                0x1ffffca0                __console_exit
 .bss.__global_destructor_chain
                0x1ffffca4        0x4 D:/Freescale/CW MCU v11.0/MCU/ARM_GCC_Support/ewl/lib/armv6-m\librt.a(__arm_eabi_init.o)
                0x1ffffca4                __global_destructor_chain
 .bss.__S_romp  0x1ffffca8        0xc D:/Freescale/CW MCU v11.0/MCU/ARM_GCC_Support/ewl/lib/armv6-m\librt.a(ROMCopy.o)
 *(COMMON)
 COMMON         0x1ffffcb4        0x2 ./Sources/LIN_Stack/coreapi/lin_common_proto.o
                0x1ffffcb4                frame_signal_error
                0x1ffffcb5                frame_index
 COMMON         0x1ffffcb6        0x5 ./Sources/LIN_Stack/diagnostic/lin_diagnostic_service.o
                0x1ffffcb6                diagnostic_Session
                0x1ffffcb7                diagnostic_Session_flg
                0x1ffffcb8                diagnostic_Session_timer
                0x1ffffcba                diagnostic_Session_pre
 COMMON         0x1ffffcbb        0x3 ./Sources/LIN_app/lin_app.o
                0x1ffffcbb                Enter_Sleep_Flag
                0x1ffffcbc                Lin_Busy_Flag
                0x1ffffcbd                u8_MsgCounter
 *fill*         0x1ffffcbe        0x2 00
 COMMON         0x1ffffcc0      0x248 ./Sources/RLS_app/rls_app.o
                0x1ffffcc0                u8_HighHoldCnt
                0x1ffffcc1                u8_Rain_Delta
                0x1ffffcc4                u16_Delta_DC_bre_B
                0x1ffffcc8                u16_Save_DC_bre_A
                0x1ffffccc                u16_Delta_DC_aft_B
                0x1ffffcd0                u8_light_on_invent_req
                0x1ffffcd4                u16_DC_PD_dt
                0x1ffffcdc                u8_wakeup_cnt
                0x1ffffcdd                u8_Battery_Low_Cnt
                0x1ffffcde                u8_enter_period_cnt
                0x1ffffcdf                u8_IntSpeedFlgCnt
                0x1ffffce0                u16_SPD_Vehicle
                0x1ffffce4                u8_Wiper_StatePre
                0x1ffffce8                u8_RainIntensity_Win
                0x1ffffceb                u8_light_on_req
                0x1ffffcec                Mnrval
                0x1ffffd14                Light_on_cnt
                0x1ffffd18                PD_Meas_Comp_Ref
                0x1ffffd20                u8_RLS_StopMsureFlg
                0x1ffffd21                u8_Rain_SensitivityPre
                0x1ffffd22                u8_Wipe_Automatic_On_Flg
                0x1ffffd23                u8_cnt_choose_pre
                0x1ffffd24                u16_Dt_PD
                0x1ffffd2c                u8_IntSpeedCnt
                0x1ffffd2d                MLX75308_A_Adc
                0x1ffffd2e                u8_low_enter_high_timer
                0x1ffffd2f                u8_Brightness_IR_Right
                0x1ffffd30                Brightness_Light_Percentage
                0x1ffffd34                u16_PDA_Wmax
                0x1ffffd38                App_Rls_Error
                0x1ffffd3e                Mcu_wakeup_state
                0x1ffffd3f                u8_Rain_SensitivityLowValue
                0x1ffffd40                Rain_Sensitivity
                0x1ffffd41                u8_Rain_Invalid_Cnt
                0x1ffffd42                MLX75308_B_Gain
                0x1ffffd43                u8_wakeup_bcm_cnt_sleep_flg
                0x1ffffd44                u16_Ref_Adc_A
                0x1ffffd48                u8_IntSpeedFlg
                0x1ffffd4c                u16_Delta_DC_bre_A
                0x1ffffd50                u16_Save_DC_aft_A
                0x1ffffd54                u8_EnterLowSpeedCnt
                0x1ffffd55                u8_Int_Time
                0x1ffffd58                u16_PDB_Wmax
                0x1ffffd5c                PD_Meas_Comp_Ref_Pre
                0x1ffffd64                u8_polling_mode_enter
                0x1ffffd65                u8_Vehicle_State_Pre
                0x1ffffd66                u8_ClearEnternIntSpeedCnt
                0x1ffffd67                u8_low_voltage_cnt
                0x1ffffd68                u8_Wipe_Automatic_On_Pre
                0x1ffffd69                u8_HighSpeedHoldCnt
                0x1ffffd6a                u8_high_voltage_cnt
                0x1ffffd6b                u8_ExitLowSpeedCnt
                0x1ffffd6c                u16_Battery_Volt
                0x1ffffd70                u8_LightOnTimer
                0x1ffffd71                u8_wakeup_bcm_timer
                0x1ffffd74                u16_Ref_Adc_B
                0x1ffffd78                u8_auto_roof_rain_measure_sleep_flg
                0x1ffffd79                u8_WiperSpeed_Expert
                0x1ffffd7c                u8_RainIntensityPre
                0x1ffffd7e                u8_Int_Time_pre
                0x1ffffd7f                u8_Splash_cnt
                0x1ffffd80                u16_DC_Comp_Value
                0x1ffffd88                u8_RainIntensity
                0x1ffffd8a                u8_Cmd_Execution
                0x1ffffd8c                u16_Save_DC_bre_B
                0x1ffffd90                u8_wakeup_timer
                0x1ffffd94                u8_PD_State
                0x1ffffd98                MLX75308_RxFrame
                0x1ffffdc8                Light_off_cnt
                0x1ffffdca                u8_Wiper_StatePre_Int
                0x1ffffdcc                u16_DC_comp_value
                0x1ffffdd0                u8_Lin_Diag_Enable
                0x1ffffdd4                u32_light_value
                0x1ffffdd8                u16_PD_Win_Max
                0x1ffffde0                u8_twilight_on_req
                0x1ffffde1                u8_Rain_Valid
                0x1ffffde2                u8_RainIntensity_Max
                0x1ffffde4                u16_ExitLowSpeedTimer
                0x1ffffde8                u8_Wiper_StatePre_Int_Cnt
                0x1ffffde9                u8_Lin_Diag_Enable_Cnt
                0x1ffffdea                u8_enter_period_flg
                0x1ffffdeb                u8_ls_error_cnt
                0x1ffffdec                u8_cnt_choose
                0x1ffffdf0                u16_Save_DC_aft_B
                0x1ffffdf4                u8_rain_state_polling_flg
                0x1ffffdf5                u8_Vehicle_State
                0x1ffffdf6                u8_IntSpeedEnterCnt
                0x1ffffdf7                u8_Battery_High_Cnt
                0x1ffffdf8                Brightness_Infrared_Percentage
                0x1ffffdfc                PD_WIN_AVG
                0x1ffffe2c                DC_WIN_BUFF
                0x1ffffecc                u8_Brightness_IR
                0x1ffffecd                u8_Int_Cnt
                0x1ffffed0                Lin_BCM_Frame
                0x1ffffed5                u8_Automatic_On_Cnt
                0x1ffffed6                MLX75308_B_Adc
                0x1ffffed8                u16_Pd_Measure_Value
                0x1ffffedc                u8_Rain_Sensitivity
                0x1ffffee0                u16_IntWindow_Cnt
                0x1ffffee4                u8_Rain_Flg
                0x1ffffee5                u8_Battery_status
                0x1ffffee8                u8_Juge_Rain_Cnt
                0x1ffffeea                u8_IntDelayTimer
                0x1ffffeec                u16_Delta_DC_aft_A
                0x1ffffef0                u16_RainWindow_Cnt
                0x1ffffef4                u8_WiperSpeed
                0x1ffffef5                u8_twilight_on_invent_req
                0x1ffffef6                MLX75308_A_Gain
                0x1ffffef7                RLS_RunMode
                0x1ffffef8                u16_Brightness_FW
                0x1ffffefc                u8_Wiper_State
                0x1ffffefd                u8_MeasureSureTime
                0x1ffffefe                u8_lin_cmd_sleep
                0x1ffffeff                u8_SensitivityUpCnt
                0x1fffff00                u8_Rain_Value
                0x1fffff01                u8_SensitivityUpFlg
                0x1fffff02                u8_LowSpeedCnt
                0x1fffff04                u16_DC_checkValue
 COMMON         0x1fffff08       0x66 ./Sources/lin_cfg/lin_cfg.o
                0x1fffff08                tl_rx_msg_status
                0x1fffff09                tl_ld_error_code
                0x1fffff0a                tl_receive_msg_status
                0x1fffff0c                tl_check_timeout
                0x1fffff10                tl_rx_queue_data
                0x1fffff20                tl_frame_counter
                0x1fffff24                tl_tx_queue_data
                0x1fffff34                tl_tx_msg_size
                0x1fffff36                tl_last_cfg_result
                0x1fffff37                tl_tx_msg_status
                0x1fffff38                tl_last_RSID
                0x1fffff39                lin_successful_transfer
                0x1fffff3a                tl_rx_msg_index
                0x1fffff3c                tl_no_of_pdu
                0x1fffff40                lin_diag_signal_tbl
                0x1fffff50                lin_goto_sleep_flg
                0x1fffff52                tl_rx_msg_size
                0x1fffff54                lin_word_status
                0x1fffff56                tl_tx_msg_index
                0x1fffff58                tl_check_timeout_type
                0x1fffff59                lin_current_pid
                0x1fffff5c                tl_ident_data
                0x1fffff60                lin_error_in_response
                0x1fffff64                lin_lld_response_buffer
                0x1fffff70                . = ALIGN (0x4)
 *fill*         0x1fffff6e        0x2 00
                0x1fffff70                __END_BSS = .
                0x1fffff70                PROVIDE (__bss_end__, __END_BSS)
                0x0000a49c                _romp_at = (___ROM_AT + SIZEOF (.data))

.romp           0x1fffff70       0x18 load address 0x0000a49c
                0x0000a49c                __S_romp = _romp_at
                0x1fffff70        0x4 LONG 0xa44c ___ROM_AT
                0x1fffff74        0x4 LONG 0x1ffffc00 _sdata
                0x1fffff78        0x4 LONG 0x50 ___data_size
                0x1fffff7c        0x4 LONG 0x0
                0x1fffff80        0x4 LONG 0x0
                0x1fffff84        0x4 LONG 0x0

._user_heap_stack
                0x1fffff88      0x200 load address 0x0000a4b4
                0x1fffff88                . = ALIGN (0x4)
                0x1fffff88                PROVIDE (end, .)
                0x1fffff88                PROVIDE (_end, .)
                0x1fffff88                __heap_addr = .
                0x20000088                . = (. + __heap_size)
 *fill*         0x1fffff88      0x100 00
                0x20000188                . = (. + __stack_size)
 *fill*         0x20000088      0x100 00
                0x20000188                . = ALIGN (0x4)

.ARM.attributes
                0x00000000       0x31
 *(.ARM.attributes)
 .ARM.attributes
                0x00000000       0x31 ./Project_Settings/Startup_Code/kinetis_sysinit.o
 .ARM.attributes
                0x00000031       0x31 ./Project_Settings/Startup_Code/__arm_start.o
 .ARM.attributes
                0x00000062       0x31 ./Project_Settings/Startup_Code/__arm_end.o
 .ARM.attributes
                0x00000093       0x31 ./Sources/LIN_Stack/bsp/UART/lin_lld_uart.o
 .ARM.attributes
                0x000000c4       0x31 ./Sources/LIN_Stack/bsp/UART/lin_lld_timesrv.o
 .ARM.attributes
                0x000000f5       0x31 ./Sources/LIN_Stack/bsp/UART/lin_isr.o
 .ARM.attributes
                0x00000126       0x31 ./Sources/LIN_Stack/coreapi/lin_lin21_proto.o
 .ARM.attributes
                0x00000157       0x31 ./Sources/LIN_Stack/coreapi/lin_common_proto.o
 .ARM.attributes
                0x00000188       0x31 ./Sources/LIN_Stack/coreapi/lin_common_api.o
 .ARM.attributes
                0x000001b9       0x31 ./Sources/LIN_Stack/diagnostic/lin_diagnostic_service.o
 .ARM.attributes
                0x000001ea       0x31 ./Sources/LIN_Stack/lowlevel/lin.o
 .ARM.attributes
                0x0000021b       0x31 ./Sources/LIN_Stack/transport/lin_commontl_proto.o
 .ARM.attributes
                0x0000024c       0x31 ./Sources/LIN_Stack/transport/lin_commontl_api.o
 .ARM.attributes
                0x0000027d       0x31 ./Sources/LIN_app/lin_app.o
 .ARM.attributes
                0x000002ae       0x31 ./Sources/RLS_app/rls_app.o
 .ARM.attributes
                0x000002df       0x31 ./Sources/config_parameter/config_parameter.o
 .ARM.attributes
                0x00000310       0x31 ./Sources/driver/SPI/spi.o
 .ARM.attributes
                0x00000341       0x31 ./Sources/driver/adc/adc.o
 .ARM.attributes
                0x00000372       0x31 ./Sources/driver/clock/clock.o
 .ARM.attributes
                0x000003a3       0x31 ./Sources/driver/eeprom/eeprom.o
 .ARM.attributes
                0x000003d4       0x31 ./Sources/driver/ftm/ftm.o
 .ARM.attributes
                0x00000405       0x31 ./Sources/driver/gpio/gpio.o
 .ARM.attributes
                0x00000436       0x31 ./Sources/driver/pmc/pmc.o
 .ARM.attributes
                0x00000467       0x31 ./Sources/driver/rtc/rtc.o
 .ARM.attributes
                0x00000498       0x31 ./Sources/driver/watchdog/watchdog.o
 .ARM.attributes
                0x000004c9       0x31 ./Sources/lin_cfg/lin_cfg.o
 .ARM.attributes
                0x000004fa       0x31 ./Sources/main.o
 .ARM.attributes
                0x0000052b       0x31 D:/Freescale/CW MCU v11.0/MCU/ARM_GCC_Support/ewl/lib/armv6-m\libc.a(exit.o)
 .ARM.attributes
                0x0000055c       0x31 D:/Freescale/CW MCU v11.0/MCU/ARM_GCC_Support/ewl/lib/armv6-m\libc.a(memset.o)
 .ARM.attributes
                0x0000058d       0x31 D:/Freescale/CW MCU v11.0/MCU/ARM_GCC_Support/ewl/lib/armv6-m\libc.a(__filll_mem.o)
 .ARM.attributes
                0x000005be       0x1e d:/freescale/cw mcu v11.0/cross_tools/arm-none-eabi-gcc-4_7_3/bin/../lib/gcc/arm-none-eabi/4.7.3/armv6-m\libgcc.a(_udivsi3.o)
 .ARM.attributes
                0x000005dc       0x1e d:/freescale/cw mcu v11.0/cross_tools/arm-none-eabi-gcc-4_7_3/bin/../lib/gcc/arm-none-eabi/4.7.3/armv6-m\libgcc.a(_divsi3.o)
 .ARM.attributes
                0x000005fa       0x1e d:/freescale/cw mcu v11.0/cross_tools/arm-none-eabi-gcc-4_7_3/bin/../lib/gcc/arm-none-eabi/4.7.3/armv6-m\libgcc.a(_dvmd_tls.o)
 .ARM.attributes
                0x00000618       0x2c d:/freescale/cw mcu v11.0/cross_tools/arm-none-eabi-gcc-4_7_3/bin/../lib/gcc/arm-none-eabi/4.7.3/armv6-m\libgcc.a(_fixunsdfsi.o)
 .ARM.attributes
                0x00000644       0x2c d:/freescale/cw mcu v11.0/cross_tools/arm-none-eabi-gcc-4_7_3/bin/../lib/gcc/arm-none-eabi/4.7.3/armv6-m\libgcc.a(adddf3.o)
 .ARM.attributes
                0x00000670       0x2c d:/freescale/cw mcu v11.0/cross_tools/arm-none-eabi-gcc-4_7_3/bin/../lib/gcc/arm-none-eabi/4.7.3/armv6-m\libgcc.a(subdf3.o)
 .ARM.attributes
                0x0000069c       0x2c d:/freescale/cw mcu v11.0/cross_tools/arm-none-eabi-gcc-4_7_3/bin/../lib/gcc/arm-none-eabi/4.7.3/armv6-m\libgcc.a(fixdfsi.o)
 .ARM.attributes
                0x000006c8       0x2c d:/freescale/cw mcu v11.0/cross_tools/arm-none-eabi-gcc-4_7_3/bin/../lib/gcc/arm-none-eabi/4.7.3/armv6-m\libgcc.a(floatunsidf.o)
 .ARM.attributes
                0x000006f4       0x1e d:/freescale/cw mcu v11.0/cross_tools/arm-none-eabi-gcc-4_7_3/bin/../lib/gcc/arm-none-eabi/4.7.3/armv6-m\libgcc.a(_arm_cmpdf2.o)
 .ARM.attributes
                0x00000712       0x1e d:/freescale/cw mcu v11.0/cross_tools/arm-none-eabi-gcc-4_7_3/bin/../lib/gcc/arm-none-eabi/4.7.3/armv6-m\libgcc.a(_clzsi2.o)
 .ARM.attributes
                0x00000730       0x2c d:/freescale/cw mcu v11.0/cross_tools/arm-none-eabi-gcc-4_7_3/bin/../lib/gcc/arm-none-eabi/4.7.3/armv6-m\libgcc.a(eqdf2.o)
 .ARM.attributes
                0x0000075c       0x2c d:/freescale/cw mcu v11.0/cross_tools/arm-none-eabi-gcc-4_7_3/bin/../lib/gcc/arm-none-eabi/4.7.3/armv6-m\libgcc.a(gedf2.o)
 .ARM.attributes
                0x00000788       0x2c d:/freescale/cw mcu v11.0/cross_tools/arm-none-eabi-gcc-4_7_3/bin/../lib/gcc/arm-none-eabi/4.7.3/armv6-m\libgcc.a(ledf2.o)
 .ARM.attributes
                0x000007b4       0x31 D:/Freescale/CW MCU v11.0/MCU/ARM_GCC_Support/ewl/lib/armv6-m\librt.a(gcc_ctor_dtor.o)
 .ARM.attributes
                0x000007e5       0x31 D:/Freescale/CW MCU v11.0/MCU/ARM_GCC_Support/ewl/lib/armv6-m\librt.a(__arm_eabi_init.o)
 .ARM.attributes
                0x00000816       0x31 D:/Freescale/CW MCU v11.0/MCU/ARM_GCC_Support/ewl/lib/armv6-m\librt.a(ROMCopy.o)
OUTPUT(RLS.elf elf32-littlearm)

.debug_info     0x00000000     0x9fd8
 .debug_info    0x00000000      0x387 ./Project_Settings/Startup_Code/kinetis_sysinit.o
 .debug_info    0x00000387      0x12a ./Project_Settings/Startup_Code/__arm_start.o
 .debug_info    0x000004b1       0x54 ./Project_Settings/Startup_Code/__arm_end.o
 .debug_info    0x00000505      0xd57 ./Sources/LIN_Stack/bsp/UART/lin_lld_uart.o
 .debug_info    0x0000125c      0x53d ./Sources/LIN_Stack/bsp/UART/lin_lld_timesrv.o
 .debug_info    0x00001799      0x2a7 ./Sources/LIN_Stack/bsp/UART/lin_isr.o
 .debug_info    0x00001a40      0x375 ./Sources/LIN_Stack/coreapi/lin_lin21_proto.o
 .debug_info    0x00001db5      0x84d ./Sources/LIN_Stack/coreapi/lin_common_proto.o
 .debug_info    0x00002602      0x33b ./Sources/LIN_Stack/coreapi/lin_common_api.o
 .debug_info    0x0000293d      0x505 ./Sources/LIN_Stack/diagnostic/lin_diagnostic_service.o
 .debug_info    0x00002e42      0x37c ./Sources/LIN_Stack/lowlevel/lin.o
 .debug_info    0x000031be      0x7df ./Sources/LIN_Stack/transport/lin_commontl_proto.o
 .debug_info    0x0000399d      0x687 ./Sources/LIN_Stack/transport/lin_commontl_api.o
 .debug_info    0x00004024      0x79d ./Sources/LIN_app/lin_app.o
 .debug_info    0x000047c1     0x1b74 ./Sources/RLS_app/rls_app.o
 .debug_info    0x00006335      0x9da ./Sources/config_parameter/config_parameter.o
 .debug_info    0x00006d0f      0x67a ./Sources/driver/SPI/spi.o
 .debug_info    0x00007389      0x26c ./Sources/driver/adc/adc.o
 .debug_info    0x000075f5      0x17c ./Sources/driver/clock/clock.o
 .debug_info    0x00007771      0x430 ./Sources/driver/eeprom/eeprom.o
 .debug_info    0x00007ba1      0x631 ./Sources/driver/ftm/ftm.o
 .debug_info    0x000081d2      0x2d9 ./Sources/driver/gpio/gpio.o
 .debug_info    0x000084ab       0xec ./Sources/driver/pmc/pmc.o
 .debug_info    0x00008597      0x3be ./Sources/driver/rtc/rtc.o
 .debug_info    0x00008955      0x264 ./Sources/driver/watchdog/watchdog.o
 .debug_info    0x00008bb9      0x9cd ./Sources/lin_cfg/lin_cfg.o
 .debug_info    0x00009586      0x1bd ./Sources/main.o
 .debug_info    0x00009743       0xe8 D:/Freescale/CW MCU v11.0/MCU/ARM_GCC_Support/ewl/lib/armv6-m\libc.a(exit.o)
 .debug_info    0x0000982b       0xec D:/Freescale/CW MCU v11.0/MCU/ARM_GCC_Support/ewl/lib/armv6-m\libc.a(memset.o)
 .debug_info    0x00009917      0x137 D:/Freescale/CW MCU v11.0/MCU/ARM_GCC_Support/ewl/lib/armv6-m\libc.a(__filll_mem.o)
 .debug_info    0x00009a4e      0x136 D:/Freescale/CW MCU v11.0/MCU/ARM_GCC_Support/ewl/lib/armv6-m\librt.a(gcc_ctor_dtor.o)
 .debug_info    0x00009b84      0x2b9 D:/Freescale/CW MCU v11.0/MCU/ARM_GCC_Support/ewl/lib/armv6-m\librt.a(__arm_eabi_init.o)
 .debug_info    0x00009e3d      0x19b D:/Freescale/CW MCU v11.0/MCU/ARM_GCC_Support/ewl/lib/armv6-m\librt.a(ROMCopy.o)

.debug_abbrev   0x00000000     0x23a1
 .debug_abbrev  0x00000000      0x133 ./Project_Settings/Startup_Code/kinetis_sysinit.o
 .debug_abbrev  0x00000133       0x92 ./Project_Settings/Startup_Code/__arm_start.o
 .debug_abbrev  0x000001c5       0x4c ./Project_Settings/Startup_Code/__arm_end.o
 .debug_abbrev  0x00000211      0x25e ./Sources/LIN_Stack/bsp/UART/lin_lld_uart.o
 .debug_abbrev  0x0000046f       0xe1 ./Sources/LIN_Stack/bsp/UART/lin_lld_timesrv.o
 .debug_abbrev  0x00000550       0xb1 ./Sources/LIN_Stack/bsp/UART/lin_isr.o
 .debug_abbrev  0x00000601      0x11a ./Sources/LIN_Stack/coreapi/lin_lin21_proto.o
 .debug_abbrev  0x0000071b      0x1aa ./Sources/LIN_Stack/coreapi/lin_common_proto.o
 .debug_abbrev  0x000008c5      0x119 ./Sources/LIN_Stack/coreapi/lin_common_api.o
 .debug_abbrev  0x000009de      0x195 ./Sources/LIN_Stack/diagnostic/lin_diagnostic_service.o
 .debug_abbrev  0x00000b73      0x112 ./Sources/LIN_Stack/lowlevel/lin.o
 .debug_abbrev  0x00000c85      0x1b2 ./Sources/LIN_Stack/transport/lin_commontl_proto.o
 .debug_abbrev  0x00000e37      0x130 ./Sources/LIN_Stack/transport/lin_commontl_api.o
 .debug_abbrev  0x00000f67      0x178 ./Sources/LIN_app/lin_app.o
 .debug_abbrev  0x000010df      0x246 ./Sources/RLS_app/rls_app.o
 .debug_abbrev  0x00001325      0x105 ./Sources/config_parameter/config_parameter.o
 .debug_abbrev  0x0000142a      0x1c8 ./Sources/driver/SPI/spi.o
 .debug_abbrev  0x000015f2      0x11f ./Sources/driver/adc/adc.o
 .debug_abbrev  0x00001711       0xcf ./Sources/driver/clock/clock.o
 .debug_abbrev  0x000017e0      0x132 ./Sources/driver/eeprom/eeprom.o
 .debug_abbrev  0x00001912      0x105 ./Sources/driver/ftm/ftm.o
 .debug_abbrev  0x00001a17       0x9d ./Sources/driver/gpio/gpio.o
 .debug_abbrev  0x00001ab4       0x94 ./Sources/driver/pmc/pmc.o
 .debug_abbrev  0x00001b48       0xd4 ./Sources/driver/rtc/rtc.o
 .debug_abbrev  0x00001c1c       0xf7 ./Sources/driver/watchdog/watchdog.o
 .debug_abbrev  0x00001d13      0x138 ./Sources/lin_cfg/lin_cfg.o
 .debug_abbrev  0x00001e4b       0x96 ./Sources/main.o
 .debug_abbrev  0x00001ee1       0x7a D:/Freescale/CW MCU v11.0/MCU/ARM_GCC_Support/ewl/lib/armv6-m\libc.a(exit.o)
 .debug_abbrev  0x00001f5b       0x62 D:/Freescale/CW MCU v11.0/MCU/ARM_GCC_Support/ewl/lib/armv6-m\libc.a(memset.o)
 .debug_abbrev  0x00001fbd       0x78 D:/Freescale/CW MCU v11.0/MCU/ARM_GCC_Support/ewl/lib/armv6-m\libc.a(__filll_mem.o)
 .debug_abbrev  0x00002035       0x99 D:/Freescale/CW MCU v11.0/MCU/ARM_GCC_Support/ewl/lib/armv6-m\librt.a(gcc_ctor_dtor.o)
 .debug_abbrev  0x000020ce      0x1b3 D:/Freescale/CW MCU v11.0/MCU/ARM_GCC_Support/ewl/lib/armv6-m\librt.a(__arm_eabi_init.o)
 .debug_abbrev  0x00002281      0x120 D:/Freescale/CW MCU v11.0/MCU/ARM_GCC_Support/ewl/lib/armv6-m\librt.a(ROMCopy.o)

.debug_loc      0x00000000     0x2496
 .debug_loc     0x00000000       0x58 ./Project_Settings/Startup_Code/kinetis_sysinit.o
 .debug_loc     0x00000058       0x2c ./Project_Settings/Startup_Code/__arm_start.o
 .debug_loc     0x00000084       0x38 ./Project_Settings/Startup_Code/__arm_end.o
 .debug_loc     0x000000bc      0x298 ./Sources/LIN_Stack/bsp/UART/lin_lld_uart.o
 .debug_loc     0x00000354       0x58 ./Sources/LIN_Stack/bsp/UART/lin_lld_timesrv.o
 .debug_loc     0x000003ac       0x58 ./Sources/LIN_Stack/bsp/UART/lin_isr.o
 .debug_loc     0x00000404       0xa8 ./Sources/LIN_Stack/coreapi/lin_lin21_proto.o
 .debug_loc     0x000004ac      0x250 ./Sources/LIN_Stack/coreapi/lin_common_proto.o
 .debug_loc     0x000006fc      0x224 ./Sources/LIN_Stack/coreapi/lin_common_api.o
 .debug_loc     0x00000920      0x1b4 ./Sources/LIN_Stack/diagnostic/lin_diagnostic_service.o
 .debug_loc     0x00000ad4      0x334 ./Sources/LIN_Stack/lowlevel/lin.o
 .debug_loc     0x00000e08      0x18a ./Sources/LIN_Stack/transport/lin_commontl_proto.o
 .debug_loc     0x00000f92      0x22c ./Sources/LIN_Stack/transport/lin_commontl_api.o
 .debug_loc     0x000011be      0x12c ./Sources/LIN_app/lin_app.o
 .debug_loc     0x000012ea      0x544 ./Sources/RLS_app/rls_app.o
 .debug_loc     0x0000182e       0x38 ./Sources/config_parameter/config_parameter.o
 .debug_loc     0x00001866      0x1ec ./Sources/driver/SPI/spi.o
 .debug_loc     0x00001a52       0x9c ./Sources/driver/adc/adc.o
 .debug_loc     0x00001aee       0x9c ./Sources/driver/clock/clock.o
 .debug_loc     0x00001b8a      0x150 ./Sources/driver/eeprom/eeprom.o
 .debug_loc     0x00001cda       0x58 ./Sources/driver/ftm/ftm.o
 .debug_loc     0x00001d32       0x2c ./Sources/driver/gpio/gpio.o
 .debug_loc     0x00001d5e       0x38 ./Sources/driver/pmc/pmc.o
 .debug_loc     0x00001d96       0xb0 ./Sources/driver/rtc/rtc.o
 .debug_loc     0x00001e46       0xe8 ./Sources/driver/watchdog/watchdog.o
 .debug_loc     0x00001f2e       0x38 ./Sources/lin_cfg/lin_cfg.o
 .debug_loc     0x00001f66       0x2c ./Sources/main.o
 .debug_loc     0x00001f92       0x3e D:/Freescale/CW MCU v11.0/MCU/ARM_GCC_Support/ewl/lib/armv6-m\libc.a(exit.o)
 .debug_loc     0x00001fd0       0x6f D:/Freescale/CW MCU v11.0/MCU/ARM_GCC_Support/ewl/lib/armv6-m\libc.a(memset.o)
 .debug_loc     0x0000203f      0x14a D:/Freescale/CW MCU v11.0/MCU/ARM_GCC_Support/ewl/lib/armv6-m\libc.a(__filll_mem.o)
 .debug_loc     0x00002189       0x9d D:/Freescale/CW MCU v11.0/MCU/ARM_GCC_Support/ewl/lib/armv6-m\librt.a(gcc_ctor_dtor.o)
 .debug_loc     0x00002226      0x197 D:/Freescale/CW MCU v11.0/MCU/ARM_GCC_Support/ewl/lib/armv6-m\librt.a(__arm_eabi_init.o)
 .debug_loc     0x000023bd       0xd9 D:/Freescale/CW MCU v11.0/MCU/ARM_GCC_Support/ewl/lib/armv6-m\librt.a(ROMCopy.o)

.debug_aranges  0x00000000      0x898
 .debug_aranges
                0x00000000       0x28 ./Project_Settings/Startup_Code/kinetis_sysinit.o
 .debug_aranges
                0x00000028       0x30 ./Project_Settings/Startup_Code/__arm_start.o
 .debug_aranges
                0x00000058       0x20 ./Project_Settings/Startup_Code/__arm_end.o
 .debug_aranges
                0x00000078       0x88 ./Sources/LIN_Stack/bsp/UART/lin_lld_uart.o
 .debug_aranges
                0x00000100       0x28 ./Sources/LIN_Stack/bsp/UART/lin_lld_timesrv.o
 .debug_aranges
                0x00000128       0x28 ./Sources/LIN_Stack/bsp/UART/lin_isr.o
 .debug_aranges
                0x00000150       0x30 ./Sources/LIN_Stack/coreapi/lin_lin21_proto.o
 .debug_aranges
                0x00000180       0x70 ./Sources/LIN_Stack/coreapi/lin_common_proto.o
 .debug_aranges
                0x000001f0       0x68 ./Sources/LIN_Stack/coreapi/lin_common_api.o
 .debug_aranges
                0x00000258       0x58 ./Sources/LIN_Stack/diagnostic/lin_diagnostic_service.o
 .debug_aranges
                0x000002b0       0xa0 ./Sources/LIN_Stack/lowlevel/lin.o
 .debug_aranges
                0x00000350       0x50 ./Sources/LIN_Stack/transport/lin_commontl_proto.o
 .debug_aranges
                0x000003a0       0x70 ./Sources/LIN_Stack/transport/lin_commontl_api.o
 .debug_aranges
                0x00000410       0x48 ./Sources/LIN_app/lin_app.o
 .debug_aranges
                0x00000458       0xe8 ./Sources/RLS_app/rls_app.o
 .debug_aranges
                0x00000540       0x20 ./Sources/config_parameter/config_parameter.o
 .debug_aranges
                0x00000560       0x60 ./Sources/driver/SPI/spi.o
 .debug_aranges
                0x000005c0       0x30 ./Sources/driver/adc/adc.o
 .debug_aranges
                0x000005f0       0x30 ./Sources/driver/clock/clock.o
 .debug_aranges
                0x00000620       0x48 ./Sources/driver/eeprom/eeprom.o
 .debug_aranges
                0x00000668       0x28 ./Sources/driver/ftm/ftm.o
 .debug_aranges
                0x00000690       0x20 ./Sources/driver/gpio/gpio.o
 .debug_aranges
                0x000006b0       0x20 ./Sources/driver/pmc/pmc.o
 .debug_aranges
                0x000006d0       0x38 ./Sources/driver/rtc/rtc.o
 .debug_aranges
                0x00000708       0x40 ./Sources/driver/watchdog/watchdog.o
 .debug_aranges
                0x00000748       0x20 ./Sources/lin_cfg/lin_cfg.o
 .debug_aranges
                0x00000768       0x20 ./Sources/main.o
 .debug_aranges
                0x00000788       0x20 D:/Freescale/CW MCU v11.0/MCU/ARM_GCC_Support/ewl/lib/armv6-m\libc.a(exit.o)
 .debug_aranges
                0x000007a8       0x20 D:/Freescale/CW MCU v11.0/MCU/ARM_GCC_Support/ewl/lib/armv6-m\libc.a(memset.o)
 .debug_aranges
                0x000007c8       0x20 D:/Freescale/CW MCU v11.0/MCU/ARM_GCC_Support/ewl/lib/armv6-m\libc.a(__filll_mem.o)
 .debug_aranges
                0x000007e8       0x28 D:/Freescale/CW MCU v11.0/MCU/ARM_GCC_Support/ewl/lib/armv6-m\librt.a(gcc_ctor_dtor.o)
 .debug_aranges
                0x00000810       0x58 D:/Freescale/CW MCU v11.0/MCU/ARM_GCC_Support/ewl/lib/armv6-m\librt.a(__arm_eabi_init.o)
 .debug_aranges
                0x00000868       0x30 D:/Freescale/CW MCU v11.0/MCU/ARM_GCC_Support/ewl/lib/armv6-m\librt.a(ROMCopy.o)

.debug_macinfo  0x00000000   0x32928d
 .debug_macinfo
                0x00000000    0x1a1ab ./Project_Settings/Startup_Code/kinetis_sysinit.o
 .debug_macinfo
                0x0001a1ab     0x3e6d ./Project_Settings/Startup_Code/__arm_start.o
 .debug_macinfo
                0x0001e018     0x3456 ./Project_Settings/Startup_Code/__arm_end.o
 .debug_macinfo
                0x0002146e    0x2334c ./Sources/LIN_Stack/bsp/UART/lin_lld_uart.o
 .debug_macinfo
                0x000447ba    0x22d8a ./Sources/LIN_Stack/bsp/UART/lin_lld_timesrv.o
 .debug_macinfo
                0x00067544    0x2311c ./Sources/LIN_Stack/bsp/UART/lin_isr.o
 .debug_macinfo
                0x0008a660    0x22cb1 ./Sources/LIN_Stack/coreapi/lin_lin21_proto.o
 .debug_macinfo
                0x000ad311    0x2358b ./Sources/LIN_Stack/coreapi/lin_common_proto.o
 .debug_macinfo
                0x000d089c    0x22cb0 ./Sources/LIN_Stack/coreapi/lin_common_api.o
 .debug_macinfo
                0x000f354c    0x2397f ./Sources/LIN_Stack/diagnostic/lin_diagnostic_service.o
 .debug_macinfo
                0x00116ecb    0x22d37 ./Sources/LIN_Stack/lowlevel/lin.o
 .debug_macinfo
                0x00139c02    0x23df3 ./Sources/LIN_Stack/transport/lin_commontl_proto.o
 .debug_macinfo
                0x0015d9f5    0x22fdd ./Sources/LIN_Stack/transport/lin_commontl_api.o
 .debug_macinfo
                0x001809d2    0x23608 ./Sources/LIN_app/lin_app.o
 .debug_macinfo
                0x001a3fda    0x23f91 ./Sources/RLS_app/rls_app.o
 .debug_macinfo
                0x001c7f6b    0x2366e ./Sources/config_parameter/config_parameter.o
 .debug_macinfo
                0x001eb5d9    0x23a7c ./Sources/driver/SPI/spi.o
 .debug_macinfo
                0x0020f055    0x1a577 ./Sources/driver/adc/adc.o
 .debug_macinfo
                0x002295cc    0x1a58e ./Sources/driver/clock/clock.o
 .debug_macinfo
                0x00243b5a    0x1aa23 ./Sources/driver/eeprom/eeprom.o
 .debug_macinfo
                0x0025e57d    0x1a701 ./Sources/driver/ftm/ftm.o
 .debug_macinfo
                0x00278c7e    0x1aa2c ./Sources/driver/gpio/gpio.o
 .debug_macinfo
                0x002936aa    0x1a576 ./Sources/driver/pmc/pmc.o
 .debug_macinfo
                0x002adc20    0x1a1a0 ./Sources/driver/rtc/rtc.o
 .debug_macinfo
                0x002c7dc0    0x1a57b ./Sources/driver/watchdog/watchdog.o
 .debug_macinfo
                0x002e233b    0x22c44 ./Sources/lin_cfg/lin_cfg.o
 .debug_macinfo
                0x00304f7f    0x2430e ./Sources/main.o

.debug_line     0x00000000     0x8255
 .debug_line    0x00000000      0x230 ./Project_Settings/Startup_Code/kinetis_sysinit.o
 .debug_line    0x00000230      0x2ac ./Project_Settings/Startup_Code/__arm_start.o
 .debug_line    0x000004dc      0x266 ./Project_Settings/Startup_Code/__arm_end.o
 .debug_line    0x00000742      0x726 ./Sources/LIN_Stack/bsp/UART/lin_lld_uart.o
 .debug_line    0x00000e68      0x3d9 ./Sources/LIN_Stack/bsp/UART/lin_lld_timesrv.o
 .debug_line    0x00001241      0x435 ./Sources/LIN_Stack/bsp/UART/lin_isr.o
 .debug_line    0x00001676      0x3cf ./Sources/LIN_Stack/coreapi/lin_lin21_proto.o
 .debug_line    0x00001a45      0x61e ./Sources/LIN_Stack/coreapi/lin_common_proto.o
 .debug_line    0x00002063      0x444 ./Sources/LIN_Stack/coreapi/lin_common_api.o
 .debug_line    0x000024a7      0x620 ./Sources/LIN_Stack/diagnostic/lin_diagnostic_service.o
 .debug_line    0x00002ac7      0x4ab ./Sources/LIN_Stack/lowlevel/lin.o
 .debug_line    0x00002f72      0x7ca ./Sources/LIN_Stack/transport/lin_commontl_proto.o
 .debug_line    0x0000373c      0x524 ./Sources/LIN_Stack/transport/lin_commontl_api.o
 .debug_line    0x00003c60      0x5be ./Sources/LIN_app/lin_app.o
 .debug_line    0x0000421e      0xe63 ./Sources/RLS_app/rls_app.o
 .debug_line    0x00005081      0x578 ./Sources/config_parameter/config_parameter.o
 .debug_line    0x000055f9      0x62d ./Sources/driver/SPI/spi.o
 .debug_line    0x00005c26      0x293 ./Sources/driver/adc/adc.o
 .debug_line    0x00005eb9      0x2a2 ./Sources/driver/clock/clock.o
 .debug_line    0x0000615b      0x3e1 ./Sources/driver/eeprom/eeprom.o
 .debug_line    0x0000653c      0x2ed ./Sources/driver/ftm/ftm.o
 .debug_line    0x00006829      0x288 ./Sources/driver/gpio/gpio.o
 .debug_line    0x00006ab1      0x266 ./Sources/driver/pmc/pmc.o
 .debug_line    0x00006d17      0x233 ./Sources/driver/rtc/rtc.o
 .debug_line    0x00006f4a      0x2ca ./Sources/driver/watchdog/watchdog.o
 .debug_line    0x00007214      0x331 ./Sources/lin_cfg/lin_cfg.o
 .debug_line    0x00007545      0x8bd ./Sources/main.o
 .debug_line    0x00007e02       0x8d D:/Freescale/CW MCU v11.0/MCU/ARM_GCC_Support/ewl/lib/armv6-m\libc.a(exit.o)
 .debug_line    0x00007e8f       0x90 D:/Freescale/CW MCU v11.0/MCU/ARM_GCC_Support/ewl/lib/armv6-m\libc.a(memset.o)
 .debug_line    0x00007f1f       0xf6 D:/Freescale/CW MCU v11.0/MCU/ARM_GCC_Support/ewl/lib/armv6-m\libc.a(__filll_mem.o)
 .debug_line    0x00008015       0x6c D:/Freescale/CW MCU v11.0/MCU/ARM_GCC_Support/ewl/lib/armv6-m\librt.a(gcc_ctor_dtor.o)
 .debug_line    0x00008081      0x117 D:/Freescale/CW MCU v11.0/MCU/ARM_GCC_Support/ewl/lib/armv6-m\librt.a(__arm_eabi_init.o)
 .debug_line    0x00008198       0xbd D:/Freescale/CW MCU v11.0/MCU/ARM_GCC_Support/ewl/lib/armv6-m\librt.a(ROMCopy.o)

.debug_str      0x00000000     0x3e1e
 .debug_str     0x00000000      0x24a ./Project_Settings/Startup_Code/kinetis_sysinit.o
                                0x277 (size before relaxing)
 .debug_str     0x0000024a       0x85 ./Project_Settings/Startup_Code/__arm_start.o
                                0x1ab (size before relaxing)
 .debug_str     0x000002cf       0x3a ./Project_Settings/Startup_Code/__arm_end.o
                                 0xe2 (size before relaxing)
 .debug_str     0x00000309      0x817 ./Sources/LIN_Stack/bsp/UART/lin_lld_uart.o
                                0x99a (size before relaxing)
 .debug_str     0x00000b20      0x382 ./Sources/LIN_Stack/bsp/UART/lin_lld_timesrv.o
                                0x520 (size before relaxing)
 .debug_str     0x00000ea2       0x4e ./Sources/LIN_Stack/bsp/UART/lin_isr.o
                                0x238 (size before relaxing)
 .debug_str     0x00000ef0      0x267 ./Sources/LIN_Stack/coreapi/lin_lin21_proto.o
                                0x3d7 (size before relaxing)
 .debug_str     0x00001157      0x50a ./Sources/LIN_Stack/coreapi/lin_common_proto.o
                                0xaae (size before relaxing)
 .debug_str     0x00001661       0xc5 ./Sources/LIN_Stack/coreapi/lin_common_api.o
                                0x2ab (size before relaxing)
 .debug_str     0x00001726      0x1f7 ./Sources/LIN_Stack/diagnostic/lin_diagnostic_service.o
                                0x488 (size before relaxing)
 .debug_str     0x0000191d      0x225 ./Sources/LIN_Stack/lowlevel/lin.o
                                0x396 (size before relaxing)
 .debug_str     0x00001b42      0x1e2 ./Sources/LIN_Stack/transport/lin_commontl_proto.o
                                0x795 (size before relaxing)
 .debug_str     0x00001d24      0x1a7 ./Sources/LIN_Stack/transport/lin_commontl_api.o
                                0x6b8 (size before relaxing)
 .debug_str     0x00001ecb      0x246 ./Sources/LIN_app/lin_app.o
                                0x77c (size before relaxing)
 .debug_str     0x00002111     0x11c2 ./Sources/RLS_app/rls_app.o
                               0x16ae (size before relaxing)
 .debug_str     0x000032d3       0x45 ./Sources/config_parameter/config_parameter.o
                                0xb83 (size before relaxing)
 .debug_str     0x00003318      0x137 ./Sources/driver/SPI/spi.o
                                0x382 (size before relaxing)
 .debug_str     0x0000344f       0x6e ./Sources/driver/adc/adc.o
                                0x200 (size before relaxing)
 .debug_str     0x000034bd       0x55 ./Sources/driver/clock/clock.o
                                0x18b (size before relaxing)
 .debug_str     0x00003512      0x1b8 ./Sources/driver/eeprom/eeprom.o
                                0x32e (size before relaxing)
 .debug_str     0x000036ca       0xbc ./Sources/driver/ftm/ftm.o
                                0x5b5 (size before relaxing)
 .debug_str     0x00003786      0x108 ./Sources/driver/gpio/gpio.o
                                0x2b3 (size before relaxing)
 .debug_str     0x0000388e       0x25 ./Sources/driver/pmc/pmc.o
                                0x17b (size before relaxing)
 .debug_str     0x000038b3       0x6a ./Sources/driver/rtc/rtc.o
                                0x491 (size before relaxing)
 .debug_str     0x0000391d       0x79 ./Sources/driver/watchdog/watchdog.o
                                0x20c (size before relaxing)
 .debug_str     0x00003996      0x108 ./Sources/lin_cfg/lin_cfg.o
                                0xbe1 (size before relaxing)
 .debug_str     0x00003a9e       0x17 ./Sources/main.o
                                0x209 (size before relaxing)
 .debug_str     0x00003ab5       0x60 D:/Freescale/CW MCU v11.0/MCU/ARM_GCC_Support/ewl/lib/armv6-m\libc.a(exit.o)
                                0x157 (size before relaxing)
 .debug_str     0x00003b15       0x23 D:/Freescale/CW MCU v11.0/MCU/ARM_GCC_Support/ewl/lib/armv6-m\libc.a(memset.o)
                                0x140 (size before relaxing)
 .debug_str     0x00003b38       0x2d D:/Freescale/CW MCU v11.0/MCU/ARM_GCC_Support/ewl/lib/armv6-m\libc.a(__filll_mem.o)
                                0x152 (size before relaxing)
 .debug_str     0x00003b65      0x126 D:/Freescale/CW MCU v11.0/MCU/ARM_GCC_Support/ewl/lib/armv6-m\librt.a(gcc_ctor_dtor.o)
                                0x181 (size before relaxing)
 .debug_str     0x00003c8b       0xf8 D:/Freescale/CW MCU v11.0/MCU/ARM_GCC_Support/ewl/lib/armv6-m\librt.a(__arm_eabi_init.o)
                                0x1b5 (size before relaxing)
 .debug_str     0x00003d83       0x9b D:/Freescale/CW MCU v11.0/MCU/ARM_GCC_Support/ewl/lib/armv6-m\librt.a(ROMCopy.o)
                                0x13c (size before relaxing)

.comment        0x00000000       0x79
 .comment       0x00000000       0x79 ./Project_Settings/Startup_Code/kinetis_sysinit.o
                                 0x7a (size before relaxing)
 .comment       0x00000000       0x7a ./Project_Settings/Startup_Code/__arm_start.o
 .comment       0x00000000       0x7a ./Project_Settings/Startup_Code/__arm_end.o
 .comment       0x00000000       0x7a ./Sources/LIN_Stack/bsp/UART/lin_lld_uart.o
 .comment       0x00000000       0x7a ./Sources/LIN_Stack/bsp/UART/lin_lld_timesrv.o
 .comment       0x00000000       0x7a ./Sources/LIN_Stack/bsp/UART/lin_isr.o
 .comment       0x00000000       0x7a ./Sources/LIN_Stack/coreapi/lin_lin21_proto.o
 .comment       0x00000000       0x7a ./Sources/LIN_Stack/coreapi/lin_common_proto.o
 .comment       0x00000000       0x7a ./Sources/LIN_Stack/coreapi/lin_common_api.o
 .comment       0x00000000       0x7a ./Sources/LIN_Stack/diagnostic/lin_diagnostic_service.o
 .comment       0x00000000       0x7a ./Sources/LIN_Stack/lowlevel/lin.o
 .comment       0x00000000       0x7a ./Sources/LIN_Stack/transport/lin_commontl_proto.o
 .comment       0x00000000       0x7a ./Sources/LIN_Stack/transport/lin_commontl_api.o
 .comment       0x00000000       0x7a ./Sources/LIN_app/lin_app.o
 .comment       0x00000000       0x7a ./Sources/RLS_app/rls_app.o
 .comment       0x00000000       0x7a ./Sources/config_parameter/config_parameter.o
 .comment       0x00000000       0x7a ./Sources/driver/SPI/spi.o
 .comment       0x00000000       0x7a ./Sources/driver/adc/adc.o
 .comment       0x00000000       0x7a ./Sources/driver/clock/clock.o
 .comment       0x00000000       0x7a ./Sources/driver/eeprom/eeprom.o
 .comment       0x00000000       0x7a ./Sources/driver/ftm/ftm.o
 .comment       0x00000000       0x7a ./Sources/driver/gpio/gpio.o
 .comment       0x00000000       0x7a ./Sources/driver/pmc/pmc.o
 .comment       0x00000000       0x7a ./Sources/driver/rtc/rtc.o
 .comment       0x00000000       0x7a ./Sources/driver/watchdog/watchdog.o
 .comment       0x00000000       0x7a ./Sources/lin_cfg/lin_cfg.o
 .comment       0x00000000       0x7a ./Sources/main.o
 .comment       0x00000000       0x7a D:/Freescale/CW MCU v11.0/MCU/ARM_GCC_Support/ewl/lib/armv6-m\libc.a(exit.o)
 .comment       0x00000000       0x7a D:/Freescale/CW MCU v11.0/MCU/ARM_GCC_Support/ewl/lib/armv6-m\libc.a(memset.o)
 .comment       0x00000000       0x7a D:/Freescale/CW MCU v11.0/MCU/ARM_GCC_Support/ewl/lib/armv6-m\libc.a(__filll_mem.o)
 .comment       0x00000000       0x7a D:/Freescale/CW MCU v11.0/MCU/ARM_GCC_Support/ewl/lib/armv6-m\librt.a(gcc_ctor_dtor.o)
 .comment       0x00000000       0x7a D:/Freescale/CW MCU v11.0/MCU/ARM_GCC_Support/ewl/lib/armv6-m\librt.a(__arm_eabi_init.o)
 .comment       0x00000000       0x7a D:/Freescale/CW MCU v11.0/MCU/ARM_GCC_Support/ewl/lib/armv6-m\librt.a(ROMCopy.o)

.debug_frame    0x00000000     0x1848
 .debug_frame   0x00000000       0x48 ./Project_Settings/Startup_Code/kinetis_sysinit.o
 .debug_frame   0x00000048       0x4c ./Project_Settings/Startup_Code/__arm_start.o
 .debug_frame   0x00000094       0x30 ./Project_Settings/Startup_Code/__arm_end.o
 .debug_frame   0x000000c4      0x1ac ./Sources/LIN_Stack/bsp/UART/lin_lld_uart.o
 .debug_frame   0x00000270       0x48 ./Sources/LIN_Stack/bsp/UART/lin_lld_timesrv.o
 .debug_frame   0x000002b8       0x4c ./Sources/LIN_Stack/bsp/UART/lin_isr.o
 .debug_frame   0x00000304       0x70 ./Sources/LIN_Stack/coreapi/lin_lin21_proto.o
 .debug_frame   0x00000374      0x168 ./Sources/LIN_Stack/coreapi/lin_common_proto.o
 .debug_frame   0x000004dc      0x14c ./Sources/LIN_Stack/coreapi/lin_common_api.o
 .debug_frame   0x00000628      0x10c ./Sources/LIN_Stack/diagnostic/lin_diagnostic_service.o
 .debug_frame   0x00000734      0x204 ./Sources/LIN_Stack/lowlevel/lin.o
 .debug_frame   0x00000938       0xf0 ./Sources/LIN_Stack/transport/lin_commontl_proto.o
 .debug_frame   0x00000a28      0x15c ./Sources/LIN_Stack/transport/lin_commontl_api.o
 .debug_frame   0x00000b84       0xc4 ./Sources/LIN_app/lin_app.o
 .debug_frame   0x00000c48      0x32c ./Sources/RLS_app/rls_app.o
 .debug_frame   0x00000f74       0x30 ./Sources/config_parameter/config_parameter.o
 .debug_frame   0x00000fa4      0x12c ./Sources/driver/SPI/spi.o
 .debug_frame   0x000010d0       0x6c ./Sources/driver/adc/adc.o
 .debug_frame   0x0000113c       0x6c ./Sources/driver/clock/clock.o
 .debug_frame   0x000011a8       0xd0 ./Sources/driver/eeprom/eeprom.o
 .debug_frame   0x00001278       0x4c ./Sources/driver/ftm/ftm.o
 .debug_frame   0x000012c4       0x2c ./Sources/driver/gpio/gpio.o
 .debug_frame   0x000012f0       0x30 ./Sources/driver/pmc/pmc.o
 .debug_frame   0x00001320       0x80 ./Sources/driver/rtc/rtc.o
 .debug_frame   0x000013a0       0xa0 ./Sources/driver/watchdog/watchdog.o
 .debug_frame   0x00001440       0x30 ./Sources/lin_cfg/lin_cfg.o
 .debug_frame   0x00001470       0x2c ./Sources/main.o
 .debug_frame   0x0000149c       0x2c D:/Freescale/CW MCU v11.0/MCU/ARM_GCC_Support/ewl/lib/armv6-m\libc.a(exit.o)
 .debug_frame   0x000014c8       0x28 D:/Freescale/CW MCU v11.0/MCU/ARM_GCC_Support/ewl/lib/armv6-m\libc.a(memset.o)
 .debug_frame   0x000014f0       0x2c D:/Freescale/CW MCU v11.0/MCU/ARM_GCC_Support/ewl/lib/armv6-m\libc.a(__filll_mem.o)
 .debug_frame   0x0000151c       0x20 d:/freescale/cw mcu v11.0/cross_tools/arm-none-eabi-gcc-4_7_3/bin/../lib/gcc/arm-none-eabi/4.7.3/armv6-m\libgcc.a(_udivsi3.o)
 .debug_frame   0x0000153c       0x20 d:/freescale/cw mcu v11.0/cross_tools/arm-none-eabi-gcc-4_7_3/bin/../lib/gcc/arm-none-eabi/4.7.3/armv6-m\libgcc.a(_divsi3.o)
 .debug_frame   0x0000155c       0x2c d:/freescale/cw mcu v11.0/cross_tools/arm-none-eabi-gcc-4_7_3/bin/../lib/gcc/arm-none-eabi/4.7.3/armv6-m\libgcc.a(_fixunsdfsi.o)
 .debug_frame   0x00001588       0x3c d:/freescale/cw mcu v11.0/cross_tools/arm-none-eabi-gcc-4_7_3/bin/../lib/gcc/arm-none-eabi/4.7.3/armv6-m\libgcc.a(adddf3.o)
 .debug_frame   0x000015c4       0x38 d:/freescale/cw mcu v11.0/cross_tools/arm-none-eabi-gcc-4_7_3/bin/../lib/gcc/arm-none-eabi/4.7.3/armv6-m\libgcc.a(subdf3.o)
 .debug_frame   0x000015fc       0x2c d:/freescale/cw mcu v11.0/cross_tools/arm-none-eabi-gcc-4_7_3/bin/../lib/gcc/arm-none-eabi/4.7.3/armv6-m\libgcc.a(fixdfsi.o)
 .debug_frame   0x00001628       0x2c d:/freescale/cw mcu v11.0/cross_tools/arm-none-eabi-gcc-4_7_3/bin/../lib/gcc/arm-none-eabi/4.7.3/armv6-m\libgcc.a(floatunsidf.o)
 .debug_frame   0x00001654       0x34 d:/freescale/cw mcu v11.0/cross_tools/arm-none-eabi-gcc-4_7_3/bin/../lib/gcc/arm-none-eabi/4.7.3/armv6-m\libgcc.a(eqdf2.o)
 .debug_frame   0x00001688       0x38 d:/freescale/cw mcu v11.0/cross_tools/arm-none-eabi-gcc-4_7_3/bin/../lib/gcc/arm-none-eabi/4.7.3/armv6-m\libgcc.a(gedf2.o)
 .debug_frame   0x000016c0       0x38 d:/freescale/cw mcu v11.0/cross_tools/arm-none-eabi-gcc-4_7_3/bin/../lib/gcc/arm-none-eabi/4.7.3/armv6-m\libgcc.a(ledf2.o)
 .debug_frame   0x000016f8       0x40 D:/Freescale/CW MCU v11.0/MCU/ARM_GCC_Support/ewl/lib/armv6-m\librt.a(gcc_ctor_dtor.o)
 .debug_frame   0x00001738       0xbc D:/Freescale/CW MCU v11.0/MCU/ARM_GCC_Support/ewl/lib/armv6-m\librt.a(__arm_eabi_init.o)
 .debug_frame   0x000017f4       0x54 D:/Freescale/CW MCU v11.0/MCU/ARM_GCC_Support/ewl/lib/armv6-m\librt.a(ROMCopy.o)
