Archive member included because of file (symbol)

D:/CW11.0/CW MCU v11.0/MCU/ARM_GCC_Support/ewl/lib/armv6-m\libc.a(exit.o)
                              ./Project_Settings/Startup_Code/__arm_start.o (exit)
D:/CW11.0/CW MCU v11.0/MCU/ARM_GCC_Support/ewl/lib/armv6-m\libc.a(rand.o)
                              ./Sources/Application/Diagnostic/lin_diagnostic_service.o (rand)
D:/CW11.0/CW MCU v11.0/MCU/ARM_GCC_Support/ewl/lib/armv6-m\libc.a(memset.o)
                              ./Project_Settings/Startup_Code/__arm_start.o (memset)
D:/CW11.0/CW MCU v11.0/MCU/ARM_GCC_Support/ewl/lib/armv6-m\libc.a(__filll_mem.o)
                              D:/CW11.0/CW MCU v11.0/MCU/ARM_GCC_Support/ewl/lib/armv6-m\libc.a(memset.o) (__fill_mem)
d:/cw11.0/cw mcu v11.0/cross_tools/arm-none-eabi-gcc-4_7_3/bin/../lib/gcc/arm-none-eabi/4.7.3/armv6-m\libgcc.a(_udivsi3.o)
                              ./Sources/Application/Auto_air/auto_air.o (__aeabi_uidiv)
d:/cw11.0/cw mcu v11.0/cross_tools/arm-none-eabi-gcc-4_7_3/bin/../lib/gcc/arm-none-eabi/4.7.3/armv6-m\libgcc.a(_divsi3.o)
                              ./Sources/Application/Auto_wiper/auto_wiper.o (__aeabi_idiv)
d:/cw11.0/cw mcu v11.0/cross_tools/arm-none-eabi-gcc-4_7_3/bin/../lib/gcc/arm-none-eabi/4.7.3/armv6-m\libgcc.a(_dvmd_tls.o)
                              d:/cw11.0/cw mcu v11.0/cross_tools/arm-none-eabi-gcc-4_7_3/bin/../lib/gcc/arm-none-eabi/4.7.3/armv6-m\libgcc.a(_udivsi3.o) (__aeabi_idiv0)
d:/cw11.0/cw mcu v11.0/cross_tools/arm-none-eabi-gcc-4_7_3/bin/../lib/gcc/arm-none-eabi/4.7.3/armv6-m\libgcc.a(_fixunsdfsi.o)
                              ./Sources/Driver/LIN_Stack/bsp/UART/lin_isr.o (__aeabi_d2uiz)
d:/cw11.0/cw mcu v11.0/cross_tools/arm-none-eabi-gcc-4_7_3/bin/../lib/gcc/arm-none-eabi/4.7.3/armv6-m\libgcc.a(adddf3.o)
                              ./Sources/Driver/LIN_Stack/bsp/UART/lin_isr.o (__aeabi_dadd)
d:/cw11.0/cw mcu v11.0/cross_tools/arm-none-eabi-gcc-4_7_3/bin/../lib/gcc/arm-none-eabi/4.7.3/armv6-m\libgcc.a(subdf3.o)
                              d:/cw11.0/cw mcu v11.0/cross_tools/arm-none-eabi-gcc-4_7_3/bin/../lib/gcc/arm-none-eabi/4.7.3/armv6-m\libgcc.a(_fixunsdfsi.o) (__aeabi_dsub)
d:/cw11.0/cw mcu v11.0/cross_tools/arm-none-eabi-gcc-4_7_3/bin/../lib/gcc/arm-none-eabi/4.7.3/armv6-m\libgcc.a(fixdfsi.o)
                              d:/cw11.0/cw mcu v11.0/cross_tools/arm-none-eabi-gcc-4_7_3/bin/../lib/gcc/arm-none-eabi/4.7.3/armv6-m\libgcc.a(_fixunsdfsi.o) (__aeabi_d2iz)
d:/cw11.0/cw mcu v11.0/cross_tools/arm-none-eabi-gcc-4_7_3/bin/../lib/gcc/arm-none-eabi/4.7.3/armv6-m\libgcc.a(floatunsidf.o)
                              ./Sources/Driver/LIN_Stack/bsp/UART/lin_isr.o (__aeabi_ui2d)
d:/cw11.0/cw mcu v11.0/cross_tools/arm-none-eabi-gcc-4_7_3/bin/../lib/gcc/arm-none-eabi/4.7.3/armv6-m\libgcc.a(_arm_cmpdf2.o)
                              d:/cw11.0/cw mcu v11.0/cross_tools/arm-none-eabi-gcc-4_7_3/bin/../lib/gcc/arm-none-eabi/4.7.3/armv6-m\libgcc.a(_fixunsdfsi.o) (__aeabi_dcmpge)
d:/cw11.0/cw mcu v11.0/cross_tools/arm-none-eabi-gcc-4_7_3/bin/../lib/gcc/arm-none-eabi/4.7.3/armv6-m\libgcc.a(_clzsi2.o)
                              d:/cw11.0/cw mcu v11.0/cross_tools/arm-none-eabi-gcc-4_7_3/bin/../lib/gcc/arm-none-eabi/4.7.3/armv6-m\libgcc.a(adddf3.o) (__clzsi2)
d:/cw11.0/cw mcu v11.0/cross_tools/arm-none-eabi-gcc-4_7_3/bin/../lib/gcc/arm-none-eabi/4.7.3/armv6-m\libgcc.a(eqdf2.o)
                              d:/cw11.0/cw mcu v11.0/cross_tools/arm-none-eabi-gcc-4_7_3/bin/../lib/gcc/arm-none-eabi/4.7.3/armv6-m\libgcc.a(_arm_cmpdf2.o) (__eqdf2)
d:/cw11.0/cw mcu v11.0/cross_tools/arm-none-eabi-gcc-4_7_3/bin/../lib/gcc/arm-none-eabi/4.7.3/armv6-m\libgcc.a(gedf2.o)
                              d:/cw11.0/cw mcu v11.0/cross_tools/arm-none-eabi-gcc-4_7_3/bin/../lib/gcc/arm-none-eabi/4.7.3/armv6-m\libgcc.a(_arm_cmpdf2.o) (__gedf2)
d:/cw11.0/cw mcu v11.0/cross_tools/arm-none-eabi-gcc-4_7_3/bin/../lib/gcc/arm-none-eabi/4.7.3/armv6-m\libgcc.a(ledf2.o)
                              d:/cw11.0/cw mcu v11.0/cross_tools/arm-none-eabi-gcc-4_7_3/bin/../lib/gcc/arm-none-eabi/4.7.3/armv6-m\libgcc.a(_arm_cmpdf2.o) (__ledf2)
D:/CW11.0/CW MCU v11.0/MCU/ARM_GCC_Support/ewl/lib/armv6-m\librt.a(gcc_ctor_dtor.o)
                              ./Project_Settings/Startup_Code/__arm_start.o (__init_cpp)
D:/CW11.0/CW MCU v11.0/MCU/ARM_GCC_Support/ewl/lib/armv6-m\librt.a(__arm_eabi_init.o)
                              D:/CW11.0/CW MCU v11.0/MCU/ARM_GCC_Support/ewl/lib/armv6-m\libc.a(exit.o) (__destroy_global_chain)
D:/CW11.0/CW MCU v11.0/MCU/ARM_GCC_Support/ewl/lib/armv6-m\librt.a(ROMCopy.o)
                              ./Project_Settings/Startup_Code/__arm_start.o (__copy_rom_sections_to_ram)

Allocating common symbols
Common symbol       size              file

tl_rx_msg_status    0x1               ./Sources/Transport/lin_cfg/lin_cfg.o
u8_HighHoldCnt      0x1               ./Sources/Application/Auto_wiper/auto_wiper.o
Timer_500ms_flag    0x1               ./Sources/Application/main.o
[...]
Memory Configuration

Name             Origin             Length             Attributes
m_interrupts     0x00000000         0x000000c0         xr
m_cfmprotrom     0x00000400         0x00000010         xr
m_text           0x00000800         0x0000f800         xr
m_data           0x1ffffc00         0x00001000         xrw
*default*        0x00000000         0xffffffff

Linker script and memory map

LOAD ./Project_Settings/Startup_Code/kinetis_sysinit.o
LOAD ./Project_Settings/Startup_Code/__arm_start.o
LOAD ./Project_Settings/Startup_Code/__arm_end.o
LOAD ./Sources/Application/Auto_air/auto_air.o
LOAD ./Sources/Application/Auto_fog/auto_fog.o
LOAD ./Sources/Application/Auto_humid/auto_humid.o
LOAD ./Sources/Application/Auto_light/auto_light.o
LOAD ./Sources/Application/Auto_wiper/auto_wiper.o
LOAD ./Sources/Application/Battery/battery.o
LOAD ./Sources/Application/Config_parameters/config_parameter.o
LOAD ./Sources/Application/Diagnostic/lin_diagnostic_service.o
LOAD ./Sources/Application/Sleep/sleep.o
LOAD ./Sources/Application/humid_app/humid.o
LOAD ./Sources/Application/main.o
LOAD ./Sources/Driver/IIC/iic.o
LOAD ./Sources/Driver/LIN_Stack/bsp/UART/lin_lld_uart.o
LOAD ./Sources/Driver/LIN_Stack/bsp/UART/lin_lld_timesrv.o
LOAD ./Sources/Driver/LIN_Stack/bsp/UART/lin_isr.o
LOAD ./Sources/Driver/LIN_Stack/coreapi/lin_lin21_proto.o
LOAD ./Sources/Driver/LIN_Stack/coreapi/lin_lin21_api.o
LOAD ./Sources/Driver/LIN_Stack/coreapi/lin_j2602_proto.o
LOAD ./Sources/Driver/LIN_Stack/coreapi/lin_j2602_api.o
LOAD ./Sources/Driver/LIN_Stack/coreapi/lin_common_proto.o
LOAD ./Sources/Driver/LIN_Stack/coreapi/lin_common_api.o
LOAD ./Sources/Driver/LIN_Stack/lowlevel/lin.o
LOAD ./Sources/Driver/SPI/spi.o
LOAD ./Sources/Driver/adc/adc.o
LOAD ./Sources/Driver/clock/clock.o
LOAD ./Sources/Driver/eeprom/eeprom.o
LOAD ./Sources/Driver/ftm/ftm.o
LOAD ./Sources/Driver/gpio/gpio.o
LOAD ./Sources/Driver/pmc/pmc.o
LOAD ./Sources/Driver/rtc/rtc.o
LOAD ./Sources/Driver/watchdog/watchdog.o
LOAD ./Sources/Transport/LIN_app/lin_app.o
LOAD ./Sources/Transport/Local_eep_data/local_eep_data.o
LOAD ./Sources/Transport/MLX75308/mlx75308.o
LOAD ./Sources/Transport/lin_cfg/lin_cfg.o
LOAD ./Sources/Transport/lin_transport/lin_lin21tl_api.o
LOAD ./Sources/Transport/lin_transport/lin_j2602tl_api.o
LOAD ./Sources/Transport/lin_transport/lin_commontl_proto.o
LOAD ./Sources/Transport/lin_transport/lin_commontl_api.o
START GROUP
LOAD D:/CW11.0/CW MCU v11.0/MCU/ARM_GCC_Support/ewl/lib/armv6-m\libc.a
LOAD D:/CW11.0/CW MCU v11.0/MCU/ARM_GCC_Support/ewl/lib/armv6-m\libm.a
LOAD d:/cw11.0/cw mcu v11.0/cross_tools/arm-none-eabi-gcc-4_7_3/bin/../lib/gcc/arm-none-eabi/4.7.3/armv6-m\libgcc.a
LOAD D:/CW11.0/CW MCU v11.0/MCU/ARM_GCC_Support/ewl/lib/armv6-m\librt.a
END GROUP
                0x20000c00                _estack = 0x20000c00
                0x20000c00                __SP_INIT = _estack
                0x00000100                __heap_size = 0x100
                0x00000100                __stack_size = 0x100

.interrupts     0x00000000       0xc0
                0x00000000                __vector_table = .
                0x00000000                . = ALIGN (0x4)
 *(.vectortable)
 .vectortable   0x00000000       0xc0 ./Project_Settings/Startup_Code/kinetis_sysinit.o
                0x00000000                InterruptVector
                0x000000c0                . = ALIGN (0x4)

.cfmprotect     0x00000400        0x0
                0x00000400                . = ALIGN (0x4)
 *(.cfmconfig)
                0x00000400                . = ALIGN (0x4)

.text           0x00000800     0xa2b4
                0x00000800                . = ALIGN (0x4)
 *(.text)
 .text          0x00000800       0x9c d:/cw11.0/cw mcu v11.0/cross_tools/arm-none-eabi-gcc-4_7_3/bin/../lib/gcc/arm-none-eabi/4.7.3/armv6-m\libgcc.a(_udivsi3.o)
                0x00000800                __aeabi_uidiv
                0x00000800                __udivsi3
                0x00000888                __aeabi_uidivmod
 .text          0x0000089c       0xc0 d:/cw11.0/cw mcu v11.0/cross_tools/arm-none-eabi-gcc-4_7_3/bin/../lib/gcc/arm-none-eabi/4.7.3/armv6-m\libgcc.a(_divsi3.o)
                0x0000089c                __divsi3
                0x0000089c                __aeabi_idiv
                0x00000948                __aeabi_idivmod
 .text          0x0000095c        0x4 d:/cw11.0/cw mcu v11.0/cross_tools/arm-none-eabi-gcc-4_7_3/bin/../lib/gcc/arm-none-eabi/4.7.3/armv6-m\libgcc.a(_dvmd_tls.o)
                0x0000095c                __aeabi_idiv0
                0x0000095c                __aeabi_ldiv0
 .text          0x00000960       0x40 d:/cw11.0/cw mcu v11.0/cross_tools/arm-none-eabi-gcc-4_7_3/bin/../lib/gcc/arm-none-eabi/4.7.3/armv6-m\libgcc.a(_fixunsdfsi.o)
                0x00000960                __aeabi_d2uiz
                0x00000960                __fixunsdfsi
 .text          0x000009a0      0x758 d:/cw11.0/cw mcu v11.0/cross_tools/arm-none-eabi-gcc-4_7_3/bin/../lib/gcc/arm-none-eabi/4.7.3/armv6-m\libgcc.a(adddf3.o)
                0x000009a0                __aeabi_dadd
 .text          0x000010f8      0x6f8 d:/cw11.0/cw mcu v11.0/cross_tools/arm-none-eabi-gcc-4_7_3/bin/../lib/gcc/arm-none-eabi/4.7.3/armv6-m\libgcc.a(subdf3.o)
                0x000010f8                __aeabi_dsub
 .text          0x000017f0       0x68 d:/cw11.0/cw mcu v11.0/cross_tools/arm-none-eabi-gcc-4_7_3/bin/../lib/gcc/arm-none-eabi/4.7.3/armv6-m\libgcc.a(fixdfsi.o)
                0x000017f0                __aeabi_d2iz
 .text          0x00001858       0x64 d:/cw11.0/cw mcu v11.0/cross_tools/arm-none-eabi-gcc-4_7_3/bin/../lib/gcc/arm-none-eabi/4.7.3/armv6-m\libgcc.a(floatunsidf.o)
                0x00001858                __aeabi_ui2d
 .text          0x000018bc       0x7c d:/cw11.0/cw mcu v11.0/cross_tools/arm-none-eabi-gcc-4_7_3/bin/../lib/gcc/arm-none-eabi/4.7.3/armv6-m\libgcc.a(_arm_cmpdf2.o)
                0x000018bc                __aeabi_cdrcmple
                0x000018cc                __aeabi_cdcmple
                0x000018cc                __aeabi_cdcmpeq
                0x000018dc                __aeabi_dcmpeq
                0x000018e8                __aeabi_dcmplt
                0x000018fc                __aeabi_dcmple
                0x00001910                __aeabi_dcmpgt
                0x00001924                __aeabi_dcmpge
 .text          0x00001938       0x3c d:/cw11.0/cw mcu v11.0/cross_tools/arm-none-eabi-gcc-4_7_3/bin/../lib/gcc/arm-none-eabi/4.7.3/armv6-m\libgcc.a(_clzsi2.o)
                0x00001938                __clzsi2
 .text          0x00001974       0x7c d:/cw11.0/cw mcu v11.0/cross_tools/arm-none-eabi-gcc-4_7_3/bin/../lib/gcc/arm-none-eabi/4.7.3/armv6-m\libgcc.a(eqdf2.o)
                0x00001974                __nedf2
                0x00001974                __eqdf2
 .text          0x000019f0       0xe8 d:/cw11.0/cw mcu v11.0/cross_tools/arm-none-eabi-gcc-4_7_3/bin/../lib/gcc/arm-none-eabi/4.7.3/armv6-m\libgcc.a(gedf2.o)
                0x000019f0                __gedf2
                0x000019f0                __gtdf2
 .text          0x00001ad8       0xd8 d:/cw11.0/cw mcu v11.0/cross_tools/arm-none-eabi-gcc-4_7_3/bin/../lib/gcc/arm-none-eabi/4.7.3/armv6-m\libgcc.a(ledf2.o)
                0x00001ad8                __ledf2
                0x00001ad8                __ltdf2
 *(.text*)
 .text.Default_Handler
                0x00001bb0        0xc ./Project_Settings/Startup_Code/kinetis_sysinit.o
                0x00001bb0                I2C0_IRQHandler
                0x00001bb0                HardFault_Handler
                0x00001bb0                SysTick_Handler
                0x00001bb0                PendSV_Handler
                0x00001bb0                NMI_Handler
                0x00001bb0                ADC0_IRQHandler
                0x00001bb0                SPI1_IRQHandler
                0x00001bb0                UART2_SCI2_IRQHandler
                0x00001bb0                IRQ_IRQHandler
                0x00001bb0                PIT_CH0_IRQHandler
                0x00001bb0                Default_Handler
                0x00001bb0                ACMP0_IRQHandler
                0x00001bb0                SVC_Handler
                0x00001bb0                ICS_IRQHandler
                0x00001bb0                PIT_CH1_IRQHandler
                0x00001bb0                FTMRH_IRQHandler
                0x00001bb0                KBI0_IRQHandler
                0x00001bb0                PMC_IRQHandler
                0x00001bb0                SPI0_IRQHandler
                0x00001bb0                FTM2_IRQHandler
                0x00001bb0                ACMP1_IRQHandler
                0x00001bb0                KBI1_IRQHandler
                0x00001bb0                UART1_SCI1_IRQHandler
 .text.__init_hardware
                0x00001bbc       0x38 ./Project_Settings/Startup_Code/kinetis_sysinit.o
                0x00001bbc                __init_hardware
 .text.zero_fill_bss
                0x00001bf4       0x24 ./Project_Settings/Startup_Code/__arm_start.o
 .text.__thumb_startup
                0x00001c18       0x30 ./Project_Settings/Startup_Code/__arm_start.o
                0x00001c18                __thumb_startup
 .text._ExitProcess
                0x00001c48        0xc ./Project_Settings/Startup_Code/__arm_end.o
                0x00001c48                _ExitProcess
 .text.Auto_Air_Var_Init
                0x00001c54       0x24 ./Sources/Application/Auto_air/auto_air.o
                0x00001c54                Auto_Air_Var_Init
 .text.Search_Table
                0x00001c78      0x234 ./Sources/Application/Auto_air/auto_air.o
                0x00001c78                Search_Table
 .text.RLS_Auto_Solar_Task
                0x00001eac      0x1e4 ./Sources/Application/Auto_air/auto_air.o
                0x00001eac                RLS_Auto_Solar_Task
 .text.Auto_light_Var_Init
                0x00002090       0x54 ./Sources/Application/Auto_light/auto_light.o
                0x00002090                Auto_light_Var_Init
 .text.RLS_AutoLightControl
                0x000020e4      0x1c0 ./Sources/Application/Auto_light/auto_light.o
                0x000020e4                RLS_AutoLightControl
 .text.RLS_Light_Module_Fault_Process
                0x000022a4       0x98 ./Sources/Application/Auto_light/auto_light.o
                0x000022a4                RLS_Light_Module_Fault_Process
 .text.RLS_Auto_Light_Task
                0x0000233c       0xa0 ./Sources/Application/Auto_light/auto_light.o
                0x0000233c                RLS_Auto_Light_Task
 .text.Auto_Wiper_Var_Init
                0x000023dc       0xb0 ./Sources/Application/Auto_wiper/auto_wiper.o
                0x000023dc                Auto_Wiper_Var_Init
 .text.RLS_Rain_Module_Fault_Process
                0x0000248c       0xb0 ./Sources/Application/Auto_wiper/auto_wiper.o
                0x0000248c                RLS_Rain_Module_Fault_Process
 .text.RLS_Get_Rain_State
                0x0000253c      0x514 ./Sources/Application/Auto_wiper/auto_wiper.o
                0x0000253c                RLS_Get_Rain_State
 .text.RLS_Get_Rain_ExpectStage
                0x00002a50      0x2d0 ./Sources/Application/Auto_wiper/auto_wiper.o
                0x00002a50                RLS_Get_Rain_ExpectStage
 .text.RLS_Mask_False_Operation
                0x00002d20      0x198 ./Sources/Application/Auto_wiper/auto_wiper.o
                0x00002d20                RLS_Mask_False_Operation
 .text.RLS_Invalid_DataProcess
                0x00002eb8      0x1fc ./Sources/Application/Auto_wiper/auto_wiper.o
                0x00002eb8                RLS_Invalid_DataProcess
 .text.RLS_Period_Mode
                0x000030b4       0x68 ./Sources/Application/Auto_wiper/auto_wiper.o
                0x000030b4                RLS_Period_Mode
 .text.RLS_Rain_State_Mchaine
                0x0000311c     0x11ac ./Sources/Application/Auto_wiper/auto_wiper.o
                0x0000311c                RLS_Rain_State_Mchaine
 .text.RLS_Wipe_Park_Process
                0x000042c8       0x6c ./Sources/Application/Auto_wiper/auto_wiper.o
                0x000042c8                RLS_Wipe_Park_Process
 .text.RLS_Auto_Rain_Task
                0x00004334       0x1c ./Sources/Application/Auto_wiper/auto_wiper.o
                0x00004334                RLS_Auto_Rain_Task
 .text.RLS_SelfAdaptTask
                0x00004350      0x3d4 ./Sources/Application/Auto_wiper/auto_wiper.o
                0x00004350                RLS_SelfAdaptTask
 .text.RLS_Single_Wipe_Function
                0x00004724       0xb8 ./Sources/Application/Auto_wiper/auto_wiper.o
                0x00004724                RLS_Single_Wipe_Function
 .text.RLS_Lin_Diag_Fucntion
                0x000047dc       0x34 ./Sources/Application/Auto_wiper/auto_wiper.o
                0x000047dc                RLS_Lin_Diag_Fucntion
 .text.Battery_Var_init
                0x00004810       0x30 ./Sources/Application/Battery/battery.o
                0x00004810                Battery_Var_init
 .text.RLS_Battery_Measurement
                0x00004840       0x3c ./Sources/Application/Battery/battery.o
                0x00004840                RLS_Battery_Measurement
 .text.RLS_Battery_State
                0x0000487c       0x94 ./Sources/Application/Battery/battery.o
                0x0000487c                RLS_Battery_State
 .text.Globle_parameter_Init
                0x00004910       0x84 ./Sources/Application/Config_parameters/config_parameter.o
                0x00004910                Globle_parameter_Init
 .text.Diagnostic_Var_init
                0x00004994       0x28 ./Sources/Application/Diagnostic/lin_diagnostic_service.o
                0x00004994                Diagnostic_Var_init
 .text.lin_diagservice_session_state
                0x000049bc       0x58 ./Sources/Application/Diagnostic/lin_diagnostic_service.o
                0x000049bc                lin_diagservice_session_state
 .text.boot_jump_to_APP
                0x00004a14       0x18 ./Sources/Application/Diagnostic/lin_diagnostic_service.o
                0x00004a14                boot_jump_to_APP
 .text.lin_diagservice_session_control
                0x00004a2c       0xf8 ./Sources/Application/Diagnostic/lin_diagnostic_service.o
                0x00004a2c                lin_diagservice_session_control
 .text.uds_calc_key
                0x00004b24       0xa0 ./Sources/Application/Diagnostic/lin_diagnostic_service.o
                0x00004b24                uds_calc_key
 .text.lin_diagservice_service_securityaccess
                0x00004bc4      0x100 ./Sources/Application/Diagnostic/lin_diagnostic_service.o
                0x00004bc4                lin_diagservice_service_securityaccess
 .text.lin_diagservice_read_data_by_identifier
                0x00004cc4      0x12c ./Sources/Application/Diagnostic/lin_diagnostic_service.o
                0x00004cc4                lin_diagservice_read_data_by_identifier
 .text.lin_diagservice_write_data_by_identifier
                0x00004df0      0x2b8 ./Sources/Application/Diagnostic/lin_diagnostic_service.o
                0x00004df0                lin_diagservice_write_data_by_identifier
 .text.lin_diagservice_assign_frame_id_range
                0x000050a8      0x140 ./Sources/Application/Diagnostic/lin_diagnostic_service.o
                0x000050a8                lin_diagservice_assign_frame_id_range
 .text.lin_diagservice_read_by_identifier
                0x000051e8       0x74 ./Sources/Application/Diagnostic/lin_diagnostic_service.o
                0x000051e8                lin_diagservice_read_by_identifier
 .text.lin_condittional_change_nad
                0x0000525c       0xa0 ./Sources/Application/Diagnostic/lin_diagnostic_service.o
                0x0000525c                lin_condittional_change_nad
 .text.lin_diagsrv_functional_service
                0x000052fc       0x1c ./Sources/Application/Diagnostic/lin_diagnostic_service.o
                0x000052fc                lin_diagsrv_functional_service
 .text.SPI_Enable
                0x00005318       0x1c ./Sources/Application/Sleep/sleep.o
 .text.SPI_Disable
                0x00005334       0x1c ./Sources/Application/Sleep/sleep.o
 .text.Sleep_Var_Init
                0x00005350       0x50 ./Sources/Application/Sleep/sleep.o
                0x00005350                Sleep_Var_Init
 .text.Sleep_check
                0x000053a0       0x58 ./Sources/Application/Sleep/sleep.o
                0x000053a0                Sleep_check
 .text.Auto_Roof_Process
                0x000053f8      0x168 ./Sources/Application/Sleep/sleep.o
                0x000053f8                Auto_Roof_Process
 .text.Sleep_Process
                0x00005560      0x180 ./Sources/Application/Sleep/sleep.o
                0x00005560                Sleep_Process
 .text.Recover_Process
                0x000056e0       0x90 ./Sources/Application/Sleep/sleep.o
                0x000056e0                Recover_Process
 .text.Gloable_Var_Init
                0x00005770       0x88 ./Sources/Application/main.o
                0x00005770                Gloable_Var_Init
 .text.main     0x000057f8      0x12c ./Sources/Application/main.o
                0x000057f8                main
 .text.lin_lld_uart_init
                0x00005924       0xdc ./Sources/Driver/LIN_Stack/bsp/UART/lin_lld_uart.o
                0x00005924                lin_lld_uart_init
 .text.lin_lld_uart_ignore_response
                0x00005a00        0xc ./Sources/Driver/LIN_Stack/bsp/UART/lin_lld_uart.o
                0x00005a00                lin_lld_uart_ignore_response
 .text.lin_lld_uart_set_low_power_mode
                0x00005a0c       0x14 ./Sources/Driver/LIN_Stack/bsp/UART/lin_lld_uart.o
                0x00005a0c                lin_lld_uart_set_low_power_mode
 .text.lin_lld_uart_rx_response
                0x00005a20       0x40 ./Sources/Driver/LIN_Stack/bsp/UART/lin_lld_uart.o
                0x00005a20                lin_lld_uart_rx_response
 .text.lin_lld_uart_tx_response
                0x00005a60       0x58 ./Sources/Driver/LIN_Stack/bsp/UART/lin_lld_uart.o
                0x00005a60                lin_lld_uart_tx_response
 .text.lin_lld_uart_timeout
                0x00005ab8      0x168 ./Sources/Driver/LIN_Stack/bsp/UART/lin_lld_uart.o
                0x00005ab8                lin_lld_uart_timeout
 .text.lin_goto_idle_state
                0x00005c20       0x44 ./Sources/Driver/LIN_Stack/bsp/UART/lin_lld_uart.o
                0x00005c20                lin_goto_idle_state
 .text.lin_lld_uart_rx_isr
                0x00005c64      0x4f0 ./Sources/Driver/LIN_Stack/bsp/UART/lin_lld_uart.o
                0x00005c64                lin_lld_uart_rx_isr
 .text.lin_lld_timer_K_init
                0x00006154       0x7c ./Sources/Driver/LIN_Stack/bsp/UART/lin_lld_timesrv.o
                0x00006154                lin_lld_timer_K_init
 .text.lin_lld_timer_isr
                0x000061d0        0xc ./Sources/Driver/LIN_Stack/bsp/UART/lin_lld_timesrv.o
                0x000061d0                lin_lld_timer_isr
 .text.UART0_SCI0_IRQHandler
                0x000061dc        0xc ./Sources/Driver/LIN_Stack/bsp/UART/lin_isr.o
                0x000061dc                UART0_SCI0_IRQHandler
 .text.FTM1_IRQHandler
                0x000061e8       0x68 ./Sources/Driver/LIN_Stack/bsp/UART/lin_isr.o
                0x000061e8                FTM1_IRQHandler
 .text.lin_update_word_status_lin21
                0x00006250       0x7c ./Sources/Driver/LIN_Stack/coreapi/lin_lin21_proto.o
                0x00006250                lin_update_word_status_lin21
 .text.lin_update_err_signal
                0x000062cc       0x7c ./Sources/Driver/LIN_Stack/coreapi/lin_lin21_proto.o
                0x000062cc                lin_update_err_signal
 .text.lin_make_res_evnt_frame
                0x00006348       0x38 ./Sources/Driver/LIN_Stack/coreapi/lin_lin21_proto.o
                0x00006348                lin_make_res_evnt_frame
 .text.lin_pid_response_callback_handler
                0x00006380       0x78 ./Sources/Driver/LIN_Stack/coreapi/lin_common_proto.o
                0x00006380                lin_pid_response_callback_handler
 .text.lin_process_pid
                0x000063f8      0x15c ./Sources/Driver/LIN_Stack/coreapi/lin_common_proto.o
                0x000063f8                lin_process_pid
 .text.lin_update_rx
                0x00006554       0xe8 ./Sources/Driver/LIN_Stack/coreapi/lin_common_proto.o
                0x00006554                lin_update_rx
 .text.lin_update_tx
                0x0000663c       0xd0 ./Sources/Driver/LIN_Stack/coreapi/lin_common_proto.o
                0x0000663c                lin_update_tx
 .text.lin_handle_error
                0x0000670c       0xd8 ./Sources/Driver/LIN_Stack/coreapi/lin_common_proto.o
                0x0000670c                lin_handle_error
 .text.lin_bus_activity_timeout
                0x000067e4       0x20 ./Sources/Driver/LIN_Stack/coreapi/lin_common_proto.o
                0x000067e4                lin_bus_activity_timeout
 .text.lin_update_tx_flags
                0x00006804       0xe0 ./Sources/Driver/LIN_Stack/coreapi/lin_common_proto.o
                0x00006804                lin_update_tx_flags
 .text.lin_update_rx_diag_frame
                0x000068e4       0x28 ./Sources/Driver/LIN_Stack/coreapi/lin_common_proto.o
                0x000068e4                lin_update_rx_diag_frame
 .text.lin_make_res_diag_frame
                0x0000690c        0xc ./Sources/Driver/LIN_Stack/coreapi/lin_common_proto.o
                0x0000690c                lin_make_res_diag_frame
 .text.lin_get_frame_index
                0x00006918       0x5c ./Sources/Driver/LIN_Stack/coreapi/lin_common_proto.o
                0x00006918                lin_get_frame_index
 .text.lin_process_uncd_frame
                0x00006974      0x130 ./Sources/Driver/LIN_Stack/coreapi/lin_common_proto.o
                0x00006974                lin_process_uncd_frame
 .text.l_sys_init
                0x00006aa4       0x10 ./Sources/Driver/LIN_Stack/coreapi/lin_common_api.o
                0x00006aa4                l_sys_init
 .text.l_ifc_init
                0x00006ab4       0x1c ./Sources/Driver/LIN_Stack/coreapi/lin_common_api.o
                0x00006ab4                l_ifc_init
 .text.lin_lld_init
                0x00006ad0       0x14 ./Sources/Driver/LIN_Stack/lowlevel/lin.o
                0x00006ad0                lin_lld_init
 .text.lin_lld_ignore_response
                0x00006ae4       0x10 ./Sources/Driver/LIN_Stack/lowlevel/lin.o
                0x00006ae4                lin_lld_ignore_response
 .text.lin_lld_set_low_power_mode
                0x00006af4       0x10 ./Sources/Driver/LIN_Stack/lowlevel/lin.o
                0x00006af4                lin_lld_set_low_power_mode
 .text.lin_lld_set_response
                0x00006b04       0x4c ./Sources/Driver/LIN_Stack/lowlevel/lin.o
                0x00006b04                lin_lld_set_response
 .text.lin_lld_rx_response
                0x00006b50       0x20 ./Sources/Driver/LIN_Stack/lowlevel/lin.o
                0x00006b50                lin_lld_rx_response
 .text.lin_process_parity
                0x00006b70       0xf0 ./Sources/Driver/LIN_Stack/lowlevel/lin.o
                0x00006b70                lin_process_parity
 .text.lin_checksum
                0x00006c60       0x9c ./Sources/Driver/LIN_Stack/lowlevel/lin.o
                0x00006c60                lin_checksum
 .text.lin_lld_timer_init
                0x00006cfc        0xc ./Sources/Driver/LIN_Stack/lowlevel/lin.o
                0x00006cfc                lin_lld_timer_init
 .text.SPI_COM  0x00006d08       0x68 ./Sources/Driver/SPI/spi.o
                0x00006d08                SPI_COM
 .text.SPI_Init
                0x00006d70       0x74 ./Sources/Driver/SPI/spi.o
                0x00006d70                SPI_Init
 .text.SPI_SetBaudRate
                0x00006de4       0xe4 ./Sources/Driver/SPI/spi.o
                0x00006de4                SPI_SetBaudRate
 .text.SPI_Wr_Cmd
                0x00006ec8      0x174 ./Sources/Driver/SPI/spi.o
                0x00006ec8                SPI_Wr_Cmd
 .text.SPI_Wr_Reg
                0x0000703c      0x298 ./Sources/Driver/SPI/spi.o
                0x0000703c                SPI_Wr_Reg
 .text.SPI_Rd_Reg
                0x000072d4       0xc4 ./Sources/Driver/SPI/spi.o
                0x000072d4                SPI_Rd_Reg
 .text.MLX75308_SetPara
                0x00007398      0x49c ./Sources/Driver/SPI/spi.o
                0x00007398                MLX75308_SetPara
 .text.SPI_Rd_Mchan
                0x00007834      0x1f0 ./Sources/Driver/SPI/spi.o
                0x00007834                SPI_Rd_Mchan
 .text.MLX75308_Meansure
                0x00007a24       0xac ./Sources/Driver/SPI/spi.o
                0x00007a24                MLX75308_Meansure
 .text.ADC_Init
                0x00007ad0       0x38 ./Sources/Driver/adc/adc.o
                0x00007ad0                ADC_Init
 .text.get_adc  0x00007b08       0x38 ./Sources/Driver/adc/adc.o
                0x00007b08                get_adc
 .text.get_adc_times
                0x00007b40       0x74 ./Sources/Driver/adc/adc.o
                0x00007b40                get_adc_times
 .text.Clk_Init
                0x00007bb4       0x84 ./Sources/Driver/clock/clock.o
                0x00007bb4                Clk_Init
 .text.Delay_Ms
                0x00007c38       0x64 ./Sources/Driver/clock/clock.o
                0x00007c38                Delay_Ms
 .text.Delay_Nus
                0x00007c9c       0x3c ./Sources/Driver/clock/clock.o
                0x00007c9c                Delay_Nus
 .text.FLASH_Init
                0x00007cd8       0xfc ./Sources/Driver/eeprom/eeprom.o
                0x00007cd8                FLASH_Init
 .text.FLASH_LaunchCMD
                0x00007dd4       0x48 ./Sources/Driver/eeprom/eeprom.o
                0x00007dd4                FLASH_LaunchCMD
 .text.EEPROM_EraseSector
                0x00007e1c       0xe4 ./Sources/Driver/eeprom/eeprom.o
                0x00007e1c                EEPROM_EraseSector
 .text.EEPROM_ProgramWord
                0x00007f00      0x110 ./Sources/Driver/eeprom/eeprom.o
                0x00007f00                EEPROM_ProgramWord
 .text.write_data_from_EEPROM
                0x00008010      0x388 ./Sources/Driver/eeprom/eeprom.o
                0x00008010                write_data_from_EEPROM
 .text.read_data_from_EEPROM
                0x00008398      0x11c ./Sources/Driver/eeprom/eeprom.o
                0x00008398                read_data_from_EEPROM
 .text.FTM0_Init
                0x000084b4       0x80 ./Sources/Driver/ftm/ftm.o
                0x000084b4                FTM0_Init
 *fill*         0x00008534        0x4 00
 .text.FTM0_IRQHandler
                0x00008538       0xe0 ./Sources/Driver/ftm/ftm.o
                0x00008538                FTM0_IRQHandler
 .text.GPIO_Init
                0x00008618      0x208 ./Sources/Driver/gpio/gpio.o
                0x00008618                GPIO_Init
 .text.PMC_Init
                0x00008820       0x64 ./Sources/Driver/pmc/pmc.o
                0x00008820                PMC_Init
 .text.RTC_EnableInt
                0x00008884       0x18 ./Sources/Driver/rtc/rtc.o
                0x00008884                RTC_EnableInt
 .text.RTC_DisableInt
                0x0000889c       0x18 ./Sources/Driver/rtc/rtc.o
                0x0000889c                RTC_DisableInt
 .text.RTC_Init
                0x000088b4       0x6c ./Sources/Driver/rtc/rtc.o
                0x000088b4                RTC_Init
 .text.RTC_IRQHandler
                0x00008920       0x18 ./Sources/Driver/rtc/rtc.o
                0x00008920                RTC_IRQHandler
 .text.WDOG_Feed
                0x00008938       0x24 ./Sources/Driver/watchdog/watchdog.o
                0x00008938                WDOG_Feed
 .text.WDG_IRQHandler
                0x0000895c       0x1c ./Sources/Driver/watchdog/watchdog.o
                0x0000895c                WDG_IRQHandler
 .text.Lin_Var_Init
                0x00008978       0x28 ./Sources/Transport/LIN_app/lin_app.o
                0x00008978                Lin_Var_Init
 .text.Lin_Sys_Init
                0x000089a0       0x64 ./Sources/Transport/LIN_app/lin_app.o
                0x000089a0                Lin_Sys_Init
 .text.Lin_Busy_Process
                0x00008a04       0x14 ./Sources/Transport/LIN_app/lin_app.o
                0x00008a04                Lin_Busy_Process
 .text.message_cnt
                0x00008a18        0x8 ./Sources/Transport/LIN_app/lin_app.o
                0x00008a18                message_cnt
 .text.RLS_Analysis_Master_Data
                0x00008a20       0xf8 ./Sources/Transport/LIN_app/lin_app.o
                0x00008a20                RLS_Analysis_Master_Data
 .text.Lin_RLS_data
                0x00008b18      0x328 ./Sources/Transport/LIN_app/lin_app.o
                0x00008b18                Lin_RLS_data
 .text.Lin_RLS_Wakeup_BCM
                0x00008e40       0x2c ./Sources/Transport/LIN_app/lin_app.o
                0x00008e40                Lin_RLS_Wakeup_BCM
 .text.Get_All_data_From_EEPROM
                0x00008e6c       0x20 ./Sources/Transport/Local_eep_data/local_eep_data.o
                0x00008e6c                Get_All_data_From_EEPROM
 .text.Set_Data_To_EEPROM
                0x00008e8c       0xdc ./Sources/Transport/Local_eep_data/local_eep_data.o
                0x00008e8c                Set_Data_To_EEPROM
 .text.Write_App_value_flag
                0x00008f68       0x24 ./Sources/Transport/Local_eep_data/local_eep_data.o
                0x00008f68                Write_App_value_flag
 .text.Read_App_value_flag
                0x00008f8c       0x24 ./Sources/Transport/Local_eep_data/local_eep_data.o
                0x00008f8c                Read_App_value_flag
 .text.RLS_Rain_Get_Measure
                0x00008fb0      0x39c ./Sources/Transport/MLX75308/mlx75308.o
                0x00008fb0                RLS_Rain_Get_Measure
 .text.MLX75308_Init
                0x0000934c      0x180 ./Sources/Transport/MLX75308/mlx75308.o
                0x0000934c                MLX75308_Init
 .text.ld_read_by_id_callout
                0x000094cc       0x78 ./Sources/Transport/lin_cfg/lin_cfg.o
                0x000094cc                ld_read_by_id_callout
 .text.lin_tl_make_slaveres_pdu
                0x00009544      0x764 ./Sources/Transport/lin_transport/lin_commontl_proto.o
                0x00009544                lin_tl_make_slaveres_pdu
 .text.lin_tl_get_pdu
                0x00009ca8       0x5c ./Sources/Transport/lin_transport/lin_commontl_proto.o
                0x00009ca8                lin_tl_get_pdu
 .text.lin_process_pdu
                0x00009d04      0x260 ./Sources/Transport/lin_transport/lin_commontl_proto.o
 .text.lin_tl_handler
                0x00009f64      0x164 ./Sources/Transport/lin_transport/lin_commontl_proto.o
                0x00009f64                lin_tl_handler
 .text.lin_tl_attach_service
                0x0000a0c8      0x1a4 ./Sources/Transport/lin_transport/lin_commontl_proto.o
                0x0000a0c8                lin_tl_attach_service
 .text.tl_put_raw
                0x0000a26c       0xcc ./Sources/Transport/lin_transport/lin_commontl_proto.o
                0x0000a26c                tl_put_raw
 .text.tl_get_raw
                0x0000a338       0xe8 ./Sources/Transport/lin_transport/lin_commontl_proto.o
                0x0000a338                tl_get_raw
 .text.ld_get_raw
                0x0000a420       0x20 ./Sources/Transport/lin_transport/lin_commontl_api.o
                0x0000a420                ld_get_raw
 .text.ld_receive_message
                0x0000a440      0x284 ./Sources/Transport/lin_transport/lin_commontl_api.o
                0x0000a440                ld_receive_message
 .text.exit     0x0000a6c4       0x38 D:/CW11.0/CW MCU v11.0/MCU/ARM_GCC_Support/ewl/lib/armv6-m\libc.a(exit.o)
                0x0000a6c4                exit
 .text.rand     0x0000a6fc       0x20 D:/CW11.0/CW MCU v11.0/MCU/ARM_GCC_Support/ewl/lib/armv6-m\libc.a(rand.o)
                0x0000a6fc                rand
 .text.memset   0x0000a71c        0xc D:/CW11.0/CW MCU v11.0/MCU/ARM_GCC_Support/ewl/lib/armv6-m\libc.a(memset.o)
                0x0000a71c                memset
 .text.__fill_mem
                0x0000a728       0x7e D:/CW11.0/CW MCU v11.0/MCU/ARM_GCC_Support/ewl/lib/armv6-m\libc.a(__filll_mem.o)
                0x0000a728                __fill_mem
 *fill*         0x0000a7a6        0x2 00
 .text.__init_cpp
                0x0000a7a8       0x48 D:/CW11.0/CW MCU v11.0/MCU/ARM_GCC_Support/ewl/lib/armv6-m\librt.a(gcc_ctor_dtor.o)
                0x0000a7a8                __init_cpp
 .text.__fini_cpp
                0x0000a7f0       0x34 D:/CW11.0/CW MCU v11.0/MCU/ARM_GCC_Support/ewl/lib/armv6-m\librt.a(gcc_ctor_dtor.o)
                0x0000a7f0                __fini_cpp
 .text.__destroy_global_chain
                0x0000a824       0x1c D:/CW11.0/CW MCU v11.0/MCU/ARM_GCC_Support/ewl/lib/armv6-m\librt.a(__arm_eabi_init.o)
                0x0000a824                __destroy_global_chain
 .text.__init_registers
                0x0000a840       0x1c D:/CW11.0/CW MCU v11.0/MCU/ARM_GCC_Support/ewl/lib/armv6-m\librt.a(__arm_eabi_init.o)
                0x0000a840                __init_registers
 .text.__init_user
                0x0000a85c        0x4 D:/CW11.0/CW MCU v11.0/MCU/ARM_GCC_Support/ewl/lib/armv6-m\librt.a(__arm_eabi_init.o)
                0x0000a85c                __init_user
 .text.__copy_rom_section
                0x0000a860       0x48 D:/CW11.0/CW MCU v11.0/MCU/ARM_GCC_Support/ewl/lib/armv6-m\librt.a(ROMCopy.o)
                0x0000a860                __copy_rom_section
 .text.__copy_rom_sections_to_ram
                0x0000a8a8       0x34 D:/CW11.0/CW MCU v11.0/MCU/ARM_GCC_Support/ewl/lib/armv6-m\librt.a(ROMCopy.o)
                0x0000a8a8                __copy_rom_sections_to_ram
 *(.rodata)
 *(.rodata*)
 .rodata.Light_Stastegy_Parameter
                0x0000a8dc        0xc ./Sources/Application/Auto_light/auto_light.o
                0x0000a8dc                Light_Stastegy_Parameter
 .rodata.Rain_Stastegy_Parameter
                0x0000a8e8       0x50 ./Sources/Application/Auto_wiper/auto_wiper.o
                0x0000a8e8                Rain_Stastegy_Parameter
 .rodata.RLS_Invalid_DataProcess
                0x0000a938       0x30 ./Sources/Application/Auto_wiper/auto_wiper.o
 .rodata.RLS_Rain_State_Mchaine
                0x0000a968       0x18 ./Sources/Application/Auto_wiper/auto_wiper.o
 .rodata.Software_Versions
                0x0000a980        0x4 ./Sources/Application/Config_parameters/config_parameter.o
                0x0000a980                Software_Versions
 .rodata.Hardware_Versions
                0x0000a984        0x4 ./Sources/Application/Config_parameters/config_parameter.o
                0x0000a984                Hardware_Versions
 .rodata.lin_lld_uart_timeout
                0x0000a988       0x28 ./Sources/Driver/LIN_Stack/bsp/UART/lin_lld_uart.o
 .rodata.lin_lld_uart_rx_isr
                0x0000a9b0       0x20 ./Sources/Driver/LIN_Stack/bsp/UART/lin_lld_uart.o
 .rodata.MLX75308_SetPara
                0x0000a9d0       0x54 ./Sources/Driver/SPI/spi.o
 .rodata.RLS_Analysis_Master_Data
                0x0000aa24       0x1c ./Sources/Transport/LIN_app/lin_app.o
 .rodata.Mlx75308_Config_Parameter
                0x0000aa40       0x14 ./Sources/Transport/MLX75308/mlx75308.o
                0x0000aa40                Mlx75308_Config_Parameter
 .rodata.LI0_response_error_signal
                0x0000aa54        0x1 ./Sources/Transport/lin_cfg/lin_cfg.o
                0x0000aa54                LI0_response_error_signal
 .rodata.response_error_byte_offset
                0x0000aa55        0x1 ./Sources/Transport/lin_cfg/lin_cfg.o
                0x0000aa55                response_error_byte_offset
 .rodata.response_error_bit_offset
                0x0000aa56        0x1 ./Sources/Transport/lin_cfg/lin_cfg.o
                0x0000aa56                response_error_bit_offset
 *fill*         0x0000aa57        0x1 00
 .rodata.lin_frame_tbl
                0x0000aa58       0x30 ./Sources/Transport/lin_cfg/lin_cfg.o
                0x0000aa58                lin_frame_tbl
 .rodata.lin_max_frame_res_timeout_val
                0x0000aa88       0x10 ./Sources/Transport/lin_cfg/lin_cfg.o
                0x0000aa88                lin_max_frame_res_timeout_val
 .rodata.lin_initial_NAD
                0x0000aa98        0x1 ./Sources/Transport/lin_cfg/lin_cfg.o
                0x0000aa98                lin_initial_NAD
 *fill*         0x0000aa99        0x3 00
 .rodata.product_id
                0x0000aa9c        0x8 ./Sources/Transport/lin_cfg/lin_cfg.o
                0x0000aa9c                product_id
 .rodata.response_error
                0x0000aaa4        0x1 ./Sources/Transport/lin_cfg/lin_cfg.o
                0x0000aaa4                response_error
 *fill*         0x0000aaa5        0x3 00
 .rodata.lin_diag_services_supported
                0x0000aaa8        0xc ./Sources/Transport/lin_cfg/lin_cfg.o
                0x0000aaa8                lin_diag_services_supported
 *(.glue_7)
 .glue_7        0x00000000        0x0 linker stubs
 *(.glue_7t)
 .glue_7t       0x00000000        0x0 linker stubs
 *(.eh_frame)
 *(.init)
 *(.fini)
                0x0000aab4                . = ALIGN (0x4)
                0x0000aab4                _etext = .

.vfp11_veneer   0x0000aab4        0x0
 .vfp11_veneer  0x00000000        0x0 linker stubs

.v4_bx          0x0000aab4        0x0
 .v4_bx         0x00000000        0x0 linker stubs

.iplt           0x0000aab4        0x0
 .iplt          0x00000000        0x0 ./Project_Settings/Startup_Code/kinetis_sysinit.o

.rel.dyn        0x0000aab4        0x0
 .rel.iplt      0x00000000        0x0 ./Project_Settings/Startup_Code/kinetis_sysinit.o

.ARM.extab
 *(.ARM.extab* .gnu.linkonce.armextab.*)

.ARM            0x0000aab4        0x0
                0x0000aab4                __exidx_start = .
 *(.ARM.exidx*)
                0x0000aab4                __exidx_end = .

.ctors          0x0000aab4        0x0
                0x0000aab4                __CTOR_LIST__ = .
 *crtbegin.o(.ctors)
 *(EXCLUDE_FILE(*crtend.o) .ctors)
 *(SORT(.ctors.*))
 *(.ctors)
                0x0000aab4                __CTOR_END__ = .

.dtors          0x0000aab4        0x0
                0x0000aab4                __DTOR_LIST__ = .
 *crtbegin.o(.dtors)
 *(EXCLUDE_FILE(*crtend.o) .dtors)
 *(SORT(.dtors.*))
 *(.dtors)
                0x0000aab4                __DTOR_END__ = .

.preinit_array  0x0000aab4        0x0
                0x0000aab4                PROVIDE (__preinit_array_start, .)
 *(.preinit_array*)
                0x0000aab4                PROVIDE (__preinit_array_end, .)

.init_array     0x0000aab4        0x0
                0x0000aab4                PROVIDE (__init_array_start, .)
 *(SORT(.init_array.*))
 *(.init_array*)
                0x0000aab4                PROVIDE (__init_array_end, .)

.fini_array     0x0000aab4        0x0
                0x0000aab4                PROVIDE (__fini_array_start, .)
 *(SORT(.fini_array.*))
 *(.fini_array*)
                0x0000aab4                PROVIDE (__fini_array_end, .)
                0x0000aab4                ___ROM_AT = .

.mtb            0x1ffffc00        0x0
                0x1ffffc00                . = ALIGN (0x8)
                0x1ffffc00                _mtb_start = .
 *(.mtb_buf)
                0x1ffffc00                . = ALIGN (0x8)
                0x1ffffc00                _mtb_end = .

.data           0x1ffffc00       0xb4 load address 0x0000aab4
                0x1ffffc00                . = ALIGN (0x4)
                0x1ffffc00                _sdata = .
 *(.data)
 *(.data*)
 .data.Tab_AWG_Solar
                0x1ffffc00       0x40 ./Sources/Application/Auto_air/auto_air.o
 .data.Tab_Brightness_Solar
                0x1ffffc40       0x20 ./Sources/Application/Auto_air/auto_air.o
 .data.pUART    0x1ffffc60        0x4 ./Sources/Driver/LIN_Stack/bsp/UART/lin_lld_uart.o
 .data.ifc      0x1ffffc64        0x1 ./Sources/Driver/LIN_Stack/bsp/UART/lin_lld_uart.o
 .data.state    0x1ffffc65        0x1 ./Sources/Driver/LIN_Stack/bsp/UART/lin_lld_uart.o
 .data.pid      0x1ffffc66        0x1 ./Sources/Driver/LIN_Stack/bsp/UART/lin_lld_uart.o
 *fill*         0x1ffffc67        0x1 00
 .data.lin_pFrameBuf
                0x1ffffc68       0x18 ./Sources/Transport/lin_cfg/lin_cfg.o
                0x1ffffc68                lin_pFrameBuf
 .data.lin_configuration_RAM
                0x1ffffc80        0x8 ./Sources/Transport/lin_cfg/lin_cfg.o
                0x1ffffc80                lin_configuration_RAM
 .data.lin_configured_NAD
                0x1ffffc88        0x1 ./Sources/Transport/lin_cfg/lin_cfg.o
                0x1ffffc88                lin_configured_NAD
 *fill*         0x1ffffc89        0x3 00
 .data.lin_tl_tx_queue
                0x1ffffc8c       0x10 ./Sources/Transport/lin_cfg/lin_cfg.o
                0x1ffffc8c                lin_tl_tx_queue
 .data.lin_tl_rx_queue
                0x1ffffc9c       0x10 ./Sources/Transport/lin_cfg/lin_cfg.o
                0x1ffffc9c                lin_tl_rx_queue
 .data.tl_service_status
                0x1ffffcac        0x1 ./Sources/Transport/lin_cfg/lin_cfg.o
                0x1ffffcac                tl_service_status
 *fill*         0x1ffffcad        0x3 00
 .data.random_next
                0x1ffffcb0        0x4 D:/CW11.0/CW MCU v11.0/MCU/ARM_GCC_Support/ewl/lib/armv6-m\libc.a(rand.o)
                0x1ffffcb4                . = ALIGN (0x4)
                0x1ffffcb4                _edata = .
                0x000000b4                ___data_size = (_edata - _sdata)

.igot.plt       0x1ffffcb4        0x0 load address 0x0000ab68
 .igot.plt      0x00000000        0x0 ./Project_Settings/Startup_Code/kinetis_sysinit.o
                0x1ffffcb4                . = ALIGN (0x4)

.bss            0x1ffffcb4      0x2a0 load address 0x0000ab68
                0x1ffffcb4                __START_BSS = .
                0x1ffffcb4                PROVIDE (__bss_start__, __START_BSS)
 *(.bss)
 *(.bss*)
 .bss.argv      0x1ffffcb4        0x4 ./Project_Settings/Startup_Code/__arm_start.o
 .bss.l_status  0x1ffffcb8        0x4 ./Sources/Driver/LIN_Stack/bsp/UART/lin_lld_uart.o
 .bss.cnt_byte  0x1ffffcbc        0x1 ./Sources/Driver/LIN_Stack/bsp/UART/lin_lld_uart.o
 *fill*         0x1ffffcbd        0x3 00
 .bss.ptr       0x1ffffcc0        0x4 ./Sources/Driver/LIN_Stack/bsp/UART/lin_lld_uart.o
 .bss.current_id
                0x1ffffcc4        0x1 ./Sources/Driver/LIN_Stack/bsp/UART/lin_lld_uart.o
 *fill*         0x1ffffcc5        0x3 00
 .bss.response_buffer
                0x1ffffcc8        0x4 ./Sources/Driver/LIN_Stack/bsp/UART/lin_lld_uart.o
 .bss.tbit      0x1ffffccc        0x2 ./Sources/Driver/LIN_Stack/bsp/UART/lin_lld_uart.o
 .bss.frame_timeout_cnt
                0x1ffffcce        0x2 ./Sources/Driver/LIN_Stack/bsp/UART/lin_lld_uart.o
 .bss.res_frame_timeout_cnt
                0x1ffffcd0        0x2 ./Sources/Driver/LIN_Stack/bsp/UART/lin_lld_uart.o
 .bss.idle_timeout_cnt
                0x1ffffcd2        0x2 ./Sources/Driver/LIN_Stack/bsp/UART/lin_lld_uart.o
 .bss.lin_save_configuration_flg
                0x1ffffcd4        0x1 ./Sources/Transport/lin_cfg/lin_cfg.o
                0x1ffffcd4                lin_save_configuration_flg
 *fill*         0x1ffffcd5        0x3 00
 .bss.lin_flag_handle_tbl
                0x1ffffcd8        0x8 ./Sources/Transport/lin_cfg/lin_cfg.o
                0x1ffffcd8                lin_flag_handle_tbl
 .bss.lin_frame_flag_tbl
                0x1ffffce0        0x4 ./Sources/Transport/lin_cfg/lin_cfg.o
                0x1ffffce0                lin_frame_flag_tbl
 .bss.tl_diag_state
                0x1ffffce4        0x1 ./Sources/Transport/lin_cfg/lin_cfg.o
                0x1ffffce4                tl_diag_state
 *fill*         0x1ffffce5        0x3 00
 .bss.lin_diag_services_flag
                0x1ffffce8        0xc ./Sources/Transport/lin_cfg/lin_cfg.o
                0x1ffffce8                lin_diag_services_flag
 .bss.tl_slaveresp_cnt
                0x1ffffcf4        0x1 ./Sources/Transport/lin_cfg/lin_cfg.o
                0x1ffffcf4                tl_slaveresp_cnt
 *fill*         0x1ffffcf5        0x3 00
 .bss.__stdio_exit
                0x1ffffcf8        0x4 D:/CW11.0/CW MCU v11.0/MCU/ARM_GCC_Support/ewl/lib/armv6-m\libc.a(exit.o)
                0x1ffffcf8                __stdio_exit
 .bss.__console_exit
                0x1ffffcfc        0x4 D:/CW11.0/CW MCU v11.0/MCU/ARM_GCC_Support/ewl/lib/armv6-m\libc.a(exit.o)
                0x1ffffcfc                __console_exit
 .bss.__global_destructor_chain
                0x1ffffd00        0x4 D:/CW11.0/CW MCU v11.0/MCU/ARM_GCC_Support/ewl/lib/armv6-m\librt.a(__arm_eabi_init.o)
                0x1ffffd00                __global_destructor_chain
 .bss.__S_romp  0x1ffffd04        0xc D:/CW11.0/CW MCU v11.0/MCU/ARM_GCC_Support/ewl/lib/armv6-m\librt.a(ROMCopy.o)
 *(COMMON)
 COMMON         0x1ffffd10       0x24 ./Sources/Application/Auto_air/auto_air.o
                0x1ffffd10                Frist_on_flag
                0x1ffffd14                u16_solar_buffer
 COMMON         0x1ffffd34        0xc ./Sources/Application/Auto_light/auto_light.o
                0x1ffffd34                Light_on_cnt
                0x1ffffd36                u16_Brightness_UP
                0x1ffffd38                u8_LightOnTimer
                0x1ffffd3c                Light_off_cnt
                0x1ffffd3e                u16_Brightness_FW
 COMMON         0x1ffffd40       0xd0 ./Sources/Application/Auto_wiper/auto_wiper.o
                0x1ffffd40                u8_HighHoldCnt
                0x1ffffd41                u8_Rain_Delta
                0x1ffffd44                u16_DC_PD_dt
                0x1ffffd48                u8_enter_period_cnt
                0x1ffffd49                u8_IntSpeedFlgCnt
                0x1ffffd4a                u8_Wiper_StatePre
                0x1ffffd4c                u8_RainIntensity_Win
                0x1ffffd4f                u8_RLS_WindowCloseReq
                0x1ffffd50                PD_Meas_Comp_Ref
                0x1ffffd54                u8_cnt_choose_pre
                0x1ffffd58                u16_Dt_PD
                0x1ffffd5c                u8_IntSpeedCnt
                0x1ffffd5d                u8_low_enter_high_timer
                0x1ffffd5e                u16_Solar_r_value_raw
                0x1ffffd60                u16_PDA_Wmax
                0x1ffffd64                App_Rls_Error
                0x1ffffd6a                u8_Rain_SensitivityLowValue
                0x1ffffd6b                u8_Rain_Invalid_Cnt
                0x1ffffd6c                u8_IntSpeedFlg
                0x1ffffd6d                u8_EnterLowSpeedCnt
                0x1ffffd6e                u8_Int_Time
                0x1ffffd70                u16_PDB_Wmax
                0x1ffffd74                PD_Meas_Comp_Ref_Pre
                0x1ffffd78                u8_Vehicle_State_Pre
                0x1ffffd79                u8_ClearEnternIntSpeedCnt
                0x1ffffd7a                u16_Solar_l_value_raw_temp
                0x1ffffd7c                u8_HighSpeedHoldCnt
                0x1ffffd7d                u8_ExitLowSpeedCnt
                0x1ffffd7e                u16_Solar_r_value_raw_temp
                0x1ffffd80                u8_WiperSpeed_Expert
                0x1ffffd84                u8_RainIntensityPre
                0x1ffffd86                u8_Int_Time_pre
                0x1ffffd87                u8_Splash_cnt
                0x1ffffd88                u16_DC_Comp_Value
                0x1ffffd8c                u8_RainIntensity
                0x1ffffd8e                u8_Cmd_Execution
                0x1ffffd90                u8_PD_State
                0x1ffffd92                u8_Wiper_StatePre_Int
                0x1ffffd94                u16_PD_Win_Max
                0x1ffffd98                u8_Rain_Valid
                0x1ffffd99                u8_RainIntensity_Max
                0x1ffffd9a                u16_ExitLowSpeedTimer
                0x1ffffd9c                u8_Wiper_StatePre_Int_Cnt
                0x1ffffd9d                u8_Lin_Diag_Enable_Cnt
                0x1ffffd9e                RLS_StopMsureFlg
                0x1ffffd9f                u8_enter_period_flg
                0x1ffffda0                u8_ls_error_cnt
                0x1ffffda1                u8_cnt_choose
                0x1ffffda2                u8_Vehicle_State
                0x1ffffda3                u8_Sigle_Wipe_Cnt
                0x1ffffda4                u8_IntSpeedEnterCnt
                0x1ffffda8                Brightness_Infrared_Percentage
                0x1ffffda9                Lin_Diag_Enable
                0x1ffffdac                DC_WIN_BUFF
                0x1ffffdfc                u8_Int_Cnt
                0x1ffffdfe                u16_Pd_Measure_Value
                0x1ffffe00                u16_IntWindow_Cnt
                0x1ffffe02                u8_Rain_Flg
                0x1ffffe04                u8_Juge_Rain_Cnt
                0x1ffffe06                u8_IntDelayTimer
                0x1ffffe08                u16_RainWindow_Cnt
                0x1ffffe0a                u16_Solar_l_value_raw
                0x1ffffe0c                u8_Wiper_State
                0x1ffffe0d                u8_MeasureSureTime
                0x1ffffe0e                u8_Rain_Value
                0x1ffffe0f                u8_LowSpeedCnt
 COMMON         0x1ffffe10        0x4 ./Sources/Application/Battery/battery.o
                0x1ffffe10                u8_low_voltage_cnt
                0x1ffffe11                u8_high_voltage_cnt
                0x1ffffe12                u16_Battery_Volt
 COMMON         0x1ffffe14       0x14 ./Sources/Application/Diagnostic/lin_diagnostic_service.o
                0x1ffffe14                diagnostic_Session
                0x1ffffe18                boot_key
                0x1ffffe1c                boot_seed
                0x1ffffe20                diagnostic_Session_timer
                0x1ffffe24                boot_up_ret
                0x1ffffe26                diagnostic_Session_pre
                0x1ffffe27                boot_status_flag
 COMMON         0x1ffffe28        0x7 ./Sources/Application/Sleep/sleep.o
                0x1ffffe28                bool_auto_roof_rain_measure_sleep_flg
                0x1ffffe29                Auto_Roof_FSM
                0x1ffffe2a                u8_wakeup_bcm_1min_timer
                0x1ffffe2b                bool_Mcu_wakeup_state
                0x1ffffe2c                bool_wakeup_bcm_cnt_sleep_flg
                0x1ffffe2d                bool_lin_cmd_sleep
                0x1ffffe2e                u8_wakeup_bcm_1500ms_timer
 *fill*         0x1ffffe2f        0x1 00
 COMMON         0x1ffffe30       0x11 ./Sources/Application/main.o
                0x1ffffe30                Timer_500ms_flag
                0x1ffffe31                Timer_500ms
                0x1ffffe32                Timer_600ms
                0x1ffffe33                Timer_4s
                0x1ffffe34                Timer_10ms_flag
                0x1ffffe35                Timer_100ms
                0x1ffffe36                Timer_50ms
                0x1ffffe37                Timer_100ms_flag
                0x1ffffe38                Timer_50ms_flag
                0x1ffffe3c                Timer_6h
                0x1ffffe40                RLS_RunMode
 COMMON         0x1ffffe41        0x2 ./Sources/Driver/LIN_Stack/coreapi/lin_common_proto.o
                0x1ffffe41                frame_signal_error
                0x1ffffe42                frame_index
 *fill*         0x1ffffe43        0x1 00
 COMMON         0x1ffffe44       0x26 ./Sources/Transport/LIN_app/lin_app.o
                0x1ffffe44                RLS_APP_Value
                0x1ffffe4c                Lin_BCM_Frame
                0x1ffffe51                Lin_Busy_Flag
                0x1ffffe54                BCM_APP_Value
                0x1ffffe5c                Lin_RLS1_frame
 *fill*         0x1ffffe6a        0x2 00
 COMMON         0x1ffffe6c       0x1c ./Sources/Transport/Local_eep_data/local_eep_data.o
                0x1ffffe6c                local_info
 COMMON         0x1ffffe88       0x64 ./Sources/Transport/MLX75308/mlx75308.o
                0x1ffffe88                u16_Delta_DC_bre_B
                0x1ffffe8a                u16_Save_DC_bre_A
                0x1ffffe8c                u16_Delta_DC_aft_B
                0x1ffffe90                Mnrval
                0x1ffffea4                MLX75308_A_Adc
                0x1ffffea5                MLX75308_B_Gain
                0x1ffffea6                u16_Ref_Adc_A
                0x1ffffea8                u16_Delta_DC_bre_A
                0x1ffffeaa                u16_Save_DC_aft_A
                0x1ffffeac                u16_Ref_Adc_B
                0x1ffffeae                u16_Save_DC_bre_B
                0x1ffffeb0                MLX75308_RxFrame
                0x1ffffec8                u16_DC_comp_value
                0x1ffffeca                u16_Save_DC_aft_B
                0x1ffffecc                PD_WIN_AVG
                0x1ffffee4                MLX75308_B_Adc
                0x1ffffee6                u16_Delta_DC_aft_A
                0x1ffffee8                MLX75308_A_Gain
                0x1ffffeea                u16_DC_checkValue
 COMMON         0x1ffffeec       0x66 ./Sources/Transport/lin_cfg/lin_cfg.o
                0x1ffffeec                tl_rx_msg_status
                0x1ffffeed                tl_ld_error_code
                0x1ffffeee                tl_receive_msg_status
                0x1ffffef0                tl_check_timeout
                0x1ffffef4                tl_rx_queue_data
                0x1fffff04                tl_frame_counter
                0x1fffff08                tl_tx_queue_data
                0x1fffff18                tl_tx_msg_size
                0x1fffff1a                tl_last_cfg_result
                0x1fffff1b                tl_tx_msg_status
                0x1fffff1c                tl_last_RSID
                0x1fffff1d                lin_successful_transfer
                0x1fffff1e                tl_rx_msg_index
                0x1fffff20                tl_no_of_pdu
                0x1fffff24                lin_diag_signal_tbl
                0x1fffff34                lin_goto_sleep_flg
                0x1fffff36                tl_rx_msg_size
                0x1fffff38                lin_word_status
                0x1fffff3a                tl_tx_msg_index
                0x1fffff3c                tl_check_timeout_type
                0x1fffff3d                lin_current_pid
                0x1fffff40                tl_ident_data
                0x1fffff44                lin_error_in_response
                0x1fffff48                lin_lld_response_buffer
                0x1fffff54                . = ALIGN (0x4)
 *fill*         0x1fffff52        0x2 00
                0x1fffff54                __END_BSS = .
                0x1fffff54                PROVIDE (__bss_end__, __END_BSS)
                0x0000ab68                _romp_at = (___ROM_AT + SIZEOF (.data))

.romp           0x1fffff54       0x18 load address 0x0000ab68
                0x0000ab68                __S_romp = _romp_at
                0x1fffff54        0x4 LONG 0xaab4 ___ROM_AT
                0x1fffff58        0x4 LONG 0x1ffffc00 _sdata
                0x1fffff5c        0x4 LONG 0xb4 ___data_size
                0x1fffff60        0x4 LONG 0x0
                0x1fffff64        0x4 LONG 0x0
                0x1fffff68        0x4 LONG 0x0

._user_heap_stack
                0x1fffff6c      0x200 load address 0x0000ab80
                0x1fffff6c                . = ALIGN (0x4)
                0x1fffff6c                PROVIDE (end, .)
                0x1fffff6c                PROVIDE (_end, .)
                0x1fffff6c                __heap_addr = .
                0x2000006c                . = (. + __heap_size)
 *fill*         0x1fffff6c      0x100 00
                0x2000016c                . = (. + __stack_size)
 *fill*         0x2000006c      0x100 00
                0x2000016c                . = ALIGN (0x4)

.ARM.attributes
                0x00000000       0x31
 *(.ARM.attributes)
 .ARM.attributes
                0x00000000       0x31 ./Project_Settings/Startup_Code/kinetis_sysinit.o
 .ARM.attributes
                0x00000031       0x31 ./Project_Settings/Startup_Code/__arm_start.o
 .ARM.attributes
                0x00000062       0x31 ./Project_Settings/Startup_Code/__arm_end.o
 .ARM.attributes
                0x00000093       0x31 ./Sources/Application/Auto_air/auto_air.o
 .ARM.attributes
                0x000000c4       0x31 ./Sources/Application/Auto_light/auto_light.o
 .ARM.attributes
                0x000000f5       0x31 ./Sources/Application/Auto_wiper/auto_wiper.o
 .ARM.attributes
                0x00000126       0x31 ./Sources/Application/Battery/battery.o
 .ARM.attributes
                0x00000157       0x31 ./Sources/Application/Config_parameters/config_parameter.o
 .ARM.attributes
                0x00000188       0x31 ./Sources/Application/Diagnostic/lin_diagnostic_service.o
 .ARM.attributes
                0x000001b9       0x31 ./Sources/Application/Sleep/sleep.o
 .ARM.attributes
                0x000001ea       0x31 ./Sources/Application/main.o
 .ARM.attributes
                0x0000021b       0x31 ./Sources/Driver/LIN_Stack/bsp/UART/lin_lld_uart.o
 .ARM.attributes
                0x0000024c       0x31 ./Sources/Driver/LIN_Stack/bsp/UART/lin_lld_timesrv.o
 .ARM.attributes
                0x0000027d       0x31 ./Sources/Driver/LIN_Stack/bsp/UART/lin_isr.o
 .ARM.attributes
                0x000002ae       0x31 ./Sources/Driver/LIN_Stack/coreapi/lin_lin21_proto.o
 .ARM.attributes
                0x000002df       0x31 ./Sources/Driver/LIN_Stack/coreapi/lin_common_proto.o
 .ARM.attributes
                0x00000310       0x31 ./Sources/Driver/LIN_Stack/coreapi/lin_common_api.o
 .ARM.attributes
                0x00000341       0x31 ./Sources/Driver/LIN_Stack/lowlevel/lin.o
 .ARM.attributes
                0x00000372       0x31 ./Sources/Driver/SPI/spi.o
 .ARM.attributes
                0x000003a3       0x31 ./Sources/Driver/adc/adc.o
 .ARM.attributes
                0x000003d4       0x31 ./Sources/Driver/clock/clock.o
 .ARM.attributes
                0x00000405       0x31 ./Sources/Driver/eeprom/eeprom.o
 .ARM.attributes
                0x00000436       0x31 ./Sources/Driver/ftm/ftm.o
 .ARM.attributes
                0x00000467       0x31 ./Sources/Driver/gpio/gpio.o
 .ARM.attributes
                0x00000498       0x31 ./Sources/Driver/pmc/pmc.o
 .ARM.attributes
                0x000004c9       0x31 ./Sources/Driver/rtc/rtc.o
 .ARM.attributes
                0x000004fa       0x31 ./Sources/Driver/watchdog/watchdog.o
 .ARM.attributes
                0x0000052b       0x31 ./Sources/Transport/LIN_app/lin_app.o
 .ARM.attributes
                0x0000055c       0x31 ./Sources/Transport/Local_eep_data/local_eep_data.o
 .ARM.attributes
                0x0000058d       0x31 ./Sources/Transport/MLX75308/mlx75308.o
 .ARM.attributes
                0x000005be       0x31 ./Sources/Transport/lin_cfg/lin_cfg.o
 .ARM.attributes
                0x000005ef       0x31 ./Sources/Transport/lin_transport/lin_commontl_proto.o
 .ARM.attributes
                0x00000620       0x31 ./Sources/Transport/lin_transport/lin_commontl_api.o
 .ARM.attributes
                0x00000651       0x31 D:/CW11.0/CW MCU v11.0/MCU/ARM_GCC_Support/ewl/lib/armv6-m\libc.a(exit.o)
 .ARM.attributes
                0x00000682       0x31 D:/CW11.0/CW MCU v11.0/MCU/ARM_GCC_Support/ewl/lib/armv6-m\libc.a(rand.o)
 .ARM.attributes
                0x000006b3       0x31 D:/CW11.0/CW MCU v11.0/MCU/ARM_GCC_Support/ewl/lib/armv6-m\libc.a(memset.o)
 .ARM.attributes
                0x000006e4       0x31 D:/CW11.0/CW MCU v11.0/MCU/ARM_GCC_Support/ewl/lib/armv6-m\libc.a(__filll_mem.o)
 .ARM.attributes
                0x00000715       0x1e d:/cw11.0/cw mcu v11.0/cross_tools/arm-none-eabi-gcc-4_7_3/bin/../lib/gcc/arm-none-eabi/4.7.3/armv6-m\libgcc.a(_udivsi3.o)
 .ARM.attributes
                0x00000733       0x1e d:/cw11.0/cw mcu v11.0/cross_tools/arm-none-eabi-gcc-4_7_3/bin/../lib/gcc/arm-none-eabi/4.7.3/armv6-m\libgcc.a(_divsi3.o)
 .ARM.attributes
                0x00000751       0x1e d:/cw11.0/cw mcu v11.0/cross_tools/arm-none-eabi-gcc-4_7_3/bin/../lib/gcc/arm-none-eabi/4.7.3/armv6-m\libgcc.a(_dvmd_tls.o)
 .ARM.attributes
                0x0000076f       0x2c d:/cw11.0/cw mcu v11.0/cross_tools/arm-none-eabi-gcc-4_7_3/bin/../lib/gcc/arm-none-eabi/4.7.3/armv6-m\libgcc.a(_fixunsdfsi.o)
 .ARM.attributes
                0x0000079b       0x2c d:/cw11.0/cw mcu v11.0/cross_tools/arm-none-eabi-gcc-4_7_3/bin/../lib/gcc/arm-none-eabi/4.7.3/armv6-m\libgcc.a(adddf3.o)
 .ARM.attributes
                0x000007c7       0x2c d:/cw11.0/cw mcu v11.0/cross_tools/arm-none-eabi-gcc-4_7_3/bin/../lib/gcc/arm-none-eabi/4.7.3/armv6-m\libgcc.a(subdf3.o)
 .ARM.attributes
                0x000007f3       0x2c d:/cw11.0/cw mcu v11.0/cross_tools/arm-none-eabi-gcc-4_7_3/bin/../lib/gcc/arm-none-eabi/4.7.3/armv6-m\libgcc.a(fixdfsi.o)
 .ARM.attributes
                0x0000081f       0x2c d:/cw11.0/cw mcu v11.0/cross_tools/arm-none-eabi-gcc-4_7_3/bin/../lib/gcc/arm-none-eabi/4.7.3/armv6-m\libgcc.a(floatunsidf.o)
 .ARM.attributes
                0x0000084b       0x1e d:/cw11.0/cw mcu v11.0/cross_tools/arm-none-eabi-gcc-4_7_3/bin/../lib/gcc/arm-none-eabi/4.7.3/armv6-m\libgcc.a(_arm_cmpdf2.o)
 .ARM.attributes
                0x00000869       0x1e d:/cw11.0/cw mcu v11.0/cross_tools/arm-none-eabi-gcc-4_7_3/bin/../lib/gcc/arm-none-eabi/4.7.3/armv6-m\libgcc.a(_clzsi2.o)
 .ARM.attributes
                0x00000887       0x2c d:/cw11.0/cw mcu v11.0/cross_tools/arm-none-eabi-gcc-4_7_3/bin/../lib/gcc/arm-none-eabi/4.7.3/armv6-m\libgcc.a(eqdf2.o)
 .ARM.attributes
                0x000008b3       0x2c d:/cw11.0/cw mcu v11.0/cross_tools/arm-none-eabi-gcc-4_7_3/bin/../lib/gcc/arm-none-eabi/4.7.3/armv6-m\libgcc.a(gedf2.o)
 .ARM.attributes
                0x000008df       0x2c d:/cw11.0/cw mcu v11.0/cross_tools/arm-none-eabi-gcc-4_7_3/bin/../lib/gcc/arm-none-eabi/4.7.3/armv6-m\libgcc.a(ledf2.o)
 .ARM.attributes
                0x0000090b       0x31 D:/CW11.0/CW MCU v11.0/MCU/ARM_GCC_Support/ewl/lib/armv6-m\librt.a(gcc_ctor_dtor.o)
 .ARM.attributes
                0x0000093c       0x31 D:/CW11.0/CW MCU v11.0/MCU/ARM_GCC_Support/ewl/lib/armv6-m\librt.a(__arm_eabi_init.o)
 .ARM.attributes
                0x0000096d       0x31 D:/CW11.0/CW MCU v11.0/MCU/ARM_GCC_Support/ewl/lib/armv6-m\librt.a(ROMCopy.o)
OUTPUT(RLS.elf elf32-littlearm)

.debug_info     0x00000000     0xb52c
 .debug_info    0x00000000      0x383 ./Project_Settings/Startup_Code/kinetis_sysinit.o
 .debug_info    0x00000383      0x126 ./Project_Settings/Startup_Code/__arm_start.o
 .debug_info    0x000004a9       0x50 ./Project_Settings/Startup_Code/__arm_end.o
 .debug_info    0x000004f9      0x4c2 ./Sources/Application/Auto_air/auto_air.o
 .debug_info    0x000009bb      0x5da ./Sources/Application/Auto_light/auto_light.o
 .debug_info    0x00000f95     0x10b9 ./Sources/Application/Auto_wiper/auto_wiper.o
 .debug_info    0x0000204e      0x251 ./Sources/Application/Battery/battery.o
 .debug_info    0x0000229f      0x2dc ./Sources/Application/Config_parameters/config_parameter.o
 .debug_info    0x0000257b      0x8d7 ./Sources/Application/Diagnostic/lin_diagnostic_service.o
 .debug_info    0x00002e52      0x8bc ./Sources/Application/Sleep/sleep.o
 .debug_info    0x0000370e      0x1bd ./Sources/Application/main.o
 .debug_info    0x000038cb      0xe8c ./Sources/Driver/LIN_Stack/bsp/UART/lin_lld_uart.o
 .debug_info    0x00004757      0x539 ./Sources/Driver/LIN_Stack/bsp/UART/lin_lld_timesrv.o
 .debug_info    0x00004c90      0x29c ./Sources/Driver/LIN_Stack/bsp/UART/lin_isr.o
 .debug_info    0x00004f2c      0x371 ./Sources/Driver/LIN_Stack/coreapi/lin_lin21_proto.o
 .debug_info    0x0000529d      0x843 ./Sources/Driver/LIN_Stack/coreapi/lin_common_proto.o
 .debug_info    0x00005ae0      0x337 ./Sources/Driver/LIN_Stack/coreapi/lin_common_api.o
 .debug_info    0x00005e17      0x378 ./Sources/Driver/LIN_Stack/lowlevel/lin.o
 .debug_info    0x0000618f      0x62a ./Sources/Driver/SPI/spi.o
 .debug_info    0x000067b9      0x248 ./Sources/Driver/adc/adc.o
 .debug_info    0x00006a01      0x171 ./Sources/Driver/clock/clock.o
 .debug_info    0x00006b72      0x43a ./Sources/Driver/eeprom/eeprom.o
 .debug_info    0x00006fac      0x59e ./Sources/Driver/ftm/ftm.o
 .debug_info    0x0000754a      0x2ce ./Sources/Driver/gpio/gpio.o
 .debug_info    0x00007818       0xe1 ./Sources/Driver/pmc/pmc.o
 .debug_info    0x000078f9      0x3ba ./Sources/Driver/rtc/rtc.o
 .debug_info    0x00007cb3      0x259 ./Sources/Driver/watchdog/watchdog.o
 .debug_info    0x00007f0c      0xb1a ./Sources/Transport/LIN_app/lin_app.o
 .debug_info    0x00008a26      0x275 ./Sources/Transport/Local_eep_data/local_eep_data.o
 .debug_info    0x00008c9b      0x5bf ./Sources/Transport/MLX75308/mlx75308.o
 .debug_info    0x0000925a      0x97a ./Sources/Transport/lin_cfg/lin_cfg.o
 .debug_info    0x00009bd4      0x940 ./Sources/Transport/lin_transport/lin_commontl_proto.o
 .debug_info    0x0000a514      0x683 ./Sources/Transport/lin_transport/lin_commontl_api.o
 .debug_info    0x0000ab97       0xe8 D:/CW11.0/CW MCU v11.0/MCU/ARM_GCC_Support/ewl/lib/armv6-m\libc.a(exit.o)
 .debug_info    0x0000ac7f      0x100 D:/CW11.0/CW MCU v11.0/MCU/ARM_GCC_Support/ewl/lib/armv6-m\libc.a(rand.o)
 .debug_info    0x0000ad7f       0xec D:/CW11.0/CW MCU v11.0/MCU/ARM_GCC_Support/ewl/lib/armv6-m\libc.a(memset.o)
 .debug_info    0x0000ae6b      0x137 D:/CW11.0/CW MCU v11.0/MCU/ARM_GCC_Support/ewl/lib/armv6-m\libc.a(__filll_mem.o)
 .debug_info    0x0000afa2      0x136 D:/CW11.0/CW MCU v11.0/MCU/ARM_GCC_Support/ewl/lib/armv6-m\librt.a(gcc_ctor_dtor.o)
 .debug_info    0x0000b0d8      0x2b9 D:/CW11.0/CW MCU v11.0/MCU/ARM_GCC_Support/ewl/lib/armv6-m\librt.a(__arm_eabi_init.o)
 .debug_info    0x0000b391      0x19b D:/CW11.0/CW MCU v11.0/MCU/ARM_GCC_Support/ewl/lib/armv6-m\librt.a(ROMCopy.o)

.debug_abbrev   0x00000000     0x2b15
 .debug_abbrev  0x00000000      0x131 ./Project_Settings/Startup_Code/kinetis_sysinit.o
 .debug_abbrev  0x00000131       0x90 ./Project_Settings/Startup_Code/__arm_start.o
 .debug_abbrev  0x000001c1       0x4a ./Project_Settings/Startup_Code/__arm_end.o
 .debug_abbrev  0x0000020b      0x13f ./Sources/Application/Auto_air/auto_air.o
 .debug_abbrev  0x0000034a      0x135 ./Sources/Application/Auto_light/auto_light.o
 .debug_abbrev  0x0000047f      0x172 ./Sources/Application/Auto_wiper/auto_wiper.o
 .debug_abbrev  0x000005f1       0xcf ./Sources/Application/Battery/battery.o
 .debug_abbrev  0x000006c0       0xcf ./Sources/Application/Config_parameters/config_parameter.o
 .debug_abbrev  0x0000078f      0x221 ./Sources/Application/Diagnostic/lin_diagnostic_service.o
 .debug_abbrev  0x000009b0      0x181 ./Sources/Application/Sleep/sleep.o
 .debug_abbrev  0x00000b31       0x80 ./Sources/Application/main.o
 .debug_abbrev  0x00000bb1      0x26b ./Sources/Driver/LIN_Stack/bsp/UART/lin_lld_uart.o
 .debug_abbrev  0x00000e1c       0xdf ./Sources/Driver/LIN_Stack/bsp/UART/lin_lld_timesrv.o
 .debug_abbrev  0x00000efb       0xaf ./Sources/Driver/LIN_Stack/bsp/UART/lin_isr.o
 .debug_abbrev  0x00000faa      0x118 ./Sources/Driver/LIN_Stack/coreapi/lin_lin21_proto.o
 .debug_abbrev  0x000010c2      0x1a8 ./Sources/Driver/LIN_Stack/coreapi/lin_common_proto.o
 .debug_abbrev  0x0000126a      0x117 ./Sources/Driver/LIN_Stack/coreapi/lin_common_api.o
 .debug_abbrev  0x00001381      0x110 ./Sources/Driver/LIN_Stack/lowlevel/lin.o
 .debug_abbrev  0x00001491      0x1d9 ./Sources/Driver/SPI/spi.o
 .debug_abbrev  0x0000166a       0xfe ./Sources/Driver/adc/adc.o
 .debug_abbrev  0x00001768       0xcd ./Sources/Driver/clock/clock.o
 .debug_abbrev  0x00001835      0x146 ./Sources/Driver/eeprom/eeprom.o
 .debug_abbrev  0x0000197b      0x103 ./Sources/Driver/ftm/ftm.o
 .debug_abbrev  0x00001a7e       0x9b ./Sources/Driver/gpio/gpio.o
 .debug_abbrev  0x00001b19       0x92 ./Sources/Driver/pmc/pmc.o
 .debug_abbrev  0x00001bab       0xd2 ./Sources/Driver/rtc/rtc.o
 .debug_abbrev  0x00001c7d       0xf5 ./Sources/Driver/watchdog/watchdog.o
 .debug_abbrev  0x00001d72      0x17f ./Sources/Transport/LIN_app/lin_app.o
 .debug_abbrev  0x00001ef1      0x133 ./Sources/Transport/Local_eep_data/local_eep_data.o
 .debug_abbrev  0x00002024      0x163 ./Sources/Transport/MLX75308/mlx75308.o
 .debug_abbrev  0x00002187      0x136 ./Sources/Transport/lin_cfg/lin_cfg.o
 .debug_abbrev  0x000022bd      0x1dc ./Sources/Transport/lin_transport/lin_commontl_proto.o
 .debug_abbrev  0x00002499      0x12e ./Sources/Transport/lin_transport/lin_commontl_api.o
 .debug_abbrev  0x000025c7       0x7a D:/CW11.0/CW MCU v11.0/MCU/ARM_GCC_Support/ewl/lib/armv6-m\libc.a(exit.o)
 .debug_abbrev  0x00002641       0x8e D:/CW11.0/CW MCU v11.0/MCU/ARM_GCC_Support/ewl/lib/armv6-m\libc.a(rand.o)
 .debug_abbrev  0x000026cf       0x62 D:/CW11.0/CW MCU v11.0/MCU/ARM_GCC_Support/ewl/lib/armv6-m\libc.a(memset.o)
 .debug_abbrev  0x00002731       0x78 D:/CW11.0/CW MCU v11.0/MCU/ARM_GCC_Support/ewl/lib/armv6-m\libc.a(__filll_mem.o)
 .debug_abbrev  0x000027a9       0x99 D:/CW11.0/CW MCU v11.0/MCU/ARM_GCC_Support/ewl/lib/armv6-m\librt.a(gcc_ctor_dtor.o)
 .debug_abbrev  0x00002842      0x1b3 D:/CW11.0/CW MCU v11.0/MCU/ARM_GCC_Support/ewl/lib/armv6-m\librt.a(__arm_eabi_init.o)
 .debug_abbrev  0x000029f5      0x120 D:/CW11.0/CW MCU v11.0/MCU/ARM_GCC_Support/ewl/lib/armv6-m\librt.a(ROMCopy.o)

.debug_loc      0x00000000     0x2786
 .debug_loc     0x00000000       0x58 ./Project_Settings/Startup_Code/kinetis_sysinit.o
 .debug_loc     0x00000058       0x2c ./Project_Settings/Startup_Code/__arm_start.o
 .debug_loc     0x00000084       0x38 ./Project_Settings/Startup_Code/__arm_end.o
 .debug_loc     0x000000bc       0x9c ./Sources/Application/Auto_air/auto_air.o
 .debug_loc     0x00000158       0xd4 ./Sources/Application/Auto_light/auto_light.o
 .debug_loc     0x0000022c      0x2a8 ./Sources/Application/Auto_wiper/auto_wiper.o
 .debug_loc     0x000004d4       0x90 ./Sources/Application/Battery/battery.o
 .debug_loc     0x00000564       0x2c ./Sources/Application/Config_parameters/config_parameter.o
 .debug_loc     0x00000590      0x288 ./Sources/Application/Diagnostic/lin_diagnostic_service.o
 .debug_loc     0x00000818      0x140 ./Sources/Application/Sleep/sleep.o
 .debug_loc     0x00000958       0x58 ./Sources/Application/main.o
 .debug_loc     0x000009b0      0x298 ./Sources/Driver/LIN_Stack/bsp/UART/lin_lld_uart.o
 .debug_loc     0x00000c48       0x58 ./Sources/Driver/LIN_Stack/bsp/UART/lin_lld_timesrv.o
 .debug_loc     0x00000ca0       0x58 ./Sources/Driver/LIN_Stack/bsp/UART/lin_isr.o
 .debug_loc     0x00000cf8       0xa8 ./Sources/Driver/LIN_Stack/coreapi/lin_lin21_proto.o
 .debug_loc     0x00000da0      0x250 ./Sources/Driver/LIN_Stack/coreapi/lin_common_proto.o
 .debug_loc     0x00000ff0      0x224 ./Sources/Driver/LIN_Stack/coreapi/lin_common_api.o
 .debug_loc     0x00001214      0x334 ./Sources/Driver/LIN_Stack/lowlevel/lin.o
 .debug_loc     0x00001548      0x1ec ./Sources/Driver/SPI/spi.o
 .debug_loc     0x00001734       0x9c ./Sources/Driver/adc/adc.o
 .debug_loc     0x000017d0       0x9c ./Sources/Driver/clock/clock.o
 .debug_loc     0x0000186c      0x150 ./Sources/Driver/eeprom/eeprom.o
 .debug_loc     0x000019bc       0x58 ./Sources/Driver/ftm/ftm.o
 .debug_loc     0x00001a14       0x2c ./Sources/Driver/gpio/gpio.o
 .debug_loc     0x00001a40       0x38 ./Sources/Driver/pmc/pmc.o
 .debug_loc     0x00001a78       0xb0 ./Sources/Driver/rtc/rtc.o
 .debug_loc     0x00001b28       0xe8 ./Sources/Driver/watchdog/watchdog.o
 .debug_loc     0x00001c10      0x140 ./Sources/Transport/LIN_app/lin_app.o
 .debug_loc     0x00001d50       0xd4 ./Sources/Transport/Local_eep_data/local_eep_data.o
 .debug_loc     0x00001e24       0x70 ./Sources/Transport/MLX75308/mlx75308.o
 .debug_loc     0x00001e94       0x38 ./Sources/Transport/lin_cfg/lin_cfg.o
 .debug_loc     0x00001ecc      0x18a ./Sources/Transport/lin_transport/lin_commontl_proto.o
 .debug_loc     0x00002056      0x22c ./Sources/Transport/lin_transport/lin_commontl_api.o
 .debug_loc     0x00002282       0x3e D:/CW11.0/CW MCU v11.0/MCU/ARM_GCC_Support/ewl/lib/armv6-m\libc.a(exit.o)
 .debug_loc     0x000022c0       0x6f D:/CW11.0/CW MCU v11.0/MCU/ARM_GCC_Support/ewl/lib/armv6-m\libc.a(memset.o)
 .debug_loc     0x0000232f      0x14a D:/CW11.0/CW MCU v11.0/MCU/ARM_GCC_Support/ewl/lib/armv6-m\libc.a(__filll_mem.o)
 .debug_loc     0x00002479       0x9d D:/CW11.0/CW MCU v11.0/MCU/ARM_GCC_Support/ewl/lib/armv6-m\librt.a(gcc_ctor_dtor.o)
 .debug_loc     0x00002516      0x197 D:/CW11.0/CW MCU v11.0/MCU/ARM_GCC_Support/ewl/lib/armv6-m\librt.a(__arm_eabi_init.o)
 .debug_loc     0x000026ad       0xd9 D:/CW11.0/CW MCU v11.0/MCU/ARM_GCC_Support/ewl/lib/armv6-m\librt.a(ROMCopy.o)

.debug_aranges  0x00000000      0x9d0
 .debug_aranges
                0x00000000       0x28 ./Project_Settings/Startup_Code/kinetis_sysinit.o
 .debug_aranges
                0x00000028       0x30 ./Project_Settings/Startup_Code/__arm_start.o
 .debug_aranges
                0x00000058       0x20 ./Project_Settings/Startup_Code/__arm_end.o
 .debug_aranges
                0x00000078       0x30 ./Sources/Application/Auto_air/auto_air.o
 .debug_aranges
                0x000000a8       0x38 ./Sources/Application/Auto_light/auto_light.o
 .debug_aranges
                0x000000e0       0x80 ./Sources/Application/Auto_wiper/auto_wiper.o
 .debug_aranges
                0x00000160       0x30 ./Sources/Application/Battery/battery.o
 .debug_aranges
                0x00000190       0x20 ./Sources/Application/Config_parameters/config_parameter.o
 .debug_aranges
                0x000001b0       0x78 ./Sources/Application/Diagnostic/lin_diagnostic_service.o
 .debug_aranges
                0x00000228       0x50 ./Sources/Application/Sleep/sleep.o
 .debug_aranges
                0x00000278       0x28 ./Sources/Application/main.o
 .debug_aranges
                0x000002a0       0x88 ./Sources/Driver/LIN_Stack/bsp/UART/lin_lld_uart.o
 .debug_aranges
                0x00000328       0x28 ./Sources/Driver/LIN_Stack/bsp/UART/lin_lld_timesrv.o
 .debug_aranges
                0x00000350       0x28 ./Sources/Driver/LIN_Stack/bsp/UART/lin_isr.o
 .debug_aranges
                0x00000378       0x30 ./Sources/Driver/LIN_Stack/coreapi/lin_lin21_proto.o
 .debug_aranges
                0x000003a8       0x70 ./Sources/Driver/LIN_Stack/coreapi/lin_common_proto.o
 .debug_aranges
                0x00000418       0x68 ./Sources/Driver/LIN_Stack/coreapi/lin_common_api.o
 .debug_aranges
                0x00000480       0xa0 ./Sources/Driver/LIN_Stack/lowlevel/lin.o
 .debug_aranges
                0x00000520       0x60 ./Sources/Driver/SPI/spi.o
 .debug_aranges
                0x00000580       0x30 ./Sources/Driver/adc/adc.o
 .debug_aranges
                0x000005b0       0x30 ./Sources/Driver/clock/clock.o
 .debug_aranges
                0x000005e0       0x48 ./Sources/Driver/eeprom/eeprom.o
 .debug_aranges
                0x00000628       0x28 ./Sources/Driver/ftm/ftm.o
 .debug_aranges
                0x00000650       0x20 ./Sources/Driver/gpio/gpio.o
 .debug_aranges
                0x00000670       0x20 ./Sources/Driver/pmc/pmc.o
 .debug_aranges
                0x00000690       0x38 ./Sources/Driver/rtc/rtc.o
 .debug_aranges
                0x000006c8       0x40 ./Sources/Driver/watchdog/watchdog.o
 .debug_aranges
                0x00000708       0x50 ./Sources/Transport/LIN_app/lin_app.o
 .debug_aranges
                0x00000758       0x38 ./Sources/Transport/Local_eep_data/local_eep_data.o
 .debug_aranges
                0x00000790       0x28 ./Sources/Transport/MLX75308/mlx75308.o
 .debug_aranges
                0x000007b8       0x20 ./Sources/Transport/lin_cfg/lin_cfg.o
 .debug_aranges
                0x000007d8       0x50 ./Sources/Transport/lin_transport/lin_commontl_proto.o
 .debug_aranges
                0x00000828       0x70 ./Sources/Transport/lin_transport/lin_commontl_api.o
 .debug_aranges
                0x00000898       0x20 D:/CW11.0/CW MCU v11.0/MCU/ARM_GCC_Support/ewl/lib/armv6-m\libc.a(exit.o)
 .debug_aranges
                0x000008b8       0x28 D:/CW11.0/CW MCU v11.0/MCU/ARM_GCC_Support/ewl/lib/armv6-m\libc.a(rand.o)
 .debug_aranges
                0x000008e0       0x20 D:/CW11.0/CW MCU v11.0/MCU/ARM_GCC_Support/ewl/lib/armv6-m\libc.a(memset.o)
 .debug_aranges
                0x00000900       0x20 D:/CW11.0/CW MCU v11.0/MCU/ARM_GCC_Support/ewl/lib/armv6-m\libc.a(__filll_mem.o)
 .debug_aranges
                0x00000920       0x28 D:/CW11.0/CW MCU v11.0/MCU/ARM_GCC_Support/ewl/lib/armv6-m\librt.a(gcc_ctor_dtor.o)
 .debug_aranges
                0x00000948       0x58 D:/CW11.0/CW MCU v11.0/MCU/ARM_GCC_Support/ewl/lib/armv6-m\librt.a(__arm_eabi_init.o)
 .debug_aranges
                0x000009a0       0x30 D:/CW11.0/CW MCU v11.0/MCU/ARM_GCC_Support/ewl/lib/armv6-m\librt.a(ROMCopy.o)

.debug_line     0x00000000     0x4aae
 .debug_line    0x00000000      0x11c ./Project_Settings/Startup_Code/kinetis_sysinit.o
 .debug_line    0x0000011c       0x92 ./Project_Settings/Startup_Code/__arm_start.o
 .debug_line    0x000001ae       0x5e ./Project_Settings/Startup_Code/__arm_end.o
 .debug_line    0x0000020c      0x212 ./Sources/Application/Auto_air/auto_air.o
 .debug_line    0x0000041e      0x236 ./Sources/Application/Auto_light/auto_light.o
 .debug_line    0x00000654      0x681 ./Sources/Application/Auto_wiper/auto_wiper.o
 .debug_line    0x00000cd5      0x168 ./Sources/Application/Battery/battery.o
 .debug_line    0x00000e3d      0x165 ./Sources/Application/Config_parameters/config_parameter.o
 .debug_line    0x00000fa2      0x453 ./Sources/Application/Diagnostic/lin_diagnostic_service.o
 .debug_line    0x000013f5      0x379 ./Sources/Application/Sleep/sleep.o
 .debug_line    0x0000176e      0x11f ./Sources/Application/main.o
 .debug_line    0x0000188d      0x47b ./Sources/Driver/LIN_Stack/bsp/UART/lin_lld_uart.o
 .debug_line    0x00001d08      0x124 ./Sources/Driver/LIN_Stack/bsp/UART/lin_lld_timesrv.o
 .debug_line    0x00001e2c      0x118 ./Sources/Driver/LIN_Stack/bsp/UART/lin_isr.o
 .debug_line    0x00001f44       0xfd ./Sources/Driver/LIN_Stack/coreapi/lin_lin21_proto.o
 .debug_line    0x00002041      0x2e4 ./Sources/Driver/LIN_Stack/coreapi/lin_common_proto.o
 .debug_line    0x00002325      0x1d4 ./Sources/Driver/LIN_Stack/coreapi/lin_common_api.o
 .debug_line    0x000024f9      0x22f ./Sources/Driver/LIN_Stack/lowlevel/lin.o
 .debug_line    0x00002728      0x2fd ./Sources/Driver/SPI/spi.o
 .debug_line    0x00002a25      0x196 ./Sources/Driver/adc/adc.o
 .debug_line    0x00002bbb      0x1a3 ./Sources/Driver/clock/clock.o
 .debug_line    0x00002d5e      0x285 ./Sources/Driver/eeprom/eeprom.o
 .debug_line    0x00002fe3      0x18d ./Sources/Driver/ftm/ftm.o
 .debug_line    0x00003170      0x11e ./Sources/Driver/gpio/gpio.o
 .debug_line    0x0000328e      0x169 ./Sources/Driver/pmc/pmc.o
 .debug_line    0x000033f7      0x127 ./Sources/Driver/rtc/rtc.o
 .debug_line    0x0000351e      0x150 ./Sources/Driver/watchdog/watchdog.o
 .debug_line    0x0000366e      0x38c ./Sources/Transport/LIN_app/lin_app.o
 .debug_line    0x000039fa      0x133 ./Sources/Transport/Local_eep_data/local_eep_data.o
 .debug_line    0x00003b2d      0x265 ./Sources/Transport/MLX75308/mlx75308.o
 .debug_line    0x00003d92       0xe3 ./Sources/Transport/lin_cfg/lin_cfg.o
 .debug_line    0x00003e75      0x507 ./Sources/Transport/lin_transport/lin_commontl_proto.o
 .debug_line    0x0000437c      0x24c ./Sources/Transport/lin_transport/lin_commontl_api.o
 .debug_line    0x000045c8       0x8d D:/CW11.0/CW MCU v11.0/MCU/ARM_GCC_Support/ewl/lib/armv6-m\libc.a(exit.o)
 .debug_line    0x00004655       0x93 D:/CW11.0/CW MCU v11.0/MCU/ARM_GCC_Support/ewl/lib/armv6-m\libc.a(rand.o)
 .debug_line    0x000046e8       0x90 D:/CW11.0/CW MCU v11.0/MCU/ARM_GCC_Support/ewl/lib/armv6-m\libc.a(memset.o)
 .debug_line    0x00004778       0xf6 D:/CW11.0/CW MCU v11.0/MCU/ARM_GCC_Support/ewl/lib/armv6-m\libc.a(__filll_mem.o)
 .debug_line    0x0000486e       0x6c D:/CW11.0/CW MCU v11.0/MCU/ARM_GCC_Support/ewl/lib/armv6-m\librt.a(gcc_ctor_dtor.o)
 .debug_line    0x000048da      0x117 D:/CW11.0/CW MCU v11.0/MCU/ARM_GCC_Support/ewl/lib/armv6-m\librt.a(__arm_eabi_init.o)
 .debug_line    0x000049f1       0xbd D:/CW11.0/CW MCU v11.0/MCU/ARM_GCC_Support/ewl/lib/armv6-m\librt.a(ROMCopy.o)

.debug_str      0x00000000     0x48fa
 .debug_str     0x00000000      0x248 ./Project_Settings/Startup_Code/kinetis_sysinit.o
                                0x275 (size before relaxing)
 .debug_str     0x00000248       0x85 ./Project_Settings/Startup_Code/__arm_start.o
                                0x1a9 (size before relaxing)
 .debug_str     0x000002cd       0x3a ./Project_Settings/Startup_Code/__arm_end.o
                                 0xe0 (size before relaxing)
 .debug_str     0x00000307      0x36e ./Sources/Application/Auto_air/auto_air.o
                                0x4b1 (size before relaxing)
 .debug_str     0x00000675      0x434 ./Sources/Application/Auto_light/auto_light.o
                                0x78a (size before relaxing)
 .debug_str     0x00000aa9      0xca9 ./Sources/Application/Auto_wiper/auto_wiper.o
                               0x12ad (size before relaxing)
 .debug_str     0x00001752       0x9c ./Sources/Application/Battery/battery.o
                                0x35a (size before relaxing)
 .debug_str     0x000017ee      0x1f7 ./Sources/Application/Config_parameters/config_parameter.o
                                0x33c (size before relaxing)
 .debug_str     0x000019e5      0x3f6 ./Sources/Application/Diagnostic/lin_diagnostic_service.o
                                0x7aa (size before relaxing)
 .debug_str     0x00001ddb      0x22e ./Sources/Application/Sleep/sleep.o
                                0x8f0 (size before relaxing)
 .debug_str     0x00002009       0x99 ./Sources/Application/main.o
                                0x250 (size before relaxing)
 .debug_str     0x000020a2      0x798 ./Sources/Driver/LIN_Stack/bsp/UART/lin_lld_uart.o
                                0xb1e (size before relaxing)
 .debug_str     0x0000283a      0x389 ./Sources/Driver/LIN_Stack/bsp/UART/lin_lld_timesrv.o
                                0x525 (size before relaxing)
 .debug_str     0x00002bc3       0x55 ./Sources/Driver/LIN_Stack/bsp/UART/lin_isr.o
                                0x230 (size before relaxing)
 .debug_str     0x00002c18      0x26e ./Sources/Driver/LIN_Stack/coreapi/lin_lin21_proto.o
                                0x3dc (size before relaxing)
 .debug_str     0x00002e86      0x386 ./Sources/Driver/LIN_Stack/coreapi/lin_common_proto.o
                                0xa41 (size before relaxing)
 .debug_str     0x0000320c       0xcc ./Sources/Driver/LIN_Stack/coreapi/lin_common_api.o
                                0x2b0 (size before relaxing)
 .debug_str     0x000032d8      0x22c ./Sources/Driver/LIN_Stack/lowlevel/lin.o
                                0x39b (size before relaxing)
 .debug_str     0x00003504      0x12d ./Sources/Driver/SPI/spi.o
                                0x383 (size before relaxing)
 .debug_str     0x00003631       0x6e ./Sources/Driver/adc/adc.o
                                0x1e7 (size before relaxing)
 .debug_str     0x0000369f       0x55 ./Sources/Driver/clock/clock.o
                                0x17c (size before relaxing)
 .debug_str     0x000036f4      0x1b8 ./Sources/Driver/eeprom/eeprom.o
                                0x32a (size before relaxing)
 .debug_str     0x000038ac       0x36 ./Sources/Driver/ftm/ftm.o
                                0x568 (size before relaxing)
 .debug_str     0x000038e2      0x108 ./Sources/Driver/gpio/gpio.o
                                0x2a4 (size before relaxing)
 .debug_str     0x000039ea       0x25 ./Sources/Driver/pmc/pmc.o
                                0x16c (size before relaxing)
 .debug_str     0x00003a0f       0x6a ./Sources/Driver/rtc/rtc.o
                                0x48f (size before relaxing)
 .debug_str     0x00003a79       0x83 ./Sources/Driver/watchdog/watchdog.o
                                0x1fd (size before relaxing)
 .debug_str     0x00003afc      0x4a0 ./Sources/Transport/LIN_app/lin_app.o
                                0xf38 (size before relaxing)
 .debug_str     0x00003f9c       0x9d ./Sources/Transport/Local_eep_data/local_eep_data.o
                                0x2b8 (size before relaxing)
 .debug_str     0x00004039      0x101 ./Sources/Transport/MLX75308/mlx75308.o
                                0x4cd (size before relaxing)
 .debug_str     0x0000413a      0x223 ./Sources/Transport/lin_cfg/lin_cfg.o
                                0xb39 (size before relaxing)
 .debug_str     0x0000435d      0x102 ./Sources/Transport/lin_transport/lin_commontl_proto.o
                                0x8b8 (size before relaxing)
 .debug_str     0x0000445f      0x112 ./Sources/Transport/lin_transport/lin_commontl_api.o
                                0x6ba (size before relaxing)
 .debug_str     0x00004571       0x5a D:/CW11.0/CW MCU v11.0/MCU/ARM_GCC_Support/ewl/lib/armv6-m\libc.a(exit.o)
                                0x157 (size before relaxing)
 .debug_str     0x000045cb       0x2b D:/CW11.0/CW MCU v11.0/MCU/ARM_GCC_Support/ewl/lib/armv6-m\libc.a(rand.o)
                                0x152 (size before relaxing)
 .debug_str     0x000045f6       0x23 D:/CW11.0/CW MCU v11.0/MCU/ARM_GCC_Support/ewl/lib/armv6-m\libc.a(memset.o)
                                0x140 (size before relaxing)
 .debug_str     0x00004619       0x2d D:/CW11.0/CW MCU v11.0/MCU/ARM_GCC_Support/ewl/lib/armv6-m\libc.a(__filll_mem.o)
                                0x152 (size before relaxing)
 .debug_str     0x00004646      0x126 D:/CW11.0/CW MCU v11.0/MCU/ARM_GCC_Support/ewl/lib/armv6-m\librt.a(gcc_ctor_dtor.o)
                                0x181 (size before relaxing)
 .debug_str     0x0000476c       0xf3 D:/CW11.0/CW MCU v11.0/MCU/ARM_GCC_Support/ewl/lib/armv6-m\librt.a(__arm_eabi_init.o)
                                0x1b5 (size before relaxing)
 .debug_str     0x0000485f       0x9b D:/CW11.0/CW MCU v11.0/MCU/ARM_GCC_Support/ewl/lib/armv6-m\librt.a(ROMCopy.o)
                                0x13c (size before relaxing)

.comment        0x00000000       0x79
 .comment       0x00000000       0x79 ./Project_Settings/Startup_Code/kinetis_sysinit.o
                                 0x7a (size before relaxing)
 .comment       0x00000000       0x7a ./Project_Settings/Startup_Code/__arm_start.o
 .comment       0x00000000       0x7a ./Project_Settings/Startup_Code/__arm_end.o
 .comment       0x00000000       0x7a ./Sources/Application/Auto_air/auto_air.o
 .comment       0x00000000       0x7a ./Sources/Application/Auto_light/auto_light.o
 .comment       0x00000000       0x7a ./Sources/Application/Auto_wiper/auto_wiper.o
 .comment       0x00000000       0x7a ./Sources/Application/Battery/battery.o
 .comment       0x00000000       0x7a ./Sources/Application/Config_parameters/config_parameter.o
 .comment       0x00000000       0x7a ./Sources/Application/Diagnostic/lin_diagnostic_service.o
 .comment       0x00000000       0x7a ./Sources/Application/Sleep/sleep.o
 .comment       0x00000000       0x7a ./Sources/Application/main.o
 .comment       0x00000000       0x7a ./Sources/Driver/LIN_Stack/bsp/UART/lin_lld_uart.o
 .comment       0x00000000       0x7a ./Sources/Driver/LIN_Stack/bsp/UART/lin_lld_timesrv.o
 .comment       0x00000000       0x7a ./Sources/Driver/LIN_Stack/bsp/UART/lin_isr.o
 .comment       0x00000000       0x7a ./Sources/Driver/LIN_Stack/coreapi/lin_lin21_proto.o
 .comment       0x00000000       0x7a ./Sources/Driver/LIN_Stack/coreapi/lin_common_proto.o
 .comment       0x00000000       0x7a ./Sources/Driver/LIN_Stack/coreapi/lin_common_api.o
 .comment       0x00000000       0x7a ./Sources/Driver/LIN_Stack/lowlevel/lin.o
 .comment       0x00000000       0x7a ./Sources/Driver/SPI/spi.o
 .comment       0x00000000       0x7a ./Sources/Driver/adc/adc.o
 .comment       0x00000000       0x7a ./Sources/Driver/clock/clock.o
 .comment       0x00000000       0x7a ./Sources/Driver/eeprom/eeprom.o
 .comment       0x00000000       0x7a ./Sources/Driver/ftm/ftm.o
 .comment       0x00000000       0x7a ./Sources/Driver/gpio/gpio.o
 .comment       0x00000000       0x7a ./Sources/Driver/pmc/pmc.o
 .comment       0x00000000       0x7a ./Sources/Driver/rtc/rtc.o
 .comment       0x00000000       0x7a ./Sources/Driver/watchdog/watchdog.o
 .comment       0x00000000       0x7a ./Sources/Transport/LIN_app/lin_app.o
 .comment       0x00000000       0x7a ./Sources/Transport/Local_eep_data/local_eep_data.o
 .comment       0x00000000       0x7a ./Sources/Transport/MLX75308/mlx75308.o
 .comment       0x00000000       0x7a ./Sources/Transport/lin_cfg/lin_cfg.o
 .comment       0x00000000       0x7a ./Sources/Transport/lin_transport/lin_commontl_proto.o
 .comment       0x00000000       0x7a ./Sources/Transport/lin_transport/lin_commontl_api.o
 .comment       0x00000000       0x7a D:/CW11.0/CW MCU v11.0/MCU/ARM_GCC_Support/ewl/lib/armv6-m\libc.a(exit.o)
 .comment       0x00000000       0x7a D:/CW11.0/CW MCU v11.0/MCU/ARM_GCC_Support/ewl/lib/armv6-m\libc.a(rand.o)
 .comment       0x00000000       0x7a D:/CW11.0/CW MCU v11.0/MCU/ARM_GCC_Support/ewl/lib/armv6-m\libc.a(memset.o)
 .comment       0x00000000       0x7a D:/CW11.0/CW MCU v11.0/MCU/ARM_GCC_Support/ewl/lib/armv6-m\libc.a(__filll_mem.o)
 .comment       0x00000000       0x7a D:/CW11.0/CW MCU v11.0/MCU/ARM_GCC_Support/ewl/lib/armv6-m\librt.a(gcc_ctor_dtor.o)
 .comment       0x00000000       0x7a D:/CW11.0/CW MCU v11.0/MCU/ARM_GCC_Support/ewl/lib/armv6-m\librt.a(__arm_eabi_init.o)
 .comment       0x00000000       0x7a D:/CW11.0/CW MCU v11.0/MCU/ARM_GCC_Support/ewl/lib/armv6-m\librt.a(ROMCopy.o)

.debug_frame    0x00000000     0x1aa8
 .debug_frame   0x00000000       0x48 ./Project_Settings/Startup_Code/kinetis_sysinit.o
 .debug_frame   0x00000048       0x4c ./Project_Settings/Startup_Code/__arm_start.o
 .debug_frame   0x00000094       0x30 ./Project_Settings/Startup_Code/__arm_end.o
 .debug_frame   0x000000c4       0x6c ./Sources/Application/Auto_air/auto_air.o
 .debug_frame   0x00000130       0x8c ./Sources/Application/Auto_light/auto_light.o
 .debug_frame   0x000001bc      0x1a0 ./Sources/Application/Auto_wiper/auto_wiper.o
 .debug_frame   0x0000035c       0x68 ./Sources/Application/Battery/battery.o
 .debug_frame   0x000003c4       0x2c ./Sources/Application/Config_parameters/config_parameter.o
 .debug_frame   0x000003f0      0x188 ./Sources/Application/Diagnostic/lin_diagnostic_service.o
 .debug_frame   0x00000578       0xd8 ./Sources/Application/Sleep/sleep.o
 .debug_frame   0x00000650       0x48 ./Sources/Application/main.o
 .debug_frame   0x00000698      0x1ac ./Sources/Driver/LIN_Stack/bsp/UART/lin_lld_uart.o
 .debug_frame   0x00000844       0x48 ./Sources/Driver/LIN_Stack/bsp/UART/lin_lld_timesrv.o
 .debug_frame   0x0000088c       0x4c ./Sources/Driver/LIN_Stack/bsp/UART/lin_isr.o
 .debug_frame   0x000008d8       0x70 ./Sources/Driver/LIN_Stack/coreapi/lin_lin21_proto.o
 .debug_frame   0x00000948      0x168 ./Sources/Driver/LIN_Stack/coreapi/lin_common_proto.o
 .debug_frame   0x00000ab0      0x14c ./Sources/Driver/LIN_Stack/coreapi/lin_common_api.o
 .debug_frame   0x00000bfc      0x204 ./Sources/Driver/LIN_Stack/lowlevel/lin.o
 .debug_frame   0x00000e00      0x12c ./Sources/Driver/SPI/spi.o
 .debug_frame   0x00000f2c       0x6c ./Sources/Driver/adc/adc.o
 .debug_frame   0x00000f98       0x6c ./Sources/Driver/clock/clock.o
 .debug_frame   0x00001004       0xd0 ./Sources/Driver/eeprom/eeprom.o
 .debug_frame   0x000010d4       0x4c ./Sources/Driver/ftm/ftm.o
 .debug_frame   0x00001120       0x2c ./Sources/Driver/gpio/gpio.o
 .debug_frame   0x0000114c       0x30 ./Sources/Driver/pmc/pmc.o
 .debug_frame   0x0000117c       0x80 ./Sources/Driver/rtc/rtc.o
 .debug_frame   0x000011fc       0xa0 ./Sources/Driver/watchdog/watchdog.o
 .debug_frame   0x0000129c       0xd8 ./Sources/Transport/LIN_app/lin_app.o
 .debug_frame   0x00001374       0x8c ./Sources/Transport/Local_eep_data/local_eep_data.o
 .debug_frame   0x00001400       0x50 ./Sources/Transport/MLX75308/mlx75308.o
 .debug_frame   0x00001450       0x30 ./Sources/Transport/lin_cfg/lin_cfg.o
 .debug_frame   0x00001480       0xf0 ./Sources/Transport/lin_transport/lin_commontl_proto.o
 .debug_frame   0x00001570      0x15c ./Sources/Transport/lin_transport/lin_commontl_api.o
 .debug_frame   0x000016cc       0x2c D:/CW11.0/CW MCU v11.0/MCU/ARM_GCC_Support/ewl/lib/armv6-m\libc.a(exit.o)
 .debug_frame   0x000016f8       0x30 D:/CW11.0/CW MCU v11.0/MCU/ARM_GCC_Support/ewl/lib/armv6-m\libc.a(rand.o)
 .debug_frame   0x00001728       0x28 D:/CW11.0/CW MCU v11.0/MCU/ARM_GCC_Support/ewl/lib/armv6-m\libc.a(memset.o)
 .debug_frame   0x00001750       0x2c D:/CW11.0/CW MCU v11.0/MCU/ARM_GCC_Support/ewl/lib/armv6-m\libc.a(__filll_mem.o)
 .debug_frame   0x0000177c       0x20 d:/cw11.0/cw mcu v11.0/cross_tools/arm-none-eabi-gcc-4_7_3/bin/../lib/gcc/arm-none-eabi/4.7.3/armv6-m\libgcc.a(_udivsi3.o)
 .debug_frame   0x0000179c       0x20 d:/cw11.0/cw mcu v11.0/cross_tools/arm-none-eabi-gcc-4_7_3/bin/../lib/gcc/arm-none-eabi/4.7.3/armv6-m\libgcc.a(_divsi3.o)
 .debug_frame   0x000017bc       0x2c d:/cw11.0/cw mcu v11.0/cross_tools/arm-none-eabi-gcc-4_7_3/bin/../lib/gcc/arm-none-eabi/4.7.3/armv6-m\libgcc.a(_fixunsdfsi.o)
 .debug_frame   0x000017e8       0x3c d:/cw11.0/cw mcu v11.0/cross_tools/arm-none-eabi-gcc-4_7_3/bin/../lib/gcc/arm-none-eabi/4.7.3/armv6-m\libgcc.a(adddf3.o)
 .debug_frame   0x00001824       0x38 d:/cw11.0/cw mcu v11.0/cross_tools/arm-none-eabi-gcc-4_7_3/bin/../lib/gcc/arm-none-eabi/4.7.3/armv6-m\libgcc.a(subdf3.o)
 .debug_frame   0x0000185c       0x2c d:/cw11.0/cw mcu v11.0/cross_tools/arm-none-eabi-gcc-4_7_3/bin/../lib/gcc/arm-none-eabi/4.7.3/armv6-m\libgcc.a(fixdfsi.o)