Archive member included because of file (symbol)

C:/Freescale/CW MCU v11.0/MCU/ARM_GCC_Support/ewl/lib/armv6-m\libc.a(exit.o)
                              ./Project_Settings/Startup_Code/__arm_start.o (exit)
C:/Freescale/CW MCU v11.0/MCU/ARM_GCC_Support/ewl/lib/armv6-m\libc.a(memset.o)
                              ./Project_Settings/Startup_Code/__arm_start.o (memset)
C:/Freescale/CW MCU v11.0/MCU/ARM_GCC_Support/ewl/lib/armv6-m\libc.a(__filll_mem.o)
                              C:/Freescale/CW MCU v11.0/MCU/ARM_GCC_Support/ewl/lib/armv6-m\libc.a(memset.o) (__fill_mem)
C:/Freescale/CW MCU v11.0/MCU/ARM_GCC_Support/ewl/lib/armv6-m\libm.a(w_log10f.o)
                              ./Sources/humid_app/humid.o (log10f)
C:/Freescale/CW MCU v11.0/MCU/ARM_GCC_Support/ewl/lib/armv6-m\libm.a(e_log10f.o)
                              C:/Freescale/CW MCU v11.0/MCU/ARM_GCC_Support/ewl/lib/armv6-m\libm.a(w_log10f.o) (__ieee754_log10f)
C:/Freescale/CW MCU v11.0/MCU/ARM_GCC_Support/ewl/lib/armv6-m\libm.a(e_logf.o)
                              C:/Freescale/CW MCU v11.0/MCU/ARM_GCC_Support/ewl/lib/armv6-m\libm.a(e_log10f.o) (__ieee754_logf)
c:/freescale/cw mcu v11.0/cross_tools/arm-none-eabi-gcc-4_7_3/bin/../lib/gcc/arm-none-eabi/4.7.3/armv6-m\libgcc.a(_udivsi3.o)
                              ./Sources/RLS_app/rls_app.o (__aeabi_uidiv)
c:/freescale/cw mcu v11.0/cross_tools/arm-none-eabi-gcc-4_7_3/bin/../lib/gcc/arm-none-eabi/4.7.3/armv6-m\libgcc.a(_divsi3.o)
                              ./Sources/LIN_Stack/transport/lin_commontl_proto.o (__aeabi_idiv)
c:/freescale/cw mcu v11.0/cross_tools/arm-none-eabi-gcc-4_7_3/bin/../lib/gcc/arm-none-eabi/4.7.3/armv6-m\libgcc.a(_dvmd_tls.o)
                              c:/freescale/cw mcu v11.0/cross_tools/arm-none-eabi-gcc-4_7_3/bin/../lib/gcc/arm-none-eabi/4.7.3/armv6-m\libgcc.a(_udivsi3.o) (__aeabi_idiv0)
c:/freescale/cw mcu v11.0/cross_tools/arm-none-eabi-gcc-4_7_3/bin/../lib/gcc/arm-none-eabi/4.7.3/armv6-m\libgcc.a(_arm_cmpsf2.o)
                              C:/Freescale/CW MCU v11.0/MCU/ARM_GCC_Support/ewl/lib/armv6-m\libm.a(e_logf.o) (__aeabi_fcmpeq)
c:/freescale/cw mcu v11.0/cross_tools/arm-none-eabi-gcc-4_7_3/bin/../lib/gcc/arm-none-eabi/4.7.3/armv6-m\libgcc.a(_fixunssfsi.o)
                              ./Sources/main.o (__aeabi_f2uiz)
c:/freescale/cw mcu v11.0/cross_tools/arm-none-eabi-gcc-4_7_3/bin/../lib/gcc/arm-none-eabi/4.7.3/armv6-m\libgcc.a(_fixunsdfsi.o)
                              ./Sources/LIN_Stack/bsp/UART/lin_isr.o (__aeabi_d2uiz)
c:/freescale/cw mcu v11.0/cross_tools/arm-none-eabi-gcc-4_7_3/bin/../lib/gcc/arm-none-eabi/4.7.3/armv6-m\libgcc.a(addsf3.o)
                              ./Sources/main.o (__aeabi_fadd)
c:/freescale/cw mcu v11.0/cross_tools/arm-none-eabi-gcc-4_7_3/bin/../lib/gcc/arm-none-eabi/4.7.3/armv6-m\libgcc.a(divsf3.o)
                              C:/Freescale/CW MCU v11.0/MCU/ARM_GCC_Support/ewl/lib/armv6-m\libm.a(e_log10f.o) (__aeabi_fdiv)
c:/freescale/cw mcu v11.0/cross_tools/arm-none-eabi-gcc-4_7_3/bin/../lib/gcc/arm-none-eabi/4.7.3/armv6-m\libgcc.a(eqsf2.o)
                              c:/freescale/cw mcu v11.0/cross_tools/arm-none-eabi-gcc-4_7_3/bin/../lib/gcc/arm-none-eabi/4.7.3/armv6-m\libgcc.a(_arm_cmpsf2.o) (__eqsf2)
c:/freescale/cw mcu v11.0/cross_tools/arm-none-eabi-gcc-4_7_3/bin/../lib/gcc/arm-none-eabi/4.7.3/armv6-m\libgcc.a(gesf2.o)
                              c:/freescale/cw mcu v11.0/cross_tools/arm-none-eabi-gcc-4_7_3/bin/../lib/gcc/arm-none-eabi/4.7.3/armv6-m\libgcc.a(_arm_cmpsf2.o) (__gesf2)
c:/freescale/cw mcu v11.0/cross_tools/arm-none-eabi-gcc-4_7_3/bin/../lib/gcc/arm-none-eabi/4.7.3/armv6-m\libgcc.a(lesf2.o)
                              c:/freescale/cw mcu v11.0/cross_tools/arm-none-eabi-gcc-4_7_3/bin/../lib/gcc/arm-none-eabi/4.7.3/armv6-m\libgcc.a(_arm_cmpsf2.o) (__lesf2)
c:/freescale/cw mcu v11.0/cross_tools/arm-none-eabi-gcc-4_7_3/bin/../lib/gcc/arm-none-eabi/4.7.3/armv6-m\libgcc.a(mulsf3.o)
                              ./Sources/main.o (__aeabi_fmul)
c:/freescale/cw mcu v11.0/cross_tools/arm-none-eabi-gcc-4_7_3/bin/../lib/gcc/arm-none-eabi/4.7.3/armv6-m\libgcc.a(subsf3.o)
                              C:/Freescale/CW MCU v11.0/MCU/ARM_GCC_Support/ewl/lib/armv6-m\libm.a(e_log10f.o) (__aeabi_fsub)
c:/freescale/cw mcu v11.0/cross_tools/arm-none-eabi-gcc-4_7_3/bin/../lib/gcc/arm-none-eabi/4.7.3/armv6-m\libgcc.a(fixsfsi.o)
                              c:/freescale/cw mcu v11.0/cross_tools/arm-none-eabi-gcc-4_7_3/bin/../lib/gcc/arm-none-eabi/4.7.3/armv6-m\libgcc.a(_fixunssfsi.o) (__aeabi_f2iz)
c:/freescale/cw mcu v11.0/cross_tools/arm-none-eabi-gcc-4_7_3/bin/../lib/gcc/arm-none-eabi/4.7.3/armv6-m\libgcc.a(floatsisf.o)
                              C:/Freescale/CW MCU v11.0/MCU/ARM_GCC_Support/ewl/lib/armv6-m\libm.a(e_log10f.o) (__aeabi_i2f)
c:/freescale/cw mcu v11.0/cross_tools/arm-none-eabi-gcc-4_7_3/bin/../lib/gcc/arm-none-eabi/4.7.3/armv6-m\libgcc.a(floatunsisf.o)
[...]
Memory Configuration

Name             Origin             Length             Attributes
m_interrupts     0x00000000         0x000000c0         xr
m_cfmprotrom     0x00000400         0x00000010         xr
m_text           0x00000800         0x0000f800         xr
m_data           0x1ffffc00         0x00001000         xrw
*default*        0x00000000         0xffffffff

Linker script and memory map

LOAD ./Project_Settings/Startup_Code/kinetis_sysinit.o
LOAD ./Project_Settings/Startup_Code/__arm_start.o
LOAD ./Project_Settings/Startup_Code/__arm_end.o
LOAD ./Sources/LIN_Stack/bsp/UART/lin_lld_uart.o
LOAD ./Sources/LIN_Stack/bsp/UART/lin_lld_timesrv.o
LOAD ./Sources/LIN_Stack/bsp/UART/lin_isr.o
LOAD ./Sources/LIN_Stack/coreapi/lin_lin21_proto.o
LOAD ./Sources/LIN_Stack/coreapi/lin_lin21_api.o
LOAD ./Sources/LIN_Stack/coreapi/lin_j2602_proto.o
LOAD ./Sources/LIN_Stack/coreapi/lin_j2602_api.o
LOAD ./Sources/LIN_Stack/coreapi/lin_common_proto.o
LOAD ./Sources/LIN_Stack/coreapi/lin_common_api.o
LOAD ./Sources/LIN_Stack/diagnostic/lin_diagnostic_service.o
LOAD ./Sources/LIN_Stack/lowlevel/lin.o
LOAD ./Sources/LIN_Stack/transport/lin_lin21tl_api.o
LOAD ./Sources/LIN_Stack/transport/lin_j2602tl_api.o
LOAD ./Sources/LIN_Stack/transport/lin_commontl_proto.o
LOAD ./Sources/LIN_Stack/transport/lin_commontl_api.o
LOAD ./Sources/LIN_app/lin_app.o
LOAD ./Sources/RLS_app/rls_app.o
LOAD ./Sources/config_parameter/config_parameter.o
LOAD ./Sources/driver/IIC/iic.o
LOAD ./Sources/driver/SPI/spi.o
LOAD ./Sources/driver/adc/adc.o
LOAD ./Sources/driver/clock/clock.o
LOAD ./Sources/driver/eeprom/eeprom.o
LOAD ./Sources/driver/ftm/ftm.o
LOAD ./Sources/driver/gpio/gpio.o
LOAD ./Sources/driver/pmc/pmc.o
LOAD ./Sources/driver/rtc/rtc.o
LOAD ./Sources/driver/watchdog/watchdog.o
LOAD ./Sources/humid_app/humid.o
LOAD ./Sources/lin_cfg/lin_cfg.o
LOAD ./Sources/main.o
START GROUP
LOAD C:/Freescale/CW MCU v11.0/MCU/ARM_GCC_Support/ewl/lib/armv6-m\libc.a
LOAD C:/Freescale/CW MCU v11.0/MCU/ARM_GCC_Support/ewl/lib/armv6-m\libm.a
LOAD c:/freescale/cw mcu v11.0/cross_tools/arm-none-eabi-gcc-4_7_3/bin/../lib/gcc/arm-none-eabi/4.7.3/armv6-m\libgcc.a
LOAD C:/Freescale/CW MCU v11.0/MCU/ARM_GCC_Support/ewl/lib/armv6-m\librt.a
END GROUP
                0x20000c00                _estack = 0x20000c00
                0x20000c00                __SP_INIT = _estack
                0x00000100                __heap_size = 0x100
                0x00000100                __stack_size = 0x100

.interrupts     0x00000000       0xc0
                0x00000000                __vector_table = .
                0x00000000                . = ALIGN (0x4)
 *(.vectortable)
 .vectortable   0x00000000       0xc0 ./Project_Settings/Startup_Code/kinetis_sysinit.o
                0x00000000                InterruptVector
                0x000000c0                . = ALIGN (0x4)

.cfmprotect     0x00000400        0x0
                0x00000400                . = ALIGN (0x4)
 *(.cfmconfig)
                0x00000400                . = ALIGN (0x4)

.text           0x00000800     0xca40
                0x00000800                . = ALIGN (0x4)
 *(.text)
 .text          0x00000800       0x9c c:/freescale/cw mcu v11.0/cross_tools/arm-none-eabi-gcc-4_7_3/bin/../lib/gcc/arm-none-eabi/4.7.3/armv6-m\libgcc.a(_udivsi3.o)
                0x00000800                __aeabi_uidiv
                0x00000800                __udivsi3
                0x00000888                __aeabi_uidivmod
 .text          0x0000089c       0xc0 c:/freescale/cw mcu v11.0/cross_tools/arm-none-eabi-gcc-4_7_3/bin/../lib/gcc/arm-none-eabi/4.7.3/armv6-m\libgcc.a(_divsi3.o)
                0x0000089c                __divsi3
                0x0000089c                __aeabi_idiv
                0x00000948                __aeabi_idivmod
 .text          0x0000095c        0x4 c:/freescale/cw mcu v11.0/cross_tools/arm-none-eabi-gcc-4_7_3/bin/../lib/gcc/arm-none-eabi/4.7.3/armv6-m\libgcc.a(_dvmd_tls.o)
                0x0000095c                __aeabi_idiv0
                0x0000095c                __aeabi_ldiv0
 .text          0x00000960       0x74 c:/freescale/cw mcu v11.0/cross_tools/arm-none-eabi-gcc-4_7_3/bin/../lib/gcc/arm-none-eabi/4.7.3/armv6-m\libgcc.a(_arm_cmpsf2.o)
                0x00000960                __aeabi_cfrcmple
                0x00000968                __aeabi_cfcmpeq
                0x00000968                __aeabi_cfcmple
                0x00000978                __aeabi_fcmpeq
                0x00000984                __aeabi_fcmplt
                0x00000998                __aeabi_fcmple
                0x000009ac                __aeabi_fcmpgt
                0x000009c0                __aeabi_fcmpge
 .text          0x000009d4       0x30 c:/freescale/cw mcu v11.0/cross_tools/arm-none-eabi-gcc-4_7_3/bin/../lib/gcc/arm-none-eabi/4.7.3/armv6-m\libgcc.a(_fixunssfsi.o)
                0x000009d4                __fixunssfsi
                0x000009d4                __aeabi_f2uiz
 *fill*         0x00000a04        0x4 00
 .text          0x00000a08       0x40 c:/freescale/cw mcu v11.0/cross_tools/arm-none-eabi-gcc-4_7_3/bin/../lib/gcc/arm-none-eabi/4.7.3/armv6-m\libgcc.a(_fixunsdfsi.o)
                0x00000a08                __aeabi_d2uiz
                0x00000a08                __fixunsdfsi
 .text          0x00000a48      0x3a4 c:/freescale/cw mcu v11.0/cross_tools/arm-none-eabi-gcc-4_7_3/bin/../lib/gcc/arm-none-eabi/4.7.3/armv6-m\libgcc.a(addsf3.o)
                0x00000a48                __aeabi_fadd
 .text          0x00000dec      0x274 c:/freescale/cw mcu v11.0/cross_tools/arm-none-eabi-gcc-4_7_3/bin/../lib/gcc/arm-none-eabi/4.7.3/armv6-m\libgcc.a(divsf3.o)
                0x00000dec                __aeabi_fdiv
 .text          0x00001060       0x50 c:/freescale/cw mcu v11.0/cross_tools/arm-none-eabi-gcc-4_7_3/bin/../lib/gcc/arm-none-eabi/4.7.3/armv6-m\libgcc.a(eqsf2.o)
                0x00001060                __eqsf2
                0x00001060                __nesf2
 .text          0x000010b0       0x90 c:/freescale/cw mcu v11.0/cross_tools/arm-none-eabi-gcc-4_7_3/bin/../lib/gcc/arm-none-eabi/4.7.3/armv6-m\libgcc.a(gesf2.o)
                0x000010b0                __gesf2
                0x000010b0                __gtsf2
 .text          0x00001140       0x90 c:/freescale/cw mcu v11.0/cross_tools/arm-none-eabi-gcc-4_7_3/bin/../lib/gcc/arm-none-eabi/4.7.3/armv6-m\libgcc.a(lesf2.o)
                0x00001140                __ltsf2
                0x00001140                __lesf2
 .text          0x000011d0      0x260 c:/freescale/cw mcu v11.0/cross_tools/arm-none-eabi-gcc-4_7_3/bin/../lib/gcc/arm-none-eabi/4.7.3/armv6-m\libgcc.a(mulsf3.o)
                0x000011d0                __aeabi_fmul
 .text          0x00001430      0x3ac c:/freescale/cw mcu v11.0/cross_tools/arm-none-eabi-gcc-4_7_3/bin/../lib/gcc/arm-none-eabi/4.7.3/armv6-m\libgcc.a(subsf3.o)
                0x00001430                __aeabi_fsub
 .text          0x000017dc       0x40 c:/freescale/cw mcu v11.0/cross_tools/arm-none-eabi-gcc-4_7_3/bin/../lib/gcc/arm-none-eabi/4.7.3/armv6-m\libgcc.a(fixsfsi.o)
                0x000017dc                __aeabi_f2iz
 .text          0x0000181c       0xa8 c:/freescale/cw mcu v11.0/cross_tools/arm-none-eabi-gcc-4_7_3/bin/../lib/gcc/arm-none-eabi/4.7.3/armv6-m\libgcc.a(floatsisf.o)
                0x0000181c                __aeabi_i2f
 .text          0x000018c4       0xa8 c:/freescale/cw mcu v11.0/cross_tools/arm-none-eabi-gcc-4_7_3/bin/../lib/gcc/arm-none-eabi/4.7.3/armv6-m\libgcc.a(floatunsisf.o)
                0x000018c4                __aeabi_ui2f
 .text          0x0000196c      0x758 c:/freescale/cw mcu v11.0/cross_tools/arm-none-eabi-gcc-4_7_3/bin/../lib/gcc/arm-none-eabi/4.7.3/armv6-m\libgcc.a(adddf3.o)
                0x0000196c                __aeabi_dadd
 .text          0x000020c4      0x5b8 c:/freescale/cw mcu v11.0/cross_tools/arm-none-eabi-gcc-4_7_3/bin/../lib/gcc/arm-none-eabi/4.7.3/armv6-m\libgcc.a(divdf3.o)
                0x000020c4                __aeabi_ddiv
 .text          0x0000267c      0x4e4 c:/freescale/cw mcu v11.0/cross_tools/arm-none-eabi-gcc-4_7_3/bin/../lib/gcc/arm-none-eabi/4.7.3/armv6-m\libgcc.a(muldf3.o)
                0x0000267c                __aeabi_dmul
 .text          0x00002b60      0x6f8 c:/freescale/cw mcu v11.0/cross_tools/arm-none-eabi-gcc-4_7_3/bin/../lib/gcc/arm-none-eabi/4.7.3/armv6-m\libgcc.a(subdf3.o)
                0x00002b60                __aeabi_dsub
 .text          0x00003258       0x68 c:/freescale/cw mcu v11.0/cross_tools/arm-none-eabi-gcc-4_7_3/bin/../lib/gcc/arm-none-eabi/4.7.3/armv6-m\libgcc.a(fixdfsi.o)
                0x00003258                __aeabi_d2iz
 .text          0x000032c0       0x64 c:/freescale/cw mcu v11.0/cross_tools/arm-none-eabi-gcc-4_7_3/bin/../lib/gcc/arm-none-eabi/4.7.3/armv6-m\libgcc.a(floatunsidf.o)
                0x000032c0                __aeabi_ui2d
 .text          0x00003324       0xa8 c:/freescale/cw mcu v11.0/cross_tools/arm-none-eabi-gcc-4_7_3/bin/../lib/gcc/arm-none-eabi/4.7.3/armv6-m\libgcc.a(extendsfdf2.o)
                0x00003324                __aeabi_f2d
 .text          0x000033cc      0x134 c:/freescale/cw mcu v11.0/cross_tools/arm-none-eabi-gcc-4_7_3/bin/../lib/gcc/arm-none-eabi/4.7.3/armv6-m\libgcc.a(truncdfsf2.o)
                0x000033cc                __aeabi_d2f
 .text          0x00003500       0x7c c:/freescale/cw mcu v11.0/cross_tools/arm-none-eabi-gcc-4_7_3/bin/../lib/gcc/arm-none-eabi/4.7.3/armv6-m\libgcc.a(_arm_cmpdf2.o)
                0x00003500                __aeabi_cdrcmple
                0x00003510                __aeabi_cdcmple
                0x00003510                __aeabi_cdcmpeq
                0x00003520                __aeabi_dcmpeq
                0x0000352c                __aeabi_dcmplt
                0x00003540                __aeabi_dcmple
                0x00003554                __aeabi_dcmpgt
                0x00003568                __aeabi_dcmpge
 .text          0x0000357c       0x3c c:/freescale/cw mcu v11.0/cross_tools/arm-none-eabi-gcc-4_7_3/bin/../lib/gcc/arm-none-eabi/4.7.3/armv6-m\libgcc.a(_clzsi2.o)
                0x0000357c                __clzsi2
 .text          0x000035b8       0x7c c:/freescale/cw mcu v11.0/cross_tools/arm-none-eabi-gcc-4_7_3/bin/../lib/gcc/arm-none-eabi/4.7.3/armv6-m\libgcc.a(eqdf2.o)
                0x000035b8                __nedf2
                0x000035b8                __eqdf2
 .text          0x00003634       0xe8 c:/freescale/cw mcu v11.0/cross_tools/arm-none-eabi-gcc-4_7_3/bin/../lib/gcc/arm-none-eabi/4.7.3/armv6-m\libgcc.a(gedf2.o)
                0x00003634                __gedf2
                0x00003634                __gtdf2
 .text          0x0000371c       0xd8 c:/freescale/cw mcu v11.0/cross_tools/arm-none-eabi-gcc-4_7_3/bin/../lib/gcc/arm-none-eabi/4.7.3/armv6-m\libgcc.a(ledf2.o)
                0x0000371c                __ledf2
                0x0000371c                __ltdf2
 *(.text*)
 .text.Default_Handler
                0x000037f4        0xc ./Project_Settings/Startup_Code/kinetis_sysinit.o
                0x000037f4                I2C0_IRQHandler
                0x000037f4                HardFault_Handler
                0x000037f4                SysTick_Handler
                0x000037f4                PendSV_Handler
                0x000037f4                NMI_Handler
                0x000037f4                ADC0_IRQHandler
                0x000037f4                SPI1_IRQHandler
                0x000037f4                UART2_SCI2_IRQHandler
                0x000037f4                IRQ_IRQHandler
                0x000037f4                PIT_CH0_IRQHandler
                0x000037f4                Default_Handler
                0x000037f4                ACMP0_IRQHandler
                0x000037f4                SVC_Handler
                0x000037f4                ICS_IRQHandler
                0x000037f4                PIT_CH1_IRQHandler
                0x000037f4                FTMRH_IRQHandler
                0x000037f4                KBI0_IRQHandler
                0x000037f4                PMC_IRQHandler
                0x000037f4                SPI0_IRQHandler
                0x000037f4                FTM2_IRQHandler
                0x000037f4                ACMP1_IRQHandler
                0x000037f4                KBI1_IRQHandler
                0x000037f4                UART1_SCI1_IRQHandler
 .text.__init_hardware
                0x00003800       0x38 ./Project_Settings/Startup_Code/kinetis_sysinit.o
                0x00003800                __init_hardware
 .text.zero_fill_bss
                0x00003838       0x24 ./Project_Settings/Startup_Code/__arm_start.o
 .text.__thumb_startup
                0x0000385c       0x30 ./Project_Settings/Startup_Code/__arm_start.o
                0x0000385c                __thumb_startup
 .text._ExitProcess
                0x0000388c        0xc ./Project_Settings/Startup_Code/__arm_end.o
                0x0000388c                _ExitProcess
 .text.lin_lld_uart_init
                0x00003898       0xdc ./Sources/LIN_Stack/bsp/UART/lin_lld_uart.o
                0x00003898                lin_lld_uart_init
 .text.lin_lld_uart_ignore_response
                0x00003974        0xc ./Sources/LIN_Stack/bsp/UART/lin_lld_uart.o
                0x00003974                lin_lld_uart_ignore_response
 .text.lin_lld_uart_set_low_power_mode
                0x00003980       0x14 ./Sources/LIN_Stack/bsp/UART/lin_lld_uart.o
                0x00003980                lin_lld_uart_set_low_power_mode
 .text.lin_lld_uart_rx_response
                0x00003994       0x40 ./Sources/LIN_Stack/bsp/UART/lin_lld_uart.o
                0x00003994                lin_lld_uart_rx_response
 .text.lin_lld_uart_tx_response
                0x000039d4       0x58 ./Sources/LIN_Stack/bsp/UART/lin_lld_uart.o
                0x000039d4                lin_lld_uart_tx_response
 .text.lin_lld_uart_timeout
                0x00003a2c      0x168 ./Sources/LIN_Stack/bsp/UART/lin_lld_uart.o
                0x00003a2c                lin_lld_uart_timeout
 .text.lin_goto_idle_state
                0x00003b94       0x44 ./Sources/LIN_Stack/bsp/UART/lin_lld_uart.o
                0x00003b94                lin_goto_idle_state
 .text.lin_lld_uart_rx_isr
                0x00003bd8      0x504 ./Sources/LIN_Stack/bsp/UART/lin_lld_uart.o
                0x00003bd8                lin_lld_uart_rx_isr
 .text.lin_lld_timer_K_init
                0x000040dc       0x7c ./Sources/LIN_Stack/bsp/UART/lin_lld_timesrv.o
                0x000040dc                lin_lld_timer_K_init
 .text.lin_lld_timer_isr
                0x00004158        0xc ./Sources/LIN_Stack/bsp/UART/lin_lld_timesrv.o
                0x00004158                lin_lld_timer_isr
 .text.UART0_SCI0_IRQHandler
                0x00004164        0xc ./Sources/LIN_Stack/bsp/UART/lin_isr.o
                0x00004164                UART0_SCI0_IRQHandler
 .text.FTM1_IRQHandler
                0x00004170       0x68 ./Sources/LIN_Stack/bsp/UART/lin_isr.o
                0x00004170                FTM1_IRQHandler
 .text.lin_update_word_status_lin21
                0x000041d8       0x7c ./Sources/LIN_Stack/coreapi/lin_lin21_proto.o
                0x000041d8                lin_update_word_status_lin21
 .text.lin_update_err_signal
                0x00004254       0x7c ./Sources/LIN_Stack/coreapi/lin_lin21_proto.o
                0x00004254                lin_update_err_signal
 .text.lin_make_res_evnt_frame
                0x000042d0       0x38 ./Sources/LIN_Stack/coreapi/lin_lin21_proto.o
                0x000042d0                lin_make_res_evnt_frame
 .text.lin_pid_response_callback_handler
                0x00004308       0x78 ./Sources/LIN_Stack/coreapi/lin_common_proto.o
                0x00004308                lin_pid_response_callback_handler
 .text.lin_process_pid
                0x00004380      0x15c ./Sources/LIN_Stack/coreapi/lin_common_proto.o
                0x00004380                lin_process_pid
 .text.lin_update_rx
                0x000044dc       0xe8 ./Sources/LIN_Stack/coreapi/lin_common_proto.o
                0x000044dc                lin_update_rx
 .text.lin_update_tx
                0x000045c4       0xd0 ./Sources/LIN_Stack/coreapi/lin_common_proto.o
                0x000045c4                lin_update_tx
 .text.lin_handle_error
                0x00004694       0xc4 ./Sources/LIN_Stack/coreapi/lin_common_proto.o
                0x00004694                lin_handle_error
 .text.lin_bus_activity_timeout
                0x00004758       0x20 ./Sources/LIN_Stack/coreapi/lin_common_proto.o
                0x00004758                lin_bus_activity_timeout
 .text.lin_update_tx_flags
                0x00004778       0xe0 ./Sources/LIN_Stack/coreapi/lin_common_proto.o
                0x00004778                lin_update_tx_flags
 .text.lin_update_rx_diag_frame
                0x00004858       0x28 ./Sources/LIN_Stack/coreapi/lin_common_proto.o
                0x00004858                lin_update_rx_diag_frame
 .text.lin_make_res_diag_frame
                0x00004880        0xc ./Sources/LIN_Stack/coreapi/lin_common_proto.o
                0x00004880                lin_make_res_diag_frame
 .text.lin_get_frame_index
                0x0000488c       0x5c ./Sources/LIN_Stack/coreapi/lin_common_proto.o
                0x0000488c                lin_get_frame_index
 .text.lin_process_uncd_frame
                0x000048e8      0x130 ./Sources/LIN_Stack/coreapi/lin_common_proto.o
                0x000048e8                lin_process_uncd_frame
 .text.l_sys_init
                0x00004a18       0x10 ./Sources/LIN_Stack/coreapi/lin_common_api.o
                0x00004a18                l_sys_init
 .text.l_ifc_init
                0x00004a28       0x1c ./Sources/LIN_Stack/coreapi/lin_common_api.o
                0x00004a28                l_ifc_init
 .text.lin_diagservice_session_state
                0x00004a44       0x58 ./Sources/LIN_Stack/diagnostic/lin_diagnostic_service.o
                0x00004a44                lin_diagservice_session_state
 .text.lin_diagservice_session_control
                0x00004a9c       0xb8 ./Sources/LIN_Stack/diagnostic/lin_diagnostic_service.o
                0x00004a9c                lin_diagservice_session_control
 .text.lin_diagservice_read_data_by_identifier
                0x00004b54      0x12c ./Sources/LIN_Stack/diagnostic/lin_diagnostic_service.o
                0x00004b54                lin_diagservice_read_data_by_identifier
 .text.lin_diagservice_write_data_by_identifier
                0x00004c80      0x2cc ./Sources/LIN_Stack/diagnostic/lin_diagnostic_service.o
                0x00004c80                lin_diagservice_write_data_by_identifier
 .text.lin_diagservice_assign_frame_id_range
                0x00004f4c      0x140 ./Sources/LIN_Stack/diagnostic/lin_diagnostic_service.o
                0x00004f4c                lin_diagservice_assign_frame_id_range
 .text.lin_diagservice_read_by_identifier
                0x0000508c       0x74 ./Sources/LIN_Stack/diagnostic/lin_diagnostic_service.o
                0x0000508c                lin_diagservice_read_by_identifier
 .text.lin_condittional_change_nad
                0x00005100       0xa0 ./Sources/LIN_Stack/diagnostic/lin_diagnostic_service.o
                0x00005100                lin_condittional_change_nad
 .text.lin_diagsrv_functional_service
                0x000051a0       0x1c ./Sources/LIN_Stack/diagnostic/lin_diagnostic_service.o
                0x000051a0                lin_diagsrv_functional_service
 .text.lin_lld_init
                0x000051bc       0x14 ./Sources/LIN_Stack/lowlevel/lin.o
                0x000051bc                lin_lld_init
 .text.lin_lld_ignore_response
                0x000051d0       0x10 ./Sources/LIN_Stack/lowlevel/lin.o
                0x000051d0                lin_lld_ignore_response
 .text.lin_lld_set_low_power_mode
                0x000051e0       0x10 ./Sources/LIN_Stack/lowlevel/lin.o
                0x000051e0                lin_lld_set_low_power_mode
 .text.lin_lld_set_response
                0x000051f0       0x4c ./Sources/LIN_Stack/lowlevel/lin.o
                0x000051f0                lin_lld_set_response
 .text.lin_lld_rx_response
                0x0000523c       0x20 ./Sources/LIN_Stack/lowlevel/lin.o
                0x0000523c                lin_lld_rx_response
 .text.lin_process_parity
                0x0000525c       0xf0 ./Sources/LIN_Stack/lowlevel/lin.o
                0x0000525c                lin_process_parity
 .text.lin_checksum
                0x0000534c       0x9c ./Sources/LIN_Stack/lowlevel/lin.o
                0x0000534c                lin_checksum
 .text.lin_lld_timer_init
                0x000053e8        0xc ./Sources/LIN_Stack/lowlevel/lin.o
                0x000053e8                lin_lld_timer_init
 .text.lin_tl_make_slaveres_pdu
                0x000053f4      0x778 ./Sources/LIN_Stack/transport/lin_commontl_proto.o
                0x000053f4                lin_tl_make_slaveres_pdu
 .text.lin_tl_get_pdu
                0x00005b6c       0x5c ./Sources/LIN_Stack/transport/lin_commontl_proto.o
                0x00005b6c                lin_tl_get_pdu
 .text.lin_process_pdu
                0x00005bc8      0x260 ./Sources/LIN_Stack/transport/lin_commontl_proto.o
 .text.lin_tl_handler
                0x00005e28      0x164 ./Sources/LIN_Stack/transport/lin_commontl_proto.o
                0x00005e28                lin_tl_handler
 .text.lin_tl_attach_service
                0x00005f8c      0x194 ./Sources/LIN_Stack/transport/lin_commontl_proto.o
                0x00005f8c                lin_tl_attach_service
 .text.tl_put_raw
                0x00006120       0xcc ./Sources/LIN_Stack/transport/lin_commontl_proto.o
                0x00006120                tl_put_raw
 .text.tl_get_raw
                0x000061ec       0xe8 ./Sources/LIN_Stack/transport/lin_commontl_proto.o
                0x000061ec                tl_get_raw
 .text.ld_get_raw
                0x000062d4       0x20 ./Sources/LIN_Stack/transport/lin_commontl_api.o
                0x000062d4                ld_get_raw
 .text.ld_receive_message
                0x000062f4      0x284 ./Sources/LIN_Stack/transport/lin_commontl_api.o
                0x000062f4                ld_receive_message
 .text.Lin_Sys_Init
                0x00006578       0x74 ./Sources/LIN_app/lin_app.o
                0x00006578                Lin_Sys_Init
 .text.Lin_Busy_Process
                0x000065ec       0x30 ./Sources/LIN_app/lin_app.o
                0x000065ec                Lin_Busy_Process
 .text.message_cnt
                0x0000661c       0x28 ./Sources/LIN_app/lin_app.o
                0x0000661c                message_cnt
 .text.RLS_Analysis_Master_Data
                0x00006644      0x1f4 ./Sources/LIN_app/lin_app.o
                0x00006644                RLS_Analysis_Master_Data
 .text.Lin_RLS_data
                0x00006838      0x3b4 ./Sources/LIN_app/lin_app.o
                0x00006838                Lin_RLS_data
 .text.SPI_Enable
                0x00006bec       0x1c ./Sources/RLS_app/rls_app.o
 .text.SPI_Disable
                0x00006c08       0x1c ./Sources/RLS_app/rls_app.o
 .text.Search_Table
                0x00006c24      0x218 ./Sources/RLS_app/rls_app.o
                0x00006c24                Search_Table
 .text.MLX75308_Init
                0x00006e3c      0x17c ./Sources/RLS_app/rls_app.o
                0x00006e3c                MLX75308_Init
 .text.RLS_Rain_Get_Measure
                0x00006fb8      0x404 ./Sources/RLS_app/rls_app.o
                0x00006fb8                RLS_Rain_Get_Measure
 .text.RLS_AutoLightControl
                0x000073bc      0x1fc ./Sources/RLS_app/rls_app.o
                0x000073bc                RLS_AutoLightControl
 .text.RLS_Light_Module_Fault_Process
                0x000075b8       0x9c ./Sources/RLS_app/rls_app.o
                0x000075b8                RLS_Light_Module_Fault_Process
 .text.RLS_Auto_Light_Task
                0x00007654      0x11c ./Sources/RLS_app/rls_app.o
                0x00007654                RLS_Auto_Light_Task
 .text.RLS_Get_IR_Process
                0x00007770       0x38 ./Sources/RLS_app/rls_app.o
                0x00007770                RLS_Get_IR_Process
 .text.RLS_Rain_Module_Fault_Process
                0x000077a8       0xd4 ./Sources/RLS_app/rls_app.o
                0x000077a8                RLS_Rain_Module_Fault_Process
 .text.RLS_Get_Rain_State
                0x0000787c      0x43c ./Sources/RLS_app/rls_app.o
                0x0000787c                RLS_Get_Rain_State
 .text.RLS_Get_Rain_ExpectStage
                0x00007cb8      0x2d0 ./Sources/RLS_app/rls_app.o
                0x00007cb8                RLS_Get_Rain_ExpectStage
 .text.RLS_Mask_False_Operation
                0x00007f88      0x198 ./Sources/RLS_app/rls_app.o
                0x00007f88                RLS_Mask_False_Operation
 .text.RLS_Invalid_DataProcess
                0x00008120      0x1fc ./Sources/RLS_app/rls_app.o
                0x00008120                RLS_Invalid_DataProcess
 .text.RLS_Wiper_Ctl
                0x0000831c       0x68 ./Sources/RLS_app/rls_app.o
                0x0000831c                RLS_Wiper_Ctl
 .text.RLS_Rain_State_Mchaine
                0x00008384     0x10d4 ./Sources/RLS_app/rls_app.o
                0x00008384                RLS_Rain_State_Mchaine
 .text.RLS_Wipe_Park_Process
                0x00009458       0x84 ./Sources/RLS_app/rls_app.o
                0x00009458                RLS_Wipe_Park_Process
 .text.RLS_Auto_Rain_Task
                0x000094dc       0x1c ./Sources/RLS_app/rls_app.o
                0x000094dc                RLS_Auto_Rain_Task
 .text.RLS_SelfAdaptTask
                0x000094f8      0x474 ./Sources/RLS_app/rls_app.o
                0x000094f8                RLS_SelfAdaptTask
 .text.RLS_Wipe_Auto_On_Function
                0x0000996c      0x104 ./Sources/RLS_app/rls_app.o
                0x0000996c                RLS_Wipe_Auto_On_Function
 .text.RLS_Wipe_Sensitivity_Up_Function
                0x00009a70       0xb0 ./Sources/RLS_app/rls_app.o
                0x00009a70                RLS_Wipe_Sensitivity_Up_Function
 .text.RLS_Battery_Measurement
                0x00009b20       0x3c ./Sources/RLS_app/rls_app.o
                0x00009b20                RLS_Battery_Measurement
 .text.RLS_Battery_State
                0x00009b5c       0x94 ./Sources/RLS_app/rls_app.o
                0x00009b5c                RLS_Battery_State
 .text.Sleep_Process
                0x00009bf0      0x114 ./Sources/RLS_app/rls_app.o
                0x00009bf0                Sleep_Process
 .text.Recover_Process
                0x00009d04       0x4c ./Sources/RLS_app/rls_app.o
                0x00009d04                Recover_Process
 .text.Globle_parameter_Init
                0x00009d50      0x298 ./Sources/config_parameter/config_parameter.o
                0x00009d50                Globle_parameter_Init
 .text.DRV_IIC_Init
                0x00009fe8       0x64 ./Sources/driver/IIC/iic.o
                0x00009fe8                DRV_IIC_Init
 .text.DRV_IIC_START
                0x0000a04c       0x78 ./Sources/driver/IIC/iic.o
                0x0000a04c                DRV_IIC_START
 .text.DRV_IIC_STOP
                0x0000a0c4       0x78 ./Sources/driver/IIC/iic.o
                0x0000a0c4                DRV_IIC_STOP
 .text.DRV_IIC_WRITE_BYTE
                0x0000a13c      0x11c ./Sources/driver/IIC/iic.o
                0x0000a13c                DRV_IIC_WRITE_BYTE
 .text.DRV_IIC_READ_BYTE
                0x0000a258      0x17c ./Sources/driver/IIC/iic.o
                0x0000a258                DRV_IIC_READ_BYTE
 .text.SPI_COM  0x0000a3d4       0x68 ./Sources/driver/SPI/spi.o
                0x0000a3d4                SPI_COM
 .text.SPI_Init
                0x0000a43c       0x74 ./Sources/driver/SPI/spi.o
                0x0000a43c                SPI_Init
 .text.SPI_SetBaudRate
                0x0000a4b0       0xe4 ./Sources/driver/SPI/spi.o
                0x0000a4b0                SPI_SetBaudRate
 .text.SPI_Wr_Cmd
                0x0000a594      0x124 ./Sources/driver/SPI/spi.o
                0x0000a594                SPI_Wr_Cmd
 .text.SPI_Wr_Reg
                0x0000a6b8      0x298 ./Sources/driver/SPI/spi.o
                0x0000a6b8                SPI_Wr_Reg
 .text.SPI_Rd_Reg
                0x0000a950       0xc4 ./Sources/driver/SPI/spi.o
                0x0000a950                SPI_Rd_Reg
 .text.MLX75308_SetPara
                0x0000aa14      0x49c ./Sources/driver/SPI/spi.o
                0x0000aa14                MLX75308_SetPara
 .text.SPI_Rd_Mchan
                0x0000aeb0      0x1b0 ./Sources/driver/SPI/spi.o
                0x0000aeb0                SPI_Rd_Mchan
 .text.MLX75308_Meansure
                0x0000b060       0x7c ./Sources/driver/SPI/spi.o
                0x0000b060                MLX75308_Meansure
 .text.ADC_Init
                0x0000b0dc       0x38 ./Sources/driver/adc/adc.o
                0x0000b0dc                ADC_Init
 .text.get_adc  0x0000b114       0x34 ./Sources/driver/adc/adc.o
                0x0000b114                get_adc
 .text.get_adc_times
                0x0000b148       0x6c ./Sources/driver/adc/adc.o
                0x0000b148                get_adc_times
 .text.Clk_Init
                0x0000b1b4       0x84 ./Sources/driver/clock/clock.o
                0x0000b1b4                Clk_Init
 .text.Delay_Ms
                0x0000b238       0x3c ./Sources/driver/clock/clock.o
                0x0000b238                Delay_Ms
 .text.Delay_Nus
                0x0000b274       0x3c ./Sources/driver/clock/clock.o
                0x0000b274                Delay_Nus
 .text.FLASH_Init
                0x0000b2b0       0xd4 ./Sources/driver/eeprom/eeprom.o
                0x0000b2b0                FLASH_Init
 .text.FLASH_LaunchCMD
                0x0000b384       0x48 ./Sources/driver/eeprom/eeprom.o
                0x0000b384                FLASH_LaunchCMD
 .text.EEPROM_EraseSector
                0x0000b3cc       0xbc ./Sources/driver/eeprom/eeprom.o
                0x0000b3cc                EEPROM_EraseSector
 .text.EEPROM_ProgramWord
                0x0000b488       0xdc ./Sources/driver/eeprom/eeprom.o
                0x0000b488                EEPROM_ProgramWord
 .text.write_data_from_EEPROM
                0x0000b564      0x310 ./Sources/driver/eeprom/eeprom.o
                0x0000b564                write_data_from_EEPROM
 .text.read_data_from_EEPROM
                0x0000b874      0x108 ./Sources/driver/eeprom/eeprom.o
                0x0000b874                read_data_from_EEPROM
 .text.FTM0_Init
                0x0000b97c       0x80 ./Sources/driver/ftm/ftm.o
                0x0000b97c                FTM0_Init
 *fill*         0x0000b9fc        0x4 00
 .text.FTM0_IRQHandler
                0x0000ba00      0x130 ./Sources/driver/ftm/ftm.o
                0x0000ba00                FTM0_IRQHandler
 .text.GPIO_Init
                0x0000bb30      0x208 ./Sources/driver/gpio/gpio.o
                0x0000bb30                GPIO_Init
 .text.PMC_Init
                0x0000bd38       0x64 ./Sources/driver/pmc/pmc.o
                0x0000bd38                PMC_Init
 .text.RTC_DisableInt
                0x0000bd9c       0x18 ./Sources/driver/rtc/rtc.o
                0x0000bd9c                RTC_DisableInt
 .text.RTC_Init
                0x0000bdb4       0x6c ./Sources/driver/rtc/rtc.o
                0x0000bdb4                RTC_Init
 .text.RTC_IRQHandler
                0x0000be20       0x18 ./Sources/driver/rtc/rtc.o
                0x0000be20                RTC_IRQHandler
 .text.WDOG_Feed
                0x0000be38       0x24 ./Sources/driver/watchdog/watchdog.o
                0x0000be38                WDOG_Feed
 .text.WDG_IRQHandler
                0x0000be5c       0x1c ./Sources/driver/watchdog/watchdog.o
                0x0000be5c                WDG_IRQHandler
 .text.crc8     0x0000be78       0xc4 ./Sources/humid_app/humid.o
                0x0000be78                crc8
 .text.FUNC_HUM_RESET
                0x0000bf3c       0x44 ./Sources/humid_app/humid.o
 .text.FUNC_HUM_SETTING
                0x0000bf80       0x50 ./Sources/humid_app/humid.o
                0x0000bf80                FUNC_HUM_SETTING
 .text.FUNC_READ_HUMDATA
                0x0000bfd0      0x2cc ./Sources/humid_app/humid.o
                0x0000bfd0                FUNC_READ_HUMDATA
 *fill*         0x0000c29c        0x4 00
 .text.Cal_F_Avg_Function
                0x0000c2a0      0x110 ./Sources/humid_app/humid.o
                0x0000c2a0                Cal_F_Avg_Function
 .text.Humid_Avg_Function
                0x0000c3b0       0xc0 ./Sources/humid_app/humid.o
                0x0000c3b0                Humid_Avg_Function
 .text.Temp_Avg_Function
                0x0000c470       0xc0 ./Sources/humid_app/humid.o
                0x0000c470                Temp_Avg_Function
 .text.Dew_Point_Cal
                0x0000c530      0x128 ./Sources/humid_app/humid.o
                0x0000c530                Dew_Point_Cal
 .text.ld_read_by_id_callout
                0x0000c658       0x78 ./Sources/lin_cfg/lin_cfg.o
                0x0000c658                ld_read_by_id_callout
 .text.main     0x0000c6d0      0x21c ./Sources/main.o
                0x0000c6d0                main
 .text.exit     0x0000c8ec       0x38 C:/Freescale/CW MCU v11.0/MCU/ARM_GCC_Support/ewl/lib/armv6-m\libc.a(exit.o)
                0x0000c8ec                exit
 .text.memset   0x0000c924        0xc C:/Freescale/CW MCU v11.0/MCU/ARM_GCC_Support/ewl/lib/armv6-m\libc.a(memset.o)
                0x0000c924                memset
 .text.__fill_mem
                0x0000c930       0x7e C:/Freescale/CW MCU v11.0/MCU/ARM_GCC_Support/ewl/lib/armv6-m\libc.a(__filll_mem.o)
                0x0000c930                __fill_mem
 .text.log10f   0x0000c9ae        0x8 C:/Freescale/CW MCU v11.0/MCU/ARM_GCC_Support/ewl/lib/armv6-m\libm.a(w_log10f.o)
                0x0000c9ae                log10f
 *fill*         0x0000c9b6        0x2 00
 .text.__ieee754_log10f
                0x0000c9b8       0xc0 C:/Freescale/CW MCU v11.0/MCU/ARM_GCC_Support/ewl/lib/armv6-m\libm.a(e_log10f.o)
                0x0000c9b8                __ieee754_log10f
 .text.__ieee754_logf
                0x0000ca78      0x2c0 C:/Freescale/CW MCU v11.0/MCU/ARM_GCC_Support/ewl/lib/armv6-m\libm.a(e_logf.o)
                0x0000ca78                __ieee754_logf
 .text.__init_cpp
                0x0000cd38       0x48 C:/Freescale/CW MCU v11.0/MCU/ARM_GCC_Support/ewl/lib/armv6-m\librt.a(gcc_ctor_dtor.o)
                0x0000cd38                __init_cpp
 .text.__fini_cpp
                0x0000cd80       0x34 C:/Freescale/CW MCU v11.0/MCU/ARM_GCC_Support/ewl/lib/armv6-m\librt.a(gcc_ctor_dtor.o)
                0x0000cd80                __fini_cpp
 .text.__destroy_global_chain
                0x0000cdb4       0x1c C:/Freescale/CW MCU v11.0/MCU/ARM_GCC_Support/ewl/lib/armv6-m\librt.a(__arm_eabi_init.o)
                0x0000cdb4                __destroy_global_chain
 .text.__init_registers
                0x0000cdd0       0x1c C:/Freescale/CW MCU v11.0/MCU/ARM_GCC_Support/ewl/lib/armv6-m\librt.a(__arm_eabi_init.o)
                0x0000cdd0                __init_registers
 .text.__init_user
                0x0000cdec        0x4 C:/Freescale/CW MCU v11.0/MCU/ARM_GCC_Support/ewl/lib/armv6-m\librt.a(__arm_eabi_init.o)
                0x0000cdec                __init_user
 .text.__copy_rom_section
                0x0000cdf0       0x48 C:/Freescale/CW MCU v11.0/MCU/ARM_GCC_Support/ewl/lib/armv6-m\librt.a(ROMCopy.o)
                0x0000cdf0                __copy_rom_section
 .text.__copy_rom_sections_to_ram
                0x0000ce38       0x34 C:/Freescale/CW MCU v11.0/MCU/ARM_GCC_Support/ewl/lib/armv6-m\librt.a(ROMCopy.o)
                0x0000ce38                __copy_rom_sections_to_ram
 *(.rodata)
 .rodata        0x0000ce6c       0x40 c:/freescale/cw mcu v11.0/cross_tools/arm-none-eabi-gcc-4_7_3/bin/../lib/gcc/arm-none-eabi/4.7.3/armv6-m\libgcc.a(divsf3.o)
 .rodata        0x0000ceac       0x40 c:/freescale/cw mcu v11.0/cross_tools/arm-none-eabi-gcc-4_7_3/bin/../lib/gcc/arm-none-eabi/4.7.3/armv6-m\libgcc.a(mulsf3.o)
 .rodata        0x0000ceec       0x40 c:/freescale/cw mcu v11.0/cross_tools/arm-none-eabi-gcc-4_7_3/bin/../lib/gcc/arm-none-eabi/4.7.3/armv6-m\libgcc.a(divdf3.o)
 .rodata        0x0000cf2c       0x40 c:/freescale/cw mcu v11.0/cross_tools/arm-none-eabi-gcc-4_7_3/bin/../lib/gcc/arm-none-eabi/4.7.3/armv6-m\libgcc.a(muldf3.o)
 *(.rodata*)
 .rodata.lin_lld_uart_timeout
                0x0000cf6c       0x28 ./Sources/LIN_Stack/bsp/UART/lin_lld_uart.o
 .rodata.lin_lld_uart_rx_isr
                0x0000cf94       0x20 ./Sources/LIN_Stack/bsp/UART/lin_lld_uart.o
 .rodata.Tab_AWG_FW
                0x0000cfb4       0x40 ./Sources/RLS_app/rls_app.o
                0x0000cfb4                Tab_AWG_FW
 .rodata.Tab_Brightness_FW
                0x0000cff4       0x40 ./Sources/RLS_app/rls_app.o
                0x0000cff4                Tab_Brightness_FW
 .rodata.Tab_AWG_IR
                0x0000d034       0x40 ./Sources/RLS_app/rls_app.o
                0x0000d034                Tab_AWG_IR
 .rodata.Tab_Brightness_IR
                0x0000d074       0x40 ./Sources/RLS_app/rls_app.o
                0x0000d074                Tab_Brightness_IR
 .rodata.RLS_Invalid_DataProcess
                0x0000d0b4       0x30 ./Sources/RLS_app/rls_app.o
 .rodata.RLS_Rain_State_Mchaine
                0x0000d0e4       0x18 ./Sources/RLS_app/rls_app.o
 .rodata.Mlx75308_Config_Parameter
                0x0000d0fc       0x14 ./Sources/config_parameter/config_parameter.o
                0x0000d0fc                Mlx75308_Config_Parameter
 .rodata.Rain_Stastegy_Parameter
                0x0000d110       0x54 ./Sources/config_parameter/config_parameter.o
                0x0000d110                Rain_Stastegy_Parameter
 .rodata.Light_Stastegy_Parameter
                0x0000d164       0x14 ./Sources/config_parameter/config_parameter.o
                0x0000d164                Light_Stastegy_Parameter
 .rodata.MLX75308_SetPara
                0x0000d178       0x54 ./Sources/driver/SPI/spi.o
 .rodata.LI0_response_error_signal
                0x0000d1cc        0x1 ./Sources/lin_cfg/lin_cfg.o
                0x0000d1cc                LI0_response_error_signal
 .rodata.response_error_byte_offset
                0x0000d1cd        0x1 ./Sources/lin_cfg/lin_cfg.o
                0x0000d1cd                response_error_byte_offset
 .rodata.response_error_bit_offset
                0x0000d1ce        0x1 ./Sources/lin_cfg/lin_cfg.o
                0x0000d1ce                response_error_bit_offset
 *fill*         0x0000d1cf        0x1 00
 .rodata.lin_frame_tbl
                0x0000d1d0       0x48 ./Sources/lin_cfg/lin_cfg.o
                0x0000d1d0                lin_frame_tbl
 .rodata.lin_max_frame_res_timeout_val
                0x0000d218       0x10 ./Sources/lin_cfg/lin_cfg.o
                0x0000d218                lin_max_frame_res_timeout_val
 .rodata.lin_initial_NAD
                0x0000d228        0x1 ./Sources/lin_cfg/lin_cfg.o
                0x0000d228                lin_initial_NAD
 *fill*         0x0000d229        0x3 00
 .rodata.product_id
                0x0000d22c        0x8 ./Sources/lin_cfg/lin_cfg.o
                0x0000d22c                product_id
 .rodata.response_error
                0x0000d234        0x1 ./Sources/lin_cfg/lin_cfg.o
                0x0000d234                response_error
 *fill*         0x0000d235        0x3 00
 .rodata.lin_diag_services_supported
                0x0000d238        0x8 ./Sources/lin_cfg/lin_cfg.o
                0x0000d238                lin_diag_services_supported
 *(.glue_7)
 .glue_7        0x00000000        0x0 linker stubs
 *(.glue_7t)
 .glue_7t       0x00000000        0x0 linker stubs
 *(.eh_frame)
 *(.init)
 *(.fini)
                0x0000d240                . = ALIGN (0x4)
                0x0000d240                _etext = .

.vfp11_veneer   0x0000d240        0x0
 .vfp11_veneer  0x00000000        0x0 linker stubs

.v4_bx          0x0000d240        0x0
 .v4_bx         0x00000000        0x0 linker stubs

.iplt           0x0000d240        0x0
 .iplt          0x00000000        0x0 ./Project_Settings/Startup_Code/kinetis_sysinit.o

.rel.dyn        0x0000d240        0x0
 .rel.iplt      0x00000000        0x0 ./Project_Settings/Startup_Code/kinetis_sysinit.o

.ARM.extab
 *(.ARM.extab* .gnu.linkonce.armextab.*)

.ARM            0x0000d240        0x0
                0x0000d240                __exidx_start = .
 *(.ARM.exidx*)
                0x0000d240                __exidx_end = .

.ctors          0x0000d240        0x0
                0x0000d240                __CTOR_LIST__ = .
 *crtbegin.o(.ctors)
 *(EXCLUDE_FILE(*crtend.o) .ctors)
 *(SORT(.ctors.*))
 *(.ctors)
                0x0000d240                __CTOR_END__ = .

.dtors          0x0000d240        0x0
                0x0000d240                __DTOR_LIST__ = .
 *crtbegin.o(.dtors)
 *(EXCLUDE_FILE(*crtend.o) .dtors)
 *(SORT(.dtors.*))
 *(.dtors)
                0x0000d240                __DTOR_END__ = .

.preinit_array  0x0000d240        0x0
                0x0000d240                PROVIDE (__preinit_array_start, .)
 *(.preinit_array*)
                0x0000d240                PROVIDE (__preinit_array_end, .)

.init_array     0x0000d240        0x0
                0x0000d240                PROVIDE (__init_array_start, .)
 *(SORT(.init_array.*))
 *(.init_array*)
                0x0000d240                PROVIDE (__init_array_end, .)

.fini_array     0x0000d240        0x0
                0x0000d240                PROVIDE (__fini_array_start, .)
 *(SORT(.fini_array.*))
 *(.fini_array*)
                0x0000d240                PROVIDE (__fini_array_end, .)
                0x0000d240                ___ROM_AT = .

.mtb            0x1ffffc00        0x0
                0x1ffffc00                . = ALIGN (0x8)
                0x1ffffc00                _mtb_start = .
 *(.mtb_buf)
                0x1ffffc00                . = ALIGN (0x8)
                0x1ffffc00                _mtb_end = .

.data           0x1ffffc00       0x4c load address 0x0000d240
                0x1ffffc00                . = ALIGN (0x4)
                0x1ffffc00                _sdata = .
 *(.data)
 *(.data*)
 .data.pUART    0x1ffffc00        0x4 ./Sources/LIN_Stack/bsp/UART/lin_lld_uart.o
 .data.ifc      0x1ffffc04        0x1 ./Sources/LIN_Stack/bsp/UART/lin_lld_uart.o
 .data.state    0x1ffffc05        0x1 ./Sources/LIN_Stack/bsp/UART/lin_lld_uart.o
 .data.pid      0x1ffffc06        0x1 ./Sources/LIN_Stack/bsp/UART/lin_lld_uart.o
 *fill*         0x1ffffc07        0x1 00
 .data.lin_pFrameBuf
                0x1ffffc08       0x14 ./Sources/lin_cfg/lin_cfg.o
                0x1ffffc08                lin_pFrameBuf
 .data.lin_configuration_RAM
                0x1ffffc1c        0x8 ./Sources/lin_cfg/lin_cfg.o
                0x1ffffc1c                lin_configuration_RAM
 .data.lin_configured_NAD
                0x1ffffc24        0x1 ./Sources/lin_cfg/lin_cfg.o
                0x1ffffc24                lin_configured_NAD
 *fill*         0x1ffffc25        0x3 00
 .data.lin_tl_tx_queue
                0x1ffffc28       0x10 ./Sources/lin_cfg/lin_cfg.o
                0x1ffffc28                lin_tl_tx_queue
 .data.lin_tl_rx_queue
                0x1ffffc38       0x10 ./Sources/lin_cfg/lin_cfg.o
                0x1ffffc38                lin_tl_rx_queue
 .data.tl_service_status
                0x1ffffc48        0x1 ./Sources/lin_cfg/lin_cfg.o
                0x1ffffc48                tl_service_status
                0x1ffffc4c                . = ALIGN (0x4)
 *fill*         0x1ffffc49        0x3 00
                0x1ffffc4c                _edata = .
                0x0000004c                ___data_size = (_edata - _sdata)

.igot.plt       0x1ffffc4c        0x0 load address 0x0000d28c
 .igot.plt      0x00000000        0x0 ./Project_Settings/Startup_Code/kinetis_sysinit.o
                0x1ffffc4c                . = ALIGN (0x4)

.bss            0x1ffffc4c      0x398 load address 0x0000d28c
                0x1ffffc4c                __START_BSS = .
                0x1ffffc4c                PROVIDE (__bss_start__, __START_BSS)
 *(.bss)
 *(.bss*)
 .bss.argv      0x1ffffc4c        0x4 ./Project_Settings/Startup_Code/__arm_start.o
 .bss.l_status  0x1ffffc50        0x4 ./Sources/LIN_Stack/bsp/UART/lin_lld_uart.o
 .bss.cnt_byte  0x1ffffc54        0x1 ./Sources/LIN_Stack/bsp/UART/lin_lld_uart.o
 *fill*         0x1ffffc55        0x3 00
 .bss.ptr       0x1ffffc58        0x4 ./Sources/LIN_Stack/bsp/UART/lin_lld_uart.o
 .bss.current_id
                0x1ffffc5c        0x1 ./Sources/LIN_Stack/bsp/UART/lin_lld_uart.o
 *fill*         0x1ffffc5d        0x3 00
 .bss.response_buffer
                0x1ffffc60        0x4 ./Sources/LIN_Stack/bsp/UART/lin_lld_uart.o
 .bss.tbit      0x1ffffc64        0x2 ./Sources/LIN_Stack/bsp/UART/lin_lld_uart.o
 .bss.frame_timeout_cnt
                0x1ffffc66        0x2 ./Sources/LIN_Stack/bsp/UART/lin_lld_uart.o
 .bss.res_frame_timeout_cnt
                0x1ffffc68        0x2 ./Sources/LIN_Stack/bsp/UART/lin_lld_uart.o
 .bss.idle_timeout_cnt
                0x1ffffc6a        0x2 ./Sources/LIN_Stack/bsp/UART/lin_lld_uart.o
 .bss.G_10ms_counter
                0x1ffffc6c        0x1 ./Sources/driver/ftm/ftm.o
                0x1ffffc6c                G_10ms_counter
 .bss.G_50ms_counter
                0x1ffffc6d        0x1 ./Sources/driver/ftm/ftm.o
                0x1ffffc6d                G_50ms_counter
 .bss.G_100ms_counter
                0x1ffffc6e        0x1 ./Sources/driver/ftm/ftm.o
                0x1ffffc6e                G_100ms_counter
 .bss.G_500ms_counter
                0x1ffffc6f        0x1 ./Sources/driver/ftm/ftm.o
                0x1ffffc6f                G_500ms_counter
 .bss.G_4s_counter
                0x1ffffc70        0x4 ./Sources/driver/ftm/ftm.o
                0x1ffffc70                G_4s_counter
 .bss.G_10msFlag
                0x1ffffc74        0x1 ./Sources/driver/ftm/ftm.o
                0x1ffffc74                G_10msFlag
 .bss.G_50msFlag
                0x1ffffc75        0x1 ./Sources/driver/ftm/ftm.o
                0x1ffffc75                G_50msFlag
 .bss.G_100msFlag
                0x1ffffc76        0x1 ./Sources/driver/ftm/ftm.o
                0x1ffffc76                G_100msFlag
 .bss.G_500msFlag
                0x1ffffc77        0x1 ./Sources/driver/ftm/ftm.o
                0x1ffffc77                G_500msFlag
 .bss.G_4sFlag  0x1ffffc78        0x1 ./Sources/driver/ftm/ftm.o
                0x1ffffc78                G_4sFlag
 .bss.lin_save_configuration_flg
                0x1ffffc79        0x1 ./Sources/lin_cfg/lin_cfg.o
                0x1ffffc79                lin_save_configuration_flg
 *fill*         0x1ffffc7a        0x2 00
 .bss.lin_flag_handle_tbl
                0x1ffffc7c        0x8 ./Sources/lin_cfg/lin_cfg.o
                0x1ffffc7c                lin_flag_handle_tbl
 .bss.lin_frame_flag_tbl
                0x1ffffc84        0x8 ./Sources/lin_cfg/lin_cfg.o
                0x1ffffc84                lin_frame_flag_tbl
 .bss.tl_diag_state
                0x1ffffc8c        0x1 ./Sources/lin_cfg/lin_cfg.o
                0x1ffffc8c                tl_diag_state
 *fill*         0x1ffffc8d        0x3 00
 .bss.lin_diag_services_flag
                0x1ffffc90        0x8 ./Sources/lin_cfg/lin_cfg.o
                0x1ffffc90                lin_diag_services_flag
 .bss.tl_slaveresp_cnt
                0x1ffffc98        0x1 ./Sources/lin_cfg/lin_cfg.o
                0x1ffffc98                tl_slaveresp_cnt
 *fill*         0x1ffffc99        0x3 00
 .bss.__stdio_exit
                0x1ffffc9c        0x4 C:/Freescale/CW MCU v11.0/MCU/ARM_GCC_Support/ewl/lib/armv6-m\libc.a(exit.o)
                0x1ffffc9c                __stdio_exit
 .bss.__console_exit
                0x1ffffca0        0x4 C:/Freescale/CW MCU v11.0/MCU/ARM_GCC_Support/ewl/lib/armv6-m\libc.a(exit.o)
                0x1ffffca0                __console_exit
 .bss.__global_destructor_chain
                0x1ffffca4        0x4 C:/Freescale/CW MCU v11.0/MCU/ARM_GCC_Support/ewl/lib/armv6-m\librt.a(__arm_eabi_init.o)
                0x1ffffca4                __global_destructor_chain
 .bss.__S_romp  0x1ffffca8        0xc C:/Freescale/CW MCU v11.0/MCU/ARM_GCC_Support/ewl/lib/armv6-m\librt.a(ROMCopy.o)
 *(COMMON)
 COMMON         0x1ffffcb4        0x2 ./Sources/LIN_Stack/coreapi/lin_common_proto.o
                0x1ffffcb4                frame_signal_error
                0x1ffffcb5                frame_index
 COMMON         0x1ffffcb6        0x5 ./Sources/LIN_Stack/diagnostic/lin_diagnostic_service.o
                0x1ffffcb6                diagnostic_Session
                0x1ffffcb7                diagnostic_Session_flg
                0x1ffffcb8                diagnostic_Session_timer
                0x1ffffcba                diagnostic_Session_pre
 COMMON         0x1ffffcbb        0x3 ./Sources/LIN_app/lin_app.o
                0x1ffffcbb                Enter_Sleep_Flag
                0x1ffffcbc                Lin_Busy_Flag
                0x1ffffcbd                u8_MsgCounter
 *fill*         0x1ffffcbe        0x2 00
 COMMON         0x1ffffcc0      0x25c ./Sources/RLS_app/rls_app.o
                0x1ffffcc0                u8_HighHoldCnt
                0x1ffffcc1                u8_Rain_Delta
                0x1ffffcc4                u16_Delta_DC_bre_B
                0x1ffffcc8                u8_G_IR_Config
                0x1ffffccc                u16_window_cnt
                0x1ffffcd0                u16_Save_DC_bre_A
                0x1ffffcd4                u16_Delta_DC_aft_B
                0x1ffffcd8                u8_light_on_invent_req
                0x1ffffcdc                u16_DC_PD_dt
                0x1ffffce4                u8_wakeup_cnt
                0x1ffffce5                u8_Battery_Low_Cnt
                0x1ffffce6                u8_enter_period_cnt
                0x1ffffce7                u8_IntSpeedFlgCnt
                0x1ffffce8                u16_SPD_Vehicle
                0x1ffffcec                u8_Wiper_StatePre
                0x1ffffcf0                u8_RainIntensity_Win
                0x1ffffcf3                u8_light_on_req
                0x1ffffcf4                Mnrval
                0x1ffffd1c                Light_on_cnt
                0x1ffffd20                PD_Meas_Comp_Ref
                0x1ffffd28                u8_RLS_StopMsureFlg
                0x1ffffd29                u8_Rain_SensitivityPre
                0x1ffffd2a                u8_Wipe_Automatic_On_Flg
                0x1ffffd2b                u8_cnt_choose_pre
                0x1ffffd2c                u16_Dt_PD
                0x1ffffd34                u8_IntSpeedCnt
                0x1ffffd35                MLX75308_A_Adc
                0x1ffffd36                u8_low_enter_high_timer
                0x1ffffd37                u8_Brightness_IR_Right
                0x1ffffd38                Brightness_Light_Percentage
                0x1ffffd3c                u16_PDA_Wmax
                0x1ffffd40                App_Rls_Error
                0x1ffffd46                Mcu_wakeup_state
                0x1ffffd47                u8_Rain_SensitivityLowValue
                0x1ffffd48                Rain_Sensitivity
                0x1ffffd49                u8_Rain_Invalid_Cnt
                0x1ffffd4a                MLX75308_B_Gain
                0x1ffffd4b                u8_wakeup_bcm_cnt_sleep_flg
                0x1ffffd4c                Lin_BCM_WIPSW
                0x1ffffd54                u16_Ref_Adc_A
                0x1ffffd58                u8_IntSpeedFlg
                0x1ffffd5c                u16_Delta_DC_bre_A
                0x1ffffd60                u16_Save_DC_aft_A
                0x1ffffd64                u8_EnterLowSpeedCnt
                0x1ffffd65                u8_Int_Time
                0x1ffffd68                u16_PDB_Wmax
                0x1ffffd6c                PD_Meas_Comp_Ref_Pre
                0x1ffffd74                u8_polling_mode_enter
                0x1ffffd75                u8_Vehicle_State_Pre
                0x1ffffd76                u8_ClearEnternIntSpeedCnt
                0x1ffffd77                u8_low_voltage_cnt
                0x1ffffd78                u8_Wipe_Automatic_On_Pre
                0x1ffffd79                u8_HighSpeedHoldCnt
                0x1ffffd7a                u8_high_voltage_cnt
                0x1ffffd7c                u16_IR_left_AD
                0x1ffffd80                u8_ExitLowSpeedCnt
                0x1ffffd84                u16_Battery_Volt
                0x1ffffd88                u8_LightOnTimer
                0x1ffffd89                u8_wakeup_bcm_timer
                0x1ffffd8c                u16_IR_right_AD
                0x1ffffd90                u16_Ref_Adc_B
                0x1ffffd94                u8_auto_roof_rain_measure_sleep_flg
                0x1ffffd95                u8_WiperSpeed_Expert
                0x1ffffd98                u8_RainIntensityPre
                0x1ffffd9a                u8_Int_Time_pre
                0x1ffffd9b                u8_Splash_cnt
                0x1ffffd9c                u16_DC_Comp_Value
                0x1ffffda4                u8_RainIntensity
                0x1ffffda6                u8_Cmd_Execution
                0x1ffffda8                u16_Save_DC_bre_B
                0x1ffffdac                u8_wakeup_timer
                0x1ffffdad                u8_Wip_High
                0x1ffffdb0                u8_PD_State
                0x1ffffdb4                MLX75308_RxFrame
                0x1ffffde4                Light_off_cnt
                0x1ffffde6                u8_Wiper_StatePre_Int
                0x1ffffde7                u8_Wip_low
                0x1ffffde8                u16_DC_comp_value
                0x1ffffdec                u16_PD_Win_Max
                0x1ffffdf4                u8_Window_CTL
                0x1ffffdf5                u8_twilight_on_req
                0x1ffffdf6                u8_Rain_Valid
                0x1ffffdf7                u8_RainIntensity_Max
                0x1ffffdf8                u16_ExitLowSpeedTimer
                0x1ffffdfc                u8_Wiper_StatePre_Int_Cnt
                0x1ffffdfd                u8_enter_period_flg
                0x1ffffdfe                u8_ls_error_cnt
                0x1ffffdff                u8_cnt_choose
                0x1ffffe00                u16_Save_DC_aft_B
                0x1ffffe04                u8_rain_state_polling_flg
                0x1ffffe05                u8_Vehicle_State
                0x1ffffe06                u8_IntSpeedEnterCnt
                0x1ffffe07                u8_Battery_High_Cnt
                0x1ffffe08                u8_G_FW_Config
                0x1ffffe0c                Brightness_Infrared_Percentage
                0x1ffffe10                PD_WIN_AVG
                0x1ffffe40                DC_WIN_BUFF
                0x1ffffee0                u8_Brightness_IR
                0x1ffffee1                u8_Int_Cnt
                0x1ffffee2                u8_Automatic_On_Cnt
                0x1ffffee3                u8_Window_Flg
                0x1ffffee4                MLX75308_B_Adc
                0x1ffffee8                u16_Pd_Measure_Value
                0x1ffffeec                u8_Rain_Sensitivity
                0x1ffffef0                u16_IntWindow_Cnt
                0x1ffffef4                u8_Rain_Flg
                0x1ffffef5                u8_Battery_status
                0x1ffffef8                u8_Juge_Rain_Cnt
                0x1ffffefa                u8_IntDelayTimer
                0x1ffffefc                u16_Delta_DC_aft_A
                0x1fffff00                u16_RainWindow_Cnt
                0x1fffff04                u8_WiperSpeed
                0x1fffff05                u8_twilight_on_invent_req
                0x1fffff06                MLX75308_A_Gain
                0x1fffff07                RLS_RunMode
                0x1fffff08                u16_Brightness_FW
                0x1fffff0c                Lin_BCM_MOTOR
                0x1fffff10                u8_Wiper_State
                0x1fffff11                u8_MeasureSureTime
                0x1fffff12                u8_lin_cmd_sleep
                0x1fffff13                u8_SensitivityUpCnt
                0x1fffff14                u8_Err_Flg
                0x1fffff15                u8_Rain_Value
                0x1fffff16                u8_SensitivityUpFlg
                0x1fffff17                u8_LowSpeedCnt
                0x1fffff18                u16_DC_checkValue
 COMMON         0x1fffff1c       0x59 ./Sources/humid_app/humid.o
                0x1fffff1c                Temp_error_cnt
                0x1fffff20                f_Dew_Point
                0x1fffff24                iic_error_cnt
                0x1fffff28                Temp_measure_TP
                0x1fffff2c                Temp_measure
                0x1fffff30                f_acture_temp
                0x1fffff34                f_acture_hum
                0x1fffff38                Temp_buffer
                0x1fffff3c                f_Temp_buffer
                0x1fffff48                Humid_buffer
                0x1fffff4c                f_Humid_buffer
                0x1fffff58                Dew_Point
                0x1fffff5c                Humid_Temp_Error
                0x1fffff60                Hum_measure_TP
                0x1fffff64                Humid_Avg
                0x1fffff68                f_Humid_Avg
                0x1fffff6c                Hum_measure
                0x1fffff6d                Hum_error_cnt
                0x1fffff70                f_Temp_Avg
                0x1fffff74                Temp_Avg
 *fill*         0x1fffff75        0x3 00
 COMMON         0x1fffff78       0x66 ./Sources/lin_cfg/lin_cfg.o
                0x1fffff78                tl_rx_msg_status
                0x1fffff79                tl_ld_error_code
                0x1fffff7a                tl_receive_msg_status
                0x1fffff7c                tl_check_timeout
                0x1fffff80                tl_rx_queue_data
                0x1fffff90                tl_frame_counter
                0x1fffff94                tl_tx_queue_data
                0x1fffffa4                tl_tx_msg_size
                0x1fffffa6                tl_last_cfg_result
                0x1fffffa7                tl_tx_msg_status
                0x1fffffa8                tl_last_RSID
                0x1fffffa9                lin_successful_transfer
                0x1fffffaa                tl_rx_msg_index
                0x1fffffac                tl_no_of_pdu
                0x1fffffb0                lin_diag_signal_tbl
                0x1fffffc0                lin_goto_sleep_flg
                0x1fffffc2                tl_rx_msg_size
                0x1fffffc4                lin_word_status
                0x1fffffc6                tl_tx_msg_index
                0x1fffffc8                tl_check_timeout_type
                0x1fffffc9                lin_current_pid
                0x1fffffcc                tl_ident_data
                0x1fffffd0                lin_error_in_response
                0x1fffffd4                lin_lld_response_buffer
 *fill*         0x1fffffde        0x2 00
 COMMON         0x1fffffe0        0x4 C:/Freescale/CW MCU v11.0/MCU/ARM_GCC_Support/ewl/lib/armv6-m\libc.a(errno.o)
                0x1fffffe0                errno
                0x1fffffe4                . = ALIGN (0x4)
                0x1fffffe4                __END_BSS = .
                0x1fffffe4                PROVIDE (__bss_end__, __END_BSS)
                0x0000d28c                _romp_at = (___ROM_AT + SIZEOF (.data))

.romp           0x1fffffe4       0x18 load address 0x0000d28c
                0x0000d28c                __S_romp = _romp_at
                0x1fffffe4        0x4 LONG 0xd240 ___ROM_AT
                0x1fffffe8        0x4 LONG 0x1ffffc00 _sdata
                0x1fffffec        0x4 LONG 0x4c ___data_size
                0x1ffffff0        0x4 LONG 0x0
                0x1ffffff4        0x4 LONG 0x0
                0x1ffffff8        0x4 LONG 0x0

._user_heap_stack
                0x1ffffffc      0x200 load address 0x0000d2a4
                0x1ffffffc                . = ALIGN (0x4)
                0x1ffffffc                PROVIDE (end, .)
                0x1ffffffc                PROVIDE (_end, .)
                0x1ffffffc                __heap_addr = .
                0x200000fc                . = (. + __heap_size)
 *fill*         0x1ffffffc      0x100 00
                0x200001fc                . = (. + __stack_size)
 *fill*         0x200000fc      0x100 00
                0x200001fc                . = ALIGN (0x4)

.ARM.attributes
                0x00000000       0x31
 *(.ARM.attributes)
 .ARM.attributes
                0x00000000       0x31 ./Project_Settings/Startup_Code/kinetis_sysinit.o
 .ARM.attributes
                0x00000031       0x31 ./Project_Settings/Startup_Code/__arm_start.o
 .ARM.attributes
                0x00000062       0x31 ./Project_Settings/Startup_Code/__arm_end.o
 .ARM.attributes
                0x00000093       0x31 ./Sources/LIN_Stack/bsp/UART/lin_lld_uart.o
 .ARM.attributes
                0x000000c4       0x31 ./Sources/LIN_Stack/bsp/UART/lin_lld_timesrv.o
 .ARM.attributes
                0x000000f5       0x31 ./Sources/LIN_Stack/bsp/UART/lin_isr.o
 .ARM.attributes
                0x00000126       0x31 ./Sources/LIN_Stack/coreapi/lin_lin21_proto.o
 .ARM.attributes
                0x00000157       0x31 ./Sources/LIN_Stack/coreapi/lin_common_proto.o
 .ARM.attributes
                0x00000188       0x31 ./Sources/LIN_Stack/coreapi/lin_common_api.o
 .ARM.attributes
                0x000001b9       0x31 ./Sources/LIN_Stack/diagnostic/lin_diagnostic_service.o
 .ARM.attributes
                0x000001ea       0x31 ./Sources/LIN_Stack/lowlevel/lin.o
 .ARM.attributes
                0x0000021b       0x31 ./Sources/LIN_Stack/transport/lin_commontl_proto.o
 .ARM.attributes
                0x0000024c       0x31 ./Sources/LIN_Stack/transport/lin_commontl_api.o
 .ARM.attributes
                0x0000027d       0x31 ./Sources/LIN_app/lin_app.o
 .ARM.attributes
                0x000002ae       0x31 ./Sources/RLS_app/rls_app.o
 .ARM.attributes
                0x000002df       0x31 ./Sources/config_parameter/config_parameter.o
 .ARM.attributes
                0x00000310       0x31 ./Sources/driver/IIC/iic.o
 .ARM.attributes
                0x00000341       0x31 ./Sources/driver/SPI/spi.o
 .ARM.attributes
                0x00000372       0x31 ./Sources/driver/adc/adc.o
 .ARM.attributes
                0x000003a3       0x31 ./Sources/driver/clock/clock.o
 .ARM.attributes
                0x000003d4       0x31 ./Sources/driver/eeprom/eeprom.o
 .ARM.attributes
                0x00000405       0x31 ./Sources/driver/ftm/ftm.o
 .ARM.attributes
                0x00000436       0x31 ./Sources/driver/gpio/gpio.o
 .ARM.attributes
                0x00000467       0x31 ./Sources/driver/pmc/pmc.o
 .ARM.attributes
                0x00000498       0x31 ./Sources/driver/rtc/rtc.o
 .ARM.attributes
                0x000004c9       0x31 ./Sources/driver/watchdog/watchdog.o
 .ARM.attributes
                0x000004fa       0x31 ./Sources/humid_app/humid.o
 .ARM.attributes
                0x0000052b       0x31 ./Sources/lin_cfg/lin_cfg.o
 .ARM.attributes
                0x0000055c       0x31 ./Sources/main.o
 .ARM.attributes
                0x0000058d       0x31 C:/Freescale/CW MCU v11.0/MCU/ARM_GCC_Support/ewl/lib/armv6-m\libc.a(exit.o)
 .ARM.attributes
                0x000005be       0x31 C:/Freescale/CW MCU v11.0/MCU/ARM_GCC_Support/ewl/lib/armv6-m\libc.a(memset.o)
 .ARM.attributes
                0x000005ef       0x31 C:/Freescale/CW MCU v11.0/MCU/ARM_GCC_Support/ewl/lib/armv6-m\libc.a(__filll_mem.o)
 .ARM.attributes
                0x00000620       0x31 C:/Freescale/CW MCU v11.0/MCU/ARM_GCC_Support/ewl/lib/armv6-m\libm.a(w_log10f.o)
 .ARM.attributes
                0x00000651       0x31 C:/Freescale/CW MCU v11.0/MCU/ARM_GCC_Support/ewl/lib/armv6-m\libm.a(e_log10f.o)
 .ARM.attributes
                0x00000682       0x31 C:/Freescale/CW MCU v11.0/MCU/ARM_GCC_Support/ewl/lib/armv6-m\libm.a(e_logf.o)
 .ARM.attributes
                0x000006b3       0x1e c:/freescale/cw mcu v11.0/cross_tools/arm-none-eabi-gcc-4_7_3/bin/../lib/gcc/arm-none-eabi/4.7.3/armv6-m\libgcc.a(_udivsi3.o)
 .ARM.attributes
                0x000006d1       0x1e c:/freescale/cw mcu v11.0/cross_tools/arm-none-eabi-gcc-4_7_3/bin/../lib/gcc/arm-none-eabi/4.7.3/armv6-m\libgcc.a(_divsi3.o)
 .ARM.attributes
                0x000006ef       0x1e c:/freescale/cw mcu v11.0/cross_tools/arm-none-eabi-gcc-4_7_3/bin/../lib/gcc/arm-none-eabi/4.7.3/armv6-m\libgcc.a(_dvmd_tls.o)
 .ARM.attributes
                0x0000070d       0x1e c:/freescale/cw mcu v11.0/cross_tools/arm-none-eabi-gcc-4_7_3/bin/../lib/gcc/arm-none-eabi/4.7.3/armv6-m\libgcc.a(_arm_cmpsf2.o)
 .ARM.attributes
                0x0000072b       0x2c c:/freescale/cw mcu v11.0/cross_tools/arm-none-eabi-gcc-4_7_3/bin/../lib/gcc/arm-none-eabi/4.7.3/armv6-m\libgcc.a(_fixunssfsi.o)
 .ARM.attributes
                0x00000757       0x2c c:/freescale/cw mcu v11.0/cross_tools/arm-none-eabi-gcc-4_7_3/bin/../lib/gcc/arm-none-eabi/4.7.3/armv6-m\libgcc.a(_fixunsdfsi.o)
 .ARM.attributes
                0x00000783       0x2c c:/freescale/cw mcu v11.0/cross_tools/arm-none-eabi-gcc-4_7_3/bin/../lib/gcc/arm-none-eabi/4.7.3/armv6-m\libgcc.a(addsf3.o)
 .ARM.attributes
                0x000007af       0x2c c:/freescale/cw mcu v11.0/cross_tools/arm-none-eabi-gcc-4_7_3/bin/../lib/gcc/arm-none-eabi/4.7.3/armv6-m\libgcc.a(divsf3.o)
 .ARM.attributes
                0x000007db       0x2c c:/freescale/cw mcu v11.0/cross_tools/arm-none-eabi-gcc-4_7_3/bin/../lib/gcc/arm-none-eabi/4.7.3/armv6-m\libgcc.a(eqsf2.o)
 .ARM.attributes
                0x00000807       0x2c c:/freescale/cw mcu v11.0/cross_tools/arm-none-eabi-gcc-4_7_3/bin/../lib/gcc/arm-none-eabi/4.7.3/armv6-m\libgcc.a(gesf2.o)
 .ARM.attributes
                0x00000833       0x2c c:/freescale/cw mcu v11.0/cross_tools/arm-none-eabi-gcc-4_7_3/bin/../lib/gcc/arm-none-eabi/4.7.3/armv6-m\libgcc.a(lesf2.o)
 .ARM.attributes
                0x0000085f       0x2c c:/freescale/cw mcu v11.0/cross_tools/arm-none-eabi-gcc-4_7_3/bin/../lib/gcc/arm-none-eabi/4.7.3/armv6-m\libgcc.a(mulsf3.o)
 .ARM.attributes
                0x0000088b       0x2c c:/freescale/cw mcu v11.0/cross_tools/arm-none-eabi-gcc-4_7_3/bin/../lib/gcc/arm-none-eabi/4.7.3/armv6-m\libgcc.a(subsf3.o)
 .ARM.attributes
                0x000008b7       0x2c c:/freescale/cw mcu v11.0/cross_tools/arm-none-eabi-gcc-4_7_3/bin/../lib/gcc/arm-none-eabi/4.7.3/armv6-m\libgcc.a(fixsfsi.o)
 .ARM.attributes
                0x000008e3       0x2c c:/freescale/cw mcu v11.0/cross_tools/arm-none-eabi-gcc-4_7_3/bin/../lib/gcc/arm-none-eabi/4.7.3/armv6-m\libgcc.a(floatsisf.o)
 .ARM.attributes
                0x0000090f       0x2c c:/freescale/cw mcu v11.0/cross_tools/arm-none-eabi-gcc-4_7_3/bin/../lib/gcc/arm-none-eabi/4.7.3/armv6-m\libgcc.a(floatunsisf.o)
 .ARM.attributes
                0x0000093b       0x2c c:/freescale/cw mcu v11.0/cross_tools/arm-none-eabi-gcc-4_7_3/bin/../lib/gcc/arm-none-eabi/4.7.3/armv6-m\libgcc.a(adddf3.o)
 .ARM.attributes
                0x00000967       0x2c c:/freescale/cw mcu v11.0/cross_tools/arm-none-eabi-gcc-4_7_3/bin/../lib/gcc/arm-none-eabi/4.7.3/armv6-m\libgcc.a(divdf3.o)
 .ARM.attributes
                0x00000993       0x2c c:/freescale/cw mcu v11.0/cross_tools/arm-none-eabi-gcc-4_7_3/bin/../lib/gcc/arm-none-eabi/4.7.3/armv6-m\libgcc.a(muldf3.o)
 .ARM.attributes
                0x000009bf       0x2c c:/freescale/cw mcu v11.0/cross_tools/arm-none-eabi-gcc-4_7_3/bin/../lib/gcc/arm-none-eabi/4.7.3/armv6-m\libgcc.a(subdf3.o)
 .ARM.attributes
                0x000009eb       0x2c c:/freescale/cw mcu v11.0/cross_tools/arm-none-eabi-gcc-4_7_3/bin/../lib/gcc/arm-none-eabi/4.7.3/armv6-m\libgcc.a(fixdfsi.o)
 .ARM.attributes
                0x00000a17       0x2c c:/freescale/cw mcu v11.0/cross_tools/arm-none-eabi-gcc-4_7_3/bin/../lib/gcc/arm-none-eabi/4.7.3/armv6-m\libgcc.a(floatunsidf.o)
 .ARM.attributes
                0x00000a43       0x2c c:/freescale/cw mcu v11.0/cross_tools/arm-none-eabi-gcc-4_7_3/bin/../lib/gcc/arm-none-eabi/4.7.3/armv6-m\libgcc.a(extendsfdf2.o)
 .ARM.attributes
                0x00000a6f       0x2c c:/freescale/cw mcu v11.0/cross_tools/arm-none-eabi-gcc-4_7_3/bin/../lib/gcc/arm-none-eabi/4.7.3/armv6-m\libgcc.a(truncdfsf2.o)
 .ARM.attributes
                0x00000a9b       0x1e c:/freescale/cw mcu v11.0/cross_tools/arm-none-eabi-gcc-4_7_3/bin/../lib/gcc/arm-none-eabi/4.7.3/armv6-m\libgcc.a(_arm_cmpdf2.o)
 .ARM.attributes
                0x00000ab9       0x1e c:/freescale/cw mcu v11.0/cross_tools/arm-none-eabi-gcc-4_7_3/bin/../lib/gcc/arm-none-eabi/4.7.3/armv6-m\libgcc.a(_clzsi2.o)
 .ARM.attributes
                0x00000ad7       0x2c c:/freescale/cw mcu v11.0/cross_tools/arm-none-eabi-gcc-4_7_3/bin/../lib/gcc/arm-none-eabi/4.7.3/armv6-m\libgcc.a(eqdf2.o)
 .ARM.attributes
                0x00000b03       0x2c c:/freescale/cw mcu v11.0/cross_tools/arm-none-eabi-gcc-4_7_3/bin/../lib/gcc/arm-none-eabi/4.7.3/armv6-m\libgcc.a(gedf2.o)
 .ARM.attributes
                0x00000b2f       0x2c c:/freescale/cw mcu v11.0/cross_tools/arm-none-eabi-gcc-4_7_3/bin/../lib/gcc/arm-none-eabi/4.7.3/armv6-m\libgcc.a(ledf2.o)
 .ARM.attributes
                0x00000b5b       0x31 C:/Freescale/CW MCU v11.0/MCU/ARM_GCC_Support/ewl/lib/armv6-m\librt.a(gcc_ctor_dtor.o)
 .ARM.attributes
                0x00000b8c       0x31 C:/Freescale/CW MCU v11.0/MCU/ARM_GCC_Support/ewl/lib/armv6-m\librt.a(__arm_eabi_init.o)
 .ARM.attributes
                0x00000bbd       0x31 C:/Freescale/CW MCU v11.0/MCU/ARM_GCC_Support/ewl/lib/armv6-m\librt.a(ROMCopy.o)
 .ARM.attributes
                0x00000bee       0x31 C:/Freescale/CW MCU v11.0/MCU/ARM_GCC_Support/ewl/lib/armv6-m\libc.a(errno.o)
OUTPUT(RLS.elf elf32-littlearm)

.debug_info     0x00000000     0xb12d
 .debug_info    0x00000000      0x387 ./Project_Settings/Startup_Code/kinetis_sysinit.o
 .debug_info    0x00000387      0x12a ./Project_Settings/Startup_Code/__arm_start.o
 .debug_info    0x000004b1       0x54 ./Project_Settings/Startup_Code/__arm_end.o
 .debug_info    0x00000505      0xd57 ./Sources/LIN_Stack/bsp/UART/lin_lld_uart.o
 .debug_info    0x0000125c      0x53d ./Sources/LIN_Stack/bsp/UART/lin_lld_timesrv.o
 .debug_info    0x00001799      0x2a7 ./Sources/LIN_Stack/bsp/UART/lin_isr.o
 .debug_info    0x00001a40      0x375 ./Sources/LIN_Stack/coreapi/lin_lin21_proto.o
 .debug_info    0x00001db5      0x846 ./Sources/LIN_Stack/coreapi/lin_common_proto.o
 .debug_info    0x000025fb      0x33b ./Sources/LIN_Stack/coreapi/lin_common_api.o
 .debug_info    0x00002936      0x4f5 ./Sources/LIN_Stack/diagnostic/lin_diagnostic_service.o
 .debug_info    0x00002e2b      0x37c ./Sources/LIN_Stack/lowlevel/lin.o
 .debug_info    0x000031a7      0x7e8 ./Sources/LIN_Stack/transport/lin_commontl_proto.o
 .debug_info    0x0000398f      0x677 ./Sources/LIN_Stack/transport/lin_commontl_api.o
 .debug_info    0x00004006      0x850 ./Sources/LIN_app/lin_app.o
 .debug_info    0x00004856     0x1c67 ./Sources/RLS_app/rls_app.o
 .debug_info    0x000064bd      0xa00 ./Sources/config_parameter/config_parameter.o
 .debug_info    0x00006ebd      0x495 ./Sources/driver/IIC/iic.o
 .debug_info    0x00007352      0x67a ./Sources/driver/SPI/spi.o
 .debug_info    0x000079cc      0x26c ./Sources/driver/adc/adc.o
 .debug_info    0x00007c38      0x17c ./Sources/driver/clock/clock.o
 .debug_info    0x00007db4      0x430 ./Sources/driver/eeprom/eeprom.o
 .debug_info    0x000081e4      0x631 ./Sources/driver/ftm/ftm.o
 .debug_info    0x00008815      0x2d9 ./Sources/driver/gpio/gpio.o
 .debug_info    0x00008aee       0xec ./Sources/driver/pmc/pmc.o
 .debug_info    0x00008bda      0x3be ./Sources/driver/rtc/rtc.o
 .debug_info    0x00008f98      0x264 ./Sources/driver/watchdog/watchdog.o
 .debug_info    0x000091fc      0x4f8 ./Sources/humid_app/humid.o
 .debug_info    0x000096f4      0x9e5 ./Sources/lin_cfg/lin_cfg.o
 .debug_info    0x0000a0d9      0x227 ./Sources/main.o
 .debug_info    0x0000a300       0xe8 C:/Freescale/CW MCU v11.0/MCU/ARM_GCC_Support/ewl/lib/armv6-m\libc.a(exit.o)
 .debug_info    0x0000a3e8       0xec C:/Freescale/CW MCU v11.0/MCU/ARM_GCC_Support/ewl/lib/armv6-m\libc.a(memset.o)
 .debug_info    0x0000a4d4      0x137 C:/Freescale/CW MCU v11.0/MCU/ARM_GCC_Support/ewl/lib/armv6-m\libc.a(__filll_mem.o)
 .debug_info    0x0000a60b       0xb3 C:/Freescale/CW MCU v11.0/MCU/ARM_GCC_Support/ewl/lib/armv6-m\libm.a(w_log10f.o)
 .debug_info    0x0000a6be      0x1c6 C:/Freescale/CW MCU v11.0/MCU/ARM_GCC_Support/ewl/lib/armv6-m\libm.a(e_log10f.o)
 .debug_info    0x0000a884      0x282 C:/Freescale/CW MCU v11.0/MCU/ARM_GCC_Support/ewl/lib/armv6-m\libm.a(e_logf.o)
 .debug_info    0x0000ab06      0x136 C:/Freescale/CW MCU v11.0/MCU/ARM_GCC_Support/ewl/lib/armv6-m\librt.a(gcc_ctor_dtor.o)
 .debug_info    0x0000ac3c      0x2b9 C:/Freescale/CW MCU v11.0/MCU/ARM_GCC_Support/ewl/lib/armv6-m\librt.a(__arm_eabi_init.o)
 .debug_info    0x0000aef5      0x19b C:/Freescale/CW MCU v11.0/MCU/ARM_GCC_Support/ewl/lib/armv6-m\librt.a(ROMCopy.o)
 .debug_info    0x0000b090       0x9d C:/Freescale/CW MCU v11.0/MCU/ARM_GCC_Support/ewl/lib/armv6-m\libc.a(errno.o)

.debug_abbrev   0x00000000     0x28b8
 .debug_abbrev  0x00000000      0x133 ./Project_Settings/Startup_Code/kinetis_sysinit.o
 .debug_abbrev  0x00000133       0x92 ./Project_Settings/Startup_Code/__arm_start.o
 .debug_abbrev  0x000001c5       0x4c ./Project_Settings/Startup_Code/__arm_end.o
 .debug_abbrev  0x00000211      0x25e ./Sources/LIN_Stack/bsp/UART/lin_lld_uart.o
 .debug_abbrev  0x0000046f       0xe1 ./Sources/LIN_Stack/bsp/UART/lin_lld_timesrv.o
 .debug_abbrev  0x00000550       0xb1 ./Sources/LIN_Stack/bsp/UART/lin_isr.o
 .debug_abbrev  0x00000601      0x11a ./Sources/LIN_Stack/coreapi/lin_lin21_proto.o
 .debug_abbrev  0x0000071b      0x199 ./Sources/LIN_Stack/coreapi/lin_common_proto.o
 .debug_abbrev  0x000008b4      0x119 ./Sources/LIN_Stack/coreapi/lin_common_api.o
 .debug_abbrev  0x000009cd      0x195 ./Sources/LIN_Stack/diagnostic/lin_diagnostic_service.o
 .debug_abbrev  0x00000b62      0x112 ./Sources/LIN_Stack/lowlevel/lin.o
 .debug_abbrev  0x00000c74      0x1b2 ./Sources/LIN_Stack/transport/lin_commontl_proto.o
 .debug_abbrev  0x00000e26      0x130 ./Sources/LIN_Stack/transport/lin_commontl_api.o
 .debug_abbrev  0x00000f56      0x185 ./Sources/LIN_app/lin_app.o
 .debug_abbrev  0x000010db      0x246 ./Sources/RLS_app/rls_app.o
 .debug_abbrev  0x00001321       0xf4 ./Sources/config_parameter/config_parameter.o
 .debug_abbrev  0x00001415      0x17c ./Sources/driver/IIC/iic.o
 .debug_abbrev  0x00001591      0x1c8 ./Sources/driver/SPI/spi.o
 .debug_abbrev  0x00001759      0x11f ./Sources/driver/adc/adc.o
 .debug_abbrev  0x00001878       0xcf ./Sources/driver/clock/clock.o
 .debug_abbrev  0x00001947      0x132 ./Sources/driver/eeprom/eeprom.o
 .debug_abbrev  0x00001a79      0x105 ./Sources/driver/ftm/ftm.o
 .debug_abbrev  0x00001b7e       0x9d ./Sources/driver/gpio/gpio.o
 .debug_abbrev  0x00001c1b       0x94 ./Sources/driver/pmc/pmc.o
 .debug_abbrev  0x00001caf       0xd4 ./Sources/driver/rtc/rtc.o
 .debug_abbrev  0x00001d83       0xf7 ./Sources/driver/watchdog/watchdog.o
 .debug_abbrev  0x00001e7a      0x173 ./Sources/humid_app/humid.o
 .debug_abbrev  0x00001fed      0x138 ./Sources/lin_cfg/lin_cfg.o
 .debug_abbrev  0x00002125       0x96 ./Sources/main.o
 .debug_abbrev  0x000021bb       0x7a C:/Freescale/CW MCU v11.0/MCU/ARM_GCC_Support/ewl/lib/armv6-m\libc.a(exit.o)
 .debug_abbrev  0x00002235       0x62 C:/Freescale/CW MCU v11.0/MCU/ARM_GCC_Support/ewl/lib/armv6-m\libc.a(memset.o)
 .debug_abbrev  0x00002297       0x78 C:/Freescale/CW MCU v11.0/MCU/ARM_GCC_Support/ewl/lib/armv6-m\libc.a(__filll_mem.o)
 .debug_abbrev  0x0000230f       0x59 C:/Freescale/CW MCU v11.0/MCU/ARM_GCC_Support/ewl/lib/armv6-m\libm.a(w_log10f.o)
 .debug_abbrev  0x00002368       0xc1 C:/Freescale/CW MCU v11.0/MCU/ARM_GCC_Support/ewl/lib/armv6-m\libm.a(e_log10f.o)
 .debug_abbrev  0x00002429       0xdf C:/Freescale/CW MCU v11.0/MCU/ARM_GCC_Support/ewl/lib/armv6-m\libm.a(e_logf.o)
 .debug_abbrev  0x00002508       0x99 C:/Freescale/CW MCU v11.0/MCU/ARM_GCC_Support/ewl/lib/armv6-m\librt.a(gcc_ctor_dtor.o)
 .debug_abbrev  0x000025a1      0x1b3 C:/Freescale/CW MCU v11.0/MCU/ARM_GCC_Support/ewl/lib/armv6-m\librt.a(__arm_eabi_init.o)
 .debug_abbrev  0x00002754      0x120 C:/Freescale/CW MCU v11.0/MCU/ARM_GCC_Support/ewl/lib/armv6-m\librt.a(ROMCopy.o)
 .debug_abbrev  0x00002874       0x44 C:/Freescale/CW MCU v11.0/MCU/ARM_GCC_Support/ewl/lib/armv6-m\libc.a(errno.o)

.debug_loc      0x00000000     0x2c5c
 .debug_loc     0x00000000       0x58 ./Project_Settings/Startup_Code/kinetis_sysinit.o
 .debug_loc     0x00000058       0x2c ./Project_Settings/Startup_Code/__arm_start.o
 .debug_loc     0x00000084       0x38 ./Project_Settings/Startup_Code/__arm_end.o
 .debug_loc     0x000000bc      0x298 ./Sources/LIN_Stack/bsp/UART/lin_lld_uart.o
 .debug_loc     0x00000354       0x58 ./Sources/LIN_Stack/bsp/UART/lin_lld_timesrv.o
 .debug_loc     0x000003ac       0x58 ./Sources/LIN_Stack/bsp/UART/lin_isr.o
 .debug_loc     0x00000404       0xa8 ./Sources/LIN_Stack/coreapi/lin_lin21_proto.o
 .debug_loc     0x000004ac      0x250 ./Sources/LIN_Stack/coreapi/lin_common_proto.o
 .debug_loc     0x000006fc      0x224 ./Sources/LIN_Stack/coreapi/lin_common_api.o
 .debug_loc     0x00000920      0x1b4 ./Sources/LIN_Stack/diagnostic/lin_diagnostic_service.o
 .debug_loc     0x00000ad4      0x334 ./Sources/LIN_Stack/lowlevel/lin.o
 .debug_loc     0x00000e08      0x18a ./Sources/LIN_Stack/transport/lin_commontl_proto.o
 .debug_loc     0x00000f92      0x22c ./Sources/LIN_Stack/transport/lin_commontl_api.o
 .debug_loc     0x000011be      0x120 ./Sources/LIN_app/lin_app.o
 .debug_loc     0x000012de      0x544 ./Sources/RLS_app/rls_app.o
 .debug_loc     0x00001822       0x38 ./Sources/config_parameter/config_parameter.o
 .debug_loc     0x0000185a      0x1d4 ./Sources/driver/IIC/iic.o
 .debug_loc     0x00001a2e      0x1ec ./Sources/driver/SPI/spi.o
 .debug_loc     0x00001c1a       0x9c ./Sources/driver/adc/adc.o
 .debug_loc     0x00001cb6       0x9c ./Sources/driver/clock/clock.o
 .debug_loc     0x00001d52      0x150 ./Sources/driver/eeprom/eeprom.o
 .debug_loc     0x00001ea2       0x58 ./Sources/driver/ftm/ftm.o
 .debug_loc     0x00001efa       0x2c ./Sources/driver/gpio/gpio.o
 .debug_loc     0x00001f26       0x38 ./Sources/driver/pmc/pmc.o
 .debug_loc     0x00001f5e       0xb0 ./Sources/driver/rtc/rtc.o
 .debug_loc     0x0000200e       0xe8 ./Sources/driver/watchdog/watchdog.o
 .debug_loc     0x000020f6      0x1c0 ./Sources/humid_app/humid.o
 .debug_loc     0x000022b6       0x38 ./Sources/lin_cfg/lin_cfg.o
 .debug_loc     0x000022ee       0x2c ./Sources/main.o
 .debug_loc     0x0000231a       0x3e C:/Freescale/CW MCU v11.0/MCU/ARM_GCC_Support/ewl/lib/armv6-m\libc.a(exit.o)
 .debug_loc     0x00002358       0x6f C:/Freescale/CW MCU v11.0/MCU/ARM_GCC_Support/ewl/lib/armv6-m\libc.a(memset.o)
 .debug_loc     0x000023c7      0x14a C:/Freescale/CW MCU v11.0/MCU/ARM_GCC_Support/ewl/lib/armv6-m\libc.a(__filll_mem.o)
 .debug_loc     0x00002511       0x33 C:/Freescale/CW MCU v11.0/MCU/ARM_GCC_Support/ewl/lib/armv6-m\libm.a(w_log10f.o)
 .debug_loc     0x00002544       0xef C:/Freescale/CW MCU v11.0/MCU/ARM_GCC_Support/ewl/lib/armv6-m\libm.a(e_log10f.o)
 .debug_loc     0x00002633      0x31c C:/Freescale/CW MCU v11.0/MCU/ARM_GCC_Support/ewl/lib/armv6-m\libm.a(e_logf.o)
 .debug_loc     0x0000294f       0x9d C:/Freescale/CW MCU v11.0/MCU/ARM_GCC_Support/ewl/lib/armv6-m\librt.a(gcc_ctor_dtor.o)
 .debug_loc     0x000029ec      0x197 C:/Freescale/CW MCU v11.0/MCU/ARM_GCC_Support/ewl/lib/armv6-m\librt.a(__arm_eabi_init.o)
 .debug_loc     0x00002b83       0xd9 C:/Freescale/CW MCU v11.0/MCU/ARM_GCC_Support/ewl/lib/armv6-m\librt.a(ROMCopy.o)

.debug_aranges  0x00000000      0x9c8
 .debug_aranges
                0x00000000       0x28 ./Project_Settings/Startup_Code/kinetis_sysinit.o
 .debug_aranges
                0x00000028       0x30 ./Project_Settings/Startup_Code/__arm_start.o
 .debug_aranges
                0x00000058       0x20 ./Project_Settings/Startup_Code/__arm_end.o
 .debug_aranges
                0x00000078       0x88 ./Sources/LIN_Stack/bsp/UART/lin_lld_uart.o
 .debug_aranges
                0x00000100       0x28 ./Sources/LIN_Stack/bsp/UART/lin_lld_timesrv.o
 .debug_aranges
                0x00000128       0x28 ./Sources/LIN_Stack/bsp/UART/lin_isr.o
 .debug_aranges
                0x00000150       0x30 ./Sources/LIN_Stack/coreapi/lin_lin21_proto.o
 .debug_aranges
                0x00000180       0x70 ./Sources/LIN_Stack/coreapi/lin_common_proto.o
 .debug_aranges
                0x000001f0       0x68 ./Sources/LIN_Stack/coreapi/lin_common_api.o
 .debug_aranges
                0x00000258       0x58 ./Sources/LIN_Stack/diagnostic/lin_diagnostic_service.o
 .debug_aranges
                0x000002b0       0xa0 ./Sources/LIN_Stack/lowlevel/lin.o
 .debug_aranges
                0x00000350       0x50 ./Sources/LIN_Stack/transport/lin_commontl_proto.o
 .debug_aranges
                0x000003a0       0x70 ./Sources/LIN_Stack/transport/lin_commontl_api.o
 .debug_aranges
                0x00000410       0x48 ./Sources/LIN_app/lin_app.o
 .debug_aranges
                0x00000458       0xe8 ./Sources/RLS_app/rls_app.o
 .debug_aranges
                0x00000540       0x20 ./Sources/config_parameter/config_parameter.o
 .debug_aranges
                0x00000560       0x60 ./Sources/driver/IIC/iic.o
 .debug_aranges
                0x000005c0       0x60 ./Sources/driver/SPI/spi.o
 .debug_aranges
                0x00000620       0x30 ./Sources/driver/adc/adc.o
 .debug_aranges
                0x00000650       0x30 ./Sources/driver/clock/clock.o
 .debug_aranges
                0x00000680       0x48 ./Sources/driver/eeprom/eeprom.o
 .debug_aranges
                0x000006c8       0x28 ./Sources/driver/ftm/ftm.o
 .debug_aranges
                0x000006f0       0x20 ./Sources/driver/gpio/gpio.o
 .debug_aranges
                0x00000710       0x20 ./Sources/driver/pmc/pmc.o
 .debug_aranges
                0x00000730       0x38 ./Sources/driver/rtc/rtc.o
 .debug_aranges
                0x00000768       0x40 ./Sources/driver/watchdog/watchdog.o
 .debug_aranges
                0x000007a8       0x58 ./Sources/humid_app/humid.o
 .debug_aranges
                0x00000800       0x20 ./Sources/lin_cfg/lin_cfg.o
 .debug_aranges
                0x00000820       0x20 ./Sources/main.o
 .debug_aranges
                0x00000840       0x20 C:/Freescale/CW MCU v11.0/MCU/ARM_GCC_Support/ewl/lib/armv6-m\libc.a(exit.o)
 .debug_aranges
                0x00000860       0x20 C:/Freescale/CW MCU v11.0/MCU/ARM_GCC_Support/ewl/lib/armv6-m\libc.a(memset.o)
 .debug_aranges
                0x00000880       0x20 C:/Freescale/CW MCU v11.0/MCU/ARM_GCC_Support/ewl/lib/armv6-m\libc.a(__filll_mem.o)
 .debug_aranges
                0x000008a0       0x20 C:/Freescale/CW MCU v11.0/MCU/ARM_GCC_Support/ewl/lib/armv6-m\libm.a(w_log10f.o)
 .debug_aranges
                0x000008c0       0x20 C:/Freescale/CW MCU v11.0/MCU/ARM_GCC_Support/ewl/lib/armv6-m\libm.a(e_log10f.o)
 .debug_aranges
                0x000008e0       0x20 C:/Freescale/CW MCU v11.0/MCU/ARM_GCC_Support/ewl/lib/armv6-m\libm.a(e_logf.o)
 .debug_aranges
                0x00000900       0x28 C:/Freescale/CW MCU v11.0/MCU/ARM_GCC_Support/ewl/lib/armv6-m\librt.a(gcc_ctor_dtor.o)
 .debug_aranges
                0x00000928       0x58 C:/Freescale/CW MCU v11.0/MCU/ARM_GCC_Support/ewl/lib/armv6-m\librt.a(__arm_eabi_init.o)
 .debug_aranges
                0x00000980       0x30 C:/Freescale/CW MCU v11.0/MCU/ARM_GCC_Support/ewl/lib/armv6-m\librt.a(ROMCopy.o)
 .debug_aranges
                0x000009b0       0x18 C:/Freescale/CW MCU v11.0/MCU/ARM_GCC_Support/ewl/lib/armv6-m\libc.a(errno.o)

.debug_macinfo  0x00000000   0x369a83
 .debug_macinfo
                0x00000000    0x1a1ab ./Project_Settings/Startup_Code/kinetis_sysinit.o
 .debug_macinfo
                0x0001a1ab     0x3e6d ./Project_Settings/Startup_Code/__arm_start.o
 .debug_macinfo
                0x0001e018     0x3456 ./Project_Settings/Startup_Code/__arm_end.o
 .debug_macinfo
                0x0002146e    0x23b20 ./Sources/LIN_Stack/bsp/UART/lin_lld_uart.o
 .debug_macinfo
                0x00044f8e    0x2351c ./Sources/LIN_Stack/bsp/UART/lin_lld_timesrv.o
 .debug_macinfo
                0x000684aa    0x238a6 ./Sources/LIN_Stack/bsp/UART/lin_isr.o
 .debug_macinfo
                0x0008bd50    0x23443 ./Sources/LIN_Stack/coreapi/lin_lin21_proto.o
 .debug_macinfo
                0x000af193    0x237bc ./Sources/LIN_Stack/coreapi/lin_common_proto.o
 .debug_macinfo
                0x000d294f    0x23442 ./Sources/LIN_Stack/coreapi/lin_common_api.o
 .debug_macinfo
                0x000f5d91    0x24153 ./Sources/LIN_Stack/diagnostic/lin_diagnostic_service.o
 .debug_macinfo
                0x00119ee4    0x234c9 ./Sources/LIN_Stack/lowlevel/lin.o
 .debug_macinfo
                0x0013d3ad    0x245c7 ./Sources/LIN_Stack/transport/lin_commontl_proto.o
 .debug_macinfo
                0x00161974    0x2376f ./Sources/LIN_Stack/transport/lin_commontl_api.o
 .debug_macinfo
                0x001850e3    0x23ddc ./Sources/LIN_app/lin_app.o
 .debug_macinfo
                0x001a8ebf    0x24765 ./Sources/RLS_app/rls_app.o
 .debug_macinfo
                0x001cd624    0x23e42 ./Sources/config_parameter/config_parameter.o
 .debug_macinfo
                0x001f1466    0x1ad62 ./Sources/driver/IIC/iic.o
 .debug_macinfo
                0x0020c1c8    0x24250 ./Sources/driver/SPI/spi.o
 .debug_macinfo
                0x00230418    0x1a56f ./Sources/driver/adc/adc.o
 .debug_macinfo
                0x0024a987    0x1a586 ./Sources/driver/clock/clock.o
 .debug_macinfo
                0x00264f0d    0x1aa1b ./Sources/driver/eeprom/eeprom.o
 .debug_macinfo
                0x0027f928    0x1a6f9 ./Sources/driver/ftm/ftm.o
 .debug_macinfo
                0x0029a021    0x1aa24 ./Sources/driver/gpio/gpio.o
 .debug_macinfo
                0x002b4a45    0x1a56e ./Sources/driver/pmc/pmc.o
 .debug_macinfo
                0x002cefb3    0x1a1a0 ./Sources/driver/rtc/rtc.o
 .debug_macinfo
                0x002e9153    0x1a573 ./Sources/driver/watchdog/watchdog.o
 .debug_macinfo
                0x003036c6    0x1c958 ./Sources/humid_app/humid.o
 .debug_macinfo
                0x0032001e    0x233d6 ./Sources/lin_cfg/lin_cfg.o
 .debug_macinfo
                0x003433f4    0x2668f ./Sources/main.o

.debug_line     0x00000000     0x91c8
 .debug_line    0x00000000      0x236 ./Project_Settings/Startup_Code/kinetis_sysinit.o
 .debug_line    0x00000236      0x2b2 ./Project_Settings/Startup_Code/__arm_start.o
 .debug_line    0x000004e8      0x266 ./Project_Settings/Startup_Code/__arm_end.o
 .debug_line    0x0000074e      0x754 ./Sources/LIN_Stack/bsp/UART/lin_lld_uart.o
 .debug_line    0x00000ea2      0x3f7 ./Sources/LIN_Stack/bsp/UART/lin_lld_timesrv.o
 .debug_line    0x00001299      0x449 ./Sources/LIN_Stack/bsp/UART/lin_isr.o
 .debug_line    0x000016e2      0x3ed ./Sources/LIN_Stack/coreapi/lin_lin21_proto.o
 .debug_line    0x00001acf      0x565 ./Sources/LIN_Stack/coreapi/lin_common_proto.o
 .debug_line    0x00002034      0x462 ./Sources/LIN_Stack/coreapi/lin_common_api.o
 .debug_line    0x00002496      0x650 ./Sources/LIN_Stack/diagnostic/lin_diagnostic_service.o
 .debug_line    0x00002ae6      0x4c3 ./Sources/LIN_Stack/lowlevel/lin.o
 .debug_line    0x00002fa9      0x800 ./Sources/LIN_Stack/transport/lin_commontl_proto.o
 .debug_line    0x000037a9      0x542 ./Sources/LIN_Stack/transport/lin_commontl_api.o
 .debug_line    0x00003ceb      0x62d ./Sources/LIN_app/lin_app.o
 .debug_line    0x00004318      0xe72 ./Sources/RLS_app/rls_app.o
 .debug_line    0x0000518a      0x5a4 ./Sources/config_parameter/config_parameter.o
 .debug_line    0x0000572e      0x43f ./Sources/driver/IIC/iic.o
 .debug_line    0x00005b6d      0x65d ./Sources/driver/SPI/spi.o
 .debug_line    0x000061ca      0x29f ./Sources/driver/adc/adc.o
 .debug_line    0x00006469      0x2ae ./Sources/driver/clock/clock.o
 .debug_line    0x00006717      0x3f3 ./Sources/driver/eeprom/eeprom.o
 .debug_line    0x00006b0a      0x2ff ./Sources/driver/ftm/ftm.o
 .debug_line    0x00006e09      0x294 ./Sources/driver/gpio/gpio.o
 .debug_line    0x0000709d      0x272 ./Sources/driver/pmc/pmc.o
 .debug_line    0x0000730f      0x239 ./Sources/driver/rtc/rtc.o
 .debug_line    0x00007548      0x2d6 ./Sources/driver/watchdog/watchdog.o
 .debug_line    0x0000781e      0x5b2 ./Sources/humid_app/humid.o
 .debug_line    0x00007dd0      0x349 ./Sources/lin_cfg/lin_cfg.o
 .debug_line    0x00008119      0x9d2 ./Sources/main.o
 .debug_line    0x00008aeb       0x8d C:/Freescale/CW MCU v11.0/MCU/ARM_GCC_Support/ewl/lib/armv6-m\libc.a(exit.o)
 .debug_line    0x00008b78       0x90 C:/Freescale/CW MCU v11.0/MCU/ARM_GCC_Support/ewl/lib/armv6-m\libc.a(memset.o)
 .debug_line    0x00008c08       0xf6 C:/Freescale/CW MCU v11.0/MCU/ARM_GCC_Support/ewl/lib/armv6-m\libc.a(__filll_mem.o)
 .debug_line    0x00008cfe       0x76 C:/Freescale/CW MCU v11.0/MCU/ARM_GCC_Support/ewl/lib/armv6-m\libm.a(w_log10f.o)
 .debug_line    0x00008d74       0xcc C:/Freescale/CW MCU v11.0/MCU/ARM_GCC_Support/ewl/lib/armv6-m\libm.a(e_log10f.o)
 .debug_line    0x00008e40       0xfb C:/Freescale/CW MCU v11.0/MCU/ARM_GCC_Support/ewl/lib/armv6-m\libm.a(e_logf.o)
 .debug_line    0x00008f3b       0x6c C:/Freescale/CW MCU v11.0/MCU/ARM_GCC_Support/ewl/lib/armv6-m\librt.a(gcc_ctor_dtor.o)
 .debug_line    0x00008fa7      0x117 C:/Freescale/CW MCU v11.0/MCU/ARM_GCC_Support/ewl/lib/armv6-m\librt.a(__arm_eabi_init.o)
 .debug_line    0x000090be       0xbd C:/Freescale/CW MCU v11.0/MCU/ARM_GCC_Support/ewl/lib/armv6-m\librt.a(ROMCopy.o)
 .debug_line    0x0000917b       0x4d C:/Freescale/CW MCU v11.0/MCU/ARM_GCC_Support/ewl/lib/armv6-m\libc.a(errno.o)

.debug_str      0x00000000     0x4216
 .debug_str     0x00000000      0x250 ./Project_Settings/Startup_Code/kinetis_sysinit.o
                                0x27d (size before relaxing)
 .debug_str     0x00000250       0x85 ./Project_Settings/Startup_Code/__arm_start.o
                                0x1b1 (size before relaxing)
 .debug_str     0x000002d5       0x3a ./Project_Settings/Startup_Code/__arm_end.o
                                 0xe8 (size before relaxing)
 .debug_str     0x0000030f      0x85f ./Sources/LIN_Stack/bsp/UART/lin_lld_uart.o
                                0x9a0 (size before relaxing)
 .debug_str     0x00000b6e      0x382 ./Sources/LIN_Stack/bsp/UART/lin_lld_timesrv.o
                                0x526 (size before relaxing)
 .debug_str     0x00000ef0       0x4e ./Sources/LIN_Stack/bsp/UART/lin_isr.o
                                0x23e (size before relaxing)
 .debug_str     0x00000f3e      0x267 ./Sources/LIN_Stack/coreapi/lin_lin21_proto.o
                                0x3dd (size before relaxing)
 .debug_str     0x000011a5      0x4cd ./Sources/LIN_Stack/coreapi/lin_common_proto.o
                                0xa64 (size before relaxing)
 .debug_str     0x00001672       0xc5 ./Sources/LIN_Stack/coreapi/lin_common_api.o
                                0x2b1 (size before relaxing)
 .debug_str     0x00001737      0x1f2 ./Sources/LIN_Stack/diagnostic/lin_diagnostic_service.o
                                0x48e (size before relaxing)
 .debug_str     0x00001929      0x225 ./Sources/LIN_Stack/lowlevel/lin.o
                                0x39c (size before relaxing)
 .debug_str     0x00001b4e      0x1ee ./Sources/LIN_Stack/transport/lin_commontl_proto.o
                                0x79b (size before relaxing)
 .debug_str     0x00001d3c      0x1a7 ./Sources/LIN_Stack/transport/lin_commontl_api.o
                                0x6be (size before relaxing)
 .debug_str     0x00001ee3      0x2b1 ./Sources/LIN_app/lin_app.o
                                0x7f1 (size before relaxing)
 .debug_str     0x00002194     0x1217 ./Sources/RLS_app/rls_app.o
                               0x174a (size before relaxing)
 .debug_str     0x000033ab       0x45 ./Sources/config_parameter/config_parameter.o
                                0xb96 (size before relaxing)
 .debug_str     0x000033f0      0x1d6 ./Sources/driver/IIC/iic.o
                                0x356 (size before relaxing)
 .debug_str     0x000035c6      0x137 ./Sources/driver/SPI/spi.o
                                0x388 (size before relaxing)
 .debug_str     0x000036fd       0x6e ./Sources/driver/adc/adc.o
                                0x206 (size before relaxing)
 .debug_str     0x0000376b       0x55 ./Sources/driver/clock/clock.o
                                0x191 (size before relaxing)
 .debug_str     0x000037c0      0x1b8 ./Sources/driver/eeprom/eeprom.o
                                0x334 (size before relaxing)
 .debug_str     0x00003978       0xbc ./Sources/driver/ftm/ftm.o
                                0x5bb (size before relaxing)
 .debug_str     0x00003a34       0x28 ./Sources/driver/gpio/gpio.o
                                0x2b9 (size before relaxing)
 .debug_str     0x00003a5c       0x25 ./Sources/driver/pmc/pmc.o
                                0x181 (size before relaxing)
 .debug_str     0x00003a81       0x6a ./Sources/driver/rtc/rtc.o
                                0x497 (size before relaxing)
 .debug_str     0x00003aeb       0x79 ./Sources/driver/watchdog/watchdog.o
                                0x212 (size before relaxing)
 .debug_str     0x00003b64      0x176 ./Sources/humid_app/humid.o
                                0x36a (size before relaxing)
 .debug_str     0x00003cda      0x108 ./Sources/lin_cfg/lin_cfg.o
                                0xbbd (size before relaxing)
 .debug_str     0x00003de2       0x17 ./Sources/main.o
                                0x275 (size before relaxing)