Archive member included because of file (symbol)

D:/CW11.0/CW MCU v11.0/MCU/ARM_GCC_Support/ewl/lib/armv6-m\libc.a(exit.o)
                              ./Project_Settings/Startup_Code/__arm_start.o (exit)
D:/CW11.0/CW MCU v11.0/MCU/ARM_GCC_Support/ewl/lib/armv6-m\libc.a(rand.o)
                              ./Sources/Driver/LIN_Stack/Diagnostic/lin_diagnostic_service.o (rand)
D:/CW11.0/CW MCU v11.0/MCU/ARM_GCC_Support/ewl/lib/armv6-m\libc.a(memset.o)
                              ./Project_Settings/Startup_Code/__arm_start.o (memset)
D:/CW11.0/CW MCU v11.0/MCU/ARM_GCC_Support/ewl/lib/armv6-m\libc.a(__filll_mem.o)
                              D:/CW11.0/CW MCU v11.0/MCU/ARM_GCC_Support/ewl/lib/armv6-m\libc.a(memset.o) (__fill_mem)
d:/cw11.0/cw mcu v11.0/cross_tools/arm-none-eabi-gcc-4_7_3/bin/../lib/gcc/arm-none-eabi/4.7.3/armv6-m\libgcc.a(_udivsi3.o)
                              ./Sources/Application/Auto_air/auto_air.o (__aeabi_uidiv)
d:/cw11.0/cw mcu v11.0/cross_tools/arm-none-eabi-gcc-4_7_3/bin/../lib/gcc/arm-none-eabi/4.7.3/armv6-m\libgcc.a(_divsi3.o)
                              ./Sources/Transport/lin_transport/lin_commontl_proto.o (__aeabi_idiv)
d:/cw11.0/cw mcu v11.0/cross_tools/arm-none-eabi-gcc-4_7_3/bin/../lib/gcc/arm-none-eabi/4.7.3/armv6-m\libgcc.a(_dvmd_tls.o)
                              d:/cw11.0/cw mcu v11.0/cross_tools/arm-none-eabi-gcc-4_7_3/bin/../lib/gcc/arm-none-eabi/4.7.3/armv6-m\libgcc.a(_udivsi3.o) (__aeabi_idiv0)
d:/cw11.0/cw mcu v11.0/cross_tools/arm-none-eabi-gcc-4_7_3/bin/../lib/gcc/arm-none-eabi/4.7.3/armv6-m\libgcc.a(_fixunsdfsi.o)
                              ./Sources/Driver/LIN_Stack/bsp/UART/lin_isr.o (__aeabi_d2uiz)
d:/cw11.0/cw mcu v11.0/cross_tools/arm-none-eabi-gcc-4_7_3/bin/../lib/gcc/arm-none-eabi/4.7.3/armv6-m\libgcc.a(adddf3.o)
                              ./Sources/Driver/LIN_Stack/bsp/UART/lin_isr.o (__aeabi_dadd)
d:/cw11.0/cw mcu v11.0/cross_tools/arm-none-eabi-gcc-4_7_3/bin/../lib/gcc/arm-none-eabi/4.7.3/armv6-m\libgcc.a(subdf3.o)
                              d:/cw11.0/cw mcu v11.0/cross_tools/arm-none-eabi-gcc-4_7_3/bin/../lib/gcc/arm-none-eabi/4.7.3/armv6-m\libgcc.a(_fixunsdfsi.o) (__aeabi_dsub)
d:/cw11.0/cw mcu v11.0/cross_tools/arm-none-eabi-gcc-4_7_3/bin/../lib/gcc/arm-none-eabi/4.7.3/armv6-m\libgcc.a(fixdfsi.o)
                              d:/cw11.0/cw mcu v11.0/cross_tools/arm-none-eabi-gcc-4_7_3/bin/../lib/gcc/arm-none-eabi/4.7.3/armv6-m\libgcc.a(_fixunsdfsi.o) (__aeabi_d2iz)
d:/cw11.0/cw mcu v11.0/cross_tools/arm-none-eabi-gcc-4_7_3/bin/../lib/gcc/arm-none-eabi/4.7.3/armv6-m\libgcc.a(floatunsidf.o)
                              ./Sources/Driver/LIN_Stack/bsp/UART/lin_isr.o (__aeabi_ui2d)
d:/cw11.0/cw mcu v11.0/cross_tools/arm-none-eabi-gcc-4_7_3/bin/../lib/gcc/arm-none-eabi/4.7.3/armv6-m\libgcc.a(_arm_cmpdf2.o)
                              d:/cw11.0/cw mcu v11.0/cross_tools/arm-none-eabi-gcc-4_7_3/bin/../lib/gcc/arm-none-eabi/4.7.3/armv6-m\libgcc.a(_fixunsdfsi.o) (__aeabi_dcmpge)
d:/cw11.0/cw mcu v11.0/cross_tools/arm-none-eabi-gcc-4_7_3/bin/../lib/gcc/arm-none-eabi/4.7.3/armv6-m\libgcc.a(_clzsi2.o)
                              d:/cw11.0/cw mcu v11.0/cross_tools/arm-none-eabi-gcc-4_7_3/bin/../lib/gcc/arm-none-eabi/4.7.3/armv6-m\libgcc.a(adddf3.o) (__clzsi2)
d:/cw11.0/cw mcu v11.0/cross_tools/arm-none-eabi-gcc-4_7_3/bin/../lib/gcc/arm-none-eabi/4.7.3/armv6-m\libgcc.a(eqdf2.o)
                              d:/cw11.0/cw mcu v11.0/cross_tools/arm-none-eabi-gcc-4_7_3/bin/../lib/gcc/arm-none-eabi/4.7.3/armv6-m\libgcc.a(_arm_cmpdf2.o) (__eqdf2)
d:/cw11.0/cw mcu v11.0/cross_tools/arm-none-eabi-gcc-4_7_3/bin/../lib/gcc/arm-none-eabi/4.7.3/armv6-m\libgcc.a(gedf2.o)
                              d:/cw11.0/cw mcu v11.0/cross_tools/arm-none-eabi-gcc-4_7_3/bin/../lib/gcc/arm-none-eabi/4.7.3/armv6-m\libgcc.a(_arm_cmpdf2.o) (__gedf2)
d:/cw11.0/cw mcu v11.0/cross_tools/arm-none-eabi-gcc-4_7_3/bin/../lib/gcc/arm-none-eabi/4.7.3/armv6-m\libgcc.a(ledf2.o)
                              d:/cw11.0/cw mcu v11.0/cross_tools/arm-none-eabi-gcc-4_7_3/bin/../lib/gcc/arm-none-eabi/4.7.3/armv6-m\libgcc.a(_arm_cmpdf2.o) (__ledf2)
D:/CW11.0/CW MCU v11.0/MCU/ARM_GCC_Support/ewl/lib/armv6-m\librt.a(gcc_ctor_dtor.o)
                              ./Project_Settings/Startup_Code/__arm_start.o (__init_cpp)
D:/CW11.0/CW MCU v11.0/MCU/ARM_GCC_Support/ewl/lib/armv6-m\librt.a(__arm_eabi_init.o)
                              D:/CW11.0/CW MCU v11.0/MCU/ARM_GCC_Support/ewl/lib/armv6-m\libc.a(exit.o) (__destroy_global_chain)
D:/CW11.0/CW MCU v11.0/MCU/ARM_GCC_Support/ewl/lib/armv6-m\librt.a(ROMCopy.o)
                              ./Project_Settings/Startup_Code/__arm_start.o (__copy_rom_sections_to_ram)

Allocating common symbols
Common symbol       size              file

tl_rx_msg_status    0x1               ./Sources/Transport/lin_cfg/lin_cfg.o
Timer_500ms_flag    0x1               ./Sources/Application/main.o
[...]
Memory Configuration

Name             Origin             Length             Attributes
m_interrupts     0x00005000         0x000000c0         xr
m_cfmprotrom     0x00000400         0x00000010         xr
m_text           0x000050c0         0x0000af40         xr
m_data           0x1ffffc00         0x00001000         xrw
*default*        0x00000000         0xffffffff

Linker script and memory map

LOAD ./Project_Settings/Startup_Code/kinetis_sysinit.o
LOAD ./Project_Settings/Startup_Code/__arm_start.o
LOAD ./Project_Settings/Startup_Code/__arm_end.o
LOAD ./Sources/Application/Auto_air/auto_air.o
LOAD ./Sources/Application/Auto_hud/auto_hud.o
LOAD ./Sources/Application/Auto_humid/auto_humid.o
LOAD ./Sources/Application/Auto_light/auto_light.o
LOAD ./Sources/Application/Auto_wiper/auto_wiper.o
LOAD ./Sources/Application/Battery/battery.o
LOAD ./Sources/Application/Config_parameters/config_parameter.o
LOAD ./Sources/Application/Self_Adapt/self_adapt.o
LOAD ./Sources/Application/Sleep/sleep.o
LOAD ./Sources/Application/main.o
LOAD ./Sources/Driver/IIC/iic.o
LOAD ./Sources/Driver/LIN_Stack/Diagnostic/lin_diagnostic_service.o
LOAD ./Sources/Driver/LIN_Stack/bsp/UART/lin_lld_uart.o
LOAD ./Sources/Driver/LIN_Stack/bsp/UART/lin_lld_timesrv.o
LOAD ./Sources/Driver/LIN_Stack/bsp/UART/lin_isr.o
LOAD ./Sources/Driver/LIN_Stack/coreapi/lin_lin21_proto.o
LOAD ./Sources/Driver/LIN_Stack/coreapi/lin_lin21_api.o
LOAD ./Sources/Driver/LIN_Stack/coreapi/lin_j2602_proto.o
LOAD ./Sources/Driver/LIN_Stack/coreapi/lin_j2602_api.o
LOAD ./Sources/Driver/LIN_Stack/coreapi/lin_common_proto.o
LOAD ./Sources/Driver/LIN_Stack/coreapi/lin_common_api.o
LOAD ./Sources/Driver/LIN_Stack/lowlevel/lin.o
LOAD ./Sources/Driver/SPI/spi.o
LOAD ./Sources/Driver/adc/adc.o
LOAD ./Sources/Driver/clock/clock.o
LOAD ./Sources/Driver/eeprom/eeprom.o
LOAD ./Sources/Driver/ftm/ftm.o
LOAD ./Sources/Driver/gpio/gpio.o
LOAD ./Sources/Driver/pmc/pmc.o
LOAD ./Sources/Driver/rtc/rtc.o
LOAD ./Sources/Driver/watchdog/watchdog.o
LOAD ./Sources/Transport/LIN_app/lin_app.o
LOAD ./Sources/Transport/Local_eep_data/local_eep_data.o
LOAD ./Sources/Transport/MLX75308/mlx75308.o
LOAD ./Sources/Transport/lin_cfg/lin_cfg.o
LOAD ./Sources/Transport/lin_transport/lin_lin21tl_api.o
LOAD ./Sources/Transport/lin_transport/lin_j2602tl_api.o
LOAD ./Sources/Transport/lin_transport/lin_commontl_proto.o
LOAD ./Sources/Transport/lin_transport/lin_commontl_api.o
START GROUP
LOAD D:/CW11.0/CW MCU v11.0/MCU/ARM_GCC_Support/ewl/lib/armv6-m\libc.a
LOAD D:/CW11.0/CW MCU v11.0/MCU/ARM_GCC_Support/ewl/lib/armv6-m\libm.a
LOAD d:/cw11.0/cw mcu v11.0/cross_tools/arm-none-eabi-gcc-4_7_3/bin/../lib/gcc/arm-none-eabi/4.7.3/armv6-m\libgcc.a
LOAD D:/CW11.0/CW MCU v11.0/MCU/ARM_GCC_Support/ewl/lib/armv6-m\librt.a
END GROUP
                0x20000c00                _estack = 0x20000c00
                0x20000c00                __SP_INIT = _estack
                0x00000100                __heap_size = 0x100
                0x00000100                __stack_size = 0x100

.interrupts     0x00005000       0xc0
                0x00005000                __vector_table = .
                0x00005000                . = ALIGN (0x4)
 *(.vectortable)
 .vectortable   0x00005000       0xc0 ./Project_Settings/Startup_Code/kinetis_sysinit.o
                0x00005000                InterruptVector
                0x000050c0                . = ALIGN (0x4)

.cfmprotect     0x00000400        0x0
                0x00000400                . = ALIGN (0x4)
 *(.cfmconfig)
                0x00000400                . = ALIGN (0x4)

.text           0x000050c0     0x9320
                0x000050c0                . = ALIGN (0x4)
 *(.text)
 .text          0x000050c0       0x9c d:/cw11.0/cw mcu v11.0/cross_tools/arm-none-eabi-gcc-4_7_3/bin/../lib/gcc/arm-none-eabi/4.7.3/armv6-m\libgcc.a(_udivsi3.o)
                0x000050c0                __aeabi_uidiv
                0x000050c0                __udivsi3
                0x00005148                __aeabi_uidivmod
 .text          0x0000515c       0xc0 d:/cw11.0/cw mcu v11.0/cross_tools/arm-none-eabi-gcc-4_7_3/bin/../lib/gcc/arm-none-eabi/4.7.3/armv6-m\libgcc.a(_divsi3.o)
                0x0000515c                __divsi3
                0x0000515c                __aeabi_idiv
                0x00005208                __aeabi_idivmod
 .text          0x0000521c        0x4 d:/cw11.0/cw mcu v11.0/cross_tools/arm-none-eabi-gcc-4_7_3/bin/../lib/gcc/arm-none-eabi/4.7.3/armv6-m\libgcc.a(_dvmd_tls.o)
                0x0000521c                __aeabi_idiv0
                0x0000521c                __aeabi_ldiv0
 .text          0x00005220       0x40 d:/cw11.0/cw mcu v11.0/cross_tools/arm-none-eabi-gcc-4_7_3/bin/../lib/gcc/arm-none-eabi/4.7.3/armv6-m\libgcc.a(_fixunsdfsi.o)
                0x00005220                __aeabi_d2uiz
                0x00005220                __fixunsdfsi
 .text          0x00005260      0x758 d:/cw11.0/cw mcu v11.0/cross_tools/arm-none-eabi-gcc-4_7_3/bin/../lib/gcc/arm-none-eabi/4.7.3/armv6-m\libgcc.a(adddf3.o)
                0x00005260                __aeabi_dadd
 .text          0x000059b8      0x6f8 d:/cw11.0/cw mcu v11.0/cross_tools/arm-none-eabi-gcc-4_7_3/bin/../lib/gcc/arm-none-eabi/4.7.3/armv6-m\libgcc.a(subdf3.o)
                0x000059b8                __aeabi_dsub
 .text          0x000060b0       0x68 d:/cw11.0/cw mcu v11.0/cross_tools/arm-none-eabi-gcc-4_7_3/bin/../lib/gcc/arm-none-eabi/4.7.3/armv6-m\libgcc.a(fixdfsi.o)
                0x000060b0                __aeabi_d2iz
 .text          0x00006118       0x64 d:/cw11.0/cw mcu v11.0/cross_tools/arm-none-eabi-gcc-4_7_3/bin/../lib/gcc/arm-none-eabi/4.7.3/armv6-m\libgcc.a(floatunsidf.o)
                0x00006118                __aeabi_ui2d
 .text          0x0000617c       0x7c d:/cw11.0/cw mcu v11.0/cross_tools/arm-none-eabi-gcc-4_7_3/bin/../lib/gcc/arm-none-eabi/4.7.3/armv6-m\libgcc.a(_arm_cmpdf2.o)
                0x0000617c                __aeabi_cdrcmple
                0x0000618c                __aeabi_cdcmple
                0x0000618c                __aeabi_cdcmpeq
                0x0000619c                __aeabi_dcmpeq
                0x000061a8                __aeabi_dcmplt
                0x000061bc                __aeabi_dcmple
                0x000061d0                __aeabi_dcmpgt
                0x000061e4                __aeabi_dcmpge
 .text          0x000061f8       0x3c d:/cw11.0/cw mcu v11.0/cross_tools/arm-none-eabi-gcc-4_7_3/bin/../lib/gcc/arm-none-eabi/4.7.3/armv6-m\libgcc.a(_clzsi2.o)
                0x000061f8                __clzsi2
 .text          0x00006234       0x7c d:/cw11.0/cw mcu v11.0/cross_tools/arm-none-eabi-gcc-4_7_3/bin/../lib/gcc/arm-none-eabi/4.7.3/armv6-m\libgcc.a(eqdf2.o)
                0x00006234                __nedf2
                0x00006234                __eqdf2
 .text          0x000062b0       0xe8 d:/cw11.0/cw mcu v11.0/cross_tools/arm-none-eabi-gcc-4_7_3/bin/../lib/gcc/arm-none-eabi/4.7.3/armv6-m\libgcc.a(gedf2.o)
                0x000062b0                __gedf2
                0x000062b0                __gtdf2
 .text          0x00006398       0xd8 d:/cw11.0/cw mcu v11.0/cross_tools/arm-none-eabi-gcc-4_7_3/bin/../lib/gcc/arm-none-eabi/4.7.3/armv6-m\libgcc.a(ledf2.o)
                0x00006398                __ledf2
                0x00006398                __ltdf2
 *(.text*)
 .text.Default_Handler
                0x00006470        0xc ./Project_Settings/Startup_Code/kinetis_sysinit.o
                0x00006470                I2C0_IRQHandler
                0x00006470                HardFault_Handler
                0x00006470                SysTick_Handler
                0x00006470                PendSV_Handler
                0x00006470                NMI_Handler
                0x00006470                ADC0_IRQHandler
                0x00006470                SPI1_IRQHandler
                0x00006470                UART2_SCI2_IRQHandler
                0x00006470                IRQ_IRQHandler
                0x00006470                PIT_CH0_IRQHandler
                0x00006470                Default_Handler
                0x00006470                ACMP0_IRQHandler
                0x00006470                SVC_Handler
                0x00006470                ICS_IRQHandler
                0x00006470                PIT_CH1_IRQHandler
                0x00006470                FTMRH_IRQHandler
                0x00006470                KBI0_IRQHandler
                0x00006470                PMC_IRQHandler
                0x00006470                SPI0_IRQHandler
                0x00006470                FTM2_IRQHandler
                0x00006470                ACMP1_IRQHandler
                0x00006470                KBI1_IRQHandler
                0x00006470                UART1_SCI1_IRQHandler
 .text.__init_hardware
                0x0000647c       0x38 ./Project_Settings/Startup_Code/kinetis_sysinit.o
                0x0000647c                __init_hardware
 .text.zero_fill_bss
                0x000064b4       0x24 ./Project_Settings/Startup_Code/__arm_start.o
 .text.__thumb_startup
                0x000064d8       0x30 ./Project_Settings/Startup_Code/__arm_start.o
                0x000064d8                __thumb_startup
 .text._ExitProcess
                0x00006508        0xc ./Project_Settings/Startup_Code/__arm_end.o
                0x00006508                _ExitProcess
 .text.Auto_Air_Var_Init
                0x00006514       0x18 ./Sources/Application/Auto_air/auto_air.o
                0x00006514                Auto_Air_Var_Init
 .text.Search_Table
                0x0000652c      0x234 ./Sources/Application/Auto_air/auto_air.o
                0x0000652c                Search_Table
 .text.RLS_Auto_Solar_Task
                0x00006760      0x1d4 ./Sources/Application/Auto_air/auto_air.o
                0x00006760                RLS_Auto_Solar_Task
 .text.Auto_light_Var_Init
                0x00006934       0x18 ./Sources/Application/Auto_light/auto_light.o
                0x00006934                Auto_light_Var_Init
 .text.RLS_AutoLightControl
                0x0000694c      0x1c0 ./Sources/Application/Auto_light/auto_light.o
                0x0000694c                RLS_AutoLightControl
 .text.RLS_Light_Module_Fault_Process
                0x00006b0c       0x88 ./Sources/Application/Auto_light/auto_light.o
                0x00006b0c                RLS_Light_Module_Fault_Process
 .text.RLS_Auto_Light_Task
                0x00006b94       0xa0 ./Sources/Application/Auto_light/auto_light.o
                0x00006b94                RLS_Auto_Light_Task
 .text.Auto_Wiper_Var_Init
                0x00006c34       0x60 ./Sources/Application/Auto_wiper/auto_wiper.o
                0x00006c34                Auto_Wiper_Var_Init
 .text.RLS_Rain_Module_Fault_Process
                0x00006c94       0x88 ./Sources/Application/Auto_wiper/auto_wiper.o
                0x00006c94                RLS_Rain_Module_Fault_Process
 .text.RLS_Get_Rain_State
                0x00006d1c      0x42c ./Sources/Application/Auto_wiper/auto_wiper.o
                0x00006d1c                RLS_Get_Rain_State
 .text.RLS_Get_Rain_RainIntensity
                0x00007148      0x1c0 ./Sources/Application/Auto_wiper/auto_wiper.o
                0x00007148                RLS_Get_Rain_RainIntensity
 .text.RLS_Get_Rain_ExpectStage
                0x00007308       0x34 ./Sources/Application/Auto_wiper/auto_wiper.o
                0x00007308                RLS_Get_Rain_ExpectStage
 .text.RLS_Mask_False_Operation
                0x0000733c      0x120 ./Sources/Application/Auto_wiper/auto_wiper.o
                0x0000733c                RLS_Mask_False_Operation
 .text.RLS_Invalid_DataProcess
                0x0000745c      0x1a0 ./Sources/Application/Auto_wiper/auto_wiper.o
                0x0000745c                RLS_Invalid_DataProcess
 .text.RLS_Period_Time_Choose
                0x000075fc      0x13c ./Sources/Application/Auto_wiper/auto_wiper.o
                0x000075fc                RLS_Period_Time_Choose
 .text.RLS_Rain_State_Mchaine
                0x00007738      0x5ec ./Sources/Application/Auto_wiper/auto_wiper.o
                0x00007738                RLS_Rain_State_Mchaine
 .text.RLS_Wipe_Park_Process
                0x00007d24       0x6c ./Sources/Application/Auto_wiper/auto_wiper.o
                0x00007d24                RLS_Wipe_Park_Process
 .text.RLS_Auto_Rain_Task
                0x00007d90       0x1c ./Sources/Application/Auto_wiper/auto_wiper.o
                0x00007d90                RLS_Auto_Rain_Task
 .text.RLS_Single_Wipe_Function
                0x00007dac       0xb8 ./Sources/Application/Auto_wiper/auto_wiper.o
                0x00007dac                RLS_Single_Wipe_Function
 .text.RLS_Lin_Diag_Fucntion
                0x00007e64       0x34 ./Sources/Application/Auto_wiper/auto_wiper.o
                0x00007e64                RLS_Lin_Diag_Fucntion
 .text.Battery_Var_init
                0x00007e98       0x30 ./Sources/Application/Battery/battery.o
                0x00007e98                Battery_Var_init
 .text.RLS_Battery_Measurement
                0x00007ec8       0x3c ./Sources/Application/Battery/battery.o
                0x00007ec8                RLS_Battery_Measurement
 .text.RLS_Battery_State
                0x00007f04       0x94 ./Sources/Application/Battery/battery.o
                0x00007f04                RLS_Battery_State
 .text.Globle_Eep_parameter_Init
                0x00007f98       0xa4 ./Sources/Application/Config_parameters/config_parameter.o
                0x00007f98                Globle_Eep_parameter_Init
 .text.RLS_Chan_Self_Adapt
                0x0000803c      0x248 ./Sources/Application/Self_Adapt/self_adapt.o
                0x0000803c                RLS_Chan_Self_Adapt
 .text.RLS_SelfAdaptTask
                0x00008284       0x4c ./Sources/Application/Self_Adapt/self_adapt.o
                0x00008284                RLS_SelfAdaptTask
 .text.SPI_Enable
                0x000082d0       0x1c ./Sources/Application/Sleep/sleep.o
 .text.SPI_Disable
                0x000082ec       0x1c ./Sources/Application/Sleep/sleep.o
 .text.Sleep_Var_Init
                0x00008308       0x50 ./Sources/Application/Sleep/sleep.o
                0x00008308                Sleep_Var_Init
 .text.Sleep_check
                0x00008358       0x58 ./Sources/Application/Sleep/sleep.o
                0x00008358                Sleep_check
 .text.Auto_Roof_Process
                0x000083b0      0x168 ./Sources/Application/Sleep/sleep.o
                0x000083b0                Auto_Roof_Process
 .text.Sleep_Process
                0x00008518      0x144 ./Sources/Application/Sleep/sleep.o
                0x00008518                Sleep_Process
 .text.Recover_Process
                0x0000865c       0x90 ./Sources/Application/Sleep/sleep.o
                0x0000865c                Recover_Process
 .text.Gloable_Var_Init
                0x000086ec       0x94 ./Sources/Application/main.o
                0x000086ec                Gloable_Var_Init
 .text.main     0x00008780      0x138 ./Sources/Application/main.o
                0x00008780                main
 .text.Diagnostic_Var_init
                0x000088b8       0x28 ./Sources/Driver/LIN_Stack/Diagnostic/lin_diagnostic_service.o
                0x000088b8                Diagnostic_Var_init
 .text.lin_diagservice_session_state
                0x000088e0       0x58 ./Sources/Driver/LIN_Stack/Diagnostic/lin_diagnostic_service.o
                0x000088e0                lin_diagservice_session_state
 .text.boot_jump_to_APP
                0x00008938       0x18 ./Sources/Driver/LIN_Stack/Diagnostic/lin_diagnostic_service.o
                0x00008938                boot_jump_to_APP
 .text.lin_diagservice_session_control
                0x00008950       0xf8 ./Sources/Driver/LIN_Stack/Diagnostic/lin_diagnostic_service.o
                0x00008950                lin_diagservice_session_control
 .text.uds_calc_key
                0x00008a48       0xa0 ./Sources/Driver/LIN_Stack/Diagnostic/lin_diagnostic_service.o
                0x00008a48                uds_calc_key
 .text.lin_diagservice_service_securityaccess
                0x00008ae8      0x100 ./Sources/Driver/LIN_Stack/Diagnostic/lin_diagnostic_service.o
                0x00008ae8                lin_diagservice_service_securityaccess
 .text.lin_diagservice_read_data_by_identifier
                0x00008be8      0x12c ./Sources/Driver/LIN_Stack/Diagnostic/lin_diagnostic_service.o
                0x00008be8                lin_diagservice_read_data_by_identifier
 .text.lin_diagservice_write_data_by_identifier
                0x00008d14      0x2b8 ./Sources/Driver/LIN_Stack/Diagnostic/lin_diagnostic_service.o
                0x00008d14                lin_diagservice_write_data_by_identifier
 .text.lin_diagservice_assign_frame_id_range
                0x00008fcc      0x140 ./Sources/Driver/LIN_Stack/Diagnostic/lin_diagnostic_service.o
                0x00008fcc                lin_diagservice_assign_frame_id_range
 .text.lin_diagservice_read_by_identifier
                0x0000910c       0x74 ./Sources/Driver/LIN_Stack/Diagnostic/lin_diagnostic_service.o
                0x0000910c                lin_diagservice_read_by_identifier
 .text.lin_condittional_change_nad
                0x00009180       0xa0 ./Sources/Driver/LIN_Stack/Diagnostic/lin_diagnostic_service.o
                0x00009180                lin_condittional_change_nad
 .text.lin_diagsrv_functional_service
                0x00009220       0x1c ./Sources/Driver/LIN_Stack/Diagnostic/lin_diagnostic_service.o
                0x00009220                lin_diagsrv_functional_service
 .text.lin_lld_uart_init
                0x0000923c       0xdc ./Sources/Driver/LIN_Stack/bsp/UART/lin_lld_uart.o
                0x0000923c                lin_lld_uart_init
 .text.lin_lld_uart_ignore_response
                0x00009318        0xc ./Sources/Driver/LIN_Stack/bsp/UART/lin_lld_uart.o
                0x00009318                lin_lld_uart_ignore_response
 .text.lin_lld_uart_set_low_power_mode
                0x00009324       0x14 ./Sources/Driver/LIN_Stack/bsp/UART/lin_lld_uart.o
                0x00009324                lin_lld_uart_set_low_power_mode
 .text.lin_lld_uart_rx_response
                0x00009338       0x40 ./Sources/Driver/LIN_Stack/bsp/UART/lin_lld_uart.o
                0x00009338                lin_lld_uart_rx_response
 .text.lin_lld_uart_tx_response
                0x00009378       0x58 ./Sources/Driver/LIN_Stack/bsp/UART/lin_lld_uart.o
                0x00009378                lin_lld_uart_tx_response
 .text.lin_lld_uart_timeout
                0x000093d0      0x168 ./Sources/Driver/LIN_Stack/bsp/UART/lin_lld_uart.o
                0x000093d0                lin_lld_uart_timeout
 .text.lin_goto_idle_state
                0x00009538       0x44 ./Sources/Driver/LIN_Stack/bsp/UART/lin_lld_uart.o
                0x00009538                lin_goto_idle_state
 .text.lin_lld_uart_rx_isr
                0x0000957c      0x4f0 ./Sources/Driver/LIN_Stack/bsp/UART/lin_lld_uart.o
                0x0000957c                lin_lld_uart_rx_isr
 .text.lin_lld_timer_K_init
                0x00009a6c       0x7c ./Sources/Driver/LIN_Stack/bsp/UART/lin_lld_timesrv.o
                0x00009a6c                lin_lld_timer_K_init
 .text.lin_lld_timer_isr
                0x00009ae8        0xc ./Sources/Driver/LIN_Stack/bsp/UART/lin_lld_timesrv.o
                0x00009ae8                lin_lld_timer_isr
 .text.UART0_SCI0_IRQHandler
                0x00009af4        0xc ./Sources/Driver/LIN_Stack/bsp/UART/lin_isr.o
                0x00009af4                UART0_SCI0_IRQHandler
 .text.FTM1_IRQHandler
                0x00009b00       0x68 ./Sources/Driver/LIN_Stack/bsp/UART/lin_isr.o
                0x00009b00                FTM1_IRQHandler
 .text.lin_update_word_status_lin21
                0x00009b68       0x7c ./Sources/Driver/LIN_Stack/coreapi/lin_lin21_proto.o
                0x00009b68                lin_update_word_status_lin21
 .text.lin_update_err_signal
                0x00009be4       0x7c ./Sources/Driver/LIN_Stack/coreapi/lin_lin21_proto.o
                0x00009be4                lin_update_err_signal
 .text.lin_make_res_evnt_frame
                0x00009c60       0x38 ./Sources/Driver/LIN_Stack/coreapi/lin_lin21_proto.o
                0x00009c60                lin_make_res_evnt_frame
 .text.lin_pid_response_callback_handler
                0x00009c98       0x78 ./Sources/Driver/LIN_Stack/coreapi/lin_common_proto.o
                0x00009c98                lin_pid_response_callback_handler
 .text.lin_process_pid
                0x00009d10      0x15c ./Sources/Driver/LIN_Stack/coreapi/lin_common_proto.o
                0x00009d10                lin_process_pid
 .text.lin_update_rx
                0x00009e6c       0xe8 ./Sources/Driver/LIN_Stack/coreapi/lin_common_proto.o
                0x00009e6c                lin_update_rx
 .text.lin_update_tx
                0x00009f54       0xd0 ./Sources/Driver/LIN_Stack/coreapi/lin_common_proto.o
                0x00009f54                lin_update_tx
 .text.lin_handle_error
                0x0000a024       0xd8 ./Sources/Driver/LIN_Stack/coreapi/lin_common_proto.o
                0x0000a024                lin_handle_error
 .text.lin_bus_activity_timeout
                0x0000a0fc       0x20 ./Sources/Driver/LIN_Stack/coreapi/lin_common_proto.o
                0x0000a0fc                lin_bus_activity_timeout
 .text.lin_update_tx_flags
                0x0000a11c       0xe0 ./Sources/Driver/LIN_Stack/coreapi/lin_common_proto.o
                0x0000a11c                lin_update_tx_flags
 .text.lin_update_rx_diag_frame
                0x0000a1fc       0x28 ./Sources/Driver/LIN_Stack/coreapi/lin_common_proto.o
                0x0000a1fc                lin_update_rx_diag_frame
 .text.lin_make_res_diag_frame
                0x0000a224        0xc ./Sources/Driver/LIN_Stack/coreapi/lin_common_proto.o
                0x0000a224                lin_make_res_diag_frame
 .text.lin_get_frame_index
                0x0000a230       0x5c ./Sources/Driver/LIN_Stack/coreapi/lin_common_proto.o
                0x0000a230                lin_get_frame_index
 .text.lin_process_uncd_frame
                0x0000a28c      0x130 ./Sources/Driver/LIN_Stack/coreapi/lin_common_proto.o
                0x0000a28c                lin_process_uncd_frame
 .text.l_sys_init
                0x0000a3bc       0x10 ./Sources/Driver/LIN_Stack/coreapi/lin_common_api.o
                0x0000a3bc                l_sys_init
 .text.l_ifc_init
                0x0000a3cc       0x1c ./Sources/Driver/LIN_Stack/coreapi/lin_common_api.o
                0x0000a3cc                l_ifc_init
 .text.lin_lld_init
                0x0000a3e8       0x14 ./Sources/Driver/LIN_Stack/lowlevel/lin.o
                0x0000a3e8                lin_lld_init
 .text.lin_lld_ignore_response
                0x0000a3fc       0x10 ./Sources/Driver/LIN_Stack/lowlevel/lin.o
                0x0000a3fc                lin_lld_ignore_response
 .text.lin_lld_set_low_power_mode
                0x0000a40c       0x10 ./Sources/Driver/LIN_Stack/lowlevel/lin.o
                0x0000a40c                lin_lld_set_low_power_mode
 .text.lin_lld_set_response
                0x0000a41c       0x4c ./Sources/Driver/LIN_Stack/lowlevel/lin.o
                0x0000a41c                lin_lld_set_response
 .text.lin_lld_rx_response
                0x0000a468       0x20 ./Sources/Driver/LIN_Stack/lowlevel/lin.o
                0x0000a468                lin_lld_rx_response
 .text.lin_process_parity
                0x0000a488       0xf0 ./Sources/Driver/LIN_Stack/lowlevel/lin.o
                0x0000a488                lin_process_parity
 .text.lin_checksum
                0x0000a578       0x9c ./Sources/Driver/LIN_Stack/lowlevel/lin.o
                0x0000a578                lin_checksum
 .text.lin_lld_timer_init
                0x0000a614        0xc ./Sources/Driver/LIN_Stack/lowlevel/lin.o
                0x0000a614                lin_lld_timer_init
 .text.SPI_COM  0x0000a620       0x68 ./Sources/Driver/SPI/spi.o
                0x0000a620                SPI_COM
 .text.SPI_Init
                0x0000a688       0x74 ./Sources/Driver/SPI/spi.o
                0x0000a688                SPI_Init
 .text.SPI_SetBaudRate
                0x0000a6fc       0xe4 ./Sources/Driver/SPI/spi.o
                0x0000a6fc                SPI_SetBaudRate
 .text.SPI_Wr_Cmd
                0x0000a7e0      0x174 ./Sources/Driver/SPI/spi.o
                0x0000a7e0                SPI_Wr_Cmd
 .text.SPI_Wr_Reg
                0x0000a954      0x298 ./Sources/Driver/SPI/spi.o
                0x0000a954                SPI_Wr_Reg
 .text.SPI_Rd_Reg
                0x0000abec       0xc4 ./Sources/Driver/SPI/spi.o
                0x0000abec                SPI_Rd_Reg
 .text.MLX75308_SetPara
                0x0000acb0      0x49c ./Sources/Driver/SPI/spi.o
                0x0000acb0                MLX75308_SetPara
 .text.SPI_Rd_Mchan
                0x0000b14c      0x1f0 ./Sources/Driver/SPI/spi.o
                0x0000b14c                SPI_Rd_Mchan
 .text.MLX75308_Meansure
                0x0000b33c       0xac ./Sources/Driver/SPI/spi.o
                0x0000b33c                MLX75308_Meansure
 .text.ADC_Init
                0x0000b3e8       0x38 ./Sources/Driver/adc/adc.o
                0x0000b3e8                ADC_Init
 .text.get_adc  0x0000b420       0x38 ./Sources/Driver/adc/adc.o
                0x0000b420                get_adc
 .text.get_adc_times
                0x0000b458       0x74 ./Sources/Driver/adc/adc.o
                0x0000b458                get_adc_times
 .text.Clk_Init
                0x0000b4cc       0x84 ./Sources/Driver/clock/clock.o
                0x0000b4cc                Clk_Init
 .text.Delay_Ms
                0x0000b550       0x64 ./Sources/Driver/clock/clock.o
                0x0000b550                Delay_Ms
 .text.Delay_Nus
                0x0000b5b4       0x3c ./Sources/Driver/clock/clock.o
                0x0000b5b4                Delay_Nus
 .text.FLASH_Init
                0x0000b5f0       0xfc ./Sources/Driver/eeprom/eeprom.o
                0x0000b5f0                FLASH_Init
 .text.FLASH_LaunchCMD
                0x0000b6ec       0x48 ./Sources/Driver/eeprom/eeprom.o
                0x0000b6ec                FLASH_LaunchCMD
 .text.EEPROM_EraseSector
                0x0000b734       0xe4 ./Sources/Driver/eeprom/eeprom.o
                0x0000b734                EEPROM_EraseSector
 .text.EEPROM_ProgramWord
                0x0000b818      0x110 ./Sources/Driver/eeprom/eeprom.o
                0x0000b818                EEPROM_ProgramWord
 .text.write_data_from_EEPROM
                0x0000b928      0x388 ./Sources/Driver/eeprom/eeprom.o
                0x0000b928                write_data_from_EEPROM
 .text.read_data_from_EEPROM
                0x0000bcb0      0x11c ./Sources/Driver/eeprom/eeprom.o
                0x0000bcb0                read_data_from_EEPROM
 .text.FTM0_Init
                0x0000bdcc       0x80 ./Sources/Driver/ftm/ftm.o
                0x0000bdcc                FTM0_Init
 *fill*         0x0000be4c        0x4 00
 .text.FTM0_IRQHandler
                0x0000be50       0xe0 ./Sources/Driver/ftm/ftm.o
                0x0000be50                FTM0_IRQHandler
 .text.GPIO_Init
                0x0000bf30      0x208 ./Sources/Driver/gpio/gpio.o
                0x0000bf30                GPIO_Init
 .text.PMC_Init
                0x0000c138       0x64 ./Sources/Driver/pmc/pmc.o
                0x0000c138                PMC_Init
 .text.RTC_EnableInt
                0x0000c19c       0x18 ./Sources/Driver/rtc/rtc.o
                0x0000c19c                RTC_EnableInt
 .text.RTC_DisableInt
                0x0000c1b4       0x18 ./Sources/Driver/rtc/rtc.o
                0x0000c1b4                RTC_DisableInt
 .text.RTC_Init
                0x0000c1cc       0x6c ./Sources/Driver/rtc/rtc.o
                0x0000c1cc                RTC_Init
 .text.RTC_IRQHandler
                0x0000c238       0x18 ./Sources/Driver/rtc/rtc.o
                0x0000c238                RTC_IRQHandler
 .text.WDOG_Feed
                0x0000c250       0x24 ./Sources/Driver/watchdog/watchdog.o
                0x0000c250                WDOG_Feed
 .text.WDG_IRQHandler
                0x0000c274       0x1c ./Sources/Driver/watchdog/watchdog.o
                0x0000c274                WDG_IRQHandler
 .text.Lin_Var_Init
                0x0000c290       0x28 ./Sources/Transport/LIN_app/lin_app.o
                0x0000c290                Lin_Var_Init
 .text.Lin_Sys_Init
                0x0000c2b8       0x64 ./Sources/Transport/LIN_app/lin_app.o
                0x0000c2b8                Lin_Sys_Init
 .text.Lin_Busy_Process
                0x0000c31c       0x14 ./Sources/Transport/LIN_app/lin_app.o
                0x0000c31c                Lin_Busy_Process
 .text.message_cnt
                0x0000c330        0x8 ./Sources/Transport/LIN_app/lin_app.o
                0x0000c330                message_cnt
 .text.RLS_Analysis_Master_Data
                0x0000c338       0xd0 ./Sources/Transport/LIN_app/lin_app.o
                0x0000c338                RLS_Analysis_Master_Data
 .text.RLS_APP_Get_Data
                0x0000c408       0x9c ./Sources/Transport/LIN_app/lin_app.o
                0x0000c408                RLS_APP_Get_Data
 .text.Lin_RLS_data
                0x0000c4a4       0x10 ./Sources/Transport/LIN_app/lin_app.o
                0x0000c4a4                Lin_RLS_data
 .text.RLS_APP_Send_data
                0x0000c4b4      0x320 ./Sources/Transport/LIN_app/lin_app.o
                0x0000c4b4                RLS_APP_Send_data
 .text.Lin_RLS_Wakeup_BCM
                0x0000c7d4       0x2c ./Sources/Transport/LIN_app/lin_app.o
                0x0000c7d4                Lin_RLS_Wakeup_BCM
 .text.Get_All_data_From_EEPROM
                0x0000c800       0x20 ./Sources/Transport/Local_eep_data/local_eep_data.o
                0x0000c800                Get_All_data_From_EEPROM
 .text.Set_Data_To_EEPROM
                0x0000c820       0xdc ./Sources/Transport/Local_eep_data/local_eep_data.o
                0x0000c820                Set_Data_To_EEPROM
 .text.Write_App_value_flag
                0x0000c8fc       0x24 ./Sources/Transport/Local_eep_data/local_eep_data.o
                0x0000c8fc                Write_App_value_flag
 .text.Read_App_value_flag
                0x0000c920       0x24 ./Sources/Transport/Local_eep_data/local_eep_data.o
                0x0000c920                Read_App_value_flag
 .text.RLS_Rain_Get_Measure
                0x0000c944      0x374 ./Sources/Transport/MLX75308/mlx75308.o
                0x0000c944                RLS_Rain_Get_Measure
 .text.MLX75308_Init
                0x0000ccb8      0x120 ./Sources/Transport/MLX75308/mlx75308.o
                0x0000ccb8                MLX75308_Init
 .text.ld_read_by_id_callout
                0x0000cdd8       0x78 ./Sources/Transport/lin_cfg/lin_cfg.o
                0x0000cdd8                ld_read_by_id_callout
 .text.lin_tl_make_slaveres_pdu
                0x0000ce50      0x764 ./Sources/Transport/lin_transport/lin_commontl_proto.o
                0x0000ce50                lin_tl_make_slaveres_pdu
 .text.lin_tl_get_pdu
                0x0000d5b4       0x5c ./Sources/Transport/lin_transport/lin_commontl_proto.o
                0x0000d5b4                lin_tl_get_pdu
 .text.lin_process_pdu
                0x0000d610      0x260 ./Sources/Transport/lin_transport/lin_commontl_proto.o
 .text.lin_tl_handler
                0x0000d870      0x164 ./Sources/Transport/lin_transport/lin_commontl_proto.o
                0x0000d870                lin_tl_handler
 .text.lin_tl_attach_service
                0x0000d9d4      0x1a4 ./Sources/Transport/lin_transport/lin_commontl_proto.o
                0x0000d9d4                lin_tl_attach_service
 .text.tl_put_raw
                0x0000db78       0xcc ./Sources/Transport/lin_transport/lin_commontl_proto.o
                0x0000db78                tl_put_raw
 .text.tl_get_raw
                0x0000dc44       0xe8 ./Sources/Transport/lin_transport/lin_commontl_proto.o
                0x0000dc44                tl_get_raw
 .text.ld_get_raw
                0x0000dd2c       0x20 ./Sources/Transport/lin_transport/lin_commontl_api.o
                0x0000dd2c                ld_get_raw
 .text.ld_receive_message
                0x0000dd4c      0x284 ./Sources/Transport/lin_transport/lin_commontl_api.o
                0x0000dd4c                ld_receive_message
 .text.exit     0x0000dfd0       0x38 D:/CW11.0/CW MCU v11.0/MCU/ARM_GCC_Support/ewl/lib/armv6-m\libc.a(exit.o)
                0x0000dfd0                exit
 .text.rand     0x0000e008       0x20 D:/CW11.0/CW MCU v11.0/MCU/ARM_GCC_Support/ewl/lib/armv6-m\libc.a(rand.o)
                0x0000e008                rand
 .text.memset   0x0000e028        0xc D:/CW11.0/CW MCU v11.0/MCU/ARM_GCC_Support/ewl/lib/armv6-m\libc.a(memset.o)
                0x0000e028                memset
 .text.__fill_mem
                0x0000e034       0x7e D:/CW11.0/CW MCU v11.0/MCU/ARM_GCC_Support/ewl/lib/armv6-m\libc.a(__filll_mem.o)
                0x0000e034                __fill_mem
 *fill*         0x0000e0b2        0x2 00
 .text.__init_cpp
                0x0000e0b4       0x48 D:/CW11.0/CW MCU v11.0/MCU/ARM_GCC_Support/ewl/lib/armv6-m\librt.a(gcc_ctor_dtor.o)
                0x0000e0b4                __init_cpp
 .text.__fini_cpp
                0x0000e0fc       0x34 D:/CW11.0/CW MCU v11.0/MCU/ARM_GCC_Support/ewl/lib/armv6-m\librt.a(gcc_ctor_dtor.o)
                0x0000e0fc                __fini_cpp
 .text.__destroy_global_chain
                0x0000e130       0x1c D:/CW11.0/CW MCU v11.0/MCU/ARM_GCC_Support/ewl/lib/armv6-m\librt.a(__arm_eabi_init.o)
                0x0000e130                __destroy_global_chain
 .text.__init_registers
                0x0000e14c       0x1c D:/CW11.0/CW MCU v11.0/MCU/ARM_GCC_Support/ewl/lib/armv6-m\librt.a(__arm_eabi_init.o)
                0x0000e14c                __init_registers
 .text.__init_user
                0x0000e168        0x4 D:/CW11.0/CW MCU v11.0/MCU/ARM_GCC_Support/ewl/lib/armv6-m\librt.a(__arm_eabi_init.o)
                0x0000e168                __init_user
 .text.__copy_rom_section
                0x0000e16c       0x48 D:/CW11.0/CW MCU v11.0/MCU/ARM_GCC_Support/ewl/lib/armv6-m\librt.a(ROMCopy.o)
                0x0000e16c                __copy_rom_section
 .text.__copy_rom_sections_to_ram
                0x0000e1b4       0x34 D:/CW11.0/CW MCU v11.0/MCU/ARM_GCC_Support/ewl/lib/armv6-m\librt.a(ROMCopy.o)
                0x0000e1b4                __copy_rom_sections_to_ram
 *(.rodata)
 *(.rodata*)
 .rodata.Light_Stastegy_Parameter
                0x0000e1e8        0xc ./Sources/Application/Auto_light/auto_light.o
                0x0000e1e8                Light_Stastegy_Parameter
 .rodata.Rain_Stastegy_Parameter
                0x0000e1f4       0xa0 ./Sources/Application/Auto_wiper/auto_wiper.o
                0x0000e1f4                Rain_Stastegy_Parameter
 .rodata.RLS_Rain_State_Mchaine
                0x0000e294       0x18 ./Sources/Application/Auto_wiper/auto_wiper.o
 .rodata.Software_Versions
                0x0000e2ac        0x4 ./Sources/Application/Config_parameters/config_parameter.o
                0x0000e2ac                Software_Versions
 .rodata.Hardware_Versions
                0x0000e2b0        0x4 ./Sources/Application/Config_parameters/config_parameter.o
                0x0000e2b0                Hardware_Versions
 .rodata.lin_lld_uart_timeout
                0x0000e2b4       0x28 ./Sources/Driver/LIN_Stack/bsp/UART/lin_lld_uart.o
 .rodata.lin_lld_uart_rx_isr
                0x0000e2dc       0x20 ./Sources/Driver/LIN_Stack/bsp/UART/lin_lld_uart.o
 .rodata.MLX75308_SetPara
                0x0000e2fc       0x54 ./Sources/Driver/SPI/spi.o
 .rodata.RLS_APP_Get_Data
                0x0000e350       0x1c ./Sources/Transport/LIN_app/lin_app.o
 .rodata.Mlx75308_Config_Parameter
                0x0000e36c       0x14 ./Sources/Transport/MLX75308/mlx75308.o
                0x0000e36c                Mlx75308_Config_Parameter
 .rodata.LI0_response_error_signal
                0x0000e380        0x1 ./Sources/Transport/lin_cfg/lin_cfg.o
                0x0000e380                LI0_response_error_signal
 .rodata.response_error_byte_offset
                0x0000e381        0x1 ./Sources/Transport/lin_cfg/lin_cfg.o
                0x0000e381                response_error_byte_offset
 .rodata.response_error_bit_offset
                0x0000e382        0x1 ./Sources/Transport/lin_cfg/lin_cfg.o
                0x0000e382                response_error_bit_offset
 *fill*         0x0000e383        0x1 00
 .rodata.lin_frame_tbl
                0x0000e384       0x30 ./Sources/Transport/lin_cfg/lin_cfg.o
                0x0000e384                lin_frame_tbl
 .rodata.lin_max_frame_res_timeout_val
                0x0000e3b4       0x10 ./Sources/Transport/lin_cfg/lin_cfg.o
                0x0000e3b4                lin_max_frame_res_timeout_val
 .rodata.lin_initial_NAD
                0x0000e3c4        0x1 ./Sources/Transport/lin_cfg/lin_cfg.o
                0x0000e3c4                lin_initial_NAD
 *fill*         0x0000e3c5        0x3 00
 .rodata.product_id
                0x0000e3c8        0x8 ./Sources/Transport/lin_cfg/lin_cfg.o
                0x0000e3c8                product_id
 .rodata.response_error
                0x0000e3d0        0x1 ./Sources/Transport/lin_cfg/lin_cfg.o
                0x0000e3d0                response_error
 *fill*         0x0000e3d1        0x3 00
 .rodata.lin_diag_services_supported
                0x0000e3d4        0xc ./Sources/Transport/lin_cfg/lin_cfg.o
                0x0000e3d4                lin_diag_services_supported
 *(.glue_7)
 .glue_7        0x00000000        0x0 linker stubs
 *(.glue_7t)
 .glue_7t       0x00000000        0x0 linker stubs
 *(.eh_frame)
 *(.init)
 *(.fini)
                0x0000e3e0                . = ALIGN (0x4)
                0x0000e3e0                _etext = .

.vfp11_veneer   0x0000e3e0        0x0
 .vfp11_veneer  0x00000000        0x0 linker stubs

.v4_bx          0x0000e3e0        0x0
 .v4_bx         0x00000000        0x0 linker stubs

.iplt           0x0000e3e0        0x0
 .iplt          0x00000000        0x0 ./Project_Settings/Startup_Code/kinetis_sysinit.o

.rel.dyn        0x0000e3e0        0x0
 .rel.iplt      0x00000000        0x0 ./Project_Settings/Startup_Code/kinetis_sysinit.o

.ARM.extab
 *(.ARM.extab* .gnu.linkonce.armextab.*)

.ARM            0x0000e3e0        0x0
                0x0000e3e0                __exidx_start = .
 *(.ARM.exidx*)
                0x0000e3e0                __exidx_end = .

.ctors          0x0000e3e0        0x0
                0x0000e3e0                __CTOR_LIST__ = .
 *crtbegin.o(.ctors)
 *(EXCLUDE_FILE(*crtend.o) .ctors)
 *(SORT(.ctors.*))
 *(.ctors)
                0x0000e3e0                __CTOR_END__ = .

.dtors          0x0000e3e0        0x0
                0x0000e3e0                __DTOR_LIST__ = .
 *crtbegin.o(.dtors)
 *(EXCLUDE_FILE(*crtend.o) .dtors)
 *(SORT(.dtors.*))
 *(.dtors)
                0x0000e3e0                __DTOR_END__ = .

.preinit_array  0x0000e3e0        0x0
                0x0000e3e0                PROVIDE (__preinit_array_start, .)
 *(.preinit_array*)
                0x0000e3e0                PROVIDE (__preinit_array_end, .)

.init_array     0x0000e3e0        0x0
                0x0000e3e0                PROVIDE (__init_array_start, .)
 *(SORT(.init_array.*))
 *(.init_array*)
                0x0000e3e0                PROVIDE (__init_array_end, .)

.fini_array     0x0000e3e0        0x0
                0x0000e3e0                PROVIDE (__fini_array_start, .)
 *(SORT(.fini_array.*))
 *(.fini_array*)
                0x0000e3e0                PROVIDE (__fini_array_end, .)
                0x0000e3e0                ___ROM_AT = .

.mtb            0x1ffffc00        0x0
                0x1ffffc00                . = ALIGN (0x8)
                0x1ffffc00                _mtb_start = .
 *(.mtb_buf)
                0x1ffffc00                . = ALIGN (0x8)
                0x1ffffc00                _mtb_end = .

.data           0x1ffffc00       0xb4 load address 0x0000e3e0
                0x1ffffc00                . = ALIGN (0x4)
                0x1ffffc00                _sdata = .
 *(.data)
 *(.data*)
 .data.Tab_AWG_Solar
                0x1ffffc00       0x40 ./Sources/Application/Auto_air/auto_air.o
 .data.Tab_Brightness_Solar
                0x1ffffc40       0x20 ./Sources/Application/Auto_air/auto_air.o
 .data.Period_Mode_Timer
                0x1ffffc60        0x8 ./Sources/Application/Auto_wiper/auto_wiper.o
                0x1ffffc60                Period_Mode_Timer
 .data.pUART    0x1ffffc68        0x4 ./Sources/Driver/LIN_Stack/bsp/UART/lin_lld_uart.o
 .data.ifc      0x1ffffc6c        0x1 ./Sources/Driver/LIN_Stack/bsp/UART/lin_lld_uart.o
 .data.state    0x1ffffc6d        0x1 ./Sources/Driver/LIN_Stack/bsp/UART/lin_lld_uart.o
 .data.pid      0x1ffffc6e        0x1 ./Sources/Driver/LIN_Stack/bsp/UART/lin_lld_uart.o
 *fill*         0x1ffffc6f        0x1 00
 .data.lin_pFrameBuf
                0x1ffffc70       0x10 ./Sources/Transport/lin_cfg/lin_cfg.o
                0x1ffffc70                lin_pFrameBuf
 .data.lin_configuration_RAM
                0x1ffffc80        0x8 ./Sources/Transport/lin_cfg/lin_cfg.o
                0x1ffffc80                lin_configuration_RAM
 .data.lin_configured_NAD
                0x1ffffc88        0x1 ./Sources/Transport/lin_cfg/lin_cfg.o
                0x1ffffc88                lin_configured_NAD
 *fill*         0x1ffffc89        0x3 00
 .data.lin_tl_tx_queue
                0x1ffffc8c       0x10 ./Sources/Transport/lin_cfg/lin_cfg.o
                0x1ffffc8c                lin_tl_tx_queue
 .data.lin_tl_rx_queue
                0x1ffffc9c       0x10 ./Sources/Transport/lin_cfg/lin_cfg.o
                0x1ffffc9c                lin_tl_rx_queue
 .data.tl_service_status
                0x1ffffcac        0x1 ./Sources/Transport/lin_cfg/lin_cfg.o
                0x1ffffcac                tl_service_status
 *fill*         0x1ffffcad        0x3 00
 .data.random_next
                0x1ffffcb0        0x4 D:/CW11.0/CW MCU v11.0/MCU/ARM_GCC_Support/ewl/lib/armv6-m\libc.a(rand.o)
                0x1ffffcb4                . = ALIGN (0x4)
                0x1ffffcb4                _edata = .
                0x000000b4                ___data_size = (_edata - _sdata)

.igot.plt       0x1ffffcb4        0x0 load address 0x0000e494
 .igot.plt      0x00000000        0x0 ./Project_Settings/Startup_Code/kinetis_sysinit.o
                0x1ffffcb4                . = ALIGN (0x4)

.bss            0x1ffffcb4      0x25c load address 0x0000e494
                0x1ffffcb4                __START_BSS = .
                0x1ffffcb4                PROVIDE (__bss_start__, __START_BSS)
 *(.bss)
 *(.bss*)
 .bss.argv      0x1ffffcb4        0x4 ./Project_Settings/Startup_Code/__arm_start.o
 .bss.l_status  0x1ffffcb8        0x4 ./Sources/Driver/LIN_Stack/bsp/UART/lin_lld_uart.o
 .bss.cnt_byte  0x1ffffcbc        0x1 ./Sources/Driver/LIN_Stack/bsp/UART/lin_lld_uart.o
 *fill*         0x1ffffcbd        0x3 00
 .bss.ptr       0x1ffffcc0        0x4 ./Sources/Driver/LIN_Stack/bsp/UART/lin_lld_uart.o
 .bss.current_id
                0x1ffffcc4        0x1 ./Sources/Driver/LIN_Stack/bsp/UART/lin_lld_uart.o
 *fill*         0x1ffffcc5        0x3 00
 .bss.response_buffer
                0x1ffffcc8        0x4 ./Sources/Driver/LIN_Stack/bsp/UART/lin_lld_uart.o
 .bss.tbit      0x1ffffccc        0x2 ./Sources/Driver/LIN_Stack/bsp/UART/lin_lld_uart.o
 .bss.frame_timeout_cnt
                0x1ffffcce        0x2 ./Sources/Driver/LIN_Stack/bsp/UART/lin_lld_uart.o
 .bss.res_frame_timeout_cnt
                0x1ffffcd0        0x2 ./Sources/Driver/LIN_Stack/bsp/UART/lin_lld_uart.o
 .bss.idle_timeout_cnt
                0x1ffffcd2        0x2 ./Sources/Driver/LIN_Stack/bsp/UART/lin_lld_uart.o
 .bss.lin_save_configuration_flg
                0x1ffffcd4        0x1 ./Sources/Transport/lin_cfg/lin_cfg.o
                0x1ffffcd4                lin_save_configuration_flg
 *fill*         0x1ffffcd5        0x3 00
 .bss.lin_flag_handle_tbl
                0x1ffffcd8        0x8 ./Sources/Transport/lin_cfg/lin_cfg.o
                0x1ffffcd8                lin_flag_handle_tbl
 .bss.lin_frame_flag_tbl
                0x1ffffce0        0x4 ./Sources/Transport/lin_cfg/lin_cfg.o
                0x1ffffce0                lin_frame_flag_tbl
 .bss.tl_diag_state
                0x1ffffce4        0x1 ./Sources/Transport/lin_cfg/lin_cfg.o
                0x1ffffce4                tl_diag_state
 *fill*         0x1ffffce5        0x3 00
 .bss.lin_diag_services_flag
                0x1ffffce8        0xc ./Sources/Transport/lin_cfg/lin_cfg.o
                0x1ffffce8                lin_diag_services_flag
 .bss.tl_slaveresp_cnt
                0x1ffffcf4        0x1 ./Sources/Transport/lin_cfg/lin_cfg.o
                0x1ffffcf4                tl_slaveresp_cnt
 *fill*         0x1ffffcf5        0x3 00
 .bss.__stdio_exit
                0x1ffffcf8        0x4 D:/CW11.0/CW MCU v11.0/MCU/ARM_GCC_Support/ewl/lib/armv6-m\libc.a(exit.o)
                0x1ffffcf8                __stdio_exit
 .bss.__console_exit
                0x1ffffcfc        0x4 D:/CW11.0/CW MCU v11.0/MCU/ARM_GCC_Support/ewl/lib/armv6-m\libc.a(exit.o)
                0x1ffffcfc                __console_exit
 .bss.__global_destructor_chain
                0x1ffffd00        0x4 D:/CW11.0/CW MCU v11.0/MCU/ARM_GCC_Support/ewl/lib/armv6-m\librt.a(__arm_eabi_init.o)
                0x1ffffd00                __global_destructor_chain
 .bss.__S_romp  0x1ffffd04        0xc D:/CW11.0/CW MCU v11.0/MCU/ARM_GCC_Support/ewl/lib/armv6-m\librt.a(ROMCopy.o)
 *(COMMON)
 COMMON         0x1ffffd10       0x20 ./Sources/Application/Auto_air/auto_air.o
                0x1ffffd10                u16_solar_buffer
 COMMON         0x1ffffd30        0xc ./Sources/Application/Auto_light/auto_light.o
                0x1ffffd30                Light_on_cnt
                0x1ffffd32                u16_Brightness_UP
                0x1ffffd34                u8_LightOnTimer
                0x1ffffd38                Light_off_cnt
                0x1ffffd3a                u16_Brightness_FW
 COMMON         0x1ffffd3c       0x9f ./Sources/Application/Auto_wiper/auto_wiper.o
                0x1ffffd3c                u8_RainIntensity_Win
                0x1ffffd3f                u8_cnt_choose_now
                0x1ffffd40                u8_cnt_choose_pre
                0x1ffffd44                u16_Dt_PD
                0x1ffffd48                FSM_Timer_Cn
                0x1ffffd4c                App_Rls_Error
                0x1ffffd52                FSM_Timer_Cn1
                0x1ffffd53                FSM_Timer_Cn2
                0x1ffffd54                u8_WiperSpeed_Expert
                0x1ffffd55                u8_Splash_cnt
                0x1ffffd58                u16_DC_Comp_Value
                0x1ffffd5c                u8_RainIntensity
                0x1ffffd5e                u8_Cmd_Execution
                0x1ffffd60                u8_PD_State
                0x1ffffd62                u8_Int_Time_now
                0x1ffffd63                u8_RainIntensity_Max
                0x1ffffd64                u8_Lin_Diag_Enable_Cnt
                0x1ffffd65                RLS_StopMsureFlg
                0x1ffffd66                u8_Sigle_Wipe_Cnt
                0x1ffffd67                u8_IntSpeedEnterCnt
                0x1ffffd68                Lin_Diag_Enable
                0x1ffffd6c                PD_WIN_AVG
                0x1ffffd84                DC_WIN_BUFF
                0x1ffffdd4                Wiper_State_FsmPre
                0x1ffffdd6                u16_Pd_Measure_Value
                0x1ffffdd8                Wiper_State_Fsm
                0x1ffffdd9                u8_MeasureSureTime
                0x1ffffdda                u8_Rain_Value
 *fill*         0x1ffffddb        0x1 00
 COMMON         0x1ffffddc        0x4 ./Sources/Application/Battery/battery.o
                0x1ffffddc                u8_low_voltage_cnt
                0x1ffffddd                u8_high_voltage_cnt
                0x1ffffdde                u16_Battery_Volt
 COMMON         0x1ffffde0        0x8 ./Sources/Application/Sleep/sleep.o
                0x1ffffde0                bool_auto_roof_rain_measure_sleep_flg
                0x1ffffde1                u8_RLS_WindowCloseReq
                0x1ffffde2                Auto_Roof_FSM
                0x1ffffde3                u8_wakeup_bcm_1min_timer
                0x1ffffde4                bool_Mcu_wakeup_state
                0x1ffffde5                bool_wakeup_bcm_cnt_sleep_flg
                0x1ffffde6                bool_lin_cmd_sleep
                0x1ffffde7                u8_wakeup_bcm_1500ms_timer
 COMMON         0x1ffffde8       0x11 ./Sources/Application/main.o
                0x1ffffde8                Timer_500ms_flag
                0x1ffffde9                Timer_500ms
                0x1ffffdea                Timer_600ms
                0x1ffffdeb                Timer_4s
                0x1ffffdec                Timer_10ms_flag
                0x1ffffded                Timer_100ms
                0x1ffffdee                Frist_on_flag
                0x1ffffdef                Timer_50ms
                0x1ffffdf0                Timer_100ms_flag
                0x1ffffdf1                Timer_50ms_flag
                0x1ffffdf4                Timer_6h
                0x1ffffdf8                RLS_RunMode
 *fill*         0x1ffffdf9        0x3 00
 COMMON         0x1ffffdfc       0x14 ./Sources/Driver/LIN_Stack/Diagnostic/lin_diagnostic_service.o
                0x1ffffdfc                diagnostic_Session
                0x1ffffe00                boot_key
                0x1ffffe04                boot_seed
                0x1ffffe08                diagnostic_Session_timer
                0x1ffffe0c                boot_up_ret
                0x1ffffe0e                diagnostic_Session_pre
                0x1ffffe0f                boot_status_flag
 COMMON         0x1ffffe10        0x2 ./Sources/Driver/LIN_Stack/coreapi/lin_common_proto.o
                0x1ffffe10                frame_signal_error
                0x1ffffe11                frame_index
 *fill*         0x1ffffe12        0x2 00
 COMMON         0x1ffffe14       0x34 ./Sources/Transport/LIN_app/lin_app.o
                0x1ffffe14                RLS_APP_Value
                0x1ffffe20                Lin_BCM_Frame
                0x1ffffe2c                Lin_Busy_Flag
                0x1ffffe30                BCM_APP_Value
                0x1ffffe38                Lin_RLS1_frame
 COMMON         0x1ffffe48       0x16 ./Sources/Transport/Local_eep_data/local_eep_data.o
                0x1ffffe48                local_info
 *fill*         0x1ffffe5e        0x2 00
 COMMON         0x1ffffe60       0x48 ./Sources/Transport/MLX75308/mlx75308.o
                0x1ffffe60                Mnrval
                0x1ffffe74                u16_Save_DC_aft_
                0x1ffffe78                u16_Delta_DC_bre_
                0x1ffffe7c                MLX75308_B_Gain
                0x1ffffe80                u16_Delta_DC_aft_
                0x1ffffe84                MLX75308_RxFrame
                0x1ffffe9c                u16_DC_comp_value
                0x1ffffea0                u16_Save_DC_bre_
                0x1ffffea4                MLX75308_A_Gain
                0x1ffffea6                u16_DC_checkValue
 COMMON         0x1ffffea8       0x66 ./Sources/Transport/lin_cfg/lin_cfg.o
                0x1ffffea8                tl_rx_msg_status
                0x1ffffea9                tl_ld_error_code
                0x1ffffeaa                tl_receive_msg_status
                0x1ffffeac                tl_check_timeout
                0x1ffffeb0                tl_rx_queue_data
                0x1ffffec0                tl_frame_counter
                0x1ffffec4                tl_tx_queue_data
                0x1ffffed4                tl_tx_msg_size
                0x1ffffed6                tl_last_cfg_result
                0x1ffffed7                tl_tx_msg_status
                0x1ffffed8                tl_last_RSID
                0x1ffffed9                lin_successful_transfer
                0x1ffffeda                tl_rx_msg_index
                0x1ffffedc                tl_no_of_pdu
                0x1ffffee0                lin_diag_signal_tbl
                0x1ffffef0                lin_goto_sleep_flg
                0x1ffffef2                tl_rx_msg_size
                0x1ffffef4                lin_word_status
                0x1ffffef6                tl_tx_msg_index
                0x1ffffef8                tl_check_timeout_type
                0x1ffffef9                lin_current_pid
                0x1ffffefc                tl_ident_data
                0x1fffff00                lin_error_in_response
                0x1fffff04                lin_lld_response_buffer
                0x1fffff10                . = ALIGN (0x4)
 *fill*         0x1fffff0e        0x2 00
                0x1fffff10                __END_BSS = .
                0x1fffff10                PROVIDE (__bss_end__, __END_BSS)
                0x0000e494                _romp_at = (___ROM_AT + SIZEOF (.data))

.romp           0x1fffff10       0x18 load address 0x0000e494
                0x0000e494                __S_romp = _romp_at
                0x1fffff10        0x4 LONG 0xe3e0 ___ROM_AT
                0x1fffff14        0x4 LONG 0x1ffffc00 _sdata
                0x1fffff18        0x4 LONG 0xb4 ___data_size
                0x1fffff1c        0x4 LONG 0x0
                0x1fffff20        0x4 LONG 0x0
                0x1fffff24        0x4 LONG 0x0

._user_heap_stack
                0x1fffff28      0x200 load address 0x0000e4ac
                0x1fffff28                . = ALIGN (0x4)
                0x1fffff28                PROVIDE (end, .)
                0x1fffff28                PROVIDE (_end, .)
                0x1fffff28                __heap_addr = .
                0x20000028                . = (. + __heap_size)
 *fill*         0x1fffff28      0x100 00
                0x20000128                . = (. + __stack_size)
 *fill*         0x20000028      0x100 00
                0x20000128                . = ALIGN (0x4)

.ARM.attributes
                0x00000000       0x31
 *(.ARM.attributes)
 .ARM.attributes
                0x00000000       0x31 ./Project_Settings/Startup_Code/kinetis_sysinit.o
 .ARM.attributes
                0x00000031       0x31 ./Project_Settings/Startup_Code/__arm_start.o
 .ARM.attributes
                0x00000062       0x31 ./Project_Settings/Startup_Code/__arm_end.o
 .ARM.attributes
                0x00000093       0x31 ./Sources/Application/Auto_air/auto_air.o
 .ARM.attributes
                0x000000c4       0x31 ./Sources/Application/Auto_light/auto_light.o
 .ARM.attributes
                0x000000f5       0x31 ./Sources/Application/Auto_wiper/auto_wiper.o
 .ARM.attributes
                0x00000126       0x31 ./Sources/Application/Battery/battery.o
 .ARM.attributes
                0x00000157       0x31 ./Sources/Application/Config_parameters/config_parameter.o
 .ARM.attributes
                0x00000188       0x31 ./Sources/Application/Self_Adapt/self_adapt.o
 .ARM.attributes
                0x000001b9       0x31 ./Sources/Application/Sleep/sleep.o
 .ARM.attributes
                0x000001ea       0x31 ./Sources/Application/main.o
 .ARM.attributes
                0x0000021b       0x31 ./Sources/Driver/LIN_Stack/Diagnostic/lin_diagnostic_service.o
 .ARM.attributes
                0x0000024c       0x31 ./Sources/Driver/LIN_Stack/bsp/UART/lin_lld_uart.o
 .ARM.attributes
                0x0000027d       0x31 ./Sources/Driver/LIN_Stack/bsp/UART/lin_lld_timesrv.o
 .ARM.attributes
                0x000002ae       0x31 ./Sources/Driver/LIN_Stack/bsp/UART/lin_isr.o
 .ARM.attributes
                0x000002df       0x31 ./Sources/Driver/LIN_Stack/coreapi/lin_lin21_proto.o
 .ARM.attributes
                0x00000310       0x31 ./Sources/Driver/LIN_Stack/coreapi/lin_common_proto.o
 .ARM.attributes
                0x00000341       0x31 ./Sources/Driver/LIN_Stack/coreapi/lin_common_api.o
 .ARM.attributes
                0x00000372       0x31 ./Sources/Driver/LIN_Stack/lowlevel/lin.o
 .ARM.attributes
                0x000003a3       0x31 ./Sources/Driver/SPI/spi.o
 .ARM.attributes
                0x000003d4       0x31 ./Sources/Driver/adc/adc.o
 .ARM.attributes
                0x00000405       0x31 ./Sources/Driver/clock/clock.o
 .ARM.attributes
                0x00000436       0x31 ./Sources/Driver/eeprom/eeprom.o
 .ARM.attributes
                0x00000467       0x31 ./Sources/Driver/ftm/ftm.o
 .ARM.attributes
                0x00000498       0x31 ./Sources/Driver/gpio/gpio.o
 .ARM.attributes
                0x000004c9       0x31 ./Sources/Driver/pmc/pmc.o
 .ARM.attributes
                0x000004fa       0x31 ./Sources/Driver/rtc/rtc.o
 .ARM.attributes
                0x0000052b       0x31 ./Sources/Driver/watchdog/watchdog.o
 .ARM.attributes
                0x0000055c       0x31 ./Sources/Transport/LIN_app/lin_app.o
 .ARM.attributes
                0x0000058d       0x31 ./Sources/Transport/Local_eep_data/local_eep_data.o
 .ARM.attributes
                0x000005be       0x31 ./Sources/Transport/MLX75308/mlx75308.o
 .ARM.attributes
                0x000005ef       0x31 ./Sources/Transport/lin_cfg/lin_cfg.o
 .ARM.attributes
                0x00000620       0x31 ./Sources/Transport/lin_transport/lin_commontl_proto.o
 .ARM.attributes
                0x00000651       0x31 ./Sources/Transport/lin_transport/lin_commontl_api.o
 .ARM.attributes
                0x00000682       0x31 D:/CW11.0/CW MCU v11.0/MCU/ARM_GCC_Support/ewl/lib/armv6-m\libc.a(exit.o)
 .ARM.attributes
                0x000006b3       0x31 D:/CW11.0/CW MCU v11.0/MCU/ARM_GCC_Support/ewl/lib/armv6-m\libc.a(rand.o)
 .ARM.attributes
                0x000006e4       0x31 D:/CW11.0/CW MCU v11.0/MCU/ARM_GCC_Support/ewl/lib/armv6-m\libc.a(memset.o)
 .ARM.attributes
                0x00000715       0x31 D:/CW11.0/CW MCU v11.0/MCU/ARM_GCC_Support/ewl/lib/armv6-m\libc.a(__filll_mem.o)
 .ARM.attributes
                0x00000746       0x1e d:/cw11.0/cw mcu v11.0/cross_tools/arm-none-eabi-gcc-4_7_3/bin/../lib/gcc/arm-none-eabi/4.7.3/armv6-m\libgcc.a(_udivsi3.o)
 .ARM.attributes
                0x00000764       0x1e d:/cw11.0/cw mcu v11.0/cross_tools/arm-none-eabi-gcc-4_7_3/bin/../lib/gcc/arm-none-eabi/4.7.3/armv6-m\libgcc.a(_divsi3.o)
 .ARM.attributes
                0x00000782       0x1e d:/cw11.0/cw mcu v11.0/cross_tools/arm-none-eabi-gcc-4_7_3/bin/../lib/gcc/arm-none-eabi/4.7.3/armv6-m\libgcc.a(_dvmd_tls.o)
 .ARM.attributes
                0x000007a0       0x2c d:/cw11.0/cw mcu v11.0/cross_tools/arm-none-eabi-gcc-4_7_3/bin/../lib/gcc/arm-none-eabi/4.7.3/armv6-m\libgcc.a(_fixunsdfsi.o)
 .ARM.attributes
                0x000007cc       0x2c d:/cw11.0/cw mcu v11.0/cross_tools/arm-none-eabi-gcc-4_7_3/bin/../lib/gcc/arm-none-eabi/4.7.3/armv6-m\libgcc.a(adddf3.o)
 .ARM.attributes
                0x000007f8       0x2c d:/cw11.0/cw mcu v11.0/cross_tools/arm-none-eabi-gcc-4_7_3/bin/../lib/gcc/arm-none-eabi/4.7.3/armv6-m\libgcc.a(subdf3.o)
 .ARM.attributes
                0x00000824       0x2c d:/cw11.0/cw mcu v11.0/cross_tools/arm-none-eabi-gcc-4_7_3/bin/../lib/gcc/arm-none-eabi/4.7.3/armv6-m\libgcc.a(fixdfsi.o)
 .ARM.attributes
                0x00000850       0x2c d:/cw11.0/cw mcu v11.0/cross_tools/arm-none-eabi-gcc-4_7_3/bin/../lib/gcc/arm-none-eabi/4.7.3/armv6-m\libgcc.a(floatunsidf.o)
 .ARM.attributes
                0x0000087c       0x1e d:/cw11.0/cw mcu v11.0/cross_tools/arm-none-eabi-gcc-4_7_3/bin/../lib/gcc/arm-none-eabi/4.7.3/armv6-m\libgcc.a(_arm_cmpdf2.o)
 .ARM.attributes
                0x0000089a       0x1e d:/cw11.0/cw mcu v11.0/cross_tools/arm-none-eabi-gcc-4_7_3/bin/../lib/gcc/arm-none-eabi/4.7.3/armv6-m\libgcc.a(_clzsi2.o)
 .ARM.attributes
                0x000008b8       0x2c d:/cw11.0/cw mcu v11.0/cross_tools/arm-none-eabi-gcc-4_7_3/bin/../lib/gcc/arm-none-eabi/4.7.3/armv6-m\libgcc.a(eqdf2.o)
 .ARM.attributes
                0x000008e4       0x2c d:/cw11.0/cw mcu v11.0/cross_tools/arm-none-eabi-gcc-4_7_3/bin/../lib/gcc/arm-none-eabi/4.7.3/armv6-m\libgcc.a(gedf2.o)
 .ARM.attributes
                0x00000910       0x2c d:/cw11.0/cw mcu v11.0/cross_tools/arm-none-eabi-gcc-4_7_3/bin/../lib/gcc/arm-none-eabi/4.7.3/armv6-m\libgcc.a(ledf2.o)
 .ARM.attributes
                0x0000093c       0x31 D:/CW11.0/CW MCU v11.0/MCU/ARM_GCC_Support/ewl/lib/armv6-m\librt.a(gcc_ctor_dtor.o)
 .ARM.attributes
                0x0000096d       0x31 D:/CW11.0/CW MCU v11.0/MCU/ARM_GCC_Support/ewl/lib/armv6-m\librt.a(__arm_eabi_init.o)
 .ARM.attributes
                0x0000099e       0x31 D:/CW11.0/CW MCU v11.0/MCU/ARM_GCC_Support/ewl/lib/armv6-m\librt.a(ROMCopy.o)
OUTPUT(RLS.elf elf32-littlearm)

.debug_info     0x00000000     0xb354
 .debug_info    0x00000000      0x383 ./Project_Settings/Startup_Code/kinetis_sysinit.o
 .debug_info    0x00000383      0x126 ./Project_Settings/Startup_Code/__arm_start.o
 .debug_info    0x000004a9       0x50 ./Project_Settings/Startup_Code/__arm_end.o
 .debug_info    0x000004f9      0x4d4 ./Sources/Application/Auto_air/auto_air.o
 .debug_info    0x000009cd      0x5e8 ./Sources/Application/Auto_light/auto_light.o
 .debug_info    0x00000fb5      0xb49 ./Sources/Application/Auto_wiper/auto_wiper.o
 .debug_info    0x00001afe      0x293 ./Sources/Application/Battery/battery.o
 .debug_info    0x00001d91      0x2d3 ./Sources/Application/Config_parameters/config_parameter.o
 .debug_info    0x00002064      0x256 ./Sources/Application/Self_Adapt/self_adapt.o
 .debug_info    0x000022ba      0x8ae ./Sources/Application/Sleep/sleep.o
 .debug_info    0x00002b68      0x1cf ./Sources/Application/main.o
 .debug_info    0x00002d37      0x91b ./Sources/Driver/LIN_Stack/Diagnostic/lin_diagnostic_service.o
 .debug_info    0x00003652      0xece ./Sources/Driver/LIN_Stack/bsp/UART/lin_lld_uart.o
 .debug_info    0x00004520      0x539 ./Sources/Driver/LIN_Stack/bsp/UART/lin_lld_timesrv.o
 .debug_info    0x00004a59      0x29c ./Sources/Driver/LIN_Stack/bsp/UART/lin_isr.o
 .debug_info    0x00004cf5      0x371 ./Sources/Driver/LIN_Stack/coreapi/lin_lin21_proto.o
 .debug_info    0x00005066      0x867 ./Sources/Driver/LIN_Stack/coreapi/lin_common_proto.o
 .debug_info    0x000058cd      0x337 ./Sources/Driver/LIN_Stack/coreapi/lin_common_api.o
 .debug_info    0x00005c04      0x378 ./Sources/Driver/LIN_Stack/lowlevel/lin.o
 .debug_info    0x00005f7c      0x62a ./Sources/Driver/SPI/spi.o
 .debug_info    0x000065a6      0x248 ./Sources/Driver/adc/adc.o
 .debug_info    0x000067ee      0x171 ./Sources/Driver/clock/clock.o
 .debug_info    0x0000695f      0x43a ./Sources/Driver/eeprom/eeprom.o
 .debug_info    0x00006d99      0x59e ./Sources/Driver/ftm/ftm.o
 .debug_info    0x00007337      0x2ce ./Sources/Driver/gpio/gpio.o
 .debug_info    0x00007605       0xe1 ./Sources/Driver/pmc/pmc.o
 .debug_info    0x000076e6      0x3ba ./Sources/Driver/rtc/rtc.o
 .debug_info    0x00007aa0      0x259 ./Sources/Driver/watchdog/watchdog.o
 .debug_info    0x00007cf9      0xb5e ./Sources/Transport/LIN_app/lin_app.o
 .debug_info    0x00008857      0x287 ./Sources/Transport/Local_eep_data/local_eep_data.o
 .debug_info    0x00008ade      0x5c4 ./Sources/Transport/MLX75308/mlx75308.o
 .debug_info    0x000090a2      0x98e ./Sources/Transport/lin_cfg/lin_cfg.o
 .debug_info    0x00009a30      0x90c ./Sources/Transport/lin_transport/lin_commontl_proto.o
 .debug_info    0x0000a33c      0x683 ./Sources/Transport/lin_transport/lin_commontl_api.o
 .debug_info    0x0000a9bf       0xe8 D:/CW11.0/CW MCU v11.0/MCU/ARM_GCC_Support/ewl/lib/armv6-m\libc.a(exit.o)
 .debug_info    0x0000aaa7      0x100 D:/CW11.0/CW MCU v11.0/MCU/ARM_GCC_Support/ewl/lib/armv6-m\libc.a(rand.o)
 .debug_info    0x0000aba7       0xec D:/CW11.0/CW MCU v11.0/MCU/ARM_GCC_Support/ewl/lib/armv6-m\libc.a(memset.o)
 .debug_info    0x0000ac93      0x137 D:/CW11.0/CW MCU v11.0/MCU/ARM_GCC_Support/ewl/lib/armv6-m\libc.a(__filll_mem.o)
 .debug_info    0x0000adca      0x136 D:/CW11.0/CW MCU v11.0/MCU/ARM_GCC_Support/ewl/lib/armv6-m\librt.a(gcc_ctor_dtor.o)
 .debug_info    0x0000af00      0x2b9 D:/CW11.0/CW MCU v11.0/MCU/ARM_GCC_Support/ewl/lib/armv6-m\librt.a(__arm_eabi_init.o)
 .debug_info    0x0000b1b9      0x19b D:/CW11.0/CW MCU v11.0/MCU/ARM_GCC_Support/ewl/lib/armv6-m\librt.a(ROMCopy.o)

.debug_abbrev   0x00000000     0x2cbd
 .debug_abbrev  0x00000000      0x131 ./Project_Settings/Startup_Code/kinetis_sysinit.o
 .debug_abbrev  0x00000131       0x90 ./Project_Settings/Startup_Code/__arm_start.o
 .debug_abbrev  0x000001c1       0x4a ./Project_Settings/Startup_Code/__arm_end.o
 .debug_abbrev  0x0000020b      0x168 ./Sources/Application/Auto_air/auto_air.o
 .debug_abbrev  0x00000373      0x151 ./Sources/Application/Auto_light/auto_light.o
 .debug_abbrev  0x000004c4      0x1dc ./Sources/Application/Auto_wiper/auto_wiper.o
 .debug_abbrev  0x000006a0       0xdc ./Sources/Application/Battery/battery.o
 .debug_abbrev  0x0000077c       0xcf ./Sources/Application/Config_parameters/config_parameter.o
 .debug_abbrev  0x0000084b       0xed ./Sources/Application/Self_Adapt/self_adapt.o
 .debug_abbrev  0x00000938      0x150 ./Sources/Application/Sleep/sleep.o
 .debug_abbrev  0x00000a88       0x80 ./Sources/Application/main.o
 .debug_abbrev  0x00000b08      0x221 ./Sources/Driver/LIN_Stack/Diagnostic/lin_diagnostic_service.o
 .debug_abbrev  0x00000d29      0x26b ./Sources/Driver/LIN_Stack/bsp/UART/lin_lld_uart.o
 .debug_abbrev  0x00000f94       0xdf ./Sources/Driver/LIN_Stack/bsp/UART/lin_lld_timesrv.o
 .debug_abbrev  0x00001073       0xaf ./Sources/Driver/LIN_Stack/bsp/UART/lin_isr.o
 .debug_abbrev  0x00001122      0x118 ./Sources/Driver/LIN_Stack/coreapi/lin_lin21_proto.o
 .debug_abbrev  0x0000123a      0x1a8 ./Sources/Driver/LIN_Stack/coreapi/lin_common_proto.o
 .debug_abbrev  0x000013e2      0x117 ./Sources/Driver/LIN_Stack/coreapi/lin_common_api.o
 .debug_abbrev  0x000014f9      0x110 ./Sources/Driver/LIN_Stack/lowlevel/lin.o
 .debug_abbrev  0x00001609      0x1d9 ./Sources/Driver/SPI/spi.o
 .debug_abbrev  0x000017e2       0xfe ./Sources/Driver/adc/adc.o
 .debug_abbrev  0x000018e0       0xcd ./Sources/Driver/clock/clock.o
 .debug_abbrev  0x000019ad      0x146 ./Sources/Driver/eeprom/eeprom.o
 .debug_abbrev  0x00001af3      0x103 ./Sources/Driver/ftm/ftm.o
 .debug_abbrev  0x00001bf6       0x9b ./Sources/Driver/gpio/gpio.o
 .debug_abbrev  0x00001c91       0x92 ./Sources/Driver/pmc/pmc.o
 .debug_abbrev  0x00001d23       0xd2 ./Sources/Driver/rtc/rtc.o
 .debug_abbrev  0x00001df5       0xf5 ./Sources/Driver/watchdog/watchdog.o
 .debug_abbrev  0x00001eea      0x17f ./Sources/Transport/LIN_app/lin_app.o
 .debug_abbrev  0x00002069      0x133 ./Sources/Transport/Local_eep_data/local_eep_data.o
 .debug_abbrev  0x0000219c      0x184 ./Sources/Transport/MLX75308/mlx75308.o
 .debug_abbrev  0x00002320      0x136 ./Sources/Transport/lin_cfg/lin_cfg.o
 .debug_abbrev  0x00002456      0x1eb ./Sources/Transport/lin_transport/lin_commontl_proto.o
 .debug_abbrev  0x00002641      0x12e ./Sources/Transport/lin_transport/lin_commontl_api.o
 .debug_abbrev  0x0000276f       0x7a D:/CW11.0/CW MCU v11.0/MCU/ARM_GCC_Support/ewl/lib/armv6-m\libc.a(exit.o)
 .debug_abbrev  0x000027e9       0x8e D:/CW11.0/CW MCU v11.0/MCU/ARM_GCC_Support/ewl/lib/armv6-m\libc.a(rand.o)
 .debug_abbrev  0x00002877       0x62 D:/CW11.0/CW MCU v11.0/MCU/ARM_GCC_Support/ewl/lib/armv6-m\libc.a(memset.o)
 .debug_abbrev  0x000028d9       0x78 D:/CW11.0/CW MCU v11.0/MCU/ARM_GCC_Support/ewl/lib/armv6-m\libc.a(__filll_mem.o)
 .debug_abbrev  0x00002951       0x99 D:/CW11.0/CW MCU v11.0/MCU/ARM_GCC_Support/ewl/lib/armv6-m\librt.a(gcc_ctor_dtor.o)
 .debug_abbrev  0x000029ea      0x1b3 D:/CW11.0/CW MCU v11.0/MCU/ARM_GCC_Support/ewl/lib/armv6-m\librt.a(__arm_eabi_init.o)
 .debug_abbrev  0x00002b9d      0x120 D:/CW11.0/CW MCU v11.0/MCU/ARM_GCC_Support/ewl/lib/armv6-m\librt.a(ROMCopy.o)

.debug_loc      0x00000000     0x2836
 .debug_loc     0x00000000       0x58 ./Project_Settings/Startup_Code/kinetis_sysinit.o
 .debug_loc     0x00000058       0x2c ./Project_Settings/Startup_Code/__arm_start.o
 .debug_loc     0x00000084       0x38 ./Project_Settings/Startup_Code/__arm_end.o
 .debug_loc     0x000000bc       0x9c ./Sources/Application/Auto_air/auto_air.o
 .debug_loc     0x00000158       0xc8 ./Sources/Application/Auto_light/auto_light.o
 .debug_loc     0x00000220      0x2a8 ./Sources/Application/Auto_wiper/auto_wiper.o
 .debug_loc     0x000004c8       0x90 ./Sources/Application/Battery/battery.o
 .debug_loc     0x00000558       0x2c ./Sources/Application/Config_parameters/config_parameter.o
 .debug_loc     0x00000584       0x70 ./Sources/Application/Self_Adapt/self_adapt.o
 .debug_loc     0x000005f4      0x140 ./Sources/Application/Sleep/sleep.o
 .debug_loc     0x00000734       0x58 ./Sources/Application/main.o
 .debug_loc     0x0000078c      0x288 ./Sources/Driver/LIN_Stack/Diagnostic/lin_diagnostic_service.o
 .debug_loc     0x00000a14      0x298 ./Sources/Driver/LIN_Stack/bsp/UART/lin_lld_uart.o
 .debug_loc     0x00000cac       0x58 ./Sources/Driver/LIN_Stack/bsp/UART/lin_lld_timesrv.o
 .debug_loc     0x00000d04       0x58 ./Sources/Driver/LIN_Stack/bsp/UART/lin_isr.o
 .debug_loc     0x00000d5c       0xa8 ./Sources/Driver/LIN_Stack/coreapi/lin_lin21_proto.o
 .debug_loc     0x00000e04      0x250 ./Sources/Driver/LIN_Stack/coreapi/lin_common_proto.o
 .debug_loc     0x00001054      0x224 ./Sources/Driver/LIN_Stack/coreapi/lin_common_api.o
 .debug_loc     0x00001278      0x334 ./Sources/Driver/LIN_Stack/lowlevel/lin.o
 .debug_loc     0x000015ac      0x1ec ./Sources/Driver/SPI/spi.o
 .debug_loc     0x00001798       0x9c ./Sources/Driver/adc/adc.o
 .debug_loc     0x00001834       0x9c ./Sources/Driver/clock/clock.o
 .debug_loc     0x000018d0      0x150 ./Sources/Driver/eeprom/eeprom.o
 .debug_loc     0x00001a20       0x58 ./Sources/Driver/ftm/ftm.o
 .debug_loc     0x00001a78       0x2c ./Sources/Driver/gpio/gpio.o
 .debug_loc     0x00001aa4       0x38 ./Sources/Driver/pmc/pmc.o
 .debug_loc     0x00001adc       0xb0 ./Sources/Driver/rtc/rtc.o
 .debug_loc     0x00001b8c       0xe8 ./Sources/Driver/watchdog/watchdog.o
 .debug_loc     0x00001c74      0x198 ./Sources/Transport/LIN_app/lin_app.o
 .debug_loc     0x00001e0c       0xd4 ./Sources/Transport/Local_eep_data/local_eep_data.o
 .debug_loc     0x00001ee0       0x64 ./Sources/Transport/MLX75308/mlx75308.o
 .debug_loc     0x00001f44       0x38 ./Sources/Transport/lin_cfg/lin_cfg.o
 .debug_loc     0x00001f7c      0x18a ./Sources/Transport/lin_transport/lin_commontl_proto.o
 .debug_loc     0x00002106      0x22c ./Sources/Transport/lin_transport/lin_commontl_api.o
 .debug_loc     0x00002332       0x3e D:/CW11.0/CW MCU v11.0/MCU/ARM_GCC_Support/ewl/lib/armv6-m\libc.a(exit.o)
 .debug_loc     0x00002370       0x6f D:/CW11.0/CW MCU v11.0/MCU/ARM_GCC_Support/ewl/lib/armv6-m\libc.a(memset.o)
 .debug_loc     0x000023df      0x14a D:/CW11.0/CW MCU v11.0/MCU/ARM_GCC_Support/ewl/lib/armv6-m\libc.a(__filll_mem.o)
 .debug_loc     0x00002529       0x9d D:/CW11.0/CW MCU v11.0/MCU/ARM_GCC_Support/ewl/lib/armv6-m\librt.a(gcc_ctor_dtor.o)
 .debug_loc     0x000025c6      0x197 D:/CW11.0/CW MCU v11.0/MCU/ARM_GCC_Support/ewl/lib/armv6-m\librt.a(__arm_eabi_init.o)
 .debug_loc     0x0000275d       0xd9 D:/CW11.0/CW MCU v11.0/MCU/ARM_GCC_Support/ewl/lib/armv6-m\librt.a(ROMCopy.o)

.debug_aranges  0x00000000      0xa08
 .debug_aranges
                0x00000000       0x28 ./Project_Settings/Startup_Code/kinetis_sysinit.o
 .debug_aranges
                0x00000028       0x30 ./Project_Settings/Startup_Code/__arm_start.o
 .debug_aranges
                0x00000058       0x20 ./Project_Settings/Startup_Code/__arm_end.o
 .debug_aranges
                0x00000078       0x30 ./Sources/Application/Auto_air/auto_air.o
 .debug_aranges
                0x000000a8       0x38 ./Sources/Application/Auto_light/auto_light.o
 .debug_aranges
                0x000000e0       0x80 ./Sources/Application/Auto_wiper/auto_wiper.o
 .debug_aranges
                0x00000160       0x30 ./Sources/Application/Battery/battery.o
 .debug_aranges
                0x00000190       0x20 ./Sources/Application/Config_parameters/config_parameter.o
 .debug_aranges
                0x000001b0       0x28 ./Sources/Application/Self_Adapt/self_adapt.o
 .debug_aranges
                0x000001d8       0x50 ./Sources/Application/Sleep/sleep.o
 .debug_aranges
                0x00000228       0x28 ./Sources/Application/main.o
 .debug_aranges
                0x00000250       0x78 ./Sources/Driver/LIN_Stack/Diagnostic/lin_diagnostic_service.o
 .debug_aranges
                0x000002c8       0x88 ./Sources/Driver/LIN_Stack/bsp/UART/lin_lld_uart.o
 .debug_aranges
                0x00000350       0x28 ./Sources/Driver/LIN_Stack/bsp/UART/lin_lld_timesrv.o
 .debug_aranges
                0x00000378       0x28 ./Sources/Driver/LIN_Stack/bsp/UART/lin_isr.o
 .debug_aranges
                0x000003a0       0x30 ./Sources/Driver/LIN_Stack/coreapi/lin_lin21_proto.o
 .debug_aranges
                0x000003d0       0x70 ./Sources/Driver/LIN_Stack/coreapi/lin_common_proto.o
 .debug_aranges
                0x00000440       0x68 ./Sources/Driver/LIN_Stack/coreapi/lin_common_api.o
 .debug_aranges
                0x000004a8       0xa0 ./Sources/Driver/LIN_Stack/lowlevel/lin.o
 .debug_aranges
                0x00000548       0x60 ./Sources/Driver/SPI/spi.o
 .debug_aranges
                0x000005a8       0x30 ./Sources/Driver/adc/adc.o
 .debug_aranges
                0x000005d8       0x30 ./Sources/Driver/clock/clock.o
 .debug_aranges
                0x00000608       0x48 ./Sources/Driver/eeprom/eeprom.o
 .debug_aranges
                0x00000650       0x28 ./Sources/Driver/ftm/ftm.o
 .debug_aranges
                0x00000678       0x20 ./Sources/Driver/gpio/gpio.o
 .debug_aranges
                0x00000698       0x20 ./Sources/Driver/pmc/pmc.o
 .debug_aranges
                0x000006b8       0x38 ./Sources/Driver/rtc/rtc.o
 .debug_aranges
                0x000006f0       0x40 ./Sources/Driver/watchdog/watchdog.o
 .debug_aranges
                0x00000730       0x60 ./Sources/Transport/LIN_app/lin_app.o
 .debug_aranges
                0x00000790       0x38 ./Sources/Transport/Local_eep_data/local_eep_data.o
 .debug_aranges
                0x000007c8       0x28 ./Sources/Transport/MLX75308/mlx75308.o
 .debug_aranges
                0x000007f0       0x20 ./Sources/Transport/lin_cfg/lin_cfg.o
 .debug_aranges
                0x00000810       0x50 ./Sources/Transport/lin_transport/lin_commontl_proto.o
 .debug_aranges
                0x00000860       0x70 ./Sources/Transport/lin_transport/lin_commontl_api.o
 .debug_aranges
                0x000008d0       0x20 D:/CW11.0/CW MCU v11.0/MCU/ARM_GCC_Support/ewl/lib/armv6-m\libc.a(exit.o)
 .debug_aranges
                0x000008f0       0x28 D:/CW11.0/CW MCU v11.0/MCU/ARM_GCC_Support/ewl/lib/armv6-m\libc.a(rand.o)
 .debug_aranges
                0x00000918       0x20 D:/CW11.0/CW MCU v11.0/MCU/ARM_GCC_Support/ewl/lib/armv6-m\libc.a(memset.o)
 .debug_aranges
                0x00000938       0x20 D:/CW11.0/CW MCU v11.0/MCU/ARM_GCC_Support/ewl/lib/armv6-m\libc.a(__filll_mem.o)
 .debug_aranges
                0x00000958       0x28 D:/CW11.0/CW MCU v11.0/MCU/ARM_GCC_Support/ewl/lib/armv6-m\librt.a(gcc_ctor_dtor.o)
 .debug_aranges
                0x00000980       0x58 D:/CW11.0/CW MCU v11.0/MCU/ARM_GCC_Support/ewl/lib/armv6-m\librt.a(__arm_eabi_init.o)
 .debug_aranges
                0x000009d8       0x30 D:/CW11.0/CW MCU v11.0/MCU/ARM_GCC_Support/ewl/lib/armv6-m\librt.a(ROMCopy.o)

.debug_line     0x00000000     0x49df
 .debug_line    0x00000000      0x11a ./Project_Settings/Startup_Code/kinetis_sysinit.o
 .debug_line    0x0000011a       0x92 ./Project_Settings/Startup_Code/__arm_start.o
 .debug_line    0x000001ac       0x5e ./Project_Settings/Startup_Code/__arm_end.o
 .debug_line    0x0000020a      0x208 ./Sources/Application/Auto_air/auto_air.o
 .debug_line    0x00000412      0x227 ./Sources/Application/Auto_light/auto_light.o
 .debug_line    0x00000639      0x424 ./Sources/Application/Auto_wiper/auto_wiper.o
 .debug_line    0x00000a5d      0x164 ./Sources/Application/Battery/battery.o
 .debug_line    0x00000bc1      0x16a ./Sources/Application/Config_parameters/config_parameter.o
 .debug_line    0x00000d2b      0x198 ./Sources/Application/Self_Adapt/self_adapt.o
 .debug_line    0x00000ec3      0x368 ./Sources/Application/Sleep/sleep.o
 .debug_line    0x0000122b      0x11f ./Sources/Application/main.o
 .debug_line    0x0000134a      0x44e ./Sources/Driver/LIN_Stack/Diagnostic/lin_diagnostic_service.o
 .debug_line    0x00001798      0x471 ./Sources/Driver/LIN_Stack/bsp/UART/lin_lld_uart.o
 .debug_line    0x00001c09      0x122 ./Sources/Driver/LIN_Stack/bsp/UART/lin_lld_timesrv.o
 .debug_line    0x00001d2b      0x116 ./Sources/Driver/LIN_Stack/bsp/UART/lin_isr.o
 .debug_line    0x00001e41       0xfb ./Sources/Driver/LIN_Stack/coreapi/lin_lin21_proto.o
 .debug_line    0x00001f3c      0x2de ./Sources/Driver/LIN_Stack/coreapi/lin_common_proto.o
 .debug_line    0x0000221a      0x1d0 ./Sources/Driver/LIN_Stack/coreapi/lin_common_api.o
 .debug_line    0x000023ea      0x22d ./Sources/Driver/LIN_Stack/lowlevel/lin.o
 .debug_line    0x00002617      0x2f9 ./Sources/Driver/SPI/spi.o
 .debug_line    0x00002910      0x192 ./Sources/Driver/adc/adc.o
 .debug_line    0x00002aa2      0x19f ./Sources/Driver/clock/clock.o
 .debug_line    0x00002c41      0x281 ./Sources/Driver/eeprom/eeprom.o
 .debug_line    0x00002ec2      0x189 ./Sources/Driver/ftm/ftm.o
 .debug_line    0x0000304b      0x11c ./Sources/Driver/gpio/gpio.o
 .debug_line    0x00003167      0x165 ./Sources/Driver/pmc/pmc.o
 .debug_line    0x000032cc      0x125 ./Sources/Driver/rtc/rtc.o
 .debug_line    0x000033f1      0x14e ./Sources/Driver/watchdog/watchdog.o
 .debug_line    0x0000353f      0x3b3 ./Sources/Transport/LIN_app/lin_app.o
 .debug_line    0x000038f2      0x131 ./Sources/Transport/Local_eep_data/local_eep_data.o
 .debug_line    0x00003a23      0x2ae ./Sources/Transport/MLX75308/mlx75308.o
 .debug_line    0x00003cd1       0xe1 ./Sources/Transport/lin_cfg/lin_cfg.o
 .debug_line    0x00003db2      0x4fd ./Sources/Transport/lin_transport/lin_commontl_proto.o
 .debug_line    0x000042af      0x24a ./Sources/Transport/lin_transport/lin_commontl_api.o
 .debug_line    0x000044f9       0x8d D:/CW11.0/CW MCU v11.0/MCU/ARM_GCC_Support/ewl/lib/armv6-m\libc.a(exit.o)
 .debug_line    0x00004586       0x93 D:/CW11.0/CW MCU v11.0/MCU/ARM_GCC_Support/ewl/lib/armv6-m\libc.a(rand.o)
 .debug_line    0x00004619       0x90 D:/CW11.0/CW MCU v11.0/MCU/ARM_GCC_Support/ewl/lib/armv6-m\libc.a(memset.o)
 .debug_line    0x000046a9       0xf6 D:/CW11.0/CW MCU v11.0/MCU/ARM_GCC_Support/ewl/lib/armv6-m\libc.a(__filll_mem.o)
 .debug_line    0x0000479f       0x6c D:/CW11.0/CW MCU v11.0/MCU/ARM_GCC_Support/ewl/lib/armv6-m\librt.a(gcc_ctor_dtor.o)
 .debug_line    0x0000480b      0x117 D:/CW11.0/CW MCU v11.0/MCU/ARM_GCC_Support/ewl/lib/armv6-m\librt.a(__arm_eabi_init.o)
 .debug_line    0x00004922       0xbd D:/CW11.0/CW MCU v11.0/MCU/ARM_GCC_Support/ewl/lib/armv6-m\librt.a(ROMCopy.o)

.debug_str      0x00000000     0x42ef
 .debug_str     0x00000000      0x246 ./Project_Settings/Startup_Code/kinetis_sysinit.o
                                0x273 (size before relaxing)
 .debug_str     0x00000246       0x85 ./Project_Settings/Startup_Code/__arm_start.o
                                0x1a7 (size before relaxing)
 .debug_str     0x000002cb       0x3a ./Project_Settings/Startup_Code/__arm_end.o
                                 0xde (size before relaxing)
 .debug_str     0x00000305      0x369 ./Sources/Application/Auto_air/auto_air.o
                                0x4c0 (size before relaxing)
 .debug_str     0x0000066e      0x431 ./Sources/Application/Auto_light/auto_light.o
                                0x784 (size before relaxing)
 .debug_str     0x00000a9f      0x62a ./Sources/Application/Auto_wiper/auto_wiper.o
                                0xc28 (size before relaxing)
 .debug_str     0x000010c9       0x9c ./Sources/Application/Battery/battery.o
                                0x394 (size before relaxing)
 .debug_str     0x00001165      0x209 ./Sources/Application/Config_parameters/config_parameter.o
                                0x326 (size before relaxing)
 .debug_str     0x0000136e       0xa8 ./Sources/Application/Self_Adapt/self_adapt.o
                                0x2ba (size before relaxing)
 .debug_str     0x00001416      0x244 ./Sources/Application/Sleep/sleep.o
                                0x8b1 (size before relaxing)
 .debug_str     0x0000165a       0x99 ./Sources/Application/main.o
                                0x25c (size before relaxing)
 .debug_str     0x000016f3      0x3fb ./Sources/Driver/LIN_Stack/Diagnostic/lin_diagnostic_service.o
                                0x7d8 (size before relaxing)
 .debug_str     0x00001aee      0x7a5 ./Sources/Driver/LIN_Stack/bsp/UART/lin_lld_uart.o
                                0xb58 (size before relaxing)
 .debug_str     0x00002293      0x389 ./Sources/Driver/LIN_Stack/bsp/UART/lin_lld_timesrv.o
                                0x523 (size before relaxing)
 .debug_str     0x0000261c       0x55 ./Sources/Driver/LIN_Stack/bsp/UART/lin_isr.o
                                0x22e (size before relaxing)
 .debug_str     0x00002671      0x26e ./Sources/Driver/LIN_Stack/coreapi/lin_lin21_proto.o
                                0x3da (size before relaxing)
 .debug_str     0x000028df      0x3f4 ./Sources/Driver/LIN_Stack/coreapi/lin_common_proto.o
                                0xaad (size before relaxing)
 .debug_str     0x00002cd3       0xcc ./Sources/Driver/LIN_Stack/coreapi/lin_common_api.o
                                0x2ae (size before relaxing)
 .debug_str     0x00002d9f      0x22c ./Sources/Driver/LIN_Stack/lowlevel/lin.o
                                0x399 (size before relaxing)
 .debug_str     0x00002fcb      0x12d ./Sources/Driver/SPI/spi.o
                                0x381 (size before relaxing)
 .debug_str     0x000030f8       0x6e ./Sources/Driver/adc/adc.o
                                0x1e5 (size before relaxing)
 .debug_str     0x00003166       0x55 ./Sources/Driver/clock/clock.o
                                0x17a (size before relaxing)
 .debug_str     0x000031bb      0x1b8 ./Sources/Driver/eeprom/eeprom.o
                                0x328 (size before relaxing)
 .debug_str     0x00003373       0x36 ./Sources/Driver/ftm/ftm.o
                                0x566 (size before relaxing)
 .debug_str     0x000033a9      0x108 ./Sources/Driver/gpio/gpio.o
                                0x2a2 (size before relaxing)
 .debug_str     0x000034b1       0x25 ./Sources/Driver/pmc/pmc.o
                                0x16a (size before relaxing)
 .debug_str     0x000034d6       0x6a ./Sources/Driver/rtc/rtc.o
                                0x48d (size before relaxing)
 .debug_str     0x00003540       0x83 ./Sources/Driver/watchdog/watchdog.o
                                0x1fb (size before relaxing)
 .debug_str     0x000035c3      0x3ea ./Sources/Transport/LIN_app/lin_app.o
                                0xea6 (size before relaxing)
 .debug_str     0x000039ad       0x9d ./Sources/Transport/Local_eep_data/local_eep_data.o
                                0x2a5 (size before relaxing)
 .debug_str     0x00003a4a       0xdb ./Sources/Transport/MLX75308/mlx75308.o
                                0x4c8 (size before relaxing)
 .debug_str     0x00003b25      0x223 ./Sources/Transport/lin_cfg/lin_cfg.o
                                0xba5 (size before relaxing)
 .debug_str     0x00003d48      0x10c ./Sources/Transport/lin_transport/lin_commontl_proto.o
                                0x873 (size before relaxing)
 .debug_str     0x00003e54      0x112 ./Sources/Transport/lin_transport/lin_commontl_api.o
                                0x6b8 (size before relaxing)
 .debug_str     0x00003f66       0x5a D:/CW11.0/CW MCU v11.0/MCU/ARM_GCC_Support/ewl/lib/armv6-m\libc.a(exit.o)
                                0x157 (size before relaxing)
 .debug_str     0x00003fc0       0x2b D:/CW11.0/CW MCU v11.0/MCU/ARM_GCC_Support/ewl/lib/armv6-m\libc.a(rand.o)
                                0x152 (size before relaxing)
 .debug_str     0x00003feb       0x23 D:/CW11.0/CW MCU v11.0/MCU/ARM_GCC_Support/ewl/lib/armv6-m\libc.a(memset.o)
                                0x140 (size before relaxing)
 .debug_str     0x0000400e       0x2d D:/CW11.0/CW MCU v11.0/MCU/ARM_GCC_Support/ewl/lib/armv6-m\libc.a(__filll_mem.o)
                                0x152 (size before relaxing)
 .debug_str     0x0000403b      0x126 D:/CW11.0/CW MCU v11.0/MCU/ARM_GCC_Support/ewl/lib/armv6-m\librt.a(gcc_ctor_dtor.o)
                                0x181 (size before relaxing)
 .debug_str     0x00004161       0xf3 D:/CW11.0/CW MCU v11.0/MCU/ARM_GCC_Support/ewl/lib/armv6-m\librt.a(__arm_eabi_init.o)
                                0x1b5 (size before relaxing)
 .debug_str     0x00004254       0x9b D:/CW11.0/CW MCU v11.0/MCU/ARM_GCC_Support/ewl/lib/armv6-m\librt.a(ROMCopy.o)
                                0x13c (size before relaxing)

.comment        0x00000000       0x79
 .comment       0x00000000       0x79 ./Project_Settings/Startup_Code/kinetis_sysinit.o
                                 0x7a (size before relaxing)
 .comment       0x00000000       0x7a ./Project_Settings/Startup_Code/__arm_start.o
 .comment       0x00000000       0x7a ./Project_Settings/Startup_Code/__arm_end.o
 .comment       0x00000000       0x7a ./Sources/Application/Auto_air/auto_air.o
 .comment       0x00000000       0x7a ./Sources/Application/Auto_light/auto_light.o
 .comment       0x00000000       0x7a ./Sources/Application/Auto_wiper/auto_wiper.o
 .comment       0x00000000       0x7a ./Sources/Application/Battery/battery.o
 .comment       0x00000000       0x7a ./Sources/Application/Config_parameters/config_parameter.o
 .comment       0x00000000       0x7a ./Sources/Application/Self_Adapt/self_adapt.o
 .comment       0x00000000       0x7a ./Sources/Application/Sleep/sleep.o
 .comment       0x00000000       0x7a ./Sources/Application/main.o
 .comment       0x00000000       0x7a ./Sources/Driver/LIN_Stack/Diagnostic/lin_diagnostic_service.o
 .comment       0x00000000       0x7a ./Sources/Driver/LIN_Stack/bsp/UART/lin_lld_uart.o
 .comment       0x00000000       0x7a ./Sources/Driver/LIN_Stack/bsp/UART/lin_lld_timesrv.o
 .comment       0x00000000       0x7a ./Sources/Driver/LIN_Stack/bsp/UART/lin_isr.o
 .comment       0x00000000       0x7a ./Sources/Driver/LIN_Stack/coreapi/lin_lin21_proto.o
 .comment       0x00000000       0x7a ./Sources/Driver/LIN_Stack/coreapi/lin_common_proto.o
 .comment       0x00000000       0x7a ./Sources/Driver/LIN_Stack/coreapi/lin_common_api.o
 .comment       0x00000000       0x7a ./Sources/Driver/LIN_Stack/lowlevel/lin.o
 .comment       0x00000000       0x7a ./Sources/Driver/SPI/spi.o
 .comment       0x00000000       0x7a ./Sources/Driver/adc/adc.o
 .comment       0x00000000       0x7a ./Sources/Driver/clock/clock.o
 .comment       0x00000000       0x7a ./Sources/Driver/eeprom/eeprom.o
 .comment       0x00000000       0x7a ./Sources/Driver/ftm/ftm.o
 .comment       0x00000000       0x7a ./Sources/Driver/gpio/gpio.o
 .comment       0x00000000       0x7a ./Sources/Driver/pmc/pmc.o
 .comment       0x00000000       0x7a ./Sources/Driver/rtc/rtc.o
 .comment       0x00000000       0x7a ./Sources/Driver/watchdog/watchdog.o
 .comment       0x00000000       0x7a ./Sources/Transport/LIN_app/lin_app.o
 .comment       0x00000000       0x7a ./Sources/Transport/Local_eep_data/local_eep_data.o
 .comment       0x00000000       0x7a ./Sources/Transport/MLX75308/mlx75308.o
 .comment       0x00000000       0x7a ./Sources/Transport/lin_cfg/lin_cfg.o
 .comment       0x00000000       0x7a ./Sources/Transport/lin_transport/lin_commontl_proto.o
 .comment       0x00000000       0x7a ./Sources/Transport/lin_transport/lin_commontl_api.o
 .comment       0x00000000       0x7a D:/CW11.0/CW MCU v11.0/MCU/ARM_GCC_Support/ewl/lib/armv6-m\libc.a(exit.o)
 .comment       0x00000000       0x7a D:/CW11.0/CW MCU v11.0/MCU/ARM_GCC_Support/ewl/lib/armv6-m\libc.a(rand.o)
 .comment       0x00000000       0x7a D:/CW11.0/CW MCU v11.0/MCU/ARM_GCC_Support/ewl/lib/armv6-m\libc.a(memset.o)
 .comment       0x00000000       0x7a D:/CW11.0/CW MCU v11.0/MCU/ARM_GCC_Support/ewl/lib/armv6-m\libc.a(__filll_mem.o)
 .comment       0x00000000       0x7a D:/CW11.0/CW MCU v11.0/MCU/ARM_GCC_Support/ewl/lib/armv6-m\librt.a(gcc_ctor_dtor.o)
 .comment       0x00000000       0x7a D:/CW11.0/CW MCU v11.0/MCU/ARM_GCC_Support/ewl/lib/armv6-m\librt.a(__arm_eabi_init.o)
 .comment       0x00000000       0x7a D:/CW11.0/CW MCU v11.0/MCU/ARM_GCC_Support/ewl/lib/armv6-m\librt.a(ROMCopy.o)

.debug_frame    0x00000000     0x1b2c
 .debug_frame   0x00000000       0x48 ./Project_Settings/Startup_Code/kinetis_sysinit.o
 .debug_frame   0x00000048       0x4c ./Project_Settings/Startup_Code/__arm_start.o
 .debug_frame   0x00000094       0x30 ./Project_Settings/Startup_Code/__arm_end.o
 .debug_frame   0x000000c4       0x6c ./Sources/Application/Auto_air/auto_air.o
 .debug_frame   0x00000130       0x88 ./Sources/Application/Auto_light/auto_light.o
 .debug_frame   0x000001b8      0x1a4 ./Sources/Application/Auto_wiper/auto_wiper.o
 .debug_frame   0x0000035c       0x68 ./Sources/Application/Battery/battery.o
 .debug_frame   0x000003c4       0x2c ./Sources/Application/Config_parameters/config_parameter.o
 .debug_frame   0x000003f0       0x50 ./Sources/Application/Self_Adapt/self_adapt.o
 .debug_frame   0x00000440       0xd8 ./Sources/Application/Sleep/sleep.o
 .debug_frame   0x00000518       0x48 ./Sources/Application/main.o
 .debug_frame   0x00000560      0x188 ./Sources/Driver/LIN_Stack/Diagnostic/lin_diagnostic_service.o
 .debug_frame   0x000006e8      0x1ac ./Sources/Driver/LIN_Stack/bsp/UART/lin_lld_uart.o
 .debug_frame   0x00000894       0x48 ./Sources/Driver/LIN_Stack/bsp/UART/lin_lld_timesrv.o
 .debug_frame   0x000008dc       0x4c ./Sources/Driver/LIN_Stack/bsp/UART/lin_isr.o
 .debug_frame   0x00000928       0x70 ./Sources/Driver/LIN_Stack/coreapi/lin_lin21_proto.o
 .debug_frame   0x00000998      0x168 ./Sources/Driver/LIN_Stack/coreapi/lin_common_proto.o
 .debug_frame   0x00000b00      0x14c ./Sources/Driver/LIN_Stack/coreapi/lin_common_api.o
 .debug_frame   0x00000c4c      0x204 ./Sources/Driver/LIN_Stack/lowlevel/lin.o
 .debug_frame   0x00000e50      0x12c ./Sources/Driver/SPI/spi.o
 .debug_frame   0x00000f7c       0x6c ./Sources/Driver/adc/adc.o
 .debug_frame   0x00000fe8       0x6c ./Sources/Driver/clock/clock.o
 .debug_frame   0x00001054       0xd0 ./Sources/Driver/eeprom/eeprom.o
 .debug_frame   0x00001124       0x4c ./Sources/Driver/ftm/ftm.o
 .debug_frame   0x00001170       0x2c ./Sources/Driver/gpio/gpio.o
 .debug_frame   0x0000119c       0x30 ./Sources/Driver/pmc/pmc.o
 .debug_frame   0x000011cc       0x80 ./Sources/Driver/rtc/rtc.o
 .debug_frame   0x0000124c       0xa0 ./Sources/Driver/watchdog/watchdog.o
 .debug_frame   0x000012ec      0x110 ./Sources/Transport/LIN_app/lin_app.o
 .debug_frame   0x000013fc       0x8c ./Sources/Transport/Local_eep_data/local_eep_data.o
 .debug_frame   0x00001488       0x4c ./Sources/Transport/MLX75308/mlx75308.o
 .debug_frame   0x000014d4       0x30 ./Sources/Transport/lin_cfg/lin_cfg.o
 .debug_frame   0x00001504       0xf0 ./Sources/Transport/lin_transport/lin_commontl_proto.o
 .debug_frame   0x000015f4      0x15c ./Sources/Transport/lin_transport/lin_commontl_api.o
 .debug_frame   0x00001750       0x2c D:/CW11.0/CW MCU v11.0/MCU/ARM_GCC_Support/ewl/lib/armv6-m\libc.a(exit.o)
 .debug_frame   0x0000177c       0x30 D:/CW11.0/CW MCU v11.0/MCU/ARM_GCC_Support/ewl/lib/armv6-m\libc.a(rand.o)
 .debug_frame   0x000017ac       0x28 D:/CW11.0/CW MCU v11.0/MCU/ARM_GCC_Support/ewl/lib/armv6-m\libc.a(memset.o)
 .debug_frame   0x000017d4       0x2c D:/CW11.0/CW MCU v11.0/MCU/ARM_GCC_Support/ewl/lib/armv6-m\libc.a(__filll_mem.o)
 .debug_frame   0x00001800       0x20 d:/cw11.0/cw mcu v11.0/cross_tools/arm-none-eabi-gcc-4_7_3/bin/../lib/gcc/arm-none-eabi/4.7.3/armv6-m\libgcc.a(_udivsi3.o)
 .debug_frame   0x00001820       0x20 d:/cw11.0/cw mcu v11.0/cross_tools/arm-none-eabi-gcc-4_7_3/bin/../lib/gcc/arm-none-eabi/4.7.3/armv6-m\libgcc.a(_divsi3.o)
 .debug_frame   0x00001840       0x2c d:/cw11.0/cw mcu v11.0/cross_tools/arm-none-eabi-gcc-4_7_3/bin/../lib/gcc/arm-none-eabi/4.7.3/armv6-m\libgcc.a(_fixunsdfsi.o)
 .debug_frame   0x0000186c       0x3c d:/cw11.0/cw mcu v11.0/cross_tools/arm-none-eabi-gcc-4_7_3/bin/../lib/gcc/arm-none-eabi/4.7.3/armv6-m\libgcc.a(adddf3.o)
 .debug_frame   0x000018a8       0x38 d:/cw11.0/cw mcu v11.0/cross_tools/arm-none-eabi-gcc-4_7_3/bin/../lib/gcc/arm-none-eabi/4.7.3/armv6-m\libgcc.a(subdf3.o)
 .debug_frame   0x000018e0       0x2c d:/cw11.0/cw mcu v11.0/cross_tools/arm-none-eabi-gcc-4_7_3/bin/../lib/gcc/arm-none-eabi/4.7.3/armv6-m\libgcc.a(fixdfsi.o)
 .debug_frame   0x0000190c       0x2c d:/cw11.0/cw mcu v11.0/cross_tools/arm-none-eabi-gcc-4_7_3/bin/../lib/gcc/arm-none-eabi/4.7.3/armv6-m\libgcc.a(floatunsidf.o)
 .debug_frame   0x00001938       0x34 d:/cw11.0/cw mcu v11.0/cross_tools/arm-none-eabi-gcc-4_7_3/bin/../lib/gcc/arm-none-eabi/4.7.3/armv6-m\libgcc.a(eqdf2.o)
 .debug_frame   0x0000196c       0x38 d:/cw11.0/cw mcu v11.0/cross_tools/arm-none-eabi-gcc-4_7_3/bin/../lib/gcc/arm-none-eabi/4.7.3/armv6-m\libgcc.a(gedf2.o)
 .debug_frame   0x000019a4       0x38 d:/cw11.0/cw mcu v11.0/cross_tools/arm-none-eabi-gcc-4_7_3/bin/../lib/gcc/arm-none-eabi/4.7.3/armv6-m\libgcc.a(ledf2.o)
 .debug_frame   0x000019dc       0x40 D:/CW11.0/CW MCU v11.0/MCU/ARM_GCC_Support/ewl/lib/armv6-m\librt.a(gcc_ctor_dtor.o)
 .debug_frame   0x00001a1c       0xbc D:/CW11.0/CW MCU v11.0/MCU/ARM_GCC_Support/ewl/lib/armv6-m\librt.a(__arm_eabi_init.o)
 .debug_frame   0x00001ad8       0x54 D:/CW11.0/CW MCU v11.0/MCU/ARM_GCC_Support/ewl/lib/armv6-m\librt.a(ROMCopy.o)