Archive member included because of file (symbol)

D:/CW11.0/CW MCU v11.0/MCU/ARM_GCC_Support/ewl/lib/armv6-m\libc.a(exit.o)
                              ./Project_Settings/Startup_Code/__arm_start.o (exit)
D:/CW11.0/CW MCU v11.0/MCU/ARM_GCC_Support/ewl/lib/armv6-m\libc.a(rand.o)
                              ./Sources/Driver/LIN_Stack/Diagnostic/lin_diagnostic_service.o (rand)
D:/CW11.0/CW MCU v11.0/MCU/ARM_GCC_Support/ewl/lib/armv6-m\libc.a(memset.o)
                              ./Project_Settings/Startup_Code/__arm_start.o (memset)
D:/CW11.0/CW MCU v11.0/MCU/ARM_GCC_Support/ewl/lib/armv6-m\libc.a(__filll_mem.o)
                              D:/CW11.0/CW MCU v11.0/MCU/ARM_GCC_Support/ewl/lib/armv6-m\libc.a(memset.o) (__fill_mem)
d:/cw11.0/cw mcu v11.0/cross_tools/arm-none-eabi-gcc-4_7_3/bin/../lib/gcc/arm-none-eabi/4.7.3/armv6-m\libgcc.a(_udivsi3.o)
                              ./Sources/Application/Auto_air/auto_air.o (__aeabi_uidiv)
d:/cw11.0/cw mcu v11.0/cross_tools/arm-none-eabi-gcc-4_7_3/bin/../lib/gcc/arm-none-eabi/4.7.3/armv6-m\libgcc.a(_divsi3.o)
                              ./Sources/Application/Auto_wiper/auto_wiper.o (__aeabi_idiv)
d:/cw11.0/cw mcu v11.0/cross_tools/arm-none-eabi-gcc-4_7_3/bin/../lib/gcc/arm-none-eabi/4.7.3/armv6-m\libgcc.a(_dvmd_tls.o)
                              d:/cw11.0/cw mcu v11.0/cross_tools/arm-none-eabi-gcc-4_7_3/bin/../lib/gcc/arm-none-eabi/4.7.3/armv6-m\libgcc.a(_udivsi3.o) (__aeabi_idiv0)
d:/cw11.0/cw mcu v11.0/cross_tools/arm-none-eabi-gcc-4_7_3/bin/../lib/gcc/arm-none-eabi/4.7.3/armv6-m\libgcc.a(_fixunsdfsi.o)
                              ./Sources/Driver/LIN_Stack/bsp/UART/lin_isr.o (__aeabi_d2uiz)
d:/cw11.0/cw mcu v11.0/cross_tools/arm-none-eabi-gcc-4_7_3/bin/../lib/gcc/arm-none-eabi/4.7.3/armv6-m\libgcc.a(adddf3.o)
                              ./Sources/Driver/LIN_Stack/bsp/UART/lin_isr.o (__aeabi_dadd)
d:/cw11.0/cw mcu v11.0/cross_tools/arm-none-eabi-gcc-4_7_3/bin/../lib/gcc/arm-none-eabi/4.7.3/armv6-m\libgcc.a(subdf3.o)
                              d:/cw11.0/cw mcu v11.0/cross_tools/arm-none-eabi-gcc-4_7_3/bin/../lib/gcc/arm-none-eabi/4.7.3/armv6-m\libgcc.a(_fixunsdfsi.o) (__aeabi_dsub)
d:/cw11.0/cw mcu v11.0/cross_tools/arm-none-eabi-gcc-4_7_3/bin/../lib/gcc/arm-none-eabi/4.7.3/armv6-m\libgcc.a(fixdfsi.o)
                              d:/cw11.0/cw mcu v11.0/cross_tools/arm-none-eabi-gcc-4_7_3/bin/../lib/gcc/arm-none-eabi/4.7.3/armv6-m\libgcc.a(_fixunsdfsi.o) (__aeabi_d2iz)
d:/cw11.0/cw mcu v11.0/cross_tools/arm-none-eabi-gcc-4_7_3/bin/../lib/gcc/arm-none-eabi/4.7.3/armv6-m\libgcc.a(floatunsidf.o)
                              ./Sources/Driver/LIN_Stack/bsp/UART/lin_isr.o (__aeabi_ui2d)
d:/cw11.0/cw mcu v11.0/cross_tools/arm-none-eabi-gcc-4_7_3/bin/../lib/gcc/arm-none-eabi/4.7.3/armv6-m\libgcc.a(_arm_cmpdf2.o)
                              d:/cw11.0/cw mcu v11.0/cross_tools/arm-none-eabi-gcc-4_7_3/bin/../lib/gcc/arm-none-eabi/4.7.3/armv6-m\libgcc.a(_fixunsdfsi.o) (__aeabi_dcmpge)
d:/cw11.0/cw mcu v11.0/cross_tools/arm-none-eabi-gcc-4_7_3/bin/../lib/gcc/arm-none-eabi/4.7.3/armv6-m\libgcc.a(_clzsi2.o)
                              d:/cw11.0/cw mcu v11.0/cross_tools/arm-none-eabi-gcc-4_7_3/bin/../lib/gcc/arm-none-eabi/4.7.3/armv6-m\libgcc.a(adddf3.o) (__clzsi2)
d:/cw11.0/cw mcu v11.0/cross_tools/arm-none-eabi-gcc-4_7_3/bin/../lib/gcc/arm-none-eabi/4.7.3/armv6-m\libgcc.a(eqdf2.o)
                              d:/cw11.0/cw mcu v11.0/cross_tools/arm-none-eabi-gcc-4_7_3/bin/../lib/gcc/arm-none-eabi/4.7.3/armv6-m\libgcc.a(_arm_cmpdf2.o) (__eqdf2)
d:/cw11.0/cw mcu v11.0/cross_tools/arm-none-eabi-gcc-4_7_3/bin/../lib/gcc/arm-none-eabi/4.7.3/armv6-m\libgcc.a(gedf2.o)
                              d:/cw11.0/cw mcu v11.0/cross_tools/arm-none-eabi-gcc-4_7_3/bin/../lib/gcc/arm-none-eabi/4.7.3/armv6-m\libgcc.a(_arm_cmpdf2.o) (__gedf2)
d:/cw11.0/cw mcu v11.0/cross_tools/arm-none-eabi-gcc-4_7_3/bin/../lib/gcc/arm-none-eabi/4.7.3/armv6-m\libgcc.a(ledf2.o)
                              d:/cw11.0/cw mcu v11.0/cross_tools/arm-none-eabi-gcc-4_7_3/bin/../lib/gcc/arm-none-eabi/4.7.3/armv6-m\libgcc.a(_arm_cmpdf2.o) (__ledf2)
D:/CW11.0/CW MCU v11.0/MCU/ARM_GCC_Support/ewl/lib/armv6-m\librt.a(gcc_ctor_dtor.o)
                              ./Project_Settings/Startup_Code/__arm_start.o (__init_cpp)
D:/CW11.0/CW MCU v11.0/MCU/ARM_GCC_Support/ewl/lib/armv6-m\librt.a(__arm_eabi_init.o)
                              D:/CW11.0/CW MCU v11.0/MCU/ARM_GCC_Support/ewl/lib/armv6-m\libc.a(exit.o) (__destroy_global_chain)
D:/CW11.0/CW MCU v11.0/MCU/ARM_GCC_Support/ewl/lib/armv6-m\librt.a(ROMCopy.o)
                              ./Project_Settings/Startup_Code/__arm_start.o (__copy_rom_sections_to_ram)

Allocating common symbols
Common symbol       size              file

tl_rx_msg_status    0x1               ./Sources/Transport/lin_cfg/lin_cfg.o
u8_HighHoldCnt      0x1               ./Sources/Application/Auto_wiper/auto_wiper.o
[...]
Memory Configuration

Name             Origin             Length             Attributes
m_interrupts     0x00000000         0x000000c0         xr
m_cfmprotrom     0x00000400         0x00000010         xr
m_text           0x00000800         0x0000f800         xr
m_data           0x1ffffc00         0x00001000         xrw
*default*        0x00000000         0xffffffff

Linker script and memory map

LOAD ./Project_Settings/Startup_Code/kinetis_sysinit.o
LOAD ./Project_Settings/Startup_Code/__arm_start.o
LOAD ./Project_Settings/Startup_Code/__arm_end.o
LOAD ./Sources/Application/Auto_air/auto_air.o
LOAD ./Sources/Application/Auto_hud/auto_hud.o
LOAD ./Sources/Application/Auto_humid/auto_humid.o
LOAD ./Sources/Application/Auto_light/auto_light.o
LOAD ./Sources/Application/Auto_wiper/auto_wiper.o
LOAD ./Sources/Application/Battery/battery.o
LOAD ./Sources/Application/Config_parameters/config_parameter.o
LOAD ./Sources/Application/Self_Adapt/self_adapt.o
LOAD ./Sources/Application/Sleep/sleep.o
LOAD ./Sources/Application/main.o
LOAD ./Sources/Driver/IIC/iic.o
LOAD ./Sources/Driver/LIN_Stack/Diagnostic/lin_diagnostic_service.o
LOAD ./Sources/Driver/LIN_Stack/bsp/UART/lin_lld_uart.o
LOAD ./Sources/Driver/LIN_Stack/bsp/UART/lin_lld_timesrv.o
LOAD ./Sources/Driver/LIN_Stack/bsp/UART/lin_isr.o
LOAD ./Sources/Driver/LIN_Stack/coreapi/lin_lin21_proto.o
LOAD ./Sources/Driver/LIN_Stack/coreapi/lin_lin21_api.o
LOAD ./Sources/Driver/LIN_Stack/coreapi/lin_j2602_proto.o
LOAD ./Sources/Driver/LIN_Stack/coreapi/lin_j2602_api.o
LOAD ./Sources/Driver/LIN_Stack/coreapi/lin_common_proto.o
LOAD ./Sources/Driver/LIN_Stack/coreapi/lin_common_api.o
LOAD ./Sources/Driver/LIN_Stack/lowlevel/lin.o
LOAD ./Sources/Driver/SPI/spi.o
LOAD ./Sources/Driver/adc/adc.o
LOAD ./Sources/Driver/clock/clock.o
LOAD ./Sources/Driver/eeprom/eeprom.o
LOAD ./Sources/Driver/ftm/ftm.o
LOAD ./Sources/Driver/gpio/gpio.o
LOAD ./Sources/Driver/pmc/pmc.o
LOAD ./Sources/Driver/rtc/rtc.o
LOAD ./Sources/Driver/watchdog/watchdog.o
LOAD ./Sources/Transport/LIN_app/lin_app.o
LOAD ./Sources/Transport/Local_eep_data/local_eep_data.o
LOAD ./Sources/Transport/MLX75308/mlx75308.o
LOAD ./Sources/Transport/lin_cfg/lin_cfg.o
LOAD ./Sources/Transport/lin_transport/lin_lin21tl_api.o
LOAD ./Sources/Transport/lin_transport/lin_j2602tl_api.o
LOAD ./Sources/Transport/lin_transport/lin_commontl_proto.o
LOAD ./Sources/Transport/lin_transport/lin_commontl_api.o
START GROUP
LOAD D:/CW11.0/CW MCU v11.0/MCU/ARM_GCC_Support/ewl/lib/armv6-m\libc.a
LOAD D:/CW11.0/CW MCU v11.0/MCU/ARM_GCC_Support/ewl/lib/armv6-m\libm.a
LOAD d:/cw11.0/cw mcu v11.0/cross_tools/arm-none-eabi-gcc-4_7_3/bin/../lib/gcc/arm-none-eabi/4.7.3/armv6-m\libgcc.a
LOAD D:/CW11.0/CW MCU v11.0/MCU/ARM_GCC_Support/ewl/lib/armv6-m\librt.a
END GROUP
                0x20000c00                _estack = 0x20000c00
                0x20000c00                __SP_INIT = _estack
                0x00000100                __heap_size = 0x100
                0x00000100                __stack_size = 0x100

.interrupts     0x00000000       0xc0
                0x00000000                __vector_table = .
                0x00000000                . = ALIGN (0x4)
 *(.vectortable)
 .vectortable   0x00000000       0xc0 ./Project_Settings/Startup_Code/kinetis_sysinit.o
                0x00000000                InterruptVector
                0x000000c0                . = ALIGN (0x4)

.cfmprotect     0x00000400        0x0
                0x00000400                . = ALIGN (0x4)
 *(.cfmconfig)
                0x00000400                . = ALIGN (0x4)

.text           0x00000800     0xa53c
                0x00000800                . = ALIGN (0x4)
 *(.text)
 .text          0x00000800       0x9c d:/cw11.0/cw mcu v11.0/cross_tools/arm-none-eabi-gcc-4_7_3/bin/../lib/gcc/arm-none-eabi/4.7.3/armv6-m\libgcc.a(_udivsi3.o)
                0x00000800                __aeabi_uidiv
                0x00000800                __udivsi3
                0x00000888                __aeabi_uidivmod
 .text          0x0000089c       0xc0 d:/cw11.0/cw mcu v11.0/cross_tools/arm-none-eabi-gcc-4_7_3/bin/../lib/gcc/arm-none-eabi/4.7.3/armv6-m\libgcc.a(_divsi3.o)
                0x0000089c                __divsi3
                0x0000089c                __aeabi_idiv
                0x00000948                __aeabi_idivmod
 .text          0x0000095c        0x4 d:/cw11.0/cw mcu v11.0/cross_tools/arm-none-eabi-gcc-4_7_3/bin/../lib/gcc/arm-none-eabi/4.7.3/armv6-m\libgcc.a(_dvmd_tls.o)
                0x0000095c                __aeabi_idiv0
                0x0000095c                __aeabi_ldiv0
 .text          0x00000960       0x40 d:/cw11.0/cw mcu v11.0/cross_tools/arm-none-eabi-gcc-4_7_3/bin/../lib/gcc/arm-none-eabi/4.7.3/armv6-m\libgcc.a(_fixunsdfsi.o)
                0x00000960                __aeabi_d2uiz
                0x00000960                __fixunsdfsi
 .text          0x000009a0      0x758 d:/cw11.0/cw mcu v11.0/cross_tools/arm-none-eabi-gcc-4_7_3/bin/../lib/gcc/arm-none-eabi/4.7.3/armv6-m\libgcc.a(adddf3.o)
                0x000009a0                __aeabi_dadd
 .text          0x000010f8      0x6f8 d:/cw11.0/cw mcu v11.0/cross_tools/arm-none-eabi-gcc-4_7_3/bin/../lib/gcc/arm-none-eabi/4.7.3/armv6-m\libgcc.a(subdf3.o)
                0x000010f8                __aeabi_dsub
 .text          0x000017f0       0x68 d:/cw11.0/cw mcu v11.0/cross_tools/arm-none-eabi-gcc-4_7_3/bin/../lib/gcc/arm-none-eabi/4.7.3/armv6-m\libgcc.a(fixdfsi.o)
                0x000017f0                __aeabi_d2iz
 .text          0x00001858       0x64 d:/cw11.0/cw mcu v11.0/cross_tools/arm-none-eabi-gcc-4_7_3/bin/../lib/gcc/arm-none-eabi/4.7.3/armv6-m\libgcc.a(floatunsidf.o)
                0x00001858                __aeabi_ui2d
 .text          0x000018bc       0x7c d:/cw11.0/cw mcu v11.0/cross_tools/arm-none-eabi-gcc-4_7_3/bin/../lib/gcc/arm-none-eabi/4.7.3/armv6-m\libgcc.a(_arm_cmpdf2.o)
                0x000018bc                __aeabi_cdrcmple
                0x000018cc                __aeabi_cdcmple
                0x000018cc                __aeabi_cdcmpeq
                0x000018dc                __aeabi_dcmpeq
                0x000018e8                __aeabi_dcmplt
                0x000018fc                __aeabi_dcmple
                0x00001910                __aeabi_dcmpgt
                0x00001924                __aeabi_dcmpge
 .text          0x00001938       0x3c d:/cw11.0/cw mcu v11.0/cross_tools/arm-none-eabi-gcc-4_7_3/bin/../lib/gcc/arm-none-eabi/4.7.3/armv6-m\libgcc.a(_clzsi2.o)
                0x00001938                __clzsi2
 .text          0x00001974       0x7c d:/cw11.0/cw mcu v11.0/cross_tools/arm-none-eabi-gcc-4_7_3/bin/../lib/gcc/arm-none-eabi/4.7.3/armv6-m\libgcc.a(eqdf2.o)
                0x00001974                __nedf2
                0x00001974                __eqdf2
 .text          0x000019f0       0xe8 d:/cw11.0/cw mcu v11.0/cross_tools/arm-none-eabi-gcc-4_7_3/bin/../lib/gcc/arm-none-eabi/4.7.3/armv6-m\libgcc.a(gedf2.o)
                0x000019f0                __gedf2
                0x000019f0                __gtdf2
 .text          0x00001ad8       0xd8 d:/cw11.0/cw mcu v11.0/cross_tools/arm-none-eabi-gcc-4_7_3/bin/../lib/gcc/arm-none-eabi/4.7.3/armv6-m\libgcc.a(ledf2.o)
                0x00001ad8                __ledf2
                0x00001ad8                __ltdf2
 *(.text*)
 .text.Default_Handler
                0x00001bb0        0xc ./Project_Settings/Startup_Code/kinetis_sysinit.o
                0x00001bb0                I2C0_IRQHandler
                0x00001bb0                HardFault_Handler
                0x00001bb0                SysTick_Handler
                0x00001bb0                PendSV_Handler
                0x00001bb0                NMI_Handler
                0x00001bb0                ADC0_IRQHandler
                0x00001bb0                SPI1_IRQHandler
                0x00001bb0                UART2_SCI2_IRQHandler
                0x00001bb0                IRQ_IRQHandler
                0x00001bb0                PIT_CH0_IRQHandler
                0x00001bb0                Default_Handler
                0x00001bb0                ACMP0_IRQHandler
                0x00001bb0                SVC_Handler
                0x00001bb0                ICS_IRQHandler
                0x00001bb0                PIT_CH1_IRQHandler
                0x00001bb0                FTMRH_IRQHandler
                0x00001bb0                KBI0_IRQHandler
                0x00001bb0                PMC_IRQHandler
                0x00001bb0                SPI0_IRQHandler
                0x00001bb0                FTM2_IRQHandler
                0x00001bb0                ACMP1_IRQHandler
                0x00001bb0                KBI1_IRQHandler
                0x00001bb0                UART1_SCI1_IRQHandler
 .text.__init_hardware
                0x00001bbc       0x38 ./Project_Settings/Startup_Code/kinetis_sysinit.o
                0x00001bbc                __init_hardware
 .text.zero_fill_bss
                0x00001bf4       0x24 ./Project_Settings/Startup_Code/__arm_start.o
 .text.__thumb_startup
                0x00001c18       0x30 ./Project_Settings/Startup_Code/__arm_start.o
                0x00001c18                __thumb_startup
 .text._ExitProcess
                0x00001c48        0xc ./Project_Settings/Startup_Code/__arm_end.o
                0x00001c48                _ExitProcess
 .text.Auto_Air_Var_Init
                0x00001c54       0x24 ./Sources/Application/Auto_air/auto_air.o
                0x00001c54                Auto_Air_Var_Init
 .text.Search_Table
                0x00001c78      0x234 ./Sources/Application/Auto_air/auto_air.o
                0x00001c78                Search_Table
 .text.RLS_Auto_Solar_Task
                0x00001eac      0x1e4 ./Sources/Application/Auto_air/auto_air.o
                0x00001eac                RLS_Auto_Solar_Task
 .text.Auto_light_Var_Init
                0x00002090       0x18 ./Sources/Application/Auto_light/auto_light.o
                0x00002090                Auto_light_Var_Init
 .text.RLS_AutoLightControl
                0x000020a8      0x1c0 ./Sources/Application/Auto_light/auto_light.o
                0x000020a8                RLS_AutoLightControl
 .text.RLS_Light_Module_Fault_Process
                0x00002268       0x98 ./Sources/Application/Auto_light/auto_light.o
                0x00002268                RLS_Light_Module_Fault_Process
 .text.RLS_Auto_Light_Task
                0x00002300       0xa0 ./Sources/Application/Auto_light/auto_light.o
                0x00002300                RLS_Auto_Light_Task
 .text.Auto_Wiper_Var_Init
                0x000023a0       0xb0 ./Sources/Application/Auto_wiper/auto_wiper.o
                0x000023a0                Auto_Wiper_Var_Init
 .text.RLS_Rain_Module_Fault_Process
                0x00002450       0x98 ./Sources/Application/Auto_wiper/auto_wiper.o
                0x00002450                RLS_Rain_Module_Fault_Process
 .text.RLS_Get_Rain_State
                0x000024e8      0x52c ./Sources/Application/Auto_wiper/auto_wiper.o
                0x000024e8                RLS_Get_Rain_State
 .text.RLS_Get_Rain_RainIntensity
                0x00002a14      0x1d8 ./Sources/Application/Auto_wiper/auto_wiper.o
                0x00002a14                RLS_Get_Rain_RainIntensity
 .text.RLS_Get_Rain_ExpectStage
                0x00002bec       0x34 ./Sources/Application/Auto_wiper/auto_wiper.o
                0x00002bec                RLS_Get_Rain_ExpectStage
 .text.RLS_Mask_False_Operation
                0x00002c20      0x198 ./Sources/Application/Auto_wiper/auto_wiper.o
                0x00002c20                RLS_Mask_False_Operation
 .text.RLS_Invalid_DataProcess
                0x00002db8      0x1fc ./Sources/Application/Auto_wiper/auto_wiper.o
                0x00002db8                RLS_Invalid_DataProcess
 .text.RLS_Period_Mode
                0x00002fb4       0x68 ./Sources/Application/Auto_wiper/auto_wiper.o
                0x00002fb4                RLS_Period_Mode
 .text.RLS_Rain_State_Mchaine
                0x0000301c     0x11ac ./Sources/Application/Auto_wiper/auto_wiper.o
                0x0000301c                RLS_Rain_State_Mchaine
 .text.RLS_Wipe_Park_Process
                0x000041c8       0x6c ./Sources/Application/Auto_wiper/auto_wiper.o
                0x000041c8                RLS_Wipe_Park_Process
 .text.RLS_Auto_Rain_Task
                0x00004234       0x1c ./Sources/Application/Auto_wiper/auto_wiper.o
                0x00004234                RLS_Auto_Rain_Task
 .text.RLS_Single_Wipe_Function
                0x00004250       0xb8 ./Sources/Application/Auto_wiper/auto_wiper.o
                0x00004250                RLS_Single_Wipe_Function
 .text.RLS_Lin_Diag_Fucntion
                0x00004308       0x34 ./Sources/Application/Auto_wiper/auto_wiper.o
                0x00004308                RLS_Lin_Diag_Fucntion
 .text.Battery_Var_init
                0x0000433c       0x30 ./Sources/Application/Battery/battery.o
                0x0000433c                Battery_Var_init
 .text.RLS_Battery_Measurement
                0x0000436c       0x3c ./Sources/Application/Battery/battery.o
                0x0000436c                RLS_Battery_Measurement
 .text.RLS_Battery_State
                0x000043a8       0x94 ./Sources/Application/Battery/battery.o
                0x000043a8                RLS_Battery_State
 .text.Globle_Eep_parameter_Init
                0x0000443c       0xa4 ./Sources/Application/Config_parameters/config_parameter.o
                0x0000443c                Globle_Eep_parameter_Init
 .text.RLS_SelfAdaptTask
                0x000044e0      0x2f8 ./Sources/Application/Self_Adapt/self_adapt.o
                0x000044e0                RLS_SelfAdaptTask
 .text.SPI_Enable
                0x000047d8       0x1c ./Sources/Application/Sleep/sleep.o
 .text.SPI_Disable
                0x000047f4       0x1c ./Sources/Application/Sleep/sleep.o
 .text.Sleep_Var_Init
                0x00004810       0x50 ./Sources/Application/Sleep/sleep.o
                0x00004810                Sleep_Var_Init
 .text.Sleep_check
                0x00004860       0x58 ./Sources/Application/Sleep/sleep.o
                0x00004860                Sleep_check
 .text.Auto_Roof_Process
                0x000048b8      0x168 ./Sources/Application/Sleep/sleep.o
                0x000048b8                Auto_Roof_Process
 .text.Sleep_Process
                0x00004a20      0x180 ./Sources/Application/Sleep/sleep.o
                0x00004a20                Sleep_Process
 .text.Recover_Process
                0x00004ba0       0x90 ./Sources/Application/Sleep/sleep.o
                0x00004ba0                Recover_Process
 .text.Gloable_Var_Init
                0x00004c30       0x88 ./Sources/Application/main.o
                0x00004c30                Gloable_Var_Init
 .text.main     0x00004cb8      0x12c ./Sources/Application/main.o
                0x00004cb8                main
 .text.Diagnostic_Var_init
                0x00004de4       0x28 ./Sources/Driver/LIN_Stack/Diagnostic/lin_diagnostic_service.o
                0x00004de4                Diagnostic_Var_init
 .text.lin_diagservice_session_state
                0x00004e0c       0x58 ./Sources/Driver/LIN_Stack/Diagnostic/lin_diagnostic_service.o
                0x00004e0c                lin_diagservice_session_state
 .text.boot_jump_to_APP
                0x00004e64       0x18 ./Sources/Driver/LIN_Stack/Diagnostic/lin_diagnostic_service.o
                0x00004e64                boot_jump_to_APP
 .text.lin_diagservice_session_control
                0x00004e7c       0xf8 ./Sources/Driver/LIN_Stack/Diagnostic/lin_diagnostic_service.o
                0x00004e7c                lin_diagservice_session_control
 .text.uds_calc_key
                0x00004f74       0xa0 ./Sources/Driver/LIN_Stack/Diagnostic/lin_diagnostic_service.o
                0x00004f74                uds_calc_key
 .text.lin_diagservice_service_securityaccess
                0x00005014      0x100 ./Sources/Driver/LIN_Stack/Diagnostic/lin_diagnostic_service.o
                0x00005014                lin_diagservice_service_securityaccess
 .text.lin_diagservice_read_data_by_identifier
                0x00005114      0x12c ./Sources/Driver/LIN_Stack/Diagnostic/lin_diagnostic_service.o
                0x00005114                lin_diagservice_read_data_by_identifier
 .text.lin_diagservice_write_data_by_identifier
                0x00005240      0x2b8 ./Sources/Driver/LIN_Stack/Diagnostic/lin_diagnostic_service.o
                0x00005240                lin_diagservice_write_data_by_identifier
 .text.lin_diagservice_assign_frame_id_range
                0x000054f8      0x140 ./Sources/Driver/LIN_Stack/Diagnostic/lin_diagnostic_service.o
                0x000054f8                lin_diagservice_assign_frame_id_range
 .text.lin_diagservice_read_by_identifier
                0x00005638       0x74 ./Sources/Driver/LIN_Stack/Diagnostic/lin_diagnostic_service.o
                0x00005638                lin_diagservice_read_by_identifier
 .text.lin_condittional_change_nad
                0x000056ac       0xa0 ./Sources/Driver/LIN_Stack/Diagnostic/lin_diagnostic_service.o
                0x000056ac                lin_condittional_change_nad
 .text.lin_diagsrv_functional_service
                0x0000574c       0x1c ./Sources/Driver/LIN_Stack/Diagnostic/lin_diagnostic_service.o
                0x0000574c                lin_diagsrv_functional_service
 .text.lin_lld_uart_init
                0x00005768       0xdc ./Sources/Driver/LIN_Stack/bsp/UART/lin_lld_uart.o
                0x00005768                lin_lld_uart_init
 .text.lin_lld_uart_ignore_response
                0x00005844        0xc ./Sources/Driver/LIN_Stack/bsp/UART/lin_lld_uart.o
                0x00005844                lin_lld_uart_ignore_response
 .text.lin_lld_uart_set_low_power_mode
                0x00005850       0x14 ./Sources/Driver/LIN_Stack/bsp/UART/lin_lld_uart.o
                0x00005850                lin_lld_uart_set_low_power_mode
 .text.lin_lld_uart_rx_response
                0x00005864       0x40 ./Sources/Driver/LIN_Stack/bsp/UART/lin_lld_uart.o
                0x00005864                lin_lld_uart_rx_response
 .text.lin_lld_uart_tx_response
                0x000058a4       0x58 ./Sources/Driver/LIN_Stack/bsp/UART/lin_lld_uart.o
                0x000058a4                lin_lld_uart_tx_response
 .text.lin_lld_uart_timeout
                0x000058fc      0x168 ./Sources/Driver/LIN_Stack/bsp/UART/lin_lld_uart.o
                0x000058fc                lin_lld_uart_timeout
 .text.lin_goto_idle_state
                0x00005a64       0x44 ./Sources/Driver/LIN_Stack/bsp/UART/lin_lld_uart.o
                0x00005a64                lin_goto_idle_state
 .text.lin_lld_uart_rx_isr
                0x00005aa8      0x4f0 ./Sources/Driver/LIN_Stack/bsp/UART/lin_lld_uart.o
                0x00005aa8                lin_lld_uart_rx_isr
 .text.lin_lld_timer_K_init
                0x00005f98       0x7c ./Sources/Driver/LIN_Stack/bsp/UART/lin_lld_timesrv.o
                0x00005f98                lin_lld_timer_K_init
 .text.lin_lld_timer_isr
                0x00006014        0xc ./Sources/Driver/LIN_Stack/bsp/UART/lin_lld_timesrv.o
                0x00006014                lin_lld_timer_isr
 .text.UART0_SCI0_IRQHandler
                0x00006020        0xc ./Sources/Driver/LIN_Stack/bsp/UART/lin_isr.o
                0x00006020                UART0_SCI0_IRQHandler
 *fill*         0x0000602c        0x4 00
 .text.FTM1_IRQHandler
                0x00006030       0x68 ./Sources/Driver/LIN_Stack/bsp/UART/lin_isr.o
                0x00006030                FTM1_IRQHandler
 .text.lin_update_word_status_lin21
                0x00006098       0x7c ./Sources/Driver/LIN_Stack/coreapi/lin_lin21_proto.o
                0x00006098                lin_update_word_status_lin21
 .text.lin_update_err_signal
                0x00006114       0x7c ./Sources/Driver/LIN_Stack/coreapi/lin_lin21_proto.o
                0x00006114                lin_update_err_signal
 .text.lin_make_res_evnt_frame
                0x00006190       0x38 ./Sources/Driver/LIN_Stack/coreapi/lin_lin21_proto.o
                0x00006190                lin_make_res_evnt_frame
 .text.lin_pid_response_callback_handler
                0x000061c8       0x78 ./Sources/Driver/LIN_Stack/coreapi/lin_common_proto.o
                0x000061c8                lin_pid_response_callback_handler
 .text.lin_process_pid
                0x00006240      0x15c ./Sources/Driver/LIN_Stack/coreapi/lin_common_proto.o
                0x00006240                lin_process_pid
 .text.lin_update_rx
                0x0000639c       0xe8 ./Sources/Driver/LIN_Stack/coreapi/lin_common_proto.o
                0x0000639c                lin_update_rx
 .text.lin_update_tx
                0x00006484       0xd0 ./Sources/Driver/LIN_Stack/coreapi/lin_common_proto.o
                0x00006484                lin_update_tx
 .text.lin_handle_error
                0x00006554       0xd8 ./Sources/Driver/LIN_Stack/coreapi/lin_common_proto.o
                0x00006554                lin_handle_error
 .text.lin_bus_activity_timeout
                0x0000662c       0x20 ./Sources/Driver/LIN_Stack/coreapi/lin_common_proto.o
                0x0000662c                lin_bus_activity_timeout
 .text.lin_update_tx_flags
                0x0000664c       0xe0 ./Sources/Driver/LIN_Stack/coreapi/lin_common_proto.o
                0x0000664c                lin_update_tx_flags
 .text.lin_update_rx_diag_frame
                0x0000672c       0x28 ./Sources/Driver/LIN_Stack/coreapi/lin_common_proto.o
                0x0000672c                lin_update_rx_diag_frame
 .text.lin_make_res_diag_frame
                0x00006754        0xc ./Sources/Driver/LIN_Stack/coreapi/lin_common_proto.o
                0x00006754                lin_make_res_diag_frame
 .text.lin_get_frame_index
                0x00006760       0x5c ./Sources/Driver/LIN_Stack/coreapi/lin_common_proto.o
                0x00006760                lin_get_frame_index
 .text.lin_process_uncd_frame
                0x000067bc      0x130 ./Sources/Driver/LIN_Stack/coreapi/lin_common_proto.o
                0x000067bc                lin_process_uncd_frame
 .text.l_sys_init
                0x000068ec       0x10 ./Sources/Driver/LIN_Stack/coreapi/lin_common_api.o
                0x000068ec                l_sys_init
 .text.l_ifc_init
                0x000068fc       0x1c ./Sources/Driver/LIN_Stack/coreapi/lin_common_api.o
                0x000068fc                l_ifc_init
 .text.lin_lld_init
                0x00006918       0x14 ./Sources/Driver/LIN_Stack/lowlevel/lin.o
                0x00006918                lin_lld_init
 .text.lin_lld_ignore_response
                0x0000692c       0x10 ./Sources/Driver/LIN_Stack/lowlevel/lin.o
                0x0000692c                lin_lld_ignore_response
 .text.lin_lld_set_low_power_mode
                0x0000693c       0x10 ./Sources/Driver/LIN_Stack/lowlevel/lin.o
                0x0000693c                lin_lld_set_low_power_mode
 .text.lin_lld_set_response
                0x0000694c       0x4c ./Sources/Driver/LIN_Stack/lowlevel/lin.o
                0x0000694c                lin_lld_set_response
 .text.lin_lld_rx_response
                0x00006998       0x20 ./Sources/Driver/LIN_Stack/lowlevel/lin.o
                0x00006998                lin_lld_rx_response
 .text.lin_process_parity
                0x000069b8       0xf0 ./Sources/Driver/LIN_Stack/lowlevel/lin.o
                0x000069b8                lin_process_parity
 .text.lin_checksum
                0x00006aa8       0x9c ./Sources/Driver/LIN_Stack/lowlevel/lin.o
                0x00006aa8                lin_checksum
 .text.lin_lld_timer_init
                0x00006b44        0xc ./Sources/Driver/LIN_Stack/lowlevel/lin.o
                0x00006b44                lin_lld_timer_init
 .text.SPI_COM  0x00006b50       0x68 ./Sources/Driver/SPI/spi.o
                0x00006b50                SPI_COM
 .text.SPI_Init
                0x00006bb8       0x74 ./Sources/Driver/SPI/spi.o
                0x00006bb8                SPI_Init
 .text.SPI_SetBaudRate
                0x00006c2c       0xe4 ./Sources/Driver/SPI/spi.o
                0x00006c2c                SPI_SetBaudRate
 .text.SPI_Wr_Cmd
                0x00006d10      0x174 ./Sources/Driver/SPI/spi.o
                0x00006d10                SPI_Wr_Cmd
 .text.SPI_Wr_Reg
                0x00006e84      0x298 ./Sources/Driver/SPI/spi.o
                0x00006e84                SPI_Wr_Reg
 .text.SPI_Rd_Reg
                0x0000711c       0xc4 ./Sources/Driver/SPI/spi.o
                0x0000711c                SPI_Rd_Reg
 .text.MLX75308_SetPara
                0x000071e0      0x49c ./Sources/Driver/SPI/spi.o
                0x000071e0                MLX75308_SetPara
 .text.SPI_Rd_Mchan
                0x0000767c      0x1f0 ./Sources/Driver/SPI/spi.o
                0x0000767c                SPI_Rd_Mchan
 .text.MLX75308_Meansure
                0x0000786c       0xac ./Sources/Driver/SPI/spi.o
                0x0000786c                MLX75308_Meansure
 .text.ADC_Init
                0x00007918       0x38 ./Sources/Driver/adc/adc.o
                0x00007918                ADC_Init
 .text.get_adc  0x00007950       0x38 ./Sources/Driver/adc/adc.o
                0x00007950                get_adc
 .text.get_adc_times
                0x00007988       0x74 ./Sources/Driver/adc/adc.o
                0x00007988                get_adc_times
 .text.Clk_Init
                0x000079fc       0x84 ./Sources/Driver/clock/clock.o
                0x000079fc                Clk_Init
 .text.Delay_Ms
                0x00007a80       0x64 ./Sources/Driver/clock/clock.o
                0x00007a80                Delay_Ms
 .text.Delay_Nus
                0x00007ae4       0x3c ./Sources/Driver/clock/clock.o
                0x00007ae4                Delay_Nus
 .text.FLASH_Init
                0x00007b20       0xfc ./Sources/Driver/eeprom/eeprom.o
                0x00007b20                FLASH_Init
 .text.FLASH_LaunchCMD
                0x00007c1c       0x48 ./Sources/Driver/eeprom/eeprom.o
                0x00007c1c                FLASH_LaunchCMD
 .text.EEPROM_EraseSector
                0x00007c64       0xe4 ./Sources/Driver/eeprom/eeprom.o
                0x00007c64                EEPROM_EraseSector
 .text.EEPROM_ProgramWord
                0x00007d48      0x110 ./Sources/Driver/eeprom/eeprom.o
                0x00007d48                EEPROM_ProgramWord
 .text.write_data_from_EEPROM
                0x00007e58      0x388 ./Sources/Driver/eeprom/eeprom.o
                0x00007e58                write_data_from_EEPROM
 .text.read_data_from_EEPROM
                0x000081e0      0x11c ./Sources/Driver/eeprom/eeprom.o
                0x000081e0                read_data_from_EEPROM
 .text.FTM0_Init
                0x000082fc       0x80 ./Sources/Driver/ftm/ftm.o
                0x000082fc                FTM0_Init
 *fill*         0x0000837c        0x4 00
 .text.FTM0_IRQHandler
                0x00008380       0xe0 ./Sources/Driver/ftm/ftm.o
                0x00008380                FTM0_IRQHandler
 .text.GPIO_Init
                0x00008460      0x208 ./Sources/Driver/gpio/gpio.o
                0x00008460                GPIO_Init
 .text.PMC_Init
                0x00008668       0x64 ./Sources/Driver/pmc/pmc.o
                0x00008668                PMC_Init
 .text.RTC_EnableInt
                0x000086cc       0x18 ./Sources/Driver/rtc/rtc.o
                0x000086cc                RTC_EnableInt
 .text.RTC_DisableInt
                0x000086e4       0x18 ./Sources/Driver/rtc/rtc.o
                0x000086e4                RTC_DisableInt
 .text.RTC_Init
                0x000086fc       0x6c ./Sources/Driver/rtc/rtc.o
                0x000086fc                RTC_Init
 .text.RTC_IRQHandler
                0x00008768       0x18 ./Sources/Driver/rtc/rtc.o
                0x00008768                RTC_IRQHandler
 .text.WDOG_Feed
                0x00008780       0x24 ./Sources/Driver/watchdog/watchdog.o
                0x00008780                WDOG_Feed
 .text.WDG_IRQHandler
                0x000087a4       0x1c ./Sources/Driver/watchdog/watchdog.o
                0x000087a4                WDG_IRQHandler
 .text.Lin_Var_Init
                0x000087c0       0x28 ./Sources/Transport/LIN_app/lin_app.o
                0x000087c0                Lin_Var_Init
 .text.Lin_Sys_Init
                0x000087e8       0x64 ./Sources/Transport/LIN_app/lin_app.o
                0x000087e8                Lin_Sys_Init
 .text.Lin_Busy_Process
                0x0000884c       0x14 ./Sources/Transport/LIN_app/lin_app.o
                0x0000884c                Lin_Busy_Process
 .text.message_cnt
                0x00008860        0x8 ./Sources/Transport/LIN_app/lin_app.o
                0x00008860                message_cnt
 .text.RLS_Analysis_Master_Data
                0x00008868       0x68 ./Sources/Transport/LIN_app/lin_app.o
                0x00008868                RLS_Analysis_Master_Data
 .text.RLS_APP_Get_Data
                0x000088d0       0xa0 ./Sources/Transport/LIN_app/lin_app.o
                0x000088d0                RLS_APP_Get_Data
 .text.Lin_RLS_data
                0x00008970       0x18 ./Sources/Transport/LIN_app/lin_app.o
                0x00008970                Lin_RLS_data
 .text.RLS_APP_Send_data
                0x00008988      0x328 ./Sources/Transport/LIN_app/lin_app.o
                0x00008988                RLS_APP_Send_data
 .text.RLHS_APP_Send_data
                0x00008cb0      0x270 ./Sources/Transport/LIN_app/lin_app.o
                0x00008cb0                RLHS_APP_Send_data
 .text.RLHS01_APP_Send_data
                0x00008f20      0x1f0 ./Sources/Transport/LIN_app/lin_app.o
                0x00008f20                RLHS01_APP_Send_data
 .text.Lin_RLS_Wakeup_BCM
                0x00009110       0x2c ./Sources/Transport/LIN_app/lin_app.o
                0x00009110                Lin_RLS_Wakeup_BCM
 .text.Get_All_data_From_EEPROM
                0x0000913c       0x20 ./Sources/Transport/Local_eep_data/local_eep_data.o
                0x0000913c                Get_All_data_From_EEPROM
 .text.Set_Data_To_EEPROM
                0x0000915c       0xdc ./Sources/Transport/Local_eep_data/local_eep_data.o
                0x0000915c                Set_Data_To_EEPROM
 .text.Write_App_value_flag
                0x00009238       0x24 ./Sources/Transport/Local_eep_data/local_eep_data.o
                0x00009238                Write_App_value_flag
 .text.Read_App_value_flag
                0x0000925c       0x24 ./Sources/Transport/Local_eep_data/local_eep_data.o
                0x0000925c                Read_App_value_flag
 .text.RLS_Rain_Get_Measure
                0x00009280      0x39c ./Sources/Transport/MLX75308/mlx75308.o
                0x00009280                RLS_Rain_Get_Measure
 .text.MLX75308_Init
                0x0000961c      0x120 ./Sources/Transport/MLX75308/mlx75308.o
                0x0000961c                MLX75308_Init
 .text.ld_read_by_id_callout
                0x0000973c       0x78 ./Sources/Transport/lin_cfg/lin_cfg.o
                0x0000973c                ld_read_by_id_callout
 .text.lin_tl_make_slaveres_pdu
                0x000097b4      0x764 ./Sources/Transport/lin_transport/lin_commontl_proto.o
                0x000097b4                lin_tl_make_slaveres_pdu
 .text.lin_tl_get_pdu
                0x00009f18       0x5c ./Sources/Transport/lin_transport/lin_commontl_proto.o
                0x00009f18                lin_tl_get_pdu
 .text.lin_process_pdu
                0x00009f74      0x260 ./Sources/Transport/lin_transport/lin_commontl_proto.o
 .text.lin_tl_handler
                0x0000a1d4      0x164 ./Sources/Transport/lin_transport/lin_commontl_proto.o
                0x0000a1d4                lin_tl_handler
 .text.lin_tl_attach_service
                0x0000a338      0x1a4 ./Sources/Transport/lin_transport/lin_commontl_proto.o
                0x0000a338                lin_tl_attach_service
 .text.tl_put_raw
                0x0000a4dc       0xcc ./Sources/Transport/lin_transport/lin_commontl_proto.o
                0x0000a4dc                tl_put_raw
 .text.tl_get_raw
                0x0000a5a8       0xe8 ./Sources/Transport/lin_transport/lin_commontl_proto.o
                0x0000a5a8                tl_get_raw
 .text.ld_get_raw
                0x0000a690       0x20 ./Sources/Transport/lin_transport/lin_commontl_api.o
                0x0000a690                ld_get_raw
 .text.ld_receive_message
                0x0000a6b0      0x284 ./Sources/Transport/lin_transport/lin_commontl_api.o
                0x0000a6b0                ld_receive_message
 .text.exit     0x0000a934       0x38 D:/CW11.0/CW MCU v11.0/MCU/ARM_GCC_Support/ewl/lib/armv6-m\libc.a(exit.o)
                0x0000a934                exit
 .text.rand     0x0000a96c       0x20 D:/CW11.0/CW MCU v11.0/MCU/ARM_GCC_Support/ewl/lib/armv6-m\libc.a(rand.o)
                0x0000a96c                rand
 .text.memset   0x0000a98c        0xc D:/CW11.0/CW MCU v11.0/MCU/ARM_GCC_Support/ewl/lib/armv6-m\libc.a(memset.o)
                0x0000a98c                memset
 .text.__fill_mem
                0x0000a998       0x7e D:/CW11.0/CW MCU v11.0/MCU/ARM_GCC_Support/ewl/lib/armv6-m\libc.a(__filll_mem.o)
                0x0000a998                __fill_mem
 *fill*         0x0000aa16        0x2 00
 .text.__init_cpp
                0x0000aa18       0x48 D:/CW11.0/CW MCU v11.0/MCU/ARM_GCC_Support/ewl/lib/armv6-m\librt.a(gcc_ctor_dtor.o)
                0x0000aa18                __init_cpp
 .text.__fini_cpp
                0x0000aa60       0x34 D:/CW11.0/CW MCU v11.0/MCU/ARM_GCC_Support/ewl/lib/armv6-m\librt.a(gcc_ctor_dtor.o)
                0x0000aa60                __fini_cpp
 .text.__destroy_global_chain
                0x0000aa94       0x1c D:/CW11.0/CW MCU v11.0/MCU/ARM_GCC_Support/ewl/lib/armv6-m\librt.a(__arm_eabi_init.o)
                0x0000aa94                __destroy_global_chain
 .text.__init_registers
                0x0000aab0       0x1c D:/CW11.0/CW MCU v11.0/MCU/ARM_GCC_Support/ewl/lib/armv6-m\librt.a(__arm_eabi_init.o)
                0x0000aab0                __init_registers
 .text.__init_user
                0x0000aacc        0x4 D:/CW11.0/CW MCU v11.0/MCU/ARM_GCC_Support/ewl/lib/armv6-m\librt.a(__arm_eabi_init.o)
                0x0000aacc                __init_user
 .text.__copy_rom_section
                0x0000aad0       0x48 D:/CW11.0/CW MCU v11.0/MCU/ARM_GCC_Support/ewl/lib/armv6-m\librt.a(ROMCopy.o)
                0x0000aad0                __copy_rom_section
 .text.__copy_rom_sections_to_ram
                0x0000ab18       0x34 D:/CW11.0/CW MCU v11.0/MCU/ARM_GCC_Support/ewl/lib/armv6-m\librt.a(ROMCopy.o)
                0x0000ab18                __copy_rom_sections_to_ram
 *(.rodata)
 *(.rodata*)
 .rodata.Light_Stastegy_Parameter
                0x0000ab4c        0xc ./Sources/Application/Auto_light/auto_light.o
                0x0000ab4c                Light_Stastegy_Parameter
 .rodata.Rain_Stastegy_Parameter
                0x0000ab58       0x50 ./Sources/Application/Auto_wiper/auto_wiper.o
                0x0000ab58                Rain_Stastegy_Parameter
 .rodata.RLS_Invalid_DataProcess
                0x0000aba8       0x30 ./Sources/Application/Auto_wiper/auto_wiper.o
 .rodata.RLS_Rain_State_Mchaine
                0x0000abd8       0x18 ./Sources/Application/Auto_wiper/auto_wiper.o
 .rodata.Software_Versions
                0x0000abf0        0x4 ./Sources/Application/Config_parameters/config_parameter.o
                0x0000abf0                Software_Versions
 .rodata.Hardware_Versions
                0x0000abf4        0x4 ./Sources/Application/Config_parameters/config_parameter.o
                0x0000abf4                Hardware_Versions
 .rodata.lin_lld_uart_timeout
                0x0000abf8       0x28 ./Sources/Driver/LIN_Stack/bsp/UART/lin_lld_uart.o
 .rodata.lin_lld_uart_rx_isr
                0x0000ac20       0x20 ./Sources/Driver/LIN_Stack/bsp/UART/lin_lld_uart.o
 .rodata.MLX75308_SetPara
                0x0000ac40       0x54 ./Sources/Driver/SPI/spi.o
 .rodata.RLS_APP_Get_Data
                0x0000ac94       0x1c ./Sources/Transport/LIN_app/lin_app.o
 .rodata.Mlx75308_Config_Parameter
                0x0000acb0       0x14 ./Sources/Transport/MLX75308/mlx75308.o
                0x0000acb0                Mlx75308_Config_Parameter
 .rodata.LI0_response_error_signal
                0x0000acc4        0x1 ./Sources/Transport/lin_cfg/lin_cfg.o
                0x0000acc4                LI0_response_error_signal
 .rodata.response_error_byte_offset
                0x0000acc5        0x1 ./Sources/Transport/lin_cfg/lin_cfg.o
                0x0000acc5                response_error_byte_offset
 .rodata.response_error_bit_offset
                0x0000acc6        0x1 ./Sources/Transport/lin_cfg/lin_cfg.o
                0x0000acc6                response_error_bit_offset
 *fill*         0x0000acc7        0x1 00
 .rodata.lin_frame_tbl
                0x0000acc8       0x48 ./Sources/Transport/lin_cfg/lin_cfg.o
                0x0000acc8                lin_frame_tbl
 .rodata.lin_max_frame_res_timeout_val
                0x0000ad10       0x10 ./Sources/Transport/lin_cfg/lin_cfg.o
                0x0000ad10                lin_max_frame_res_timeout_val
 .rodata.lin_initial_NAD
                0x0000ad20        0x1 ./Sources/Transport/lin_cfg/lin_cfg.o
                0x0000ad20                lin_initial_NAD
 *fill*         0x0000ad21        0x3 00
 .rodata.product_id
                0x0000ad24        0x8 ./Sources/Transport/lin_cfg/lin_cfg.o
                0x0000ad24                product_id
 .rodata.response_error
                0x0000ad2c        0x1 ./Sources/Transport/lin_cfg/lin_cfg.o
                0x0000ad2c                response_error
 *fill*         0x0000ad2d        0x3 00
 .rodata.lin_diag_services_supported
                0x0000ad30        0xc ./Sources/Transport/lin_cfg/lin_cfg.o
                0x0000ad30                lin_diag_services_supported
 *(.glue_7)
 .glue_7        0x00000000        0x0 linker stubs
 *(.glue_7t)
 .glue_7t       0x00000000        0x0 linker stubs
 *(.eh_frame)
 *(.init)
 *(.fini)
                0x0000ad3c                . = ALIGN (0x4)
                0x0000ad3c                _etext = .

.vfp11_veneer   0x0000ad3c        0x0
 .vfp11_veneer  0x00000000        0x0 linker stubs

.v4_bx          0x0000ad3c        0x0
 .v4_bx         0x00000000        0x0 linker stubs

.iplt           0x0000ad3c        0x0
 .iplt          0x00000000        0x0 ./Project_Settings/Startup_Code/kinetis_sysinit.o

.rel.dyn        0x0000ad3c        0x0
 .rel.iplt      0x00000000        0x0 ./Project_Settings/Startup_Code/kinetis_sysinit.o

.ARM.extab
 *(.ARM.extab* .gnu.linkonce.armextab.*)

.ARM            0x0000ad3c        0x0
                0x0000ad3c                __exidx_start = .
 *(.ARM.exidx*)
                0x0000ad3c                __exidx_end = .

.ctors          0x0000ad3c        0x0
                0x0000ad3c                __CTOR_LIST__ = .
 *crtbegin.o(.ctors)
 *(EXCLUDE_FILE(*crtend.o) .ctors)
 *(SORT(.ctors.*))
 *(.ctors)
                0x0000ad3c                __CTOR_END__ = .

.dtors          0x0000ad3c        0x0
                0x0000ad3c                __DTOR_LIST__ = .
 *crtbegin.o(.dtors)
 *(EXCLUDE_FILE(*crtend.o) .dtors)
 *(SORT(.dtors.*))
 *(.dtors)
                0x0000ad3c                __DTOR_END__ = .

.preinit_array  0x0000ad3c        0x0
                0x0000ad3c                PROVIDE (__preinit_array_start, .)
 *(.preinit_array*)
                0x0000ad3c                PROVIDE (__preinit_array_end, .)

.init_array     0x0000ad3c        0x0
                0x0000ad3c                PROVIDE (__init_array_start, .)
 *(SORT(.init_array.*))
 *(.init_array*)
                0x0000ad3c                PROVIDE (__init_array_end, .)

.fini_array     0x0000ad3c        0x0
                0x0000ad3c                PROVIDE (__fini_array_start, .)
 *(SORT(.fini_array.*))
 *(.fini_array*)
                0x0000ad3c                PROVIDE (__fini_array_end, .)
                0x0000ad3c                ___ROM_AT = .

.mtb            0x1ffffc00        0x0
                0x1ffffc00                . = ALIGN (0x8)
                0x1ffffc00                _mtb_start = .
 *(.mtb_buf)
                0x1ffffc00                . = ALIGN (0x8)
                0x1ffffc00                _mtb_end = .

.data           0x1ffffc00       0xac load address 0x0000ad3c
                0x1ffffc00                . = ALIGN (0x4)
                0x1ffffc00                _sdata = .
 *(.data)
 *(.data*)
 .data.Tab_AWG_Solar
                0x1ffffc00       0x40 ./Sources/Application/Auto_air/auto_air.o
 .data.Tab_Brightness_Solar
                0x1ffffc40       0x20 ./Sources/Application/Auto_air/auto_air.o
 .data.pUART    0x1ffffc60        0x4 ./Sources/Driver/LIN_Stack/bsp/UART/lin_lld_uart.o
 .data.ifc      0x1ffffc64        0x1 ./Sources/Driver/LIN_Stack/bsp/UART/lin_lld_uart.o
 .data.state    0x1ffffc65        0x1 ./Sources/Driver/LIN_Stack/bsp/UART/lin_lld_uart.o
 .data.pid      0x1ffffc66        0x1 ./Sources/Driver/LIN_Stack/bsp/UART/lin_lld_uart.o
 *fill*         0x1ffffc67        0x1 00
 .data.lin_pFrameBuf
                0x1ffffc68       0x10 ./Sources/Transport/lin_cfg/lin_cfg.o
                0x1ffffc68                lin_pFrameBuf
 .data.lin_configuration_RAM
                0x1ffffc78        0x8 ./Sources/Transport/lin_cfg/lin_cfg.o
                0x1ffffc78                lin_configuration_RAM
 .data.lin_configured_NAD
                0x1ffffc80        0x1 ./Sources/Transport/lin_cfg/lin_cfg.o
                0x1ffffc80                lin_configured_NAD
 *fill*         0x1ffffc81        0x3 00
 .data.lin_tl_tx_queue
                0x1ffffc84       0x10 ./Sources/Transport/lin_cfg/lin_cfg.o
                0x1ffffc84                lin_tl_tx_queue
 .data.lin_tl_rx_queue
                0x1ffffc94       0x10 ./Sources/Transport/lin_cfg/lin_cfg.o
                0x1ffffc94                lin_tl_rx_queue
 .data.tl_service_status
                0x1ffffca4        0x1 ./Sources/Transport/lin_cfg/lin_cfg.o
                0x1ffffca4                tl_service_status
 *fill*         0x1ffffca5        0x3 00
 .data.random_next
                0x1ffffca8        0x4 D:/CW11.0/CW MCU v11.0/MCU/ARM_GCC_Support/ewl/lib/armv6-m\libc.a(rand.o)
                0x1ffffcac                . = ALIGN (0x4)
                0x1ffffcac                _edata = .
                0x000000ac                ___data_size = (_edata - _sdata)

.igot.plt       0x1ffffcac        0x0 load address 0x0000ade8
 .igot.plt      0x00000000        0x0 ./Project_Settings/Startup_Code/kinetis_sysinit.o
                0x1ffffcac                . = ALIGN (0x4)

.bss            0x1ffffcac      0x2bc load address 0x0000ade8
                0x1ffffcac                __START_BSS = .
                0x1ffffcac                PROVIDE (__bss_start__, __START_BSS)
 *(.bss)
 *(.bss*)
 .bss.argv      0x1ffffcac        0x4 ./Project_Settings/Startup_Code/__arm_start.o
 .bss.l_status  0x1ffffcb0        0x4 ./Sources/Driver/LIN_Stack/bsp/UART/lin_lld_uart.o
 .bss.cnt_byte  0x1ffffcb4        0x1 ./Sources/Driver/LIN_Stack/bsp/UART/lin_lld_uart.o
 *fill*         0x1ffffcb5        0x3 00
 .bss.ptr       0x1ffffcb8        0x4 ./Sources/Driver/LIN_Stack/bsp/UART/lin_lld_uart.o
 .bss.current_id
                0x1ffffcbc        0x1 ./Sources/Driver/LIN_Stack/bsp/UART/lin_lld_uart.o
 *fill*         0x1ffffcbd        0x3 00
 .bss.response_buffer
                0x1ffffcc0        0x4 ./Sources/Driver/LIN_Stack/bsp/UART/lin_lld_uart.o
 .bss.tbit      0x1ffffcc4        0x2 ./Sources/Driver/LIN_Stack/bsp/UART/lin_lld_uart.o
 .bss.frame_timeout_cnt
                0x1ffffcc6        0x2 ./Sources/Driver/LIN_Stack/bsp/UART/lin_lld_uart.o
 .bss.res_frame_timeout_cnt
                0x1ffffcc8        0x2 ./Sources/Driver/LIN_Stack/bsp/UART/lin_lld_uart.o
 .bss.idle_timeout_cnt
                0x1ffffcca        0x2 ./Sources/Driver/LIN_Stack/bsp/UART/lin_lld_uart.o
 .bss.lin_save_configuration_flg
                0x1ffffccc        0x1 ./Sources/Transport/lin_cfg/lin_cfg.o
                0x1ffffccc                lin_save_configuration_flg
 *fill*         0x1ffffccd        0x3 00
 .bss.lin_flag_handle_tbl
                0x1ffffcd0        0x8 ./Sources/Transport/lin_cfg/lin_cfg.o
                0x1ffffcd0                lin_flag_handle_tbl
 .bss.lin_frame_flag_tbl
                0x1ffffcd8        0x8 ./Sources/Transport/lin_cfg/lin_cfg.o
                0x1ffffcd8                lin_frame_flag_tbl
 .bss.tl_diag_state
                0x1ffffce0        0x1 ./Sources/Transport/lin_cfg/lin_cfg.o
                0x1ffffce0                tl_diag_state
 *fill*         0x1ffffce1        0x3 00
 .bss.lin_diag_services_flag
                0x1ffffce4        0xc ./Sources/Transport/lin_cfg/lin_cfg.o
                0x1ffffce4                lin_diag_services_flag
 .bss.tl_slaveresp_cnt
                0x1ffffcf0        0x1 ./Sources/Transport/lin_cfg/lin_cfg.o
                0x1ffffcf0                tl_slaveresp_cnt
 *fill*         0x1ffffcf1        0x3 00
 .bss.__stdio_exit
                0x1ffffcf4        0x4 D:/CW11.0/CW MCU v11.0/MCU/ARM_GCC_Support/ewl/lib/armv6-m\libc.a(exit.o)
                0x1ffffcf4                __stdio_exit
 .bss.__console_exit
                0x1ffffcf8        0x4 D:/CW11.0/CW MCU v11.0/MCU/ARM_GCC_Support/ewl/lib/armv6-m\libc.a(exit.o)
                0x1ffffcf8                __console_exit
 .bss.__global_destructor_chain
                0x1ffffcfc        0x4 D:/CW11.0/CW MCU v11.0/MCU/ARM_GCC_Support/ewl/lib/armv6-m\librt.a(__arm_eabi_init.o)
                0x1ffffcfc                __global_destructor_chain
 .bss.__S_romp  0x1ffffd00        0xc D:/CW11.0/CW MCU v11.0/MCU/ARM_GCC_Support/ewl/lib/armv6-m\librt.a(ROMCopy.o)
 *(COMMON)
 COMMON         0x1ffffd0c       0x24 ./Sources/Application/Auto_air/auto_air.o
                0x1ffffd0c                Frist_on_flag
                0x1ffffd10                u16_solar_buffer
 COMMON         0x1ffffd30        0xc ./Sources/Application/Auto_light/auto_light.o
                0x1ffffd30                Light_on_cnt
                0x1ffffd32                u16_Brightness_UP
                0x1ffffd34                u8_LightOnTimer
                0x1ffffd38                Light_off_cnt
                0x1ffffd3a                u16_Brightness_FW
 COMMON         0x1ffffd3c       0xe8 ./Sources/Application/Auto_wiper/auto_wiper.o
                0x1ffffd3c                u8_HighHoldCnt
                0x1ffffd3d                u8_Rain_Delta
                0x1ffffd40                u16_DC_PD_dt
                0x1ffffd44                u8_enter_period_cnt
                0x1ffffd45                u8_IntSpeedFlgCnt
                0x1ffffd46                u8_Wiper_StatePre
                0x1ffffd48                u8_RainIntensity_Win
                0x1ffffd4b                u8_RLS_WindowCloseReq
                0x1ffffd4c                PD_Meas_Comp_Ref
                0x1ffffd50                u8_cnt_choose_pre
                0x1ffffd54                u16_Dt_PD
                0x1ffffd58                u8_IntSpeedCnt
                0x1ffffd59                u8_low_enter_high_timer
                0x1ffffd5a                u16_Solar_r_value_raw
                0x1ffffd5c                u16_PDA_Wmax
                0x1ffffd60                App_Rls_Error
                0x1ffffd66                u8_Rain_SensitivityLowValue
                0x1ffffd67                u8_Rain_Invalid_Cnt
                0x1ffffd68                u16_Ref_Adc_A
                0x1ffffd6a                u8_IntSpeedFlg
                0x1ffffd6b                u8_EnterLowSpeedCnt
                0x1ffffd6c                u8_Int_Time
                0x1ffffd6e                u16_PDB_Wmax
                0x1ffffd70                PD_Meas_Comp_Ref_Pre
                0x1ffffd74                u8_Vehicle_State_Pre
                0x1ffffd75                u8_ClearEnternIntSpeedCnt
                0x1ffffd76                u16_Solar_l_value_raw_temp
                0x1ffffd78                u8_HighSpeedHoldCnt
                0x1ffffd79                u8_ExitLowSpeedCnt
                0x1ffffd7a                u16_Solar_r_value_raw_temp
                0x1ffffd7c                u8_WiperSpeed_Expert
                0x1ffffd80                u8_RainIntensityPre
                0x1ffffd82                u8_Int_Time_pre
                0x1ffffd83                u8_Splash_cnt
                0x1ffffd84                u16_DC_Comp_Value
                0x1ffffd88                u8_RainIntensity
                0x1ffffd8a                u8_Cmd_Execution
                0x1ffffd8c                u8_PD_State
                0x1ffffd8e                u8_Wiper_StatePre_Int
                0x1ffffd90                u16_PD_Win_Max
                0x1ffffd94                u8_Rain_Valid
                0x1ffffd95                u8_RainIntensity_Max
                0x1ffffd96                u16_ExitLowSpeedTimer
                0x1ffffd98                u8_Wiper_StatePre_Int_Cnt
                0x1ffffd99                u8_Lin_Diag_Enable_Cnt
                0x1ffffd9a                RLS_StopMsureFlg
                0x1ffffd9b                u8_enter_period_flg
                0x1ffffd9c                u8_ls_error_cnt
                0x1ffffd9d                u8_cnt_choose
                0x1ffffd9e                u8_Vehicle_State
                0x1ffffd9f                u8_Sigle_Wipe_Cnt
                0x1ffffda0                u8_IntSpeedEnterCnt
                0x1ffffda4                Brightness_Infrared_Percentage
                0x1ffffda5                Lin_Diag_Enable
                0x1ffffda8                PD_WIN_AVG
                0x1ffffdc0                DC_WIN_BUFF
                0x1ffffe10                u8_Int_Cnt
                0x1ffffe12                u16_Pd_Measure_Value
                0x1ffffe14                u16_IntWindow_Cnt
                0x1ffffe16                u8_Rain_Flg
                0x1ffffe18                u8_Juge_Rain_Cnt
                0x1ffffe1a                u8_IntDelayTimer
                0x1ffffe1c                u16_RainWindow_Cnt
                0x1ffffe1e                u16_Solar_l_value_raw
                0x1ffffe20                u8_Wiper_State
                0x1ffffe21                u8_MeasureSureTime
                0x1ffffe22                u8_Rain_Value
                0x1ffffe23                u8_LowSpeedCnt
 COMMON         0x1ffffe24        0x4 ./Sources/Application/Battery/battery.o
                0x1ffffe24                u8_low_voltage_cnt
                0x1ffffe25                u8_high_voltage_cnt
                0x1ffffe26                u16_Battery_Volt
 COMMON         0x1ffffe28        0x7 ./Sources/Application/Sleep/sleep.o
                0x1ffffe28                bool_auto_roof_rain_measure_sleep_flg
                0x1ffffe29                Auto_Roof_FSM
                0x1ffffe2a                u8_wakeup_bcm_1min_timer
                0x1ffffe2b                bool_Mcu_wakeup_state
                0x1ffffe2c                bool_wakeup_bcm_cnt_sleep_flg
                0x1ffffe2d                bool_lin_cmd_sleep
                0x1ffffe2e                u8_wakeup_bcm_1500ms_timer
 *fill*         0x1ffffe2f        0x1 00
 COMMON         0x1ffffe30       0x11 ./Sources/Application/main.o
                0x1ffffe30                Timer_500ms_flag
                0x1ffffe31                Timer_500ms
                0x1ffffe32                Timer_600ms
                0x1ffffe33                Timer_4s
                0x1ffffe34                Timer_10ms_flag
                0x1ffffe35                Timer_100ms
                0x1ffffe36                Timer_50ms
                0x1ffffe37                Timer_100ms_flag
                0x1ffffe38                Timer_50ms_flag
                0x1ffffe3c                Timer_6h
                0x1ffffe40                RLS_RunMode
 *fill*         0x1ffffe41        0x3 00
 COMMON         0x1ffffe44       0x14 ./Sources/Driver/LIN_Stack/Diagnostic/lin_diagnostic_service.o
                0x1ffffe44                diagnostic_Session
                0x1ffffe48                boot_key
                0x1ffffe4c                boot_seed
                0x1ffffe50                diagnostic_Session_timer
                0x1ffffe54                boot_up_ret
                0x1ffffe56                diagnostic_Session_pre
                0x1ffffe57                boot_status_flag
 COMMON         0x1ffffe58        0x2 ./Sources/Driver/LIN_Stack/coreapi/lin_common_proto.o
                0x1ffffe58                frame_signal_error
                0x1ffffe59                frame_index
 *fill*         0x1ffffe5a        0x2 00
 COMMON         0x1ffffe5c       0x42 ./Sources/Transport/LIN_app/lin_app.o
                0x1ffffe5c                Lin_RLHS_frame
                0x1ffffe6c                RLS_APP_Value
                0x1ffffe74                Lin_RLHS01_frame
                0x1ffffe80                Lin_BCM_Frame
                0x1ffffe85                Lin_Busy_Flag
                0x1ffffe88                BCM_APP_Value
                0x1ffffe90                Lin_RLS1_frame
 *fill*         0x1ffffe9e        0x2 00
 COMMON         0x1ffffea0       0x16 ./Sources/Transport/Local_eep_data/local_eep_data.o
                0x1ffffea0                local_info
 *fill*         0x1ffffeb6        0x2 00
 COMMON         0x1ffffeb8       0x46 ./Sources/Transport/MLX75308/mlx75308.o
                0x1ffffeb8                u16_Delta_DC_bre_B
                0x1ffffeba                u16_Save_DC_bre_A
                0x1ffffebc                u16_Delta_DC_aft_B
                0x1ffffec0                Mnrval
                0x1ffffed4                MLX75308_B_Gain
                0x1ffffed6                u16_Delta_DC_bre_A
                0x1ffffed8                u16_Save_DC_aft_A
                0x1ffffeda                u16_Save_DC_bre_B
                0x1ffffedc                MLX75308_RxFrame
                0x1ffffef4                u16_DC_comp_value
                0x1ffffef6                u16_Save_DC_aft_B
                0x1ffffef8                u16_Delta_DC_aft_A
                0x1ffffefa                MLX75308_A_Gain
                0x1ffffefc                u16_DC_checkValue
 *fill*         0x1ffffefe        0x2 00
 COMMON         0x1fffff00       0x66 ./Sources/Transport/lin_cfg/lin_cfg.o
                0x1fffff00                tl_rx_msg_status
                0x1fffff01                tl_ld_error_code
                0x1fffff02                tl_receive_msg_status
                0x1fffff04                tl_check_timeout
                0x1fffff08                tl_rx_queue_data
                0x1fffff18                tl_frame_counter
                0x1fffff1c                tl_tx_queue_data
                0x1fffff2c                tl_tx_msg_size
                0x1fffff2e                tl_last_cfg_result
                0x1fffff2f                tl_tx_msg_status
                0x1fffff30                tl_last_RSID
                0x1fffff31                lin_successful_transfer
                0x1fffff32                tl_rx_msg_index
                0x1fffff34                tl_no_of_pdu
                0x1fffff38                lin_diag_signal_tbl
                0x1fffff48                lin_goto_sleep_flg
                0x1fffff4a                tl_rx_msg_size
                0x1fffff4c                lin_word_status
                0x1fffff4e                tl_tx_msg_index
                0x1fffff50                tl_check_timeout_type
                0x1fffff51                lin_current_pid
                0x1fffff54                tl_ident_data
                0x1fffff58                lin_error_in_response
                0x1fffff5c                lin_lld_response_buffer
                0x1fffff68                . = ALIGN (0x4)
 *fill*         0x1fffff66        0x2 00
                0x1fffff68                __END_BSS = .
                0x1fffff68                PROVIDE (__bss_end__, __END_BSS)
                0x0000ade8                _romp_at = (___ROM_AT + SIZEOF (.data))

.romp           0x1fffff68       0x18 load address 0x0000ade8
                0x0000ade8                __S_romp = _romp_at
                0x1fffff68        0x4 LONG 0xad3c ___ROM_AT
                0x1fffff6c        0x4 LONG 0x1ffffc00 _sdata
                0x1fffff70        0x4 LONG 0xac ___data_size
                0x1fffff74        0x4 LONG 0x0
                0x1fffff78        0x4 LONG 0x0
                0x1fffff7c        0x4 LONG 0x0

._user_heap_stack
                0x1fffff80      0x200 load address 0x0000ae00
                0x1fffff80                . = ALIGN (0x4)
                0x1fffff80                PROVIDE (end, .)
                0x1fffff80                PROVIDE (_end, .)
                0x1fffff80                __heap_addr = .
                0x20000080                . = (. + __heap_size)
 *fill*         0x1fffff80      0x100 00
                0x20000180                . = (. + __stack_size)
 *fill*         0x20000080      0x100 00
                0x20000180                . = ALIGN (0x4)

.ARM.attributes
                0x00000000       0x31
 *(.ARM.attributes)
 .ARM.attributes
                0x00000000       0x31 ./Project_Settings/Startup_Code/kinetis_sysinit.o
 .ARM.attributes
                0x00000031       0x31 ./Project_Settings/Startup_Code/__arm_start.o
 .ARM.attributes
                0x00000062       0x31 ./Project_Settings/Startup_Code/__arm_end.o
 .ARM.attributes
                0x00000093       0x31 ./Sources/Application/Auto_air/auto_air.o
 .ARM.attributes
                0x000000c4       0x31 ./Sources/Application/Auto_light/auto_light.o
 .ARM.attributes
                0x000000f5       0x31 ./Sources/Application/Auto_wiper/auto_wiper.o
 .ARM.attributes
                0x00000126       0x31 ./Sources/Application/Battery/battery.o
 .ARM.attributes
                0x00000157       0x31 ./Sources/Application/Config_parameters/config_parameter.o
 .ARM.attributes
                0x00000188       0x31 ./Sources/Application/Self_Adapt/self_adapt.o
 .ARM.attributes
                0x000001b9       0x31 ./Sources/Application/Sleep/sleep.o
 .ARM.attributes
                0x000001ea       0x31 ./Sources/Application/main.o
 .ARM.attributes
                0x0000021b       0x31 ./Sources/Driver/LIN_Stack/Diagnostic/lin_diagnostic_service.o
 .ARM.attributes
                0x0000024c       0x31 ./Sources/Driver/LIN_Stack/bsp/UART/lin_lld_uart.o
 .ARM.attributes
                0x0000027d       0x31 ./Sources/Driver/LIN_Stack/bsp/UART/lin_lld_timesrv.o
 .ARM.attributes
                0x000002ae       0x31 ./Sources/Driver/LIN_Stack/bsp/UART/lin_isr.o
 .ARM.attributes
                0x000002df       0x31 ./Sources/Driver/LIN_Stack/coreapi/lin_lin21_proto.o
 .ARM.attributes
                0x00000310       0x31 ./Sources/Driver/LIN_Stack/coreapi/lin_common_proto.o
 .ARM.attributes
                0x00000341       0x31 ./Sources/Driver/LIN_Stack/coreapi/lin_common_api.o
 .ARM.attributes
                0x00000372       0x31 ./Sources/Driver/LIN_Stack/lowlevel/lin.o
 .ARM.attributes
                0x000003a3       0x31 ./Sources/Driver/SPI/spi.o
 .ARM.attributes
                0x000003d4       0x31 ./Sources/Driver/adc/adc.o
 .ARM.attributes
                0x00000405       0x31 ./Sources/Driver/clock/clock.o
 .ARM.attributes
                0x00000436       0x31 ./Sources/Driver/eeprom/eeprom.o
 .ARM.attributes
                0x00000467       0x31 ./Sources/Driver/ftm/ftm.o
 .ARM.attributes
                0x00000498       0x31 ./Sources/Driver/gpio/gpio.o
 .ARM.attributes
                0x000004c9       0x31 ./Sources/Driver/pmc/pmc.o
 .ARM.attributes
                0x000004fa       0x31 ./Sources/Driver/rtc/rtc.o
 .ARM.attributes
                0x0000052b       0x31 ./Sources/Driver/watchdog/watchdog.o
 .ARM.attributes
                0x0000055c       0x31 ./Sources/Transport/LIN_app/lin_app.o
 .ARM.attributes
                0x0000058d       0x31 ./Sources/Transport/Local_eep_data/local_eep_data.o
 .ARM.attributes
                0x000005be       0x31 ./Sources/Transport/MLX75308/mlx75308.o
 .ARM.attributes
                0x000005ef       0x31 ./Sources/Transport/lin_cfg/lin_cfg.o
 .ARM.attributes
                0x00000620       0x31 ./Sources/Transport/lin_transport/lin_commontl_proto.o
 .ARM.attributes
                0x00000651       0x31 ./Sources/Transport/lin_transport/lin_commontl_api.o
 .ARM.attributes
                0x00000682       0x31 D:/CW11.0/CW MCU v11.0/MCU/ARM_GCC_Support/ewl/lib/armv6-m\libc.a(exit.o)
 .ARM.attributes
                0x000006b3       0x31 D:/CW11.0/CW MCU v11.0/MCU/ARM_GCC_Support/ewl/lib/armv6-m\libc.a(rand.o)
 .ARM.attributes
                0x000006e4       0x31 D:/CW11.0/CW MCU v11.0/MCU/ARM_GCC_Support/ewl/lib/armv6-m\libc.a(memset.o)
 .ARM.attributes
                0x00000715       0x31 D:/CW11.0/CW MCU v11.0/MCU/ARM_GCC_Support/ewl/lib/armv6-m\libc.a(__filll_mem.o)
 .ARM.attributes
                0x00000746       0x1e d:/cw11.0/cw mcu v11.0/cross_tools/arm-none-eabi-gcc-4_7_3/bin/../lib/gcc/arm-none-eabi/4.7.3/armv6-m\libgcc.a(_udivsi3.o)
 .ARM.attributes
                0x00000764       0x1e d:/cw11.0/cw mcu v11.0/cross_tools/arm-none-eabi-gcc-4_7_3/bin/../lib/gcc/arm-none-eabi/4.7.3/armv6-m\libgcc.a(_divsi3.o)
 .ARM.attributes
                0x00000782       0x1e d:/cw11.0/cw mcu v11.0/cross_tools/arm-none-eabi-gcc-4_7_3/bin/../lib/gcc/arm-none-eabi/4.7.3/armv6-m\libgcc.a(_dvmd_tls.o)
 .ARM.attributes
                0x000007a0       0x2c d:/cw11.0/cw mcu v11.0/cross_tools/arm-none-eabi-gcc-4_7_3/bin/../lib/gcc/arm-none-eabi/4.7.3/armv6-m\libgcc.a(_fixunsdfsi.o)
 .ARM.attributes
                0x000007cc       0x2c d:/cw11.0/cw mcu v11.0/cross_tools/arm-none-eabi-gcc-4_7_3/bin/../lib/gcc/arm-none-eabi/4.7.3/armv6-m\libgcc.a(adddf3.o)
 .ARM.attributes
                0x000007f8       0x2c d:/cw11.0/cw mcu v11.0/cross_tools/arm-none-eabi-gcc-4_7_3/bin/../lib/gcc/arm-none-eabi/4.7.3/armv6-m\libgcc.a(subdf3.o)
 .ARM.attributes
                0x00000824       0x2c d:/cw11.0/cw mcu v11.0/cross_tools/arm-none-eabi-gcc-4_7_3/bin/../lib/gcc/arm-none-eabi/4.7.3/armv6-m\libgcc.a(fixdfsi.o)
 .ARM.attributes
                0x00000850       0x2c d:/cw11.0/cw mcu v11.0/cross_tools/arm-none-eabi-gcc-4_7_3/bin/../lib/gcc/arm-none-eabi/4.7.3/armv6-m\libgcc.a(floatunsidf.o)
 .ARM.attributes
                0x0000087c       0x1e d:/cw11.0/cw mcu v11.0/cross_tools/arm-none-eabi-gcc-4_7_3/bin/../lib/gcc/arm-none-eabi/4.7.3/armv6-m\libgcc.a(_arm_cmpdf2.o)
 .ARM.attributes
                0x0000089a       0x1e d:/cw11.0/cw mcu v11.0/cross_tools/arm-none-eabi-gcc-4_7_3/bin/../lib/gcc/arm-none-eabi/4.7.3/armv6-m\libgcc.a(_clzsi2.o)
 .ARM.attributes
                0x000008b8       0x2c d:/cw11.0/cw mcu v11.0/cross_tools/arm-none-eabi-gcc-4_7_3/bin/../lib/gcc/arm-none-eabi/4.7.3/armv6-m\libgcc.a(eqdf2.o)
 .ARM.attributes
                0x000008e4       0x2c d:/cw11.0/cw mcu v11.0/cross_tools/arm-none-eabi-gcc-4_7_3/bin/../lib/gcc/arm-none-eabi/4.7.3/armv6-m\libgcc.a(gedf2.o)
 .ARM.attributes
                0x00000910       0x2c d:/cw11.0/cw mcu v11.0/cross_tools/arm-none-eabi-gcc-4_7_3/bin/../lib/gcc/arm-none-eabi/4.7.3/armv6-m\libgcc.a(ledf2.o)
 .ARM.attributes
                0x0000093c       0x31 D:/CW11.0/CW MCU v11.0/MCU/ARM_GCC_Support/ewl/lib/armv6-m\librt.a(gcc_ctor_dtor.o)
 .ARM.attributes
                0x0000096d       0x31 D:/CW11.0/CW MCU v11.0/MCU/ARM_GCC_Support/ewl/lib/armv6-m\librt.a(__arm_eabi_init.o)
 .ARM.attributes
                0x0000099e       0x31 D:/CW11.0/CW MCU v11.0/MCU/ARM_GCC_Support/ewl/lib/armv6-m\librt.a(ROMCopy.o)
OUTPUT(RLS.elf elf32-littlearm)

.debug_info     0x00000000     0xbabd
 .debug_info    0x00000000      0x383 ./Project_Settings/Startup_Code/kinetis_sysinit.o
 .debug_info    0x00000383      0x126 ./Project_Settings/Startup_Code/__arm_start.o
 .debug_info    0x000004a9       0x50 ./Project_Settings/Startup_Code/__arm_end.o
 .debug_info    0x000004f9      0x4d3 ./Sources/Application/Auto_air/auto_air.o
 .debug_info    0x000009cc      0x5f1 ./Sources/Application/Auto_light/auto_light.o
 .debug_info    0x00000fbd     0x1085 ./Sources/Application/Auto_wiper/auto_wiper.o
 .debug_info    0x00002042      0x262 ./Sources/Application/Battery/battery.o
 .debug_info    0x000022a4      0x2d1 ./Sources/Application/Config_parameters/config_parameter.o
 .debug_info    0x00002575      0x21e ./Sources/Application/Self_Adapt/self_adapt.o
 .debug_info    0x00002793      0x8cd ./Sources/Application/Sleep/sleep.o
 .debug_info    0x00003060      0x1bd ./Sources/Application/main.o
 .debug_info    0x0000321d      0x8e8 ./Sources/Driver/LIN_Stack/Diagnostic/lin_diagnostic_service.o
 .debug_info    0x00003b05      0xe9d ./Sources/Driver/LIN_Stack/bsp/UART/lin_lld_uart.o
 .debug_info    0x000049a2      0x539 ./Sources/Driver/LIN_Stack/bsp/UART/lin_lld_timesrv.o
 .debug_info    0x00004edb      0x29c ./Sources/Driver/LIN_Stack/bsp/UART/lin_isr.o
 .debug_info    0x00005177      0x371 ./Sources/Driver/LIN_Stack/coreapi/lin_lin21_proto.o
 .debug_info    0x000054e8      0x8b1 ./Sources/Driver/LIN_Stack/coreapi/lin_common_proto.o
 .debug_info    0x00005d99      0x337 ./Sources/Driver/LIN_Stack/coreapi/lin_common_api.o
 .debug_info    0x000060d0      0x378 ./Sources/Driver/LIN_Stack/lowlevel/lin.o
 .debug_info    0x00006448      0x62a ./Sources/Driver/SPI/spi.o
 .debug_info    0x00006a72      0x248 ./Sources/Driver/adc/adc.o
 .debug_info    0x00006cba      0x171 ./Sources/Driver/clock/clock.o
 .debug_info    0x00006e2b      0x43a ./Sources/Driver/eeprom/eeprom.o
 .debug_info    0x00007265      0x59e ./Sources/Driver/ftm/ftm.o
 .debug_info    0x00007803      0x2ce ./Sources/Driver/gpio/gpio.o
 .debug_info    0x00007ad1       0xe1 ./Sources/Driver/pmc/pmc.o
 .debug_info    0x00007bb2      0x3ba ./Sources/Driver/rtc/rtc.o
 .debug_info    0x00007f6c      0x259 ./Sources/Driver/watchdog/watchdog.o
 .debug_info    0x000081c5      0xd1e ./Sources/Transport/LIN_app/lin_app.o
 .debug_info    0x00008ee3      0x285 ./Sources/Transport/Local_eep_data/local_eep_data.o
 .debug_info    0x00009168      0x640 ./Sources/Transport/MLX75308/mlx75308.o
 .debug_info    0x000097a8      0x9d8 ./Sources/Transport/lin_cfg/lin_cfg.o
 .debug_info    0x0000a180      0x935 ./Sources/Transport/lin_transport/lin_commontl_proto.o
 .debug_info    0x0000aab5      0x673 ./Sources/Transport/lin_transport/lin_commontl_api.o
 .debug_info    0x0000b128       0xe8 D:/CW11.0/CW MCU v11.0/MCU/ARM_GCC_Support/ewl/lib/armv6-m\libc.a(exit.o)
 .debug_info    0x0000b210      0x100 D:/CW11.0/CW MCU v11.0/MCU/ARM_GCC_Support/ewl/lib/armv6-m\libc.a(rand.o)
 .debug_info    0x0000b310       0xec D:/CW11.0/CW MCU v11.0/MCU/ARM_GCC_Support/ewl/lib/armv6-m\libc.a(memset.o)
 .debug_info    0x0000b3fc      0x137 D:/CW11.0/CW MCU v11.0/MCU/ARM_GCC_Support/ewl/lib/armv6-m\libc.a(__filll_mem.o)
 .debug_info    0x0000b533      0x136 D:/CW11.0/CW MCU v11.0/MCU/ARM_GCC_Support/ewl/lib/armv6-m\librt.a(gcc_ctor_dtor.o)
 .debug_info    0x0000b669      0x2b9 D:/CW11.0/CW MCU v11.0/MCU/ARM_GCC_Support/ewl/lib/armv6-m\librt.a(__arm_eabi_init.o)
 .debug_info    0x0000b922      0x19b D:/CW11.0/CW MCU v11.0/MCU/ARM_GCC_Support/ewl/lib/armv6-m\librt.a(ROMCopy.o)

.debug_abbrev   0x00000000     0x2c2a
 .debug_abbrev  0x00000000      0x131 ./Project_Settings/Startup_Code/kinetis_sysinit.o
 .debug_abbrev  0x00000131       0x90 ./Project_Settings/Startup_Code/__arm_start.o
 .debug_abbrev  0x000001c1       0x4a ./Project_Settings/Startup_Code/__arm_end.o
 .debug_abbrev  0x0000020b      0x159 ./Sources/Application/Auto_air/auto_air.o
 .debug_abbrev  0x00000364      0x142 ./Sources/Application/Auto_light/auto_light.o
 .debug_abbrev  0x000004a6      0x172 ./Sources/Application/Auto_wiper/auto_wiper.o
 .debug_abbrev  0x00000618       0xdc ./Sources/Application/Battery/battery.o
 .debug_abbrev  0x000006f4       0xcf ./Sources/Application/Config_parameters/config_parameter.o
 .debug_abbrev  0x000007c3       0xcf ./Sources/Application/Self_Adapt/self_adapt.o
 .debug_abbrev  0x00000892      0x165 ./Sources/Application/Sleep/sleep.o
 .debug_abbrev  0x000009f7       0x80 ./Sources/Application/main.o
 .debug_abbrev  0x00000a77      0x221 ./Sources/Driver/LIN_Stack/Diagnostic/lin_diagnostic_service.o
 .debug_abbrev  0x00000c98      0x26b ./Sources/Driver/LIN_Stack/bsp/UART/lin_lld_uart.o
 .debug_abbrev  0x00000f03       0xdf ./Sources/Driver/LIN_Stack/bsp/UART/lin_lld_timesrv.o
 .debug_abbrev  0x00000fe2       0xaf ./Sources/Driver/LIN_Stack/bsp/UART/lin_isr.o
 .debug_abbrev  0x00001091      0x118 ./Sources/Driver/LIN_Stack/coreapi/lin_lin21_proto.o
 .debug_abbrev  0x000011a9      0x1a8 ./Sources/Driver/LIN_Stack/coreapi/lin_common_proto.o
 .debug_abbrev  0x00001351      0x117 ./Sources/Driver/LIN_Stack/coreapi/lin_common_api.o
 .debug_abbrev  0x00001468      0x110 ./Sources/Driver/LIN_Stack/lowlevel/lin.o
 .debug_abbrev  0x00001578      0x1d9 ./Sources/Driver/SPI/spi.o
 .debug_abbrev  0x00001751       0xfe ./Sources/Driver/adc/adc.o
 .debug_abbrev  0x0000184f       0xcd ./Sources/Driver/clock/clock.o
 .debug_abbrev  0x0000191c      0x146 ./Sources/Driver/eeprom/eeprom.o
 .debug_abbrev  0x00001a62      0x103 ./Sources/Driver/ftm/ftm.o
 .debug_abbrev  0x00001b65       0x9b ./Sources/Driver/gpio/gpio.o
 .debug_abbrev  0x00001c00       0x92 ./Sources/Driver/pmc/pmc.o
 .debug_abbrev  0x00001c92       0xd2 ./Sources/Driver/rtc/rtc.o
 .debug_abbrev  0x00001d64       0xf5 ./Sources/Driver/watchdog/watchdog.o
 .debug_abbrev  0x00001e59      0x17f ./Sources/Transport/LIN_app/lin_app.o
 .debug_abbrev  0x00001fd8      0x133 ./Sources/Transport/Local_eep_data/local_eep_data.o
 .debug_abbrev  0x0000210b      0x191 ./Sources/Transport/MLX75308/mlx75308.o
 .debug_abbrev  0x0000229c      0x136 ./Sources/Transport/lin_cfg/lin_cfg.o
 .debug_abbrev  0x000023d2      0x1dc ./Sources/Transport/lin_transport/lin_commontl_proto.o
 .debug_abbrev  0x000025ae      0x12e ./Sources/Transport/lin_transport/lin_commontl_api.o
 .debug_abbrev  0x000026dc       0x7a D:/CW11.0/CW MCU v11.0/MCU/ARM_GCC_Support/ewl/lib/armv6-m\libc.a(exit.o)
 .debug_abbrev  0x00002756       0x8e D:/CW11.0/CW MCU v11.0/MCU/ARM_GCC_Support/ewl/lib/armv6-m\libc.a(rand.o)
 .debug_abbrev  0x000027e4       0x62 D:/CW11.0/CW MCU v11.0/MCU/ARM_GCC_Support/ewl/lib/armv6-m\libc.a(memset.o)
 .debug_abbrev  0x00002846       0x78 D:/CW11.0/CW MCU v11.0/MCU/ARM_GCC_Support/ewl/lib/armv6-m\libc.a(__filll_mem.o)
 .debug_abbrev  0x000028be       0x99 D:/CW11.0/CW MCU v11.0/MCU/ARM_GCC_Support/ewl/lib/armv6-m\librt.a(gcc_ctor_dtor.o)
 .debug_abbrev  0x00002957      0x1b3 D:/CW11.0/CW MCU v11.0/MCU/ARM_GCC_Support/ewl/lib/armv6-m\librt.a(__arm_eabi_init.o)
 .debug_abbrev  0x00002b0a      0x120 D:/CW11.0/CW MCU v11.0/MCU/ARM_GCC_Support/ewl/lib/armv6-m\librt.a(ROMCopy.o)

.debug_loc      0x00000000     0x2856
 .debug_loc     0x00000000       0x58 ./Project_Settings/Startup_Code/kinetis_sysinit.o
 .debug_loc     0x00000058       0x2c ./Project_Settings/Startup_Code/__arm_start.o
 .debug_loc     0x00000084       0x38 ./Project_Settings/Startup_Code/__arm_end.o
 .debug_loc     0x000000bc       0x9c ./Sources/Application/Auto_air/auto_air.o
 .debug_loc     0x00000158       0xc8 ./Sources/Application/Auto_light/auto_light.o
 .debug_loc     0x00000220      0x2a8 ./Sources/Application/Auto_wiper/auto_wiper.o
 .debug_loc     0x000004c8       0x90 ./Sources/Application/Battery/battery.o
 .debug_loc     0x00000558       0x2c ./Sources/Application/Config_parameters/config_parameter.o
 .debug_loc     0x00000584       0x38 ./Sources/Application/Self_Adapt/self_adapt.o
 .debug_loc     0x000005bc      0x140 ./Sources/Application/Sleep/sleep.o
 .debug_loc     0x000006fc       0x58 ./Sources/Application/main.o
 .debug_loc     0x00000754      0x288 ./Sources/Driver/LIN_Stack/Diagnostic/lin_diagnostic_service.o
 .debug_loc     0x000009dc      0x298 ./Sources/Driver/LIN_Stack/bsp/UART/lin_lld_uart.o
 .debug_loc     0x00000c74       0x58 ./Sources/Driver/LIN_Stack/bsp/UART/lin_lld_timesrv.o
 .debug_loc     0x00000ccc       0x58 ./Sources/Driver/LIN_Stack/bsp/UART/lin_isr.o
 .debug_loc     0x00000d24       0xa8 ./Sources/Driver/LIN_Stack/coreapi/lin_lin21_proto.o
 .debug_loc     0x00000dcc      0x250 ./Sources/Driver/LIN_Stack/coreapi/lin_common_proto.o
 .debug_loc     0x0000101c      0x224 ./Sources/Driver/LIN_Stack/coreapi/lin_common_api.o
 .debug_loc     0x00001240      0x334 ./Sources/Driver/LIN_Stack/lowlevel/lin.o
 .debug_loc     0x00001574      0x1ec ./Sources/Driver/SPI/spi.o
 .debug_loc     0x00001760       0x9c ./Sources/Driver/adc/adc.o
 .debug_loc     0x000017fc       0x9c ./Sources/Driver/clock/clock.o
 .debug_loc     0x00001898      0x150 ./Sources/Driver/eeprom/eeprom.o
 .debug_loc     0x000019e8       0x58 ./Sources/Driver/ftm/ftm.o
 .debug_loc     0x00001a40       0x2c ./Sources/Driver/gpio/gpio.o
 .debug_loc     0x00001a6c       0x38 ./Sources/Driver/pmc/pmc.o
 .debug_loc     0x00001aa4       0xb0 ./Sources/Driver/rtc/rtc.o
 .debug_loc     0x00001b54       0xe8 ./Sources/Driver/watchdog/watchdog.o
 .debug_loc     0x00001c3c      0x1f0 ./Sources/Transport/LIN_app/lin_app.o
 .debug_loc     0x00001e2c       0xd4 ./Sources/Transport/Local_eep_data/local_eep_data.o
 .debug_loc     0x00001f00       0x64 ./Sources/Transport/MLX75308/mlx75308.o
 .debug_loc     0x00001f64       0x38 ./Sources/Transport/lin_cfg/lin_cfg.o
 .debug_loc     0x00001f9c      0x18a ./Sources/Transport/lin_transport/lin_commontl_proto.o
 .debug_loc     0x00002126      0x22c ./Sources/Transport/lin_transport/lin_commontl_api.o
 .debug_loc     0x00002352       0x3e D:/CW11.0/CW MCU v11.0/MCU/ARM_GCC_Support/ewl/lib/armv6-m\libc.a(exit.o)
 .debug_loc     0x00002390       0x6f D:/CW11.0/CW MCU v11.0/MCU/ARM_GCC_Support/ewl/lib/armv6-m\libc.a(memset.o)
 .debug_loc     0x000023ff      0x14a D:/CW11.0/CW MCU v11.0/MCU/ARM_GCC_Support/ewl/lib/armv6-m\libc.a(__filll_mem.o)
 .debug_loc     0x00002549       0x9d D:/CW11.0/CW MCU v11.0/MCU/ARM_GCC_Support/ewl/lib/armv6-m\librt.a(gcc_ctor_dtor.o)
 .debug_loc     0x000025e6      0x197 D:/CW11.0/CW MCU v11.0/MCU/ARM_GCC_Support/ewl/lib/armv6-m\librt.a(__arm_eabi_init.o)
 .debug_loc     0x0000277d       0xd9 D:/CW11.0/CW MCU v11.0/MCU/ARM_GCC_Support/ewl/lib/armv6-m\librt.a(ROMCopy.o)

.debug_aranges  0x00000000      0xa10
 .debug_aranges
                0x00000000       0x28 ./Project_Settings/Startup_Code/kinetis_sysinit.o
 .debug_aranges
                0x00000028       0x30 ./Project_Settings/Startup_Code/__arm_start.o
 .debug_aranges
                0x00000058       0x20 ./Project_Settings/Startup_Code/__arm_end.o
 .debug_aranges
                0x00000078       0x30 ./Sources/Application/Auto_air/auto_air.o
 .debug_aranges
                0x000000a8       0x38 ./Sources/Application/Auto_light/auto_light.o
 .debug_aranges
                0x000000e0       0x80 ./Sources/Application/Auto_wiper/auto_wiper.o
 .debug_aranges
                0x00000160       0x30 ./Sources/Application/Battery/battery.o
 .debug_aranges
                0x00000190       0x20 ./Sources/Application/Config_parameters/config_parameter.o
 .debug_aranges
                0x000001b0       0x20 ./Sources/Application/Self_Adapt/self_adapt.o
 .debug_aranges
                0x000001d0       0x50 ./Sources/Application/Sleep/sleep.o
 .debug_aranges
                0x00000220       0x28 ./Sources/Application/main.o
 .debug_aranges
                0x00000248       0x78 ./Sources/Driver/LIN_Stack/Diagnostic/lin_diagnostic_service.o
 .debug_aranges
                0x000002c0       0x88 ./Sources/Driver/LIN_Stack/bsp/UART/lin_lld_uart.o
 .debug_aranges
                0x00000348       0x28 ./Sources/Driver/LIN_Stack/bsp/UART/lin_lld_timesrv.o
 .debug_aranges
                0x00000370       0x28 ./Sources/Driver/LIN_Stack/bsp/UART/lin_isr.o
 .debug_aranges
                0x00000398       0x30 ./Sources/Driver/LIN_Stack/coreapi/lin_lin21_proto.o
 .debug_aranges
                0x000003c8       0x70 ./Sources/Driver/LIN_Stack/coreapi/lin_common_proto.o
 .debug_aranges
                0x00000438       0x68 ./Sources/Driver/LIN_Stack/coreapi/lin_common_api.o
 .debug_aranges
                0x000004a0       0xa0 ./Sources/Driver/LIN_Stack/lowlevel/lin.o
 .debug_aranges
                0x00000540       0x60 ./Sources/Driver/SPI/spi.o
 .debug_aranges
                0x000005a0       0x30 ./Sources/Driver/adc/adc.o
 .debug_aranges
                0x000005d0       0x30 ./Sources/Driver/clock/clock.o
 .debug_aranges
                0x00000600       0x48 ./Sources/Driver/eeprom/eeprom.o
 .debug_aranges
                0x00000648       0x28 ./Sources/Driver/ftm/ftm.o
 .debug_aranges
                0x00000670       0x20 ./Sources/Driver/gpio/gpio.o
 .debug_aranges
                0x00000690       0x20 ./Sources/Driver/pmc/pmc.o
 .debug_aranges
                0x000006b0       0x38 ./Sources/Driver/rtc/rtc.o
 .debug_aranges
                0x000006e8       0x40 ./Sources/Driver/watchdog/watchdog.o
 .debug_aranges
                0x00000728       0x70 ./Sources/Transport/LIN_app/lin_app.o
 .debug_aranges
                0x00000798       0x38 ./Sources/Transport/Local_eep_data/local_eep_data.o
 .debug_aranges
                0x000007d0       0x28 ./Sources/Transport/MLX75308/mlx75308.o
 .debug_aranges
                0x000007f8       0x20 ./Sources/Transport/lin_cfg/lin_cfg.o
 .debug_aranges
                0x00000818       0x50 ./Sources/Transport/lin_transport/lin_commontl_proto.o
 .debug_aranges
                0x00000868       0x70 ./Sources/Transport/lin_transport/lin_commontl_api.o
 .debug_aranges
                0x000008d8       0x20 D:/CW11.0/CW MCU v11.0/MCU/ARM_GCC_Support/ewl/lib/armv6-m\libc.a(exit.o)
 .debug_aranges
                0x000008f8       0x28 D:/CW11.0/CW MCU v11.0/MCU/ARM_GCC_Support/ewl/lib/armv6-m\libc.a(rand.o)
 .debug_aranges
                0x00000920       0x20 D:/CW11.0/CW MCU v11.0/MCU/ARM_GCC_Support/ewl/lib/armv6-m\libc.a(memset.o)
 .debug_aranges
                0x00000940       0x20 D:/CW11.0/CW MCU v11.0/MCU/ARM_GCC_Support/ewl/lib/armv6-m\libc.a(__filll_mem.o)
 .debug_aranges
                0x00000960       0x28 D:/CW11.0/CW MCU v11.0/MCU/ARM_GCC_Support/ewl/lib/armv6-m\librt.a(gcc_ctor_dtor.o)
 .debug_aranges
                0x00000988       0x58 D:/CW11.0/CW MCU v11.0/MCU/ARM_GCC_Support/ewl/lib/armv6-m\librt.a(__arm_eabi_init.o)
 .debug_aranges
                0x000009e0       0x30 D:/CW11.0/CW MCU v11.0/MCU/ARM_GCC_Support/ewl/lib/armv6-m\librt.a(ROMCopy.o)

.debug_line     0x00000000     0x4c5f
 .debug_line    0x00000000      0x11a ./Project_Settings/Startup_Code/kinetis_sysinit.o
 .debug_line    0x0000011a       0x92 ./Project_Settings/Startup_Code/__arm_start.o
 .debug_line    0x000001ac       0x5e ./Project_Settings/Startup_Code/__arm_end.o
 .debug_line    0x0000020a      0x20c ./Sources/Application/Auto_air/auto_air.o
 .debug_line    0x00000416      0x229 ./Sources/Application/Auto_light/auto_light.o
 .debug_line    0x0000063f      0x5cb ./Sources/Application/Auto_wiper/auto_wiper.o
 .debug_line    0x00000c0a      0x164 ./Sources/Application/Battery/battery.o
 .debug_line    0x00000d6e      0x16a ./Sources/Application/Config_parameters/config_parameter.o
 .debug_line    0x00000ed8      0x1bb ./Sources/Application/Self_Adapt/self_adapt.o
 .debug_line    0x00001093      0x36f ./Sources/Application/Sleep/sleep.o
 .debug_line    0x00001402      0x11d ./Sources/Application/main.o
 .debug_line    0x0000151f      0x44e ./Sources/Driver/LIN_Stack/Diagnostic/lin_diagnostic_service.o
 .debug_line    0x0000196d      0x471 ./Sources/Driver/LIN_Stack/bsp/UART/lin_lld_uart.o
 .debug_line    0x00001dde      0x122 ./Sources/Driver/LIN_Stack/bsp/UART/lin_lld_timesrv.o
 .debug_line    0x00001f00      0x116 ./Sources/Driver/LIN_Stack/bsp/UART/lin_isr.o
 .debug_line    0x00002016       0xfb ./Sources/Driver/LIN_Stack/coreapi/lin_lin21_proto.o
 .debug_line    0x00002111      0x2de ./Sources/Driver/LIN_Stack/coreapi/lin_common_proto.o
 .debug_line    0x000023ef      0x1d0 ./Sources/Driver/LIN_Stack/coreapi/lin_common_api.o
 .debug_line    0x000025bf      0x22d ./Sources/Driver/LIN_Stack/lowlevel/lin.o
 .debug_line    0x000027ec      0x2f9 ./Sources/Driver/SPI/spi.o
 .debug_line    0x00002ae5      0x192 ./Sources/Driver/adc/adc.o
 .debug_line    0x00002c77      0x19f ./Sources/Driver/clock/clock.o
 .debug_line    0x00002e16      0x281 ./Sources/Driver/eeprom/eeprom.o
 .debug_line    0x00003097      0x189 ./Sources/Driver/ftm/ftm.o
 .debug_line    0x00003220      0x11c ./Sources/Driver/gpio/gpio.o
 .debug_line    0x0000333c      0x165 ./Sources/Driver/pmc/pmc.o
 .debug_line    0x000034a1      0x125 ./Sources/Driver/rtc/rtc.o
 .debug_line    0x000035c6      0x14e ./Sources/Driver/watchdog/watchdog.o
 .debug_line    0x00003714      0x447 ./Sources/Transport/LIN_app/lin_app.o
 .debug_line    0x00003b5b      0x131 ./Sources/Transport/Local_eep_data/local_eep_data.o
 .debug_line    0x00003c8c      0x2c5 ./Sources/Transport/MLX75308/mlx75308.o
 .debug_line    0x00003f51       0xe1 ./Sources/Transport/lin_cfg/lin_cfg.o
 .debug_line    0x00004032      0x4fd ./Sources/Transport/lin_transport/lin_commontl_proto.o
 .debug_line    0x0000452f      0x24a ./Sources/Transport/lin_transport/lin_commontl_api.o
 .debug_line    0x00004779       0x8d D:/CW11.0/CW MCU v11.0/MCU/ARM_GCC_Support/ewl/lib/armv6-m\libc.a(exit.o)
 .debug_line    0x00004806       0x93 D:/CW11.0/CW MCU v11.0/MCU/ARM_GCC_Support/ewl/lib/armv6-m\libc.a(rand.o)
 .debug_line    0x00004899       0x90 D:/CW11.0/CW MCU v11.0/MCU/ARM_GCC_Support/ewl/lib/armv6-m\libc.a(memset.o)
 .debug_line    0x00004929       0xf6 D:/CW11.0/CW MCU v11.0/MCU/ARM_GCC_Support/ewl/lib/armv6-m\libc.a(__filll_mem.o)
 .debug_line    0x00004a1f       0x6c D:/CW11.0/CW MCU v11.0/MCU/ARM_GCC_Support/ewl/lib/armv6-m\librt.a(gcc_ctor_dtor.o)
 .debug_line    0x00004a8b      0x117 D:/CW11.0/CW MCU v11.0/MCU/ARM_GCC_Support/ewl/lib/armv6-m\librt.a(__arm_eabi_init.o)
 .debug_line    0x00004ba2       0xbd D:/CW11.0/CW MCU v11.0/MCU/ARM_GCC_Support/ewl/lib/armv6-m\librt.a(ROMCopy.o)

.debug_str      0x00000000     0x4bb7
 .debug_str     0x00000000      0x246 ./Project_Settings/Startup_Code/kinetis_sysinit.o
                                0x273 (size before relaxing)
 .debug_str     0x00000246       0x85 ./Project_Settings/Startup_Code/__arm_start.o
                                0x1a7 (size before relaxing)
 .debug_str     0x000002cb       0x3a ./Project_Settings/Startup_Code/__arm_end.o
                                 0xde (size before relaxing)
 .debug_str     0x00000305      0x364 ./Sources/Application/Auto_air/auto_air.o
                                0x4af (size before relaxing)
 .debug_str     0x00000669      0x434 ./Sources/Application/Auto_light/auto_light.o
                                0x788 (size before relaxing)
 .debug_str     0x00000a9d      0xc36 ./Sources/Application/Auto_wiper/auto_wiper.o
                               0x1238 (size before relaxing)
 .debug_str     0x000016d3       0x9c ./Sources/Application/Battery/battery.o
                                0x358 (size before relaxing)
 .debug_str     0x0000176f      0x1fb ./Sources/Application/Config_parameters/config_parameter.o
                                0x337 (size before relaxing)
 .debug_str     0x0000196a       0x83 ./Sources/Application/Self_Adapt/self_adapt.o
                                0x2bf (size before relaxing)
 .debug_str     0x000019ed      0x22e ./Sources/Application/Sleep/sleep.o
                                0x8ee (size before relaxing)
 .debug_str     0x00001c1b       0x99 ./Sources/Application/main.o
                                0x24e (size before relaxing)
 .debug_str     0x00001cb4      0x3fb ./Sources/Driver/LIN_Stack/Diagnostic/lin_diagnostic_service.o
                                0x7ad (size before relaxing)
 .debug_str     0x000020af      0x798 ./Sources/Driver/LIN_Stack/bsp/UART/lin_lld_uart.o
                                0xb1c (size before relaxing)
 .debug_str     0x00002847      0x389 ./Sources/Driver/LIN_Stack/bsp/UART/lin_lld_timesrv.o
                                0x523 (size before relaxing)
 .debug_str     0x00002bd0       0x55 ./Sources/Driver/LIN_Stack/bsp/UART/lin_isr.o
                                0x22e (size before relaxing)
 .debug_str     0x00002c25      0x26e ./Sources/Driver/LIN_Stack/coreapi/lin_lin21_proto.o
                                0x3da (size before relaxing)
 .debug_str     0x00002e93      0x58f ./Sources/Driver/LIN_Stack/coreapi/lin_common_proto.o
                                0xc48 (size before relaxing)
 .debug_str     0x00003422       0xcc ./Sources/Driver/LIN_Stack/coreapi/lin_common_api.o
                                0x2ae (size before relaxing)
 .debug_str     0x000034ee      0x22c ./Sources/Driver/LIN_Stack/lowlevel/lin.o
                                0x399 (size before relaxing)
 .debug_str     0x0000371a      0x12d ./Sources/Driver/SPI/spi.o
                                0x381 (size before relaxing)
 .debug_str     0x00003847       0x6e ./Sources/Driver/adc/adc.o
                                0x1e5 (size before relaxing)
 .debug_str     0x000038b5       0x55 ./Sources/Driver/clock/clock.o
                                0x17a (size before relaxing)
 .debug_str     0x0000390a      0x1b8 ./Sources/Driver/eeprom/eeprom.o
                                0x328 (size before relaxing)
 .debug_str     0x00003ac2       0x36 ./Sources/Driver/ftm/ftm.o
                                0x566 (size before relaxing)
 .debug_str     0x00003af8      0x108 ./Sources/Driver/gpio/gpio.o
                                0x2a2 (size before relaxing)
 .debug_str     0x00003c00       0x25 ./Sources/Driver/pmc/pmc.o
                                0x16a (size before relaxing)
 .debug_str     0x00003c25       0x6a ./Sources/Driver/rtc/rtc.o
                                0x48d (size before relaxing)
 .debug_str     0x00003c8f       0x83 ./Sources/Driver/watchdog/watchdog.o
                                0x1fb (size before relaxing)
 .debug_str     0x00003d12      0x53d ./Sources/Transport/LIN_app/lin_app.o
                               0x1191 (size before relaxing)
 .debug_str     0x0000424f       0x9d ./Sources/Transport/Local_eep_data/local_eep_data.o
                                0x2b6 (size before relaxing)
 .debug_str     0x000042ec      0x101 ./Sources/Transport/MLX75308/mlx75308.o
                                0x54d (size before relaxing)
 .debug_str     0x000043ed      0x223 ./Sources/Transport/lin_cfg/lin_cfg.o
                                0xd40 (size before relaxing)
 .debug_str     0x00004610      0x10c ./Sources/Transport/lin_transport/lin_commontl_proto.o
                                0x8af (size before relaxing)
 .debug_str     0x0000471c      0x112 ./Sources/Transport/lin_transport/lin_commontl_api.o
                                0x6b8 (size before relaxing)
 .debug_str     0x0000482e       0x5a D:/CW11.0/CW MCU v11.0/MCU/ARM_GCC_Support/ewl/lib/armv6-m\libc.a(exit.o)
                                0x157 (size before relaxing)
 .debug_str     0x00004888       0x2b D:/CW11.0/CW MCU v11.0/MCU/ARM_GCC_Support/ewl/lib/armv6-m\libc.a(rand.o)
                                0x152 (size before relaxing)
 .debug_str     0x000048b3       0x23 D:/CW11.0/CW MCU v11.0/MCU/ARM_GCC_Support/ewl/lib/armv6-m\libc.a(memset.o)
                                0x140 (size before relaxing)
 .debug_str     0x000048d6       0x2d D:/CW11.0/CW MCU v11.0/MCU/ARM_GCC_Support/ewl/lib/armv6-m\libc.a(__filll_mem.o)
                                0x152 (size before relaxing)
 .debug_str     0x00004903      0x126 D:/CW11.0/CW MCU v11.0/MCU/ARM_GCC_Support/ewl/lib/armv6-m\librt.a(gcc_ctor_dtor.o)
                                0x181 (size before relaxing)
 .debug_str     0x00004a29       0xf3 D:/CW11.0/CW MCU v11.0/MCU/ARM_GCC_Support/ewl/lib/armv6-m\librt.a(__arm_eabi_init.o)
                                0x1b5 (size before relaxing)
 .debug_str     0x00004b1c       0x9b D:/CW11.0/CW MCU v11.0/MCU/ARM_GCC_Support/ewl/lib/armv6-m\librt.a(ROMCopy.o)
                                0x13c (size before relaxing)

.comment        0x00000000       0x79
 .comment       0x00000000       0x79 ./Project_Settings/Startup_Code/kinetis_sysinit.o
                                 0x7a (size before relaxing)
 .comment       0x00000000       0x7a ./Project_Settings/Startup_Code/__arm_start.o
 .comment       0x00000000       0x7a ./Project_Settings/Startup_Code/__arm_end.o
 .comment       0x00000000       0x7a ./Sources/Application/Auto_air/auto_air.o
 .comment       0x00000000       0x7a ./Sources/Application/Auto_light/auto_light.o
 .comment       0x00000000       0x7a ./Sources/Application/Auto_wiper/auto_wiper.o
 .comment       0x00000000       0x7a ./Sources/Application/Battery/battery.o
 .comment       0x00000000       0x7a ./Sources/Application/Config_parameters/config_parameter.o
 .comment       0x00000000       0x7a ./Sources/Application/Self_Adapt/self_adapt.o
 .comment       0x00000000       0x7a ./Sources/Application/Sleep/sleep.o
 .comment       0x00000000       0x7a ./Sources/Application/main.o
 .comment       0x00000000       0x7a ./Sources/Driver/LIN_Stack/Diagnostic/lin_diagnostic_service.o
 .comment       0x00000000       0x7a ./Sources/Driver/LIN_Stack/bsp/UART/lin_lld_uart.o
 .comment       0x00000000       0x7a ./Sources/Driver/LIN_Stack/bsp/UART/lin_lld_timesrv.o
 .comment       0x00000000       0x7a ./Sources/Driver/LIN_Stack/bsp/UART/lin_isr.o
 .comment       0x00000000       0x7a ./Sources/Driver/LIN_Stack/coreapi/lin_lin21_proto.o
 .comment       0x00000000       0x7a ./Sources/Driver/LIN_Stack/coreapi/lin_common_proto.o
 .comment       0x00000000       0x7a ./Sources/Driver/LIN_Stack/coreapi/lin_common_api.o
 .comment       0x00000000       0x7a ./Sources/Driver/LIN_Stack/lowlevel/lin.o
 .comment       0x00000000       0x7a ./Sources/Driver/SPI/spi.o
 .comment       0x00000000       0x7a ./Sources/Driver/adc/adc.o
 .comment       0x00000000       0x7a ./Sources/Driver/clock/clock.o
 .comment       0x00000000       0x7a ./Sources/Driver/eeprom/eeprom.o
 .comment       0x00000000       0x7a ./Sources/Driver/ftm/ftm.o
 .comment       0x00000000       0x7a ./Sources/Driver/gpio/gpio.o
 .comment       0x00000000       0x7a ./Sources/Driver/pmc/pmc.o
 .comment       0x00000000       0x7a ./Sources/Driver/rtc/rtc.o
 .comment       0x00000000       0x7a ./Sources/Driver/watchdog/watchdog.o
 .comment       0x00000000       0x7a ./Sources/Transport/LIN_app/lin_app.o
 .comment       0x00000000       0x7a ./Sources/Transport/Local_eep_data/local_eep_data.o
 .comment       0x00000000       0x7a ./Sources/Transport/MLX75308/mlx75308.o
 .comment       0x00000000       0x7a ./Sources/Transport/lin_cfg/lin_cfg.o
 .comment       0x00000000       0x7a ./Sources/Transport/lin_transport/lin_commontl_proto.o
 .comment       0x00000000       0x7a ./Sources/Transport/lin_transport/lin_commontl_api.o
 .comment       0x00000000       0x7a D:/CW11.0/CW MCU v11.0/MCU/ARM_GCC_Support/ewl/lib/armv6-m\libc.a(exit.o)
 .comment       0x00000000       0x7a D:/CW11.0/CW MCU v11.0/MCU/ARM_GCC_Support/ewl/lib/armv6-m\libc.a(rand.o)
 .comment       0x00000000       0x7a D:/CW11.0/CW MCU v11.0/MCU/ARM_GCC_Support/ewl/lib/armv6-m\libc.a(memset.o)
 .comment       0x00000000       0x7a D:/CW11.0/CW MCU v11.0/MCU/ARM_GCC_Support/ewl/lib/armv6-m\libc.a(__filll_mem.o)
 .comment       0x00000000       0x7a D:/CW11.0/CW MCU v11.0/MCU/ARM_GCC_Support/ewl/lib/armv6-m\librt.a(gcc_ctor_dtor.o)
 .comment       0x00000000       0x7a D:/CW11.0/CW MCU v11.0/MCU/ARM_GCC_Support/ewl/lib/armv6-m\librt.a(__arm_eabi_init.o)
 .comment       0x00000000       0x7a D:/CW11.0/CW MCU v11.0/MCU/ARM_GCC_Support/ewl/lib/armv6-m\librt.a(ROMCopy.o)

.debug_frame    0x00000000     0x1b40
 .debug_frame   0x00000000       0x48 ./Project_Settings/Startup_Code/kinetis_sysinit.o
 .debug_frame   0x00000048       0x4c ./Project_Settings/Startup_Code/__arm_start.o
 .debug_frame   0x00000094       0x30 ./Project_Settings/Startup_Code/__arm_end.o
 .debug_frame   0x000000c4       0x6c ./Sources/Application/Auto_air/auto_air.o
 .debug_frame   0x00000130       0x88 ./Sources/Application/Auto_light/auto_light.o
 .debug_frame   0x000001b8      0x1a0 ./Sources/Application/Auto_wiper/auto_wiper.o
 .debug_frame   0x00000358       0x68 ./Sources/Application/Battery/battery.o
 .debug_frame   0x000003c0       0x2c ./Sources/Application/Config_parameters/config_parameter.o
 .debug_frame   0x000003ec       0x30 ./Sources/Application/Self_Adapt/self_adapt.o
 .debug_frame   0x0000041c       0xd8 ./Sources/Application/Sleep/sleep.o
 .debug_frame   0x000004f4       0x48 ./Sources/Application/main.o
 .debug_frame   0x0000053c      0x188 ./Sources/Driver/LIN_Stack/Diagnostic/lin_diagnostic_service.o
 .debug_frame   0x000006c4      0x1ac ./Sources/Driver/LIN_Stack/bsp/UART/lin_lld_uart.o
 .debug_frame   0x00000870       0x48 ./Sources/Driver/LIN_Stack/bsp/UART/lin_lld_timesrv.o
 .debug_frame   0x000008b8       0x4c ./Sources/Driver/LIN_Stack/bsp/UART/lin_isr.o
 .debug_frame   0x00000904       0x70 ./Sources/Driver/LIN_Stack/coreapi/lin_lin21_proto.o
 .debug_frame   0x00000974      0x168 ./Sources/Driver/LIN_Stack/coreapi/lin_common_proto.o
 .debug_frame   0x00000adc      0x14c ./Sources/Driver/LIN_Stack/coreapi/lin_common_api.o
 .debug_frame   0x00000c28      0x204 ./Sources/Driver/LIN_Stack/lowlevel/lin.o
 .debug_frame   0x00000e2c      0x12c ./Sources/Driver/SPI/spi.o
 .debug_frame   0x00000f58       0x6c ./Sources/Driver/adc/adc.o
 .debug_frame   0x00000fc4       0x6c ./Sources/Driver/clock/clock.o
 .debug_frame   0x00001030       0xd0 ./Sources/Driver/eeprom/eeprom.o
 .debug_frame   0x00001100       0x4c ./Sources/Driver/ftm/ftm.o
 .debug_frame   0x0000114c       0x2c ./Sources/Driver/gpio/gpio.o
 .debug_frame   0x00001178       0x30 ./Sources/Driver/pmc/pmc.o
 .debug_frame   0x000011a8       0x80 ./Sources/Driver/rtc/rtc.o
 .debug_frame   0x00001228       0xa0 ./Sources/Driver/watchdog/watchdog.o