Archive member included because of file (symbol)

D:/CW11.0/CW MCU v11.0/MCU/ARM_GCC_Support/ewl/lib/armv6-m\libc.a(exit.o)
                              ./Project_Settings/Startup_Code/__arm_start.o (exit)
D:/CW11.0/CW MCU v11.0/MCU/ARM_GCC_Support/ewl/lib/armv6-m\libc.a(memset.o)
                              ./Project_Settings/Startup_Code/__arm_start.o (memset)
D:/CW11.0/CW MCU v11.0/MCU/ARM_GCC_Support/ewl/lib/armv6-m\libc.a(__filll_mem.o)
                              D:/CW11.0/CW MCU v11.0/MCU/ARM_GCC_Support/ewl/lib/armv6-m\libc.a(memset.o) (__fill_mem)
d:/cw11.0/cw mcu v11.0/cross_tools/arm-none-eabi-gcc-4_7_3/bin/../lib/gcc/arm-none-eabi/4.7.3/armv6-m\libgcc.a(_udivsi3.o)
                              ./Sources/driver/eeprom/eeprom.o (__aeabi_uidiv)
d:/cw11.0/cw mcu v11.0/cross_tools/arm-none-eabi-gcc-4_7_3/bin/../lib/gcc/arm-none-eabi/4.7.3/armv6-m\libgcc.a(_divsi3.o)
                              ./Sources/LIN_Stack/transport/lin_commontl_proto.o (__aeabi_idiv)
d:/cw11.0/cw mcu v11.0/cross_tools/arm-none-eabi-gcc-4_7_3/bin/../lib/gcc/arm-none-eabi/4.7.3/armv6-m\libgcc.a(_dvmd_tls.o)
                              d:/cw11.0/cw mcu v11.0/cross_tools/arm-none-eabi-gcc-4_7_3/bin/../lib/gcc/arm-none-eabi/4.7.3/armv6-m\libgcc.a(_udivsi3.o) (__aeabi_idiv0)
d:/cw11.0/cw mcu v11.0/cross_tools/arm-none-eabi-gcc-4_7_3/bin/../lib/gcc/arm-none-eabi/4.7.3/armv6-m\libgcc.a(_fixunsdfsi.o)
                              ./Sources/LIN_Stack/bsp/UART/lin_isr.o (__aeabi_d2uiz)
d:/cw11.0/cw mcu v11.0/cross_tools/arm-none-eabi-gcc-4_7_3/bin/../lib/gcc/arm-none-eabi/4.7.3/armv6-m\libgcc.a(adddf3.o)
                              ./Sources/LIN_Stack/bsp/UART/lin_isr.o (__aeabi_dadd)
d:/cw11.0/cw mcu v11.0/cross_tools/arm-none-eabi-gcc-4_7_3/bin/../lib/gcc/arm-none-eabi/4.7.3/armv6-m\libgcc.a(subdf3.o)
                              d:/cw11.0/cw mcu v11.0/cross_tools/arm-none-eabi-gcc-4_7_3/bin/../lib/gcc/arm-none-eabi/4.7.3/armv6-m\libgcc.a(_fixunsdfsi.o) (__aeabi_dsub)
d:/cw11.0/cw mcu v11.0/cross_tools/arm-none-eabi-gcc-4_7_3/bin/../lib/gcc/arm-none-eabi/4.7.3/armv6-m\libgcc.a(fixdfsi.o)
                              d:/cw11.0/cw mcu v11.0/cross_tools/arm-none-eabi-gcc-4_7_3/bin/../lib/gcc/arm-none-eabi/4.7.3/armv6-m\libgcc.a(_fixunsdfsi.o) (__aeabi_d2iz)
d:/cw11.0/cw mcu v11.0/cross_tools/arm-none-eabi-gcc-4_7_3/bin/../lib/gcc/arm-none-eabi/4.7.3/armv6-m\libgcc.a(floatunsidf.o)
                              ./Sources/LIN_Stack/bsp/UART/lin_isr.o (__aeabi_ui2d)
d:/cw11.0/cw mcu v11.0/cross_tools/arm-none-eabi-gcc-4_7_3/bin/../lib/gcc/arm-none-eabi/4.7.3/armv6-m\libgcc.a(_arm_cmpdf2.o)
                              d:/cw11.0/cw mcu v11.0/cross_tools/arm-none-eabi-gcc-4_7_3/bin/../lib/gcc/arm-none-eabi/4.7.3/armv6-m\libgcc.a(_fixunsdfsi.o) (__aeabi_dcmpge)
d:/cw11.0/cw mcu v11.0/cross_tools/arm-none-eabi-gcc-4_7_3/bin/../lib/gcc/arm-none-eabi/4.7.3/armv6-m\libgcc.a(_clzsi2.o)
                              d:/cw11.0/cw mcu v11.0/cross_tools/arm-none-eabi-gcc-4_7_3/bin/../lib/gcc/arm-none-eabi/4.7.3/armv6-m\libgcc.a(adddf3.o) (__clzsi2)
d:/cw11.0/cw mcu v11.0/cross_tools/arm-none-eabi-gcc-4_7_3/bin/../lib/gcc/arm-none-eabi/4.7.3/armv6-m\libgcc.a(eqdf2.o)
                              d:/cw11.0/cw mcu v11.0/cross_tools/arm-none-eabi-gcc-4_7_3/bin/../lib/gcc/arm-none-eabi/4.7.3/armv6-m\libgcc.a(_arm_cmpdf2.o) (__eqdf2)
d:/cw11.0/cw mcu v11.0/cross_tools/arm-none-eabi-gcc-4_7_3/bin/../lib/gcc/arm-none-eabi/4.7.3/armv6-m\libgcc.a(gedf2.o)
                              d:/cw11.0/cw mcu v11.0/cross_tools/arm-none-eabi-gcc-4_7_3/bin/../lib/gcc/arm-none-eabi/4.7.3/armv6-m\libgcc.a(_arm_cmpdf2.o) (__gedf2)
d:/cw11.0/cw mcu v11.0/cross_tools/arm-none-eabi-gcc-4_7_3/bin/../lib/gcc/arm-none-eabi/4.7.3/armv6-m\libgcc.a(ledf2.o)
                              d:/cw11.0/cw mcu v11.0/cross_tools/arm-none-eabi-gcc-4_7_3/bin/../lib/gcc/arm-none-eabi/4.7.3/armv6-m\libgcc.a(_arm_cmpdf2.o) (__ledf2)
D:/CW11.0/CW MCU v11.0/MCU/ARM_GCC_Support/ewl/lib/armv6-m\librt.a(gcc_ctor_dtor.o)
                              ./Project_Settings/Startup_Code/__arm_start.o (__init_cpp)
D:/CW11.0/CW MCU v11.0/MCU/ARM_GCC_Support/ewl/lib/armv6-m\librt.a(__arm_eabi_init.o)
                              D:/CW11.0/CW MCU v11.0/MCU/ARM_GCC_Support/ewl/lib/armv6-m\libc.a(exit.o) (__destroy_global_chain)
D:/CW11.0/CW MCU v11.0/MCU/ARM_GCC_Support/ewl/lib/armv6-m\librt.a(ROMCopy.o)
                              ./Project_Settings/Startup_Code/__arm_start.o (__copy_rom_sections_to_ram)

Allocating common symbols
Common symbol       size              file

tl_rx_msg_status    0x1               ./Sources/lin_cfg/lin_cfg.o
app_flagvalue       0x1               ./Sources/main.o
tl_ld_error_code    0x1               ./Sources/lin_cfg/lin_cfg.o
diagnostic_Session  0x1               ./Sources/LIN_Stack/diagnostic/lin_diagnostic_service.o
tl_receive_msg_status
                    0x1               ./Sources/lin_cfg/lin_cfg.o
tl_check_timeout    0x2               ./Sources/lin_cfg/lin_cfg.o
tl_rx_queue_data    0x10              ./Sources/lin_cfg/lin_cfg.o
tl_frame_counter    0x1               ./Sources/lin_cfg/lin_cfg.o
tl_tx_queue_data    0x10              ./Sources/lin_cfg/lin_cfg.o
tl_tx_msg_size      0x2               ./Sources/lin_cfg/lin_cfg.o
tl_last_cfg_result  0x1               ./Sources/lin_cfg/lin_cfg.o
tl_tx_msg_status    0x1               ./Sources/lin_cfg/lin_cfg.o
u8refresh_flag      0x1               ./Sources/main.o
tl_last_RSID        0x1               ./Sources/lin_cfg/lin_cfg.o
APP_CRC_value       0x1               ./Sources/main.o
lin_successful_transfer
                    0x1               ./Sources/lin_cfg/lin_cfg.o
frame_signal_error  0x1               ./Sources/LIN_Stack/coreapi/lin_common_proto.o
tl_rx_msg_index     0x2               ./Sources/lin_cfg/lin_cfg.o
tl_no_of_pdu        0x1               ./Sources/lin_cfg/lin_cfg.o
lin_diag_signal_tbl
                    0x10              ./Sources/lin_cfg/lin_cfg.o
lin_goto_sleep_flg  0x1               ./Sources/lin_cfg/lin_cfg.o
diagnostic_Session_flg
                    0x1               ./Sources/LIN_Stack/diagnostic/lin_diagnostic_service.o
tl_rx_msg_size      0x2               ./Sources/lin_cfg/lin_cfg.o
lin_word_status     0x2               ./Sources/lin_cfg/lin_cfg.o
u8DataBuff          0x100             ./Sources/main.o
tl_tx_msg_index     0x2               ./Sources/lin_cfg/lin_cfg.o
pJumpTo             0x4               ./Sources/main.o
tl_check_timeout_type
                    0x1               ./Sources/lin_cfg/lin_cfg.o
diagnostic_Session_timer
                    0x2               ./Sources/LIN_Stack/diagnostic/lin_diagnostic_service.o
frame_index         0x1               ./Sources/LIN_Stack/coreapi/lin_common_proto.o
lin_current_pid     0x1               ./Sources/lin_cfg/lin_cfg.o
tl_ident_data       0x4               ./Sources/lin_cfg/lin_cfg.o
u8DataBuff_read     0x200             ./Sources/main.o
lin_error_in_response
                    0x1               ./Sources/lin_cfg/lin_cfg.o
u8App_value_flag    0x1               ./Sources/main.o
lin_lld_response_buffer
                    0xa               ./Sources/lin_cfg/lin_cfg.o
diagnostic_Session_pre
                    0x1               ./Sources/LIN_Stack/diagnostic/lin_diagnostic_service.o

Discarded input sections

 .text          0x00000000        0x0 ./Project_Settings/Startup_Code/kinetis_sysinit.o
 .data          0x00000000        0x0 ./Project_Settings/Startup_Code/kinetis_sysinit.o
 .bss           0x00000000        0x0 ./Project_Settings/Startup_Code/kinetis_sysinit.o
 .text          0x00000000        0x0 ./Project_Settings/Startup_Code/__arm_start.o
 .data          0x00000000        0x0 ./Project_Settings/Startup_Code/__arm_start.o
 .bss           0x00000000        0x0 ./Project_Settings/Startup_Code/__arm_start.o
 .text.__iar_program_start
                0x00000000        0x4 ./Project_Settings/Startup_Code/__arm_start.o
 .text          0x00000000        0x0 ./Project_Settings/Startup_Code/__arm_end.o
 .data          0x00000000        0x0 ./Project_Settings/Startup_Code/__arm_end.o
 .bss           0x00000000        0x0 ./Project_Settings/Startup_Code/__arm_end.o
 .text          0x00000000        0x0 ./Sources/LIN_Stack/bsp/UART/lin_lld_uart.o
 .data          0x00000000        0x0 ./Sources/LIN_Stack/bsp/UART/lin_lld_uart.o
 .bss           0x00000000        0x0 ./Sources/LIN_Stack/bsp/UART/lin_lld_uart.o
 .data.ifc      0x00000000        0x1 ./Sources/LIN_Stack/bsp/UART/lin_lld_uart.o
 .bss.tbit      0x00000000        0x2 ./Sources/LIN_Stack/bsp/UART/lin_lld_uart.o
 .text.lin_lld_uart_init
                0x00000000       0xdc ./Sources/LIN_Stack/bsp/UART/lin_lld_uart.o
 .text.lin_lld_uart_deinit
                0x00000000       0x18 ./Sources/LIN_Stack/bsp/UART/lin_lld_uart.o
 .text.lin_lld_uart_tx_wake_up
                0x00000000       0x3c ./Sources/LIN_Stack/bsp/UART/lin_lld_uart.o
 .text.lin_lld_uart_int_enable
                0x00000000       0x40 ./Sources/LIN_Stack/bsp/UART/lin_lld_uart.o
 .text.lin_lld_uart_int_disable
                0x00000000       0x4c ./Sources/LIN_Stack/bsp/UART/lin_lld_uart.o
 .text.lin_lld_uart_get_status
                0x00000000       0x14 ./Sources/LIN_Stack/bsp/UART/lin_lld_uart.o
 .text.lin_lld_uart_get_state
                0x00000000       0x14 ./Sources/LIN_Stack/bsp/UART/lin_lld_uart.o
 .text          0x00000000        0x0 ./Sources/LIN_Stack/bsp/UART/lin_lld_timesrv.o
 .data          0x00000000        0x0 ./Sources/LIN_Stack/bsp/UART/lin_lld_timesrv.o
 .bss           0x00000000        0x0 ./Sources/LIN_Stack/bsp/UART/lin_lld_timesrv.o
 .text.lin_lld_timer_K_init
                0x00000000       0x7c ./Sources/LIN_Stack/bsp/UART/lin_lld_timesrv.o
 .text          0x00000000        0x0 ./Sources/LIN_Stack/bsp/UART/lin_isr.o
 .data          0x00000000        0x0 ./Sources/LIN_Stack/bsp/UART/lin_isr.o
 .bss           0x00000000        0x0 ./Sources/LIN_Stack/bsp/UART/lin_isr.o
 .text          0x00000000        0x0 ./Sources/LIN_Stack/coreapi/lin_lin21_proto.o
 .data          0x00000000        0x0 ./Sources/LIN_Stack/coreapi/lin_lin21_proto.o
 .bss           0x00000000        0x0 ./Sources/LIN_Stack/coreapi/lin_lin21_proto.o
 .text          0x00000000        0x0 ./Sources/LIN_Stack/coreapi/lin_lin21_api.o
 .data          0x00000000        0x0 ./Sources/LIN_Stack/coreapi/lin_lin21_api.o
 .bss           0x00000000        0x0 ./Sources/LIN_Stack/coreapi/lin_lin21_api.o
 .debug_info    0x00000000       0x68 ./Sources/LIN_Stack/coreapi/lin_lin21_api.o
 .debug_abbrev  0x00000000       0x28 ./Sources/LIN_Stack/coreapi/lin_lin21_api.o
 .debug_aranges
                0x00000000       0x18 ./Sources/LIN_Stack/coreapi/lin_lin21_api.o
 .debug_macinfo
                0x00000000    0x233ea ./Sources/LIN_Stack/coreapi/lin_lin21_api.o
 .debug_line    0x00000000      0x2ff ./Sources/LIN_Stack/coreapi/lin_lin21_api.o
 .debug_str     0x00000000      0x12b ./Sources/LIN_Stack/coreapi/lin_lin21_api.o
 .comment       0x00000000       0x7a ./Sources/LIN_Stack/coreapi/lin_lin21_api.o
 .ARM.attributes
                0x00000000       0x31 ./Sources/LIN_Stack/coreapi/lin_lin21_api.o
 .text          0x00000000        0x0 ./Sources/LIN_Stack/coreapi/lin_common_proto.o
 .data          0x00000000        0x0 ./Sources/LIN_Stack/coreapi/lin_common_proto.o
 .bss           0x00000000        0x0 ./Sources/LIN_Stack/coreapi/lin_common_proto.o
 .text          0x00000000        0x0 ./Sources/LIN_Stack/coreapi/lin_common_api.o
 .data          0x00000000        0x0 ./Sources/LIN_Stack/coreapi/lin_common_api.o
 .bss           0x00000000        0x0 ./Sources/LIN_Stack/coreapi/lin_common_api.o
 .text.l_sys_init
                0x00000000       0x10 ./Sources/LIN_Stack/coreapi/lin_common_api.o
 .text.l_ifc_init
                0x00000000       0x1c ./Sources/LIN_Stack/coreapi/lin_common_api.o
 .text.l_ifc_goto_sleep
                0x00000000       0x14 ./Sources/LIN_Stack/coreapi/lin_common_api.o
 .text.l_ifc_wake_up
                0x00000000       0x18 ./Sources/LIN_Stack/coreapi/lin_common_api.o
 .text.l_ifc_rx
                0x00000000       0x14 ./Sources/LIN_Stack/coreapi/lin_common_api.o
 .text.l_ifc_tx
                0x00000000       0x14 ./Sources/LIN_Stack/coreapi/lin_common_api.o
 .text.l_ifc_aux
                0x00000000       0x14 ./Sources/LIN_Stack/coreapi/lin_common_api.o
 .text.l_ifc_read_status
                0x00000000       0x38 ./Sources/LIN_Stack/coreapi/lin_common_api.o
 .text.l_sys_irq_disable
                0x00000000       0x1c ./Sources/LIN_Stack/coreapi/lin_common_api.o
 .text.l_sys_irq_restore
                0x00000000       0x18 ./Sources/LIN_Stack/coreapi/lin_common_api.o
 .bss.tmp_word_status.5055
                0x00000000        0x2 ./Sources/LIN_Stack/coreapi/lin_common_api.o
 .debug_info    0x00000000      0x33b ./Sources/LIN_Stack/coreapi/lin_common_api.o
 .debug_abbrev  0x00000000      0x119 ./Sources/LIN_Stack/coreapi/lin_common_api.o
 .debug_loc     0x00000000      0x224 ./Sources/LIN_Stack/coreapi/lin_common_api.o
 .debug_aranges
                0x00000000       0x68 ./Sources/LIN_Stack/coreapi/lin_common_api.o
 .debug_macinfo
                0x00000000    0x2342d ./Sources/LIN_Stack/coreapi/lin_common_api.o
 .debug_line    0x00000000      0x3c6 ./Sources/LIN_Stack/coreapi/lin_common_api.o
 .debug_str     0x00000000      0x295 ./Sources/LIN_Stack/coreapi/lin_common_api.o
 .comment       0x00000000       0x7a ./Sources/LIN_Stack/coreapi/lin_common_api.o
 .ARM.attributes
                0x00000000       0x31 ./Sources/LIN_Stack/coreapi/lin_common_api.o
 .debug_frame   0x00000000      0x14c ./Sources/LIN_Stack/coreapi/lin_common_api.o
 .text          0x00000000        0x0 ./Sources/LIN_Stack/diagnostic/lin_diagnostic_service.o
 .data          0x00000000        0x0 ./Sources/LIN_Stack/diagnostic/lin_diagnostic_service.o
 .bss           0x00000000        0x0 ./Sources/LIN_Stack/diagnostic/lin_diagnostic_service.o
 .text.lin_diagservice_session_state
                0x00000000       0x58 ./Sources/LIN_Stack/diagnostic/lin_diagnostic_service.o
 .text          0x00000000        0x0 ./Sources/LIN_Stack/lowlevel/lin.o
 .data          0x00000000        0x0 ./Sources/LIN_Stack/lowlevel/lin.o
 .bss           0x00000000        0x0 ./Sources/LIN_Stack/lowlevel/lin.o
 .bss.etf_collision_flag
                0x00000000        0x1 ./Sources/LIN_Stack/lowlevel/lin.o
 .text.lin_lld_init
                0x00000000       0x14 ./Sources/LIN_Stack/lowlevel/lin.o
 .text.lin_lld_deinit
                0x00000000       0x10 ./Sources/LIN_Stack/lowlevel/lin.o
 .text.lin_lld_get_status
                0x00000000       0x1c ./Sources/LIN_Stack/lowlevel/lin.o
 .text.lin_lld_get_state
                0x00000000       0x24 ./Sources/LIN_Stack/lowlevel/lin.o
 .text.lin_lld_tx_wake_up
                0x00000000       0x10 ./Sources/LIN_Stack/lowlevel/lin.o
 .text.lin_lld_int_enable
                0x00000000       0x10 ./Sources/LIN_Stack/lowlevel/lin.o
 .text.lin_lld_int_disable
                0x00000000       0x10 ./Sources/LIN_Stack/lowlevel/lin.o
 .text.lin_lld_timer_init
                0x00000000        0xc ./Sources/LIN_Stack/lowlevel/lin.o
 .text.lin_lld_mcu_reset
                0x00000000        0x8 ./Sources/LIN_Stack/lowlevel/lin.o
 .text.lin_lld_set_etf_collision_flag
                0x00000000       0x14 ./Sources/LIN_Stack/lowlevel/lin.o
 .text.lin_lld_clear_etf_collision_flag
                0x00000000       0x14 ./Sources/LIN_Stack/lowlevel/lin.o
 .text          0x00000000        0x0 ./Sources/LIN_Stack/transport/lin_lin21tl_api.o
 .data          0x00000000        0x0 ./Sources/LIN_Stack/transport/lin_lin21tl_api.o
 .bss           0x00000000        0x0 ./Sources/LIN_Stack/transport/lin_lin21tl_api.o
 .text.diag_get_flag
                0x00000000       0x2c ./Sources/LIN_Stack/transport/lin_lin21tl_api.o
 .text.diag_clear_flag
                0x00000000       0x28 ./Sources/LIN_Stack/transport/lin_lin21tl_api.o
 .debug_info    0x00000000       0xe5 ./Sources/LIN_Stack/transport/lin_lin21tl_api.o
 .debug_abbrev  0x00000000       0x97 ./Sources/LIN_Stack/transport/lin_lin21tl_api.o
 .debug_loc     0x00000000       0x70 ./Sources/LIN_Stack/transport/lin_lin21tl_api.o
 .debug_aranges
                0x00000000       0x28 ./Sources/LIN_Stack/transport/lin_lin21tl_api.o
 .debug_macinfo
                0x00000000    0x233ec ./Sources/LIN_Stack/transport/lin_lin21tl_api.o
 .debug_line    0x00000000      0x32a ./Sources/LIN_Stack/transport/lin_lin21tl_api.o
 .debug_str     0x00000000      0x174 ./Sources/LIN_Stack/transport/lin_lin21tl_api.o
 .comment       0x00000000       0x7a ./Sources/LIN_Stack/transport/lin_lin21tl_api.o
 .ARM.attributes
                0x00000000       0x31 ./Sources/LIN_Stack/transport/lin_lin21tl_api.o
 .debug_frame   0x00000000       0x50 ./Sources/LIN_Stack/transport/lin_lin21tl_api.o
 .text          0x00000000        0x0 ./Sources/LIN_Stack/transport/lin_commontl_proto.o
 .data          0x00000000        0x0 ./Sources/LIN_Stack/transport/lin_commontl_proto.o
 .bss           0x00000000        0x0 ./Sources/LIN_Stack/transport/lin_commontl_proto.o
 .text          0x00000000        0x0 ./Sources/LIN_Stack/transport/lin_commontl_api.o
 .data          0x00000000        0x0 ./Sources/LIN_Stack/transport/lin_commontl_api.o
 .bss           0x00000000        0x0 ./Sources/LIN_Stack/transport/lin_commontl_api.o
 .text.ld_init  0x00000000       0xec ./Sources/LIN_Stack/transport/lin_commontl_api.o
 .text.ld_put_raw
                0x00000000       0x20 ./Sources/LIN_Stack/transport/lin_commontl_api.o
 .text.ld_raw_tx_status
                0x00000000       0x14 ./Sources/LIN_Stack/transport/lin_commontl_api.o
 .text.ld_raw_rx_status
                0x00000000       0x14 ./Sources/LIN_Stack/transport/lin_commontl_api.o
 .text.ld_send_message
                0x00000000      0x3a8 ./Sources/LIN_Stack/transport/lin_commontl_api.o
 .text.ld_tx_status
                0x00000000       0x14 ./Sources/LIN_Stack/transport/lin_commontl_api.o
 .text.ld_rx_status
                0x00000000       0x14 ./Sources/LIN_Stack/transport/lin_commontl_api.o
 .text.ld_read_configuration
                0x00000000       0xa4 ./Sources/LIN_Stack/transport/lin_commontl_api.o
 .text.ld_set_configuration
                0x00000000       0x9c ./Sources/LIN_Stack/transport/lin_commontl_api.o
 .text          0x00000000        0x0 ./Sources/driver/clock/clock.o
 .data          0x00000000        0x0 ./Sources/driver/clock/clock.o
 .bss           0x00000000        0x0 ./Sources/driver/clock/clock.o
 .text          0x00000000        0x0 ./Sources/driver/eeprom/eeprom.o
 .data          0x00000000        0x0 ./Sources/driver/eeprom/eeprom.o
 .bss           0x00000000        0x0 ./Sources/driver/eeprom/eeprom.o
 .text.EEPROM_EraseSector
                0x00000000       0xbc ./Sources/driver/eeprom/eeprom.o
 .text.EEPROM_ProgramWord
                0x00000000       0xdc ./Sources/driver/eeprom/eeprom.o
 .text.write_data_from_EEPROM
                0x00000000      0x310 ./Sources/driver/eeprom/eeprom.o
 .text.read_data_from_EEPROM
                0x00000000      0x108 ./Sources/driver/eeprom/eeprom.o
 .text          0x00000000        0x0 ./Sources/driver/ftm/ftm.o
 .data          0x00000000        0x0 ./Sources/driver/ftm/ftm.o
 .bss           0x00000000        0x0 ./Sources/driver/ftm/ftm.o
 .bss.G_20ms_counter
                0x00000000        0x1 ./Sources/driver/ftm/ftm.o
 .bss.G_20msFlag
                0x00000000        0x1 ./Sources/driver/ftm/ftm.o
 .text.FTM0_Init
                0x00000000       0x80 ./Sources/driver/ftm/ftm.o
 .text          0x00000000        0x0 ./Sources/driver/gpio/gpio.o
 .data          0x00000000        0x0 ./Sources/driver/gpio/gpio.o
 .bss           0x00000000        0x0 ./Sources/driver/gpio/gpio.o
 .text          0x00000000        0x0 ./Sources/driver/watchdog/watchdog.o
 .data          0x00000000        0x0 ./Sources/driver/watchdog/watchdog.o
 .bss           0x00000000        0x0 ./Sources/driver/watchdog/watchdog.o
 .text.WDOG_Unlock
                0x00000000       0x20 ./Sources/driver/watchdog/watchdog.o
 .text.WDOG_Init
                0x00000000       0x28 ./Sources/driver/watchdog/watchdog.o
 .text.WDOG_Feed
                0x00000000       0x24 ./Sources/driver/watchdog/watchdog.o
 .text.WDOG_EnableUpdate
                0x00000000       0x60 ./Sources/driver/watchdog/watchdog.o
 .text          0x00000000        0x0 ./Sources/lin_cfg/lin_cfg.o
 .data          0x00000000        0x0 ./Sources/lin_cfg/lin_cfg.o
 .bss           0x00000000        0x0 ./Sources/lin_cfg/lin_cfg.o
 .rodata.lin_virtual_ifc
                0x00000000        0x1 ./Sources/lin_cfg/lin_cfg.o
 .rodata.lin_configuration_ROM
                0x00000000       0x10 ./Sources/lin_cfg/lin_cfg.o
 .rodata.product_id
                0x00000000        0x8 ./Sources/lin_cfg/lin_cfg.o
 .rodata.product_serial_num
                0x00000000        0x4 ./Sources/lin_cfg/lin_cfg.o
 .text          0x00000000        0x0 ./Sources/main.o
 .data          0x00000000        0x0 ./Sources/main.o
 .bss           0x00000000        0x0 ./Sources/main.o
 .data.pNewAppEntry
                0x00000000        0x4 ./Sources/main.o
 .data.pFlashlastflag
                0x00000000        0x4 ./Sources/main.o
 .text          0x00000000        0x0 D:/CW11.0/CW MCU v11.0/MCU/ARM_GCC_Support/ewl/lib/armv6-m\libc.a(exit.o)
 .data          0x00000000        0x0 D:/CW11.0/CW MCU v11.0/MCU/ARM_GCC_Support/ewl/lib/armv6-m\libc.a(exit.o)
 .bss           0x00000000        0x0 D:/CW11.0/CW MCU v11.0/MCU/ARM_GCC_Support/ewl/lib/armv6-m\libc.a(exit.o)
 .text          0x00000000        0x0 D:/CW11.0/CW MCU v11.0/MCU/ARM_GCC_Support/ewl/lib/armv6-m\libc.a(memset.o)
 .data          0x00000000        0x0 D:/CW11.0/CW MCU v11.0/MCU/ARM_GCC_Support/ewl/lib/armv6-m\libc.a(memset.o)
 .bss           0x00000000        0x0 D:/CW11.0/CW MCU v11.0/MCU/ARM_GCC_Support/ewl/lib/armv6-m\libc.a(memset.o)
 .text          0x00000000        0x0 D:/CW11.0/CW MCU v11.0/MCU/ARM_GCC_Support/ewl/lib/armv6-m\libc.a(__filll_mem.o)
 .data          0x00000000        0x0 D:/CW11.0/CW MCU v11.0/MCU/ARM_GCC_Support/ewl/lib/armv6-m\libc.a(__filll_mem.o)
 .bss           0x00000000        0x0 D:/CW11.0/CW MCU v11.0/MCU/ARM_GCC_Support/ewl/lib/armv6-m\libc.a(__filll_mem.o)
 .data          0x00000000        0x0 d:/cw11.0/cw mcu v11.0/cross_tools/arm-none-eabi-gcc-4_7_3/bin/../lib/gcc/arm-none-eabi/4.7.3/armv6-m\libgcc.a(_udivsi3.o)
 .bss           0x00000000        0x0 d:/cw11.0/cw mcu v11.0/cross_tools/arm-none-eabi-gcc-4_7_3/bin/../lib/gcc/arm-none-eabi/4.7.3/armv6-m\libgcc.a(_udivsi3.o)
 .data          0x00000000        0x0 d:/cw11.0/cw mcu v11.0/cross_tools/arm-none-eabi-gcc-4_7_3/bin/../lib/gcc/arm-none-eabi/4.7.3/armv6-m\libgcc.a(_divsi3.o)
 .bss           0x00000000        0x0 d:/cw11.0/cw mcu v11.0/cross_tools/arm-none-eabi-gcc-4_7_3/bin/../lib/gcc/arm-none-eabi/4.7.3/armv6-m\libgcc.a(_divsi3.o)
 .data          0x00000000        0x0 d:/cw11.0/cw mcu v11.0/cross_tools/arm-none-eabi-gcc-4_7_3/bin/../lib/gcc/arm-none-eabi/4.7.3/armv6-m\libgcc.a(_dvmd_tls.o)
 .bss           0x00000000        0x0 d:/cw11.0/cw mcu v11.0/cross_tools/arm-none-eabi-gcc-4_7_3/bin/../lib/gcc/arm-none-eabi/4.7.3/armv6-m\libgcc.a(_dvmd_tls.o)
 .data          0x00000000        0x0 d:/cw11.0/cw mcu v11.0/cross_tools/arm-none-eabi-gcc-4_7_3/bin/../lib/gcc/arm-none-eabi/4.7.3/armv6-m\libgcc.a(_fixunsdfsi.o)
 .bss           0x00000000        0x0 d:/cw11.0/cw mcu v11.0/cross_tools/arm-none-eabi-gcc-4_7_3/bin/../lib/gcc/arm-none-eabi/4.7.3/armv6-m\libgcc.a(_fixunsdfsi.o)
 .data          0x00000000        0x0 d:/cw11.0/cw mcu v11.0/cross_tools/arm-none-eabi-gcc-4_7_3/bin/../lib/gcc/arm-none-eabi/4.7.3/armv6-m\libgcc.a(adddf3.o)
 .bss           0x00000000        0x0 d:/cw11.0/cw mcu v11.0/cross_tools/arm-none-eabi-gcc-4_7_3/bin/../lib/gcc/arm-none-eabi/4.7.3/armv6-m\libgcc.a(adddf3.o)
 .data          0x00000000        0x0 d:/cw11.0/cw mcu v11.0/cross_tools/arm-none-eabi-gcc-4_7_3/bin/../lib/gcc/arm-none-eabi/4.7.3/armv6-m\libgcc.a(subdf3.o)
 .bss           0x00000000        0x0 d:/cw11.0/cw mcu v11.0/cross_tools/arm-none-eabi-gcc-4_7_3/bin/../lib/gcc/arm-none-eabi/4.7.3/armv6-m\libgcc.a(subdf3.o)
 .data          0x00000000        0x0 d:/cw11.0/cw mcu v11.0/cross_tools/arm-none-eabi-gcc-4_7_3/bin/../lib/gcc/arm-none-eabi/4.7.3/armv6-m\libgcc.a(fixdfsi.o)
 .bss           0x00000000        0x0 d:/cw11.0/cw mcu v11.0/cross_tools/arm-none-eabi-gcc-4_7_3/bin/../lib/gcc/arm-none-eabi/4.7.3/armv6-m\libgcc.a(fixdfsi.o)
 .data          0x00000000        0x0 d:/cw11.0/cw mcu v11.0/cross_tools/arm-none-eabi-gcc-4_7_3/bin/../lib/gcc/arm-none-eabi/4.7.3/armv6-m\libgcc.a(floatunsidf.o)
 .bss           0x00000000        0x0 d:/cw11.0/cw mcu v11.0/cross_tools/arm-none-eabi-gcc-4_7_3/bin/../lib/gcc/arm-none-eabi/4.7.3/armv6-m\libgcc.a(floatunsidf.o)
 .data          0x00000000        0x0 d:/cw11.0/cw mcu v11.0/cross_tools/arm-none-eabi-gcc-4_7_3/bin/../lib/gcc/arm-none-eabi/4.7.3/armv6-m\libgcc.a(_arm_cmpdf2.o)
 .bss           0x00000000        0x0 d:/cw11.0/cw mcu v11.0/cross_tools/arm-none-eabi-gcc-4_7_3/bin/../lib/gcc/arm-none-eabi/4.7.3/armv6-m\libgcc.a(_arm_cmpdf2.o)
 .data          0x00000000        0x0 d:/cw11.0/cw mcu v11.0/cross_tools/arm-none-eabi-gcc-4_7_3/bin/../lib/gcc/arm-none-eabi/4.7.3/armv6-m\libgcc.a(_clzsi2.o)
 .bss           0x00000000        0x0 d:/cw11.0/cw mcu v11.0/cross_tools/arm-none-eabi-gcc-4_7_3/bin/../lib/gcc/arm-none-eabi/4.7.3/armv6-m\libgcc.a(_clzsi2.o)
 .data          0x00000000        0x0 d:/cw11.0/cw mcu v11.0/cross_tools/arm-none-eabi-gcc-4_7_3/bin/../lib/gcc/arm-none-eabi/4.7.3/armv6-m\libgcc.a(eqdf2.o)
 .bss           0x00000000        0x0 d:/cw11.0/cw mcu v11.0/cross_tools/arm-none-eabi-gcc-4_7_3/bin/../lib/gcc/arm-none-eabi/4.7.3/armv6-m\libgcc.a(eqdf2.o)
 .data          0x00000000        0x0 d:/cw11.0/cw mcu v11.0/cross_tools/arm-none-eabi-gcc-4_7_3/bin/../lib/gcc/arm-none-eabi/4.7.3/armv6-m\libgcc.a(gedf2.o)
 .bss           0x00000000        0x0 d:/cw11.0/cw mcu v11.0/cross_tools/arm-none-eabi-gcc-4_7_3/bin/../lib/gcc/arm-none-eabi/4.7.3/armv6-m\libgcc.a(gedf2.o)
 .data          0x00000000        0x0 d:/cw11.0/cw mcu v11.0/cross_tools/arm-none-eabi-gcc-4_7_3/bin/../lib/gcc/arm-none-eabi/4.7.3/armv6-m\libgcc.a(ledf2.o)
 .bss           0x00000000        0x0 d:/cw11.0/cw mcu v11.0/cross_tools/arm-none-eabi-gcc-4_7_3/bin/../lib/gcc/arm-none-eabi/4.7.3/armv6-m\libgcc.a(ledf2.o)
 .text          0x00000000        0x0 D:/CW11.0/CW MCU v11.0/MCU/ARM_GCC_Support/ewl/lib/armv6-m\librt.a(gcc_ctor_dtor.o)
 .data          0x00000000        0x0 D:/CW11.0/CW MCU v11.0/MCU/ARM_GCC_Support/ewl/lib/armv6-m\librt.a(gcc_ctor_dtor.o)
 .bss           0x00000000        0x0 D:/CW11.0/CW MCU v11.0/MCU/ARM_GCC_Support/ewl/lib/armv6-m\librt.a(gcc_ctor_dtor.o)
 .bss.__dso_handle
                0x00000000        0x4 D:/CW11.0/CW MCU v11.0/MCU/ARM_GCC_Support/ewl/lib/armv6-m\librt.a(gcc_ctor_dtor.o)
 .text          0x00000000        0x0 D:/CW11.0/CW MCU v11.0/MCU/ARM_GCC_Support/ewl/lib/armv6-m\librt.a(__arm_eabi_init.o)
 .data          0x00000000        0x0 D:/CW11.0/CW MCU v11.0/MCU/ARM_GCC_Support/ewl/lib/armv6-m\librt.a(__arm_eabi_init.o)
 .bss           0x00000000        0x0 D:/CW11.0/CW MCU v11.0/MCU/ARM_GCC_Support/ewl/lib/armv6-m\librt.a(__arm_eabi_init.o)
 .text.__register_global_object
                0x00000000       0x14 D:/CW11.0/CW MCU v11.0/MCU/ARM_GCC_Support/ewl/lib/armv6-m\librt.a(__arm_eabi_init.o)
 .text.__cxa_atexit
                0x00000000       0x38 D:/CW11.0/CW MCU v11.0/MCU/ARM_GCC_Support/ewl/lib/armv6-m\librt.a(__arm_eabi_init.o)
 .text.__aeabi_atexit
                0x00000000        0xe D:/CW11.0/CW MCU v11.0/MCU/ARM_GCC_Support/ewl/lib/armv6-m\librt.a(__arm_eabi_init.o)
 .text.__register_atexit
                0x00000000        0xc D:/CW11.0/CW MCU v11.0/MCU/ARM_GCC_Support/ewl/lib/armv6-m\librt.a(__arm_eabi_init.o)
 .text.__init_hardware
                0x00000000        0x4 D:/CW11.0/CW MCU v11.0/MCU/ARM_GCC_Support/ewl/lib/armv6-m\librt.a(__arm_eabi_init.o)
 .bss.atexit_curr_func
                0x00000000        0x4 D:/CW11.0/CW MCU v11.0/MCU/ARM_GCC_Support/ewl/lib/armv6-m\librt.a(__arm_eabi_init.o)
 .bss.atexit_funcs
                0x00000000      0x300 D:/CW11.0/CW MCU v11.0/MCU/ARM_GCC_Support/ewl/lib/armv6-m\librt.a(__arm_eabi_init.o)
 .text          0x00000000        0x0 D:/CW11.0/CW MCU v11.0/MCU/ARM_GCC_Support/ewl/lib/armv6-m\librt.a(ROMCopy.o)
 .data          0x00000000        0x0 D:/CW11.0/CW MCU v11.0/MCU/ARM_GCC_Support/ewl/lib/armv6-m\librt.a(ROMCopy.o)
 .bss           0x00000000        0x0 D:/CW11.0/CW MCU v11.0/MCU/ARM_GCC_Support/ewl/lib/armv6-m\librt.a(ROMCopy.o)
 .text.__flush_cache
                0x00000000        0x2 D:/CW11.0/CW MCU v11.0/MCU/ARM_GCC_Support/ewl/lib/armv6-m\librt.a(ROMCopy.o)

Memory Configuration

Name             Origin             Length             Attributes
m_interrupts     0x00000000         0x000000c0         xr
m_cfmprotrom     0x00000400         0x00000010         xr
m_text           0x00000800         0x0000f800         xr
m_data           0x1ffffc00         0x00001000         xrw
*default*        0x00000000         0xffffffff

Linker script and memory map

LOAD ./Project_Settings/Startup_Code/kinetis_sysinit.o
LOAD ./Project_Settings/Startup_Code/__arm_start.o
LOAD ./Project_Settings/Startup_Code/__arm_end.o
LOAD ./Sources/LIN_Stack/bsp/UART/lin_lld_uart.o
LOAD ./Sources/LIN_Stack/bsp/UART/lin_lld_timesrv.o
LOAD ./Sources/LIN_Stack/bsp/UART/lin_isr.o
LOAD ./Sources/LIN_Stack/coreapi/lin_lin21_proto.o
LOAD ./Sources/LIN_Stack/coreapi/lin_lin21_api.o
LOAD ./Sources/LIN_Stack/coreapi/lin_common_proto.o
LOAD ./Sources/LIN_Stack/coreapi/lin_common_api.o
LOAD ./Sources/LIN_Stack/diagnostic/lin_diagnostic_service.o
LOAD ./Sources/LIN_Stack/lowlevel/lin.o
LOAD ./Sources/LIN_Stack/transport/lin_lin21tl_api.o
LOAD ./Sources/LIN_Stack/transport/lin_commontl_proto.o
LOAD ./Sources/LIN_Stack/transport/lin_commontl_api.o
LOAD ./Sources/driver/clock/clock.o
LOAD ./Sources/driver/eeprom/eeprom.o
LOAD ./Sources/driver/ftm/ftm.o
LOAD ./Sources/driver/gpio/gpio.o
LOAD ./Sources/driver/watchdog/watchdog.o
LOAD ./Sources/lin_cfg/lin_cfg.o
LOAD ./Sources/main.o
START GROUP
LOAD D:/CW11.0/CW MCU v11.0/MCU/ARM_GCC_Support/ewl/lib/armv6-m\libc.a
LOAD D:/CW11.0/CW MCU v11.0/MCU/ARM_GCC_Support/ewl/lib/armv6-m\libm.a
LOAD d:/cw11.0/cw mcu v11.0/cross_tools/arm-none-eabi-gcc-4_7_3/bin/../lib/gcc/arm-none-eabi/4.7.3/armv6-m\libgcc.a
LOAD D:/CW11.0/CW MCU v11.0/MCU/ARM_GCC_Support/ewl/lib/armv6-m\librt.a
END GROUP
                0x20000c00                _estack = 0x20000c00
                0x20000c00                __SP_INIT = _estack
                0x00000100                __heap_size = 0x100
                0x00000100                __stack_size = 0x100

.interrupts     0x00000000       0xc0
                0x00000000                __vector_table = .
                0x00000000                . = ALIGN (0x4)
 *(.vectortable)
 .vectortable   0x00000000       0xc0 ./Project_Settings/Startup_Code/kinetis_sysinit.o
                0x00000000                InterruptVector
                0x000000c0                . = ALIGN (0x4)

.cfmprotect     0x00000400        0x0
                0x00000400                . = ALIGN (0x4)
 *(.cfmconfig)
                0x00000400                . = ALIGN (0x4)

.text           0x00000800     0x4308
                0x00000800                . = ALIGN (0x4)
 *(.text)
 .text          0x00000800       0x9c d:/cw11.0/cw mcu v11.0/cross_tools/arm-none-eabi-gcc-4_7_3/bin/../lib/gcc/arm-none-eabi/4.7.3/armv6-m\libgcc.a(_udivsi3.o)
                0x00000800                __aeabi_uidiv
                0x00000800                __udivsi3
                0x00000888                __aeabi_uidivmod
 .text          0x0000089c       0xc0 d:/cw11.0/cw mcu v11.0/cross_tools/arm-none-eabi-gcc-4_7_3/bin/../lib/gcc/arm-none-eabi/4.7.3/armv6-m\libgcc.a(_divsi3.o)
                0x0000089c                __divsi3
                0x0000089c                __aeabi_idiv
                0x00000948                __aeabi_idivmod
 .text          0x0000095c        0x4 d:/cw11.0/cw mcu v11.0/cross_tools/arm-none-eabi-gcc-4_7_3/bin/../lib/gcc/arm-none-eabi/4.7.3/armv6-m\libgcc.a(_dvmd_tls.o)
                0x0000095c                __aeabi_idiv0
                0x0000095c                __aeabi_ldiv0
 .text          0x00000960       0x40 d:/cw11.0/cw mcu v11.0/cross_tools/arm-none-eabi-gcc-4_7_3/bin/../lib/gcc/arm-none-eabi/4.7.3/armv6-m\libgcc.a(_fixunsdfsi.o)
                0x00000960                __aeabi_d2uiz
                0x00000960                __fixunsdfsi
 .text          0x000009a0      0x758 d:/cw11.0/cw mcu v11.0/cross_tools/arm-none-eabi-gcc-4_7_3/bin/../lib/gcc/arm-none-eabi/4.7.3/armv6-m\libgcc.a(adddf3.o)
                0x000009a0                __aeabi_dadd
 .text          0x000010f8      0x6f8 d:/cw11.0/cw mcu v11.0/cross_tools/arm-none-eabi-gcc-4_7_3/bin/../lib/gcc/arm-none-eabi/4.7.3/armv6-m\libgcc.a(subdf3.o)
                0x000010f8                __aeabi_dsub
 .text          0x000017f0       0x68 d:/cw11.0/cw mcu v11.0/cross_tools/arm-none-eabi-gcc-4_7_3/bin/../lib/gcc/arm-none-eabi/4.7.3/armv6-m\libgcc.a(fixdfsi.o)
                0x000017f0                __aeabi_d2iz
 .text          0x00001858       0x64 d:/cw11.0/cw mcu v11.0/cross_tools/arm-none-eabi-gcc-4_7_3/bin/../lib/gcc/arm-none-eabi/4.7.3/armv6-m\libgcc.a(floatunsidf.o)
                0x00001858                __aeabi_ui2d
 .text          0x000018bc       0x7c d:/cw11.0/cw mcu v11.0/cross_tools/arm-none-eabi-gcc-4_7_3/bin/../lib/gcc/arm-none-eabi/4.7.3/armv6-m\libgcc.a(_arm_cmpdf2.o)
                0x000018bc                __aeabi_cdrcmple
                0x000018cc                __aeabi_cdcmple
                0x000018cc                __aeabi_cdcmpeq
                0x000018dc                __aeabi_dcmpeq
                0x000018e8                __aeabi_dcmplt
                0x000018fc                __aeabi_dcmple
                0x00001910                __aeabi_dcmpgt
                0x00001924                __aeabi_dcmpge
 .text          0x00001938       0x3c d:/cw11.0/cw mcu v11.0/cross_tools/arm-none-eabi-gcc-4_7_3/bin/../lib/gcc/arm-none-eabi/4.7.3/armv6-m\libgcc.a(_clzsi2.o)
                0x00001938                __clzsi2
 .text          0x00001974       0x7c d:/cw11.0/cw mcu v11.0/cross_tools/arm-none-eabi-gcc-4_7_3/bin/../lib/gcc/arm-none-eabi/4.7.3/armv6-m\libgcc.a(eqdf2.o)
                0x00001974                __nedf2
                0x00001974                __eqdf2
 .text          0x000019f0       0xe8 d:/cw11.0/cw mcu v11.0/cross_tools/arm-none-eabi-gcc-4_7_3/bin/../lib/gcc/arm-none-eabi/4.7.3/armv6-m\libgcc.a(gedf2.o)
                0x000019f0                __gedf2
                0x000019f0                __gtdf2
 .text          0x00001ad8       0xd8 d:/cw11.0/cw mcu v11.0/cross_tools/arm-none-eabi-gcc-4_7_3/bin/../lib/gcc/arm-none-eabi/4.7.3/armv6-m\libgcc.a(ledf2.o)
                0x00001ad8                __ledf2
                0x00001ad8                __ltdf2
 *(.text*)
 .text.Default_Handler
                0x00001bb0        0xc ./Project_Settings/Startup_Code/kinetis_sysinit.o
                0x00001bb0                I2C0_IRQHandler
                0x00001bb0                HardFault_Handler
                0x00001bb0                SysTick_Handler
                0x00001bb0                PendSV_Handler
                0x00001bb0                NMI_Handler
                0x00001bb0                ADC0_IRQHandler
                0x00001bb0                SPI1_IRQHandler
                0x00001bb0                UART2_SCI2_IRQHandler
                0x00001bb0                RTC_IRQHandler
                0x00001bb0                IRQ_IRQHandler
                0x00001bb0                PIT_CH0_IRQHandler
                0x00001bb0                Default_Handler
                0x00001bb0                ACMP0_IRQHandler
                0x00001bb0                SVC_Handler
                0x00001bb0                ICS_IRQHandler
                0x00001bb0                PIT_CH1_IRQHandler
                0x00001bb0                FTMRH_IRQHandler
                0x00001bb0                KBI0_IRQHandler
                0x00001bb0                PMC_IRQHandler
                0x00001bb0                SPI0_IRQHandler
                0x00001bb0                FTM2_IRQHandler
                0x00001bb0                ACMP1_IRQHandler
                0x00001bb0                KBI1_IRQHandler
                0x00001bb0                UART1_SCI1_IRQHandler
 .text.__init_hardware
                0x00001bbc       0x1c ./Project_Settings/Startup_Code/kinetis_sysinit.o
                0x00001bbc                __init_hardware
 .text.zero_fill_bss
                0x00001bd8       0x24 ./Project_Settings/Startup_Code/__arm_start.o
 .text.__thumb_startup
                0x00001bfc       0x30 ./Project_Settings/Startup_Code/__arm_start.o
                0x00001bfc                __thumb_startup
 .text._ExitProcess
                0x00001c2c        0xc ./Project_Settings/Startup_Code/__arm_end.o
                0x00001c2c                _ExitProcess
 .text.lin_lld_uart_ignore_response
                0x00001c38        0xc ./Sources/LIN_Stack/bsp/UART/lin_lld_uart.o
                0x00001c38                lin_lld_uart_ignore_response
 .text.lin_lld_uart_set_low_power_mode
                0x00001c44       0x14 ./Sources/LIN_Stack/bsp/UART/lin_lld_uart.o
                0x00001c44                lin_lld_uart_set_low_power_mode
 .text.lin_lld_uart_rx_response
                0x00001c58       0x40 ./Sources/LIN_Stack/bsp/UART/lin_lld_uart.o
                0x00001c58                lin_lld_uart_rx_response
 .text.lin_lld_uart_tx_response
                0x00001c98       0x58 ./Sources/LIN_Stack/bsp/UART/lin_lld_uart.o
                0x00001c98                lin_lld_uart_tx_response
 .text.lin_lld_uart_timeout
                0x00001cf0      0x168 ./Sources/LIN_Stack/bsp/UART/lin_lld_uart.o
                0x00001cf0                lin_lld_uart_timeout
 .text.lin_goto_idle_state
                0x00001e58       0x44 ./Sources/LIN_Stack/bsp/UART/lin_lld_uart.o
                0x00001e58                lin_goto_idle_state
 .text.lin_lld_uart_rx_isr
                0x00001e9c      0x448 ./Sources/LIN_Stack/bsp/UART/lin_lld_uart.o
                0x00001e9c                lin_lld_uart_rx_isr
 .text.lin_lld_timer_isr
                0x000022e4        0xc ./Sources/LIN_Stack/bsp/UART/lin_lld_timesrv.o
                0x000022e4                lin_lld_timer_isr
 .text.UART0_SCI0_IRQHandler
                0x000022f0        0xc ./Sources/LIN_Stack/bsp/UART/lin_isr.o
                0x000022f0                UART0_SCI0_IRQHandler
 *fill*         0x000022fc        0x4 00
 .text.FTM1_IRQHandler
                0x00002300       0x68 ./Sources/LIN_Stack/bsp/UART/lin_isr.o
                0x00002300                FTM1_IRQHandler
 .text.lin_update_word_status_lin21
                0x00002368       0x7c ./Sources/LIN_Stack/coreapi/lin_lin21_proto.o
                0x00002368                lin_update_word_status_lin21
 .text.lin_update_err_signal
                0x000023e4       0x7c ./Sources/LIN_Stack/coreapi/lin_lin21_proto.o
                0x000023e4                lin_update_err_signal
 .text.lin_make_res_evnt_frame
                0x00002460       0x38 ./Sources/LIN_Stack/coreapi/lin_lin21_proto.o
                0x00002460                lin_make_res_evnt_frame
 .text.lin_pid_response_callback_handler
                0x00002498       0x78 ./Sources/LIN_Stack/coreapi/lin_common_proto.o
                0x00002498                lin_pid_response_callback_handler
 .text.lin_process_pid
                0x00002510      0x15c ./Sources/LIN_Stack/coreapi/lin_common_proto.o
                0x00002510                lin_process_pid
 .text.lin_update_rx
                0x0000266c       0xe8 ./Sources/LIN_Stack/coreapi/lin_common_proto.o
                0x0000266c                lin_update_rx
 .text.lin_update_tx
                0x00002754       0xd0 ./Sources/LIN_Stack/coreapi/lin_common_proto.o
                0x00002754                lin_update_tx
 .text.lin_handle_error
                0x00002824       0xc4 ./Sources/LIN_Stack/coreapi/lin_common_proto.o
                0x00002824                lin_handle_error
 .text.lin_bus_activity_timeout
                0x000028e8       0x20 ./Sources/LIN_Stack/coreapi/lin_common_proto.o
                0x000028e8                lin_bus_activity_timeout
 .text.lin_update_tx_flags
                0x00002908       0xe0 ./Sources/LIN_Stack/coreapi/lin_common_proto.o
                0x00002908                lin_update_tx_flags
 .text.lin_update_rx_diag_frame
                0x000029e8       0x28 ./Sources/LIN_Stack/coreapi/lin_common_proto.o
                0x000029e8                lin_update_rx_diag_frame
 .text.lin_make_res_diag_frame
                0x00002a10        0xc ./Sources/LIN_Stack/coreapi/lin_common_proto.o
                0x00002a10                lin_make_res_diag_frame
 .text.lin_get_frame_index
                0x00002a1c       0x5c ./Sources/LIN_Stack/coreapi/lin_common_proto.o
                0x00002a1c                lin_get_frame_index
 .text.lin_process_uncd_frame
                0x00002a78      0x130 ./Sources/LIN_Stack/coreapi/lin_common_proto.o
                0x00002a78                lin_process_uncd_frame
 .text.lin_diagservice_session_control
                0x00002ba8       0xb8 ./Sources/LIN_Stack/diagnostic/lin_diagnostic_service.o
                0x00002ba8                lin_diagservice_session_control
 .text.lin_diagservice_read_data_by_identifier
                0x00002c60       0x64 ./Sources/LIN_Stack/diagnostic/lin_diagnostic_service.o
                0x00002c60                lin_diagservice_read_data_by_identifier
 .text.lin_diagservice_write_data_by_identifier
                0x00002cc4       0x64 ./Sources/LIN_Stack/diagnostic/lin_diagnostic_service.o
                0x00002cc4                lin_diagservice_write_data_by_identifier
 .text.lin_diagsrv_functional_service
                0x00002d28       0x1c ./Sources/LIN_Stack/diagnostic/lin_diagnostic_service.o
                0x00002d28                lin_diagsrv_functional_service
 .text.lin_lld_ignore_response
                0x00002d44       0x10 ./Sources/LIN_Stack/lowlevel/lin.o
                0x00002d44                lin_lld_ignore_response
 .text.lin_lld_set_low_power_mode
                0x00002d54       0x10 ./Sources/LIN_Stack/lowlevel/lin.o
                0x00002d54                lin_lld_set_low_power_mode
 .text.lin_lld_set_response
                0x00002d64       0x4c ./Sources/LIN_Stack/lowlevel/lin.o
                0x00002d64                lin_lld_set_response
 .text.lin_lld_rx_response
                0x00002db0       0x20 ./Sources/LIN_Stack/lowlevel/lin.o
                0x00002db0                lin_lld_rx_response
 .text.lin_process_parity
                0x00002dd0       0xf0 ./Sources/LIN_Stack/lowlevel/lin.o
                0x00002dd0                lin_process_parity
 .text.lin_checksum
                0x00002ec0       0x9c ./Sources/LIN_Stack/lowlevel/lin.o
                0x00002ec0                lin_checksum
 .text.lin_tl_make_slaveres_pdu
                0x00002f5c      0x3f4 ./Sources/LIN_Stack/transport/lin_commontl_proto.o
                0x00002f5c                lin_tl_make_slaveres_pdu
 .text.lin_tl_get_pdu
                0x00003350       0x5c ./Sources/LIN_Stack/transport/lin_commontl_proto.o
                0x00003350                lin_tl_get_pdu
 .text.lin_process_pdu
                0x000033ac      0x260 ./Sources/LIN_Stack/transport/lin_commontl_proto.o
 .text.lin_tl_handler
                0x0000360c      0x164 ./Sources/LIN_Stack/transport/lin_commontl_proto.o
                0x0000360c                lin_tl_handler
 .text.lin_tl_attach_service
                0x00003770      0x174 ./Sources/LIN_Stack/transport/lin_commontl_proto.o
                0x00003770                lin_tl_attach_service
 .text.tl_put_raw
                0x000038e4       0xcc ./Sources/LIN_Stack/transport/lin_commontl_proto.o
                0x000038e4                tl_put_raw
 .text.tl_get_raw
                0x000039b0       0xe8 ./Sources/LIN_Stack/transport/lin_commontl_proto.o
                0x000039b0                tl_get_raw
 .text.ld_get_raw
                0x00003a98       0x20 ./Sources/LIN_Stack/transport/lin_commontl_api.o
                0x00003a98                ld_get_raw
 .text.ld_receive_message
                0x00003ab8      0x284 ./Sources/LIN_Stack/transport/lin_commontl_api.o
                0x00003ab8                ld_receive_message
 .text.Clk_Init
                0x00003d3c       0x84 ./Sources/driver/clock/clock.o
                0x00003d3c                Clk_Init
 .text.FLASH_Init
                0x00003dc0       0xd4 ./Sources/driver/eeprom/eeprom.o
                0x00003dc0                FLASH_Init
 .text.FLASH_EraseSector
                0x00003e94      0x100 ./Sources/driver/eeprom/eeprom.o
                0x00003e94                FLASH_EraseSector
 .text.FLASH_LaunchCMD
                0x00003f94       0x48 ./Sources/driver/eeprom/eeprom.o
                0x00003f94                FLASH_LaunchCMD
 .text.FLASH_Program2LongWords
                0x00003fdc      0x138 ./Sources/driver/eeprom/eeprom.o
                0x00003fdc                FLASH_Program2LongWords
 .text.FLASH_Program
                0x00004114      0x15c ./Sources/driver/eeprom/eeprom.o
                0x00004114                FLASH_Program
 .text.FLASH_Program1LongWord
                0x00004270      0x134 ./Sources/driver/eeprom/eeprom.o
                0x00004270                FLASH_Program1LongWord
 *fill*         0x000043a4        0x4 00
 .text.FTM0_IRQHandler
                0x000043a8      0x130 ./Sources/driver/ftm/ftm.o
                0x000043a8                FTM0_IRQHandler
 .text.GPIO_Init
                0x000044d8      0x208 ./Sources/driver/gpio/gpio.o
                0x000044d8                GPIO_Init
 .text.WDG_IRQHandler
                0x000046e0       0x1c ./Sources/driver/watchdog/watchdog.o
                0x000046e0                WDG_IRQHandler
 .text.ld_read_by_id_callout
                0x000046fc       0x78 ./Sources/lin_cfg/lin_cfg.o
                0x000046fc                ld_read_by_id_callout
 .text.Var_int  0x00004774       0x1c ./Sources/main.o
                0x00004774                Var_int
 .text.main     0x00004790       0xd0 ./Sources/main.o
                0x00004790                main
 .text.exit     0x00004860       0x38 D:/CW11.0/CW MCU v11.0/MCU/ARM_GCC_Support/ewl/lib/armv6-m\libc.a(exit.o)
                0x00004860                exit
 .text.memset   0x00004898        0xc D:/CW11.0/CW MCU v11.0/MCU/ARM_GCC_Support/ewl/lib/armv6-m\libc.a(memset.o)
                0x00004898                memset
 .text.__fill_mem
                0x000048a4       0x7e D:/CW11.0/CW MCU v11.0/MCU/ARM_GCC_Support/ewl/lib/armv6-m\libc.a(__filll_mem.o)
                0x000048a4                __fill_mem
 *fill*         0x00004922        0x2 00
 .text.__init_cpp
                0x00004924       0x48 D:/CW11.0/CW MCU v11.0/MCU/ARM_GCC_Support/ewl/lib/armv6-m\librt.a(gcc_ctor_dtor.o)
                0x00004924                __init_cpp
 .text.__fini_cpp
                0x0000496c       0x34 D:/CW11.0/CW MCU v11.0/MCU/ARM_GCC_Support/ewl/lib/armv6-m\librt.a(gcc_ctor_dtor.o)
                0x0000496c                __fini_cpp
 .text.__destroy_global_chain
                0x000049a0       0x1c D:/CW11.0/CW MCU v11.0/MCU/ARM_GCC_Support/ewl/lib/armv6-m\librt.a(__arm_eabi_init.o)
                0x000049a0                __destroy_global_chain
 .text.__init_registers
                0x000049bc       0x1c D:/CW11.0/CW MCU v11.0/MCU/ARM_GCC_Support/ewl/lib/armv6-m\librt.a(__arm_eabi_init.o)
                0x000049bc                __init_registers
 .text.__init_user
                0x000049d8        0x4 D:/CW11.0/CW MCU v11.0/MCU/ARM_GCC_Support/ewl/lib/armv6-m\librt.a(__arm_eabi_init.o)
                0x000049d8                __init_user
 .text.__copy_rom_section
                0x000049dc       0x48 D:/CW11.0/CW MCU v11.0/MCU/ARM_GCC_Support/ewl/lib/armv6-m\librt.a(ROMCopy.o)
                0x000049dc                __copy_rom_section
 .text.__copy_rom_sections_to_ram
                0x00004a24       0x34 D:/CW11.0/CW MCU v11.0/MCU/ARM_GCC_Support/ewl/lib/armv6-m\librt.a(ROMCopy.o)
                0x00004a24                __copy_rom_sections_to_ram
 *(.rodata)
 *(.rodata*)
 .rodata.lin_lld_uart_timeout
                0x00004a58       0x28 ./Sources/LIN_Stack/bsp/UART/lin_lld_uart.o
 .rodata.lin_lld_uart_rx_isr
                0x00004a80       0x20 ./Sources/LIN_Stack/bsp/UART/lin_lld_uart.o
 .rodata.LI0_response_error_signal
                0x00004aa0        0x1 ./Sources/lin_cfg/lin_cfg.o
                0x00004aa0                LI0_response_error_signal
 .rodata.response_error_byte_offset
                0x00004aa1        0x1 ./Sources/lin_cfg/lin_cfg.o
                0x00004aa1                response_error_byte_offset
 .rodata.response_error_bit_offset
                0x00004aa2        0x1 ./Sources/lin_cfg/lin_cfg.o
                0x00004aa2                response_error_bit_offset
 *fill*         0x00004aa3        0x1 00
 .rodata.lin_frame_tbl
                0x00004aa4       0x48 ./Sources/lin_cfg/lin_cfg.o
                0x00004aa4                lin_frame_tbl
 .rodata.lin_max_frame_res_timeout_val
                0x00004aec       0x10 ./Sources/lin_cfg/lin_cfg.o
                0x00004aec                lin_max_frame_res_timeout_val
 .rodata.lin_initial_NAD
                0x00004afc        0x1 ./Sources/lin_cfg/lin_cfg.o
                0x00004afc                lin_initial_NAD
 .rodata.response_error
                0x00004afd        0x1 ./Sources/lin_cfg/lin_cfg.o
                0x00004afd                response_error
 *fill*         0x00004afe        0x2 00
 .rodata.lin_diag_services_supported
                0x00004b00        0x8 ./Sources/lin_cfg/lin_cfg.o
                0x00004b00                lin_diag_services_supported
 *(.glue_7)
 .glue_7        0x00000000        0x0 linker stubs
 *(.glue_7t)
 .glue_7t       0x00000000        0x0 linker stubs
 *(.eh_frame)
 *(.init)
 *(.fini)
                0x00004b08                . = ALIGN (0x4)
                0x00004b08                _etext = .

.vfp11_veneer   0x00004b08        0x0
 .vfp11_veneer  0x00000000        0x0 linker stubs

.v4_bx          0x00004b08        0x0
 .v4_bx         0x00000000        0x0 linker stubs

.iplt           0x00004b08        0x0
 .iplt          0x00000000        0x0 ./Project_Settings/Startup_Code/kinetis_sysinit.o

.rel.dyn        0x00004b08        0x0
 .rel.iplt      0x00000000        0x0 ./Project_Settings/Startup_Code/kinetis_sysinit.o

.ARM.extab
 *(.ARM.extab* .gnu.linkonce.armextab.*)

.ARM            0x00004b08        0x0
                0x00004b08                __exidx_start = .
 *(.ARM.exidx*)
                0x00004b08                __exidx_end = .

.ctors          0x00004b08        0x0
                0x00004b08                __CTOR_LIST__ = .
 *crtbegin.o(.ctors)
 *(EXCLUDE_FILE(*crtend.o) .ctors)
 *(SORT(.ctors.*))
 *(.ctors)
                0x00004b08                __CTOR_END__ = .

.dtors          0x00004b08        0x0
                0x00004b08                __DTOR_LIST__ = .
 *crtbegin.o(.dtors)
 *(EXCLUDE_FILE(*crtend.o) .dtors)
 *(SORT(.dtors.*))
 *(.dtors)
                0x00004b08                __DTOR_END__ = .

.preinit_array  0x00004b08        0x0
                0x00004b08                PROVIDE (__preinit_array_start, .)
 *(.preinit_array*)
                0x00004b08                PROVIDE (__preinit_array_end, .)

.init_array     0x00004b08        0x0
                0x00004b08                PROVIDE (__init_array_start, .)
 *(SORT(.init_array.*))
 *(.init_array*)
                0x00004b08                PROVIDE (__init_array_end, .)

.fini_array     0x00004b08        0x0
                0x00004b08                PROVIDE (__fini_array_start, .)
 *(SORT(.fini_array.*))
 *(.fini_array*)
                0x00004b08                PROVIDE (__fini_array_end, .)
                0x00004b08                ___ROM_AT = .

.mtb            0x1ffffc00        0x0
                0x1ffffc00                . = ALIGN (0x8)
                0x1ffffc00                _mtb_start = .
 *(.mtb_buf)
                0x1ffffc00                . = ALIGN (0x8)
                0x1ffffc00                _mtb_end = .

.data           0x1ffffc00       0x4c load address 0x00004b08
                0x1ffffc00                . = ALIGN (0x4)
                0x1ffffc00                _sdata = .
 *(.data)
 *(.data*)
 .data.pUART    0x1ffffc00        0x4 ./Sources/LIN_Stack/bsp/UART/lin_lld_uart.o
 .data.state    0x1ffffc04        0x1 ./Sources/LIN_Stack/bsp/UART/lin_lld_uart.o
 .data.pid      0x1ffffc05        0x1 ./Sources/LIN_Stack/bsp/UART/lin_lld_uart.o
 *fill*         0x1ffffc06        0x2 00
 .data.lin_pFrameBuf
                0x1ffffc08       0x14 ./Sources/lin_cfg/lin_cfg.o
                0x1ffffc08                lin_pFrameBuf
 .data.lin_configuration_RAM
                0x1ffffc1c        0x8 ./Sources/lin_cfg/lin_cfg.o
                0x1ffffc1c                lin_configuration_RAM
 .data.lin_configured_NAD
                0x1ffffc24        0x1 ./Sources/lin_cfg/lin_cfg.o
                0x1ffffc24                lin_configured_NAD
 *fill*         0x1ffffc25        0x3 00
 .data.lin_tl_tx_queue
                0x1ffffc28       0x10 ./Sources/lin_cfg/lin_cfg.o
                0x1ffffc28                lin_tl_tx_queue
 .data.lin_tl_rx_queue
                0x1ffffc38       0x10 ./Sources/lin_cfg/lin_cfg.o
                0x1ffffc38                lin_tl_rx_queue
 .data.tl_service_status
                0x1ffffc48        0x1 ./Sources/lin_cfg/lin_cfg.o
                0x1ffffc48                tl_service_status
                0x1ffffc4c                . = ALIGN (0x4)
 *fill*         0x1ffffc49        0x3 00
                0x1ffffc4c                _edata = .
                0x0000004c                ___data_size = (_edata - _sdata)

.igot.plt       0x1ffffc4c        0x0 load address 0x00004b54
 .igot.plt      0x00000000        0x0 ./Project_Settings/Startup_Code/kinetis_sysinit.o
                0x1ffffc4c                . = ALIGN (0x4)

.bss            0x1ffffc4c      0x3e4 load address 0x00004b54
                0x1ffffc4c                __START_BSS = .
                0x1ffffc4c                PROVIDE (__bss_start__, __START_BSS)
 *(.bss)
 *(.bss*)
 .bss.argv      0x1ffffc4c        0x4 ./Project_Settings/Startup_Code/__arm_start.o
 .bss.l_status  0x1ffffc50        0x4 ./Sources/LIN_Stack/bsp/UART/lin_lld_uart.o
 .bss.cnt_byte  0x1ffffc54        0x1 ./Sources/LIN_Stack/bsp/UART/lin_lld_uart.o
 *fill*         0x1ffffc55        0x3 00
 .bss.ptr       0x1ffffc58        0x4 ./Sources/LIN_Stack/bsp/UART/lin_lld_uart.o
 .bss.current_id
                0x1ffffc5c        0x1 ./Sources/LIN_Stack/bsp/UART/lin_lld_uart.o
 *fill*         0x1ffffc5d        0x3 00
 .bss.response_buffer
                0x1ffffc60        0x4 ./Sources/LIN_Stack/bsp/UART/lin_lld_uart.o
 .bss.frame_timeout_cnt
                0x1ffffc64        0x2 ./Sources/LIN_Stack/bsp/UART/lin_lld_uart.o
 .bss.res_frame_timeout_cnt
                0x1ffffc66        0x2 ./Sources/LIN_Stack/bsp/UART/lin_lld_uart.o
 .bss.idle_timeout_cnt
                0x1ffffc68        0x2 ./Sources/LIN_Stack/bsp/UART/lin_lld_uart.o
 .bss.G_10ms_counter
                0x1ffffc6a        0x1 ./Sources/driver/ftm/ftm.o
                0x1ffffc6a                G_10ms_counter
 .bss.G_50ms_counter
                0x1ffffc6b        0x1 ./Sources/driver/ftm/ftm.o
                0x1ffffc6b                G_50ms_counter
 .bss.G_100ms_counter
                0x1ffffc6c        0x1 ./Sources/driver/ftm/ftm.o
                0x1ffffc6c                G_100ms_counter
 .bss.G_500ms_counter
                0x1ffffc6d        0x1 ./Sources/driver/ftm/ftm.o
                0x1ffffc6d                G_500ms_counter
 *fill*         0x1ffffc6e        0x2 00
 .bss.G_4s_counter
                0x1ffffc70        0x4 ./Sources/driver/ftm/ftm.o
                0x1ffffc70                G_4s_counter
 .bss.G_10msFlag
                0x1ffffc74        0x1 ./Sources/driver/ftm/ftm.o
                0x1ffffc74                G_10msFlag
 .bss.G_50msFlag
                0x1ffffc75        0x1 ./Sources/driver/ftm/ftm.o
                0x1ffffc75                G_50msFlag
 .bss.G_100msFlag
                0x1ffffc76        0x1 ./Sources/driver/ftm/ftm.o
                0x1ffffc76                G_100msFlag
 .bss.G_500msFlag
                0x1ffffc77        0x1 ./Sources/driver/ftm/ftm.o
                0x1ffffc77                G_500msFlag
 .bss.G_4sFlag  0x1ffffc78        0x1 ./Sources/driver/ftm/ftm.o
                0x1ffffc78                G_4sFlag
 .bss.lin_save_configuration_flg
                0x1ffffc79        0x1 ./Sources/lin_cfg/lin_cfg.o
                0x1ffffc79                lin_save_configuration_flg
 *fill*         0x1ffffc7a        0x2 00
 .bss.lin_flag_handle_tbl
                0x1ffffc7c        0x8 ./Sources/lin_cfg/lin_cfg.o
                0x1ffffc7c                lin_flag_handle_tbl
 .bss.lin_frame_flag_tbl
                0x1ffffc84        0x8 ./Sources/lin_cfg/lin_cfg.o
                0x1ffffc84                lin_frame_flag_tbl
 .bss.tl_diag_state
                0x1ffffc8c        0x1 ./Sources/lin_cfg/lin_cfg.o
                0x1ffffc8c                tl_diag_state
 *fill*         0x1ffffc8d        0x3 00
 .bss.lin_diag_services_flag
                0x1ffffc90        0x8 ./Sources/lin_cfg/lin_cfg.o
                0x1ffffc90                lin_diag_services_flag
 .bss.tl_slaveresp_cnt
                0x1ffffc98        0x1 ./Sources/lin_cfg/lin_cfg.o
                0x1ffffc98                tl_slaveresp_cnt
 *fill*         0x1ffffc99        0x3 00
 .bss.__stdio_exit
                0x1ffffc9c        0x4 D:/CW11.0/CW MCU v11.0/MCU/ARM_GCC_Support/ewl/lib/armv6-m\libc.a(exit.o)
                0x1ffffc9c                __stdio_exit
 .bss.__console_exit
                0x1ffffca0        0x4 D:/CW11.0/CW MCU v11.0/MCU/ARM_GCC_Support/ewl/lib/armv6-m\libc.a(exit.o)
                0x1ffffca0                __console_exit
 .bss.__global_destructor_chain
                0x1ffffca4        0x4 D:/CW11.0/CW MCU v11.0/MCU/ARM_GCC_Support/ewl/lib/armv6-m\librt.a(__arm_eabi_init.o)
                0x1ffffca4                __global_destructor_chain
 .bss.__S_romp  0x1ffffca8        0xc D:/CW11.0/CW MCU v11.0/MCU/ARM_GCC_Support/ewl/lib/armv6-m\librt.a(ROMCopy.o)
 *(COMMON)
 COMMON         0x1ffffcb4        0x2 ./Sources/LIN_Stack/coreapi/lin_common_proto.o
                0x1ffffcb4                frame_signal_error
                0x1ffffcb5                frame_index
 COMMON         0x1ffffcb6        0x5 ./Sources/LIN_Stack/diagnostic/lin_diagnostic_service.o
                0x1ffffcb6                diagnostic_Session
                0x1ffffcb7                diagnostic_Session_flg
                0x1ffffcb8                diagnostic_Session_timer
                0x1ffffcba                diagnostic_Session_pre
 *fill*         0x1ffffcbb        0x1 00
 COMMON         0x1ffffcbc       0x66 ./Sources/lin_cfg/lin_cfg.o
                0x1ffffcbc                tl_rx_msg_status
                0x1ffffcbd                tl_ld_error_code
                0x1ffffcbe                tl_receive_msg_status
                0x1ffffcc0                tl_check_timeout
                0x1ffffcc4                tl_rx_queue_data
                0x1ffffcd4                tl_frame_counter
                0x1ffffcd8                tl_tx_queue_data
                0x1ffffce8                tl_tx_msg_size
                0x1ffffcea                tl_last_cfg_result
                0x1ffffceb                tl_tx_msg_status
                0x1ffffcec                tl_last_RSID
                0x1ffffced                lin_successful_transfer
                0x1ffffcee                tl_rx_msg_index
                0x1ffffcf0                tl_no_of_pdu
                0x1ffffcf4                lin_diag_signal_tbl
                0x1ffffd04                lin_goto_sleep_flg
                0x1ffffd06                tl_rx_msg_size
                0x1ffffd08                lin_word_status
                0x1ffffd0a                tl_tx_msg_index
                0x1ffffd0c                tl_check_timeout_type
                0x1ffffd0d                lin_current_pid
                0x1ffffd10                tl_ident_data
                0x1ffffd14                lin_error_in_response
                0x1ffffd18                lin_lld_response_buffer
 *fill*         0x1ffffd22        0x2 00
 COMMON         0x1ffffd24      0x309 ./Sources/main.o
                0x1ffffd24                app_flagvalue
                0x1ffffd25                u8refresh_flag
                0x1ffffd26                APP_CRC_value
                0x1ffffd28                u8DataBuff
                0x1ffffe28                pJumpTo
                0x1ffffe2c                u8DataBuff_read
                0x2000002c                u8App_value_flag
                0x20000030                . = ALIGN (0x4)
 *fill*         0x2000002d        0x3 00
                0x20000030                __END_BSS = .
                0x20000030                PROVIDE (__bss_end__, __END_BSS)
                0x00004b54                _romp_at = (___ROM_AT + SIZEOF (.data))

.romp           0x20000030       0x18 load address 0x00004b54
                0x00004b54                __S_romp = _romp_at
                0x20000030        0x4 LONG 0x4b08 ___ROM_AT
                0x20000034        0x4 LONG 0x1ffffc00 _sdata
                0x20000038        0x4 LONG 0x4c ___data_size
                0x2000003c        0x4 LONG 0x0
                0x20000040        0x4 LONG 0x0
                0x20000044        0x4 LONG 0x0

._user_heap_stack
                0x20000048      0x200 load address 0x00004b6c
                0x20000048                . = ALIGN (0x4)
                0x20000048                PROVIDE (end, .)
                0x20000048                PROVIDE (_end, .)
                0x20000048                __heap_addr = .
                0x20000148                . = (. + __heap_size)
 *fill*         0x20000048      0x100 00
                0x20000248                . = (. + __stack_size)
 *fill*         0x20000148      0x100 00
                0x20000248                . = ALIGN (0x4)

.ARM.attributes
                0x00000000       0x31
 *(.ARM.attributes)
 .ARM.attributes
                0x00000000       0x31 ./Project_Settings/Startup_Code/kinetis_sysinit.o
 .ARM.attributes
                0x00000031       0x31 ./Project_Settings/Startup_Code/__arm_start.o
 .ARM.attributes
                0x00000062       0x31 ./Project_Settings/Startup_Code/__arm_end.o
 .ARM.attributes
                0x00000093       0x31 ./Sources/LIN_Stack/bsp/UART/lin_lld_uart.o
 .ARM.attributes
                0x000000c4       0x31 ./Sources/LIN_Stack/bsp/UART/lin_lld_timesrv.o
 .ARM.attributes
                0x000000f5       0x31 ./Sources/LIN_Stack/bsp/UART/lin_isr.o
 .ARM.attributes
                0x00000126       0x31 ./Sources/LIN_Stack/coreapi/lin_lin21_proto.o
 .ARM.attributes
                0x00000157       0x31 ./Sources/LIN_Stack/coreapi/lin_common_proto.o
 .ARM.attributes
                0x00000188       0x31 ./Sources/LIN_Stack/diagnostic/lin_diagnostic_service.o
 .ARM.attributes
                0x000001b9       0x31 ./Sources/LIN_Stack/lowlevel/lin.o
 .ARM.attributes
                0x000001ea       0x31 ./Sources/LIN_Stack/transport/lin_commontl_proto.o
 .ARM.attributes
                0x0000021b       0x31 ./Sources/LIN_Stack/transport/lin_commontl_api.o
 .ARM.attributes
                0x0000024c       0x31 ./Sources/driver/clock/clock.o
 .ARM.attributes
                0x0000027d       0x31 ./Sources/driver/eeprom/eeprom.o
 .ARM.attributes
                0x000002ae       0x31 ./Sources/driver/ftm/ftm.o
 .ARM.attributes
                0x000002df       0x31 ./Sources/driver/gpio/gpio.o
 .ARM.attributes
                0x00000310       0x31 ./Sources/driver/watchdog/watchdog.o
 .ARM.attributes
                0x00000341       0x31 ./Sources/lin_cfg/lin_cfg.o
 .ARM.attributes
                0x00000372       0x31 ./Sources/main.o
 .ARM.attributes
                0x000003a3       0x31 D:/CW11.0/CW MCU v11.0/MCU/ARM_GCC_Support/ewl/lib/armv6-m\libc.a(exit.o)
 .ARM.attributes
                0x000003d4       0x31 D:/CW11.0/CW MCU v11.0/MCU/ARM_GCC_Support/ewl/lib/armv6-m\libc.a(memset.o)
 .ARM.attributes
                0x00000405       0x31 D:/CW11.0/CW MCU v11.0/MCU/ARM_GCC_Support/ewl/lib/armv6-m\libc.a(__filll_mem.o)
 .ARM.attributes
                0x00000436       0x1e d:/cw11.0/cw mcu v11.0/cross_tools/arm-none-eabi-gcc-4_7_3/bin/../lib/gcc/arm-none-eabi/4.7.3/armv6-m\libgcc.a(_udivsi3.o)
 .ARM.attributes
                0x00000454       0x1e d:/cw11.0/cw mcu v11.0/cross_tools/arm-none-eabi-gcc-4_7_3/bin/../lib/gcc/arm-none-eabi/4.7.3/armv6-m\libgcc.a(_divsi3.o)
 .ARM.attributes
                0x00000472       0x1e d:/cw11.0/cw mcu v11.0/cross_tools/arm-none-eabi-gcc-4_7_3/bin/../lib/gcc/arm-none-eabi/4.7.3/armv6-m\libgcc.a(_dvmd_tls.o)
 .ARM.attributes
                0x00000490       0x2c d:/cw11.0/cw mcu v11.0/cross_tools/arm-none-eabi-gcc-4_7_3/bin/../lib/gcc/arm-none-eabi/4.7.3/armv6-m\libgcc.a(_fixunsdfsi.o)
 .ARM.attributes
                0x000004bc       0x2c d:/cw11.0/cw mcu v11.0/cross_tools/arm-none-eabi-gcc-4_7_3/bin/../lib/gcc/arm-none-eabi/4.7.3/armv6-m\libgcc.a(adddf3.o)
 .ARM.attributes
                0x000004e8       0x2c d:/cw11.0/cw mcu v11.0/cross_tools/arm-none-eabi-gcc-4_7_3/bin/../lib/gcc/arm-none-eabi/4.7.3/armv6-m\libgcc.a(subdf3.o)
 .ARM.attributes
                0x00000514       0x2c d:/cw11.0/cw mcu v11.0/cross_tools/arm-none-eabi-gcc-4_7_3/bin/../lib/gcc/arm-none-eabi/4.7.3/armv6-m\libgcc.a(fixdfsi.o)
 .ARM.attributes
                0x00000540       0x2c d:/cw11.0/cw mcu v11.0/cross_tools/arm-none-eabi-gcc-4_7_3/bin/../lib/gcc/arm-none-eabi/4.7.3/armv6-m\libgcc.a(floatunsidf.o)
 .ARM.attributes
                0x0000056c       0x1e d:/cw11.0/cw mcu v11.0/cross_tools/arm-none-eabi-gcc-4_7_3/bin/../lib/gcc/arm-none-eabi/4.7.3/armv6-m\libgcc.a(_arm_cmpdf2.o)
 .ARM.attributes
                0x0000058a       0x1e d:/cw11.0/cw mcu v11.0/cross_tools/arm-none-eabi-gcc-4_7_3/bin/../lib/gcc/arm-none-eabi/4.7.3/armv6-m\libgcc.a(_clzsi2.o)
 .ARM.attributes
                0x000005a8       0x2c d:/cw11.0/cw mcu v11.0/cross_tools/arm-none-eabi-gcc-4_7_3/bin/../lib/gcc/arm-none-eabi/4.7.3/armv6-m\libgcc.a(eqdf2.o)
 .ARM.attributes
                0x000005d4       0x2c d:/cw11.0/cw mcu v11.0/cross_tools/arm-none-eabi-gcc-4_7_3/bin/../lib/gcc/arm-none-eabi/4.7.3/armv6-m\libgcc.a(gedf2.o)
 .ARM.attributes
                0x00000600       0x2c d:/cw11.0/cw mcu v11.0/cross_tools/arm-none-eabi-gcc-4_7_3/bin/../lib/gcc/arm-none-eabi/4.7.3/armv6-m\libgcc.a(ledf2.o)
 .ARM.attributes
                0x0000062c       0x31 D:/CW11.0/CW MCU v11.0/MCU/ARM_GCC_Support/ewl/lib/armv6-m\librt.a(gcc_ctor_dtor.o)
 .ARM.attributes
                0x0000065d       0x31 D:/CW11.0/CW MCU v11.0/MCU/ARM_GCC_Support/ewl/lib/armv6-m\librt.a(__arm_eabi_init.o)
 .ARM.attributes
                0x0000068e       0x31 D:/CW11.0/CW MCU v11.0/MCU/ARM_GCC_Support/ewl/lib/armv6-m\librt.a(ROMCopy.o)
OUTPUT(RLS.elf elf32-littlearm)

.debug_info     0x00000000     0x5d7d
 .debug_info    0x00000000      0x243 ./Project_Settings/Startup_Code/kinetis_sysinit.o
 .debug_info    0x00000243      0x12a ./Project_Settings/Startup_Code/__arm_start.o
 .debug_info    0x0000036d       0x54 ./Project_Settings/Startup_Code/__arm_end.o
 .debug_info    0x000003c1      0xd21 ./Sources/LIN_Stack/bsp/UART/lin_lld_uart.o
 .debug_info    0x000010e2      0x53d ./Sources/LIN_Stack/bsp/UART/lin_lld_timesrv.o
 .debug_info    0x0000161f      0x2a0 ./Sources/LIN_Stack/bsp/UART/lin_isr.o
 .debug_info    0x000018bf      0x375 ./Sources/LIN_Stack/coreapi/lin_lin21_proto.o
 .debug_info    0x00001c34      0x844 ./Sources/LIN_Stack/coreapi/lin_common_proto.o
 .debug_info    0x00002478      0x25c ./Sources/LIN_Stack/diagnostic/lin_diagnostic_service.o
 .debug_info    0x000026d4      0x35e ./Sources/LIN_Stack/lowlevel/lin.o
 .debug_info    0x00002a32      0x67b ./Sources/LIN_Stack/transport/lin_commontl_proto.o
 .debug_info    0x000030ad      0x65e ./Sources/LIN_Stack/transport/lin_commontl_api.o
 .debug_info    0x0000370b       0xf9 ./Sources/driver/clock/clock.o
 .debug_info    0x00003804      0x5d3 ./Sources/driver/eeprom/eeprom.o
 .debug_info    0x00003dd7      0x631 ./Sources/driver/ftm/ftm.o
 .debug_info    0x00004408      0x2d2 ./Sources/driver/gpio/gpio.o
 .debug_info    0x000046da      0x264 ./Sources/driver/watchdog/watchdog.o
 .debug_info    0x0000493e      0x9e5 ./Sources/lin_cfg/lin_cfg.o
 .debug_info    0x00005323      0x1c5 ./Sources/main.o
 .debug_info    0x000054e8       0xe8 D:/CW11.0/CW MCU v11.0/MCU/ARM_GCC_Support/ewl/lib/armv6-m\libc.a(exit.o)
 .debug_info    0x000055d0       0xec D:/CW11.0/CW MCU v11.0/MCU/ARM_GCC_Support/ewl/lib/armv6-m\libc.a(memset.o)
 .debug_info    0x000056bc      0x137 D:/CW11.0/CW MCU v11.0/MCU/ARM_GCC_Support/ewl/lib/armv6-m\libc.a(__filll_mem.o)
 .debug_info    0x000057f3      0x136 D:/CW11.0/CW MCU v11.0/MCU/ARM_GCC_Support/ewl/lib/armv6-m\librt.a(gcc_ctor_dtor.o)
 .debug_info    0x00005929      0x2b9 D:/CW11.0/CW MCU v11.0/MCU/ARM_GCC_Support/ewl/lib/armv6-m\librt.a(__arm_eabi_init.o)
 .debug_info    0x00005be2      0x19b D:/CW11.0/CW MCU v11.0/MCU/ARM_GCC_Support/ewl/lib/armv6-m\librt.a(ROMCopy.o)

.debug_abbrev   0x00000000     0x1855
 .debug_abbrev  0x00000000       0xe7 ./Project_Settings/Startup_Code/kinetis_sysinit.o
 .debug_abbrev  0x000000e7       0x92 ./Project_Settings/Startup_Code/__arm_start.o
 .debug_abbrev  0x00000179       0x4c ./Project_Settings/Startup_Code/__arm_end.o
 .debug_abbrev  0x000001c5      0x25e ./Sources/LIN_Stack/bsp/UART/lin_lld_uart.o
 .debug_abbrev  0x00000423       0xe1 ./Sources/LIN_Stack/bsp/UART/lin_lld_timesrv.o
 .debug_abbrev  0x00000504       0xb1 ./Sources/LIN_Stack/bsp/UART/lin_isr.o
 .debug_abbrev  0x000005b5      0x11a ./Sources/LIN_Stack/coreapi/lin_lin21_proto.o
 .debug_abbrev  0x000006cf      0x199 ./Sources/LIN_Stack/coreapi/lin_common_proto.o
 .debug_abbrev  0x00000868       0xc4 ./Sources/LIN_Stack/diagnostic/lin_diagnostic_service.o
 .debug_abbrev  0x0000092c      0x112 ./Sources/LIN_Stack/lowlevel/lin.o
 .debug_abbrev  0x00000a3e      0x189 ./Sources/LIN_Stack/transport/lin_commontl_proto.o
 .debug_abbrev  0x00000bc7      0x174 ./Sources/LIN_Stack/transport/lin_commontl_api.o
 .debug_abbrev  0x00000d3b       0x85 ./Sources/driver/clock/clock.o
 .debug_abbrev  0x00000dc0      0x158 ./Sources/driver/eeprom/eeprom.o
 .debug_abbrev  0x00000f18      0x105 ./Sources/driver/ftm/ftm.o
 .debug_abbrev  0x0000101d       0x9d ./Sources/driver/gpio/gpio.o
 .debug_abbrev  0x000010ba       0xf7 ./Sources/driver/watchdog/watchdog.o
 .debug_abbrev  0x000011b1      0x138 ./Sources/lin_cfg/lin_cfg.o
 .debug_abbrev  0x000012e9       0xac ./Sources/main.o
 .debug_abbrev  0x00001395       0x7a D:/CW11.0/CW MCU v11.0/MCU/ARM_GCC_Support/ewl/lib/armv6-m\libc.a(exit.o)
 .debug_abbrev  0x0000140f       0x62 D:/CW11.0/CW MCU v11.0/MCU/ARM_GCC_Support/ewl/lib/armv6-m\libc.a(memset.o)
 .debug_abbrev  0x00001471       0x78 D:/CW11.0/CW MCU v11.0/MCU/ARM_GCC_Support/ewl/lib/armv6-m\libc.a(__filll_mem.o)
 .debug_abbrev  0x000014e9       0x99 D:/CW11.0/CW MCU v11.0/MCU/ARM_GCC_Support/ewl/lib/armv6-m\librt.a(gcc_ctor_dtor.o)
 .debug_abbrev  0x00001582      0x1b3 D:/CW11.0/CW MCU v11.0/MCU/ARM_GCC_Support/ewl/lib/armv6-m\librt.a(__arm_eabi_init.o)
 .debug_abbrev  0x00001735      0x120 D:/CW11.0/CW MCU v11.0/MCU/ARM_GCC_Support/ewl/lib/armv6-m\librt.a(ROMCopy.o)

.debug_loc      0x00000000     0x185c
 .debug_loc     0x00000000       0x58 ./Project_Settings/Startup_Code/kinetis_sysinit.o
 .debug_loc     0x00000058       0x2c ./Project_Settings/Startup_Code/__arm_start.o
 .debug_loc     0x00000084       0x38 ./Project_Settings/Startup_Code/__arm_end.o
 .debug_loc     0x000000bc      0x298 ./Sources/LIN_Stack/bsp/UART/lin_lld_uart.o
 .debug_loc     0x00000354       0x58 ./Sources/LIN_Stack/bsp/UART/lin_lld_timesrv.o
 .debug_loc     0x000003ac       0x58 ./Sources/LIN_Stack/bsp/UART/lin_isr.o
 .debug_loc     0x00000404       0xa8 ./Sources/LIN_Stack/coreapi/lin_lin21_proto.o
 .debug_loc     0x000004ac      0x250 ./Sources/LIN_Stack/coreapi/lin_common_proto.o
 .debug_loc     0x000006fc      0x10c ./Sources/LIN_Stack/diagnostic/lin_diagnostic_service.o
 .debug_loc     0x00000808      0x334 ./Sources/LIN_Stack/lowlevel/lin.o
 .debug_loc     0x00000b3c      0x18a ./Sources/LIN_Stack/transport/lin_commontl_proto.o
 .debug_loc     0x00000cc6      0x22c ./Sources/LIN_Stack/transport/lin_commontl_api.o
 .debug_loc     0x00000ef2       0x2c ./Sources/driver/clock/clock.o
 .debug_loc     0x00000f1e      0x232 ./Sources/driver/eeprom/eeprom.o
 .debug_loc     0x00001150       0x58 ./Sources/driver/ftm/ftm.o
 .debug_loc     0x000011a8       0x2c ./Sources/driver/gpio/gpio.o
 .debug_loc     0x000011d4       0xe8 ./Sources/driver/watchdog/watchdog.o
 .debug_loc     0x000012bc       0x38 ./Sources/lin_cfg/lin_cfg.o
 .debug_loc     0x000012f4       0x64 ./Sources/main.o
 .debug_loc     0x00001358       0x3e D:/CW11.0/CW MCU v11.0/MCU/ARM_GCC_Support/ewl/lib/armv6-m\libc.a(exit.o)
 .debug_loc     0x00001396       0x6f D:/CW11.0/CW MCU v11.0/MCU/ARM_GCC_Support/ewl/lib/armv6-m\libc.a(memset.o)
 .debug_loc     0x00001405      0x14a D:/CW11.0/CW MCU v11.0/MCU/ARM_GCC_Support/ewl/lib/armv6-m\libc.a(__filll_mem.o)
 .debug_loc     0x0000154f       0x9d D:/CW11.0/CW MCU v11.0/MCU/ARM_GCC_Support/ewl/lib/armv6-m\librt.a(gcc_ctor_dtor.o)
 .debug_loc     0x000015ec      0x197 D:/CW11.0/CW MCU v11.0/MCU/ARM_GCC_Support/ewl/lib/armv6-m\librt.a(__arm_eabi_init.o)
 .debug_loc     0x00001783       0xd9 D:/CW11.0/CW MCU v11.0/MCU/ARM_GCC_Support/ewl/lib/armv6-m\librt.a(ROMCopy.o)

.debug_aranges  0x00000000      0x5f8
 .debug_aranges
                0x00000000       0x28 ./Project_Settings/Startup_Code/kinetis_sysinit.o
 .debug_aranges
                0x00000028       0x30 ./Project_Settings/Startup_Code/__arm_start.o
 .debug_aranges
                0x00000058       0x20 ./Project_Settings/Startup_Code/__arm_end.o
 .debug_aranges
                0x00000078       0x88 ./Sources/LIN_Stack/bsp/UART/lin_lld_uart.o
 .debug_aranges
                0x00000100       0x28 ./Sources/LIN_Stack/bsp/UART/lin_lld_timesrv.o
 .debug_aranges
                0x00000128       0x28 ./Sources/LIN_Stack/bsp/UART/lin_isr.o
 .debug_aranges
                0x00000150       0x30 ./Sources/LIN_Stack/coreapi/lin_lin21_proto.o
 .debug_aranges
                0x00000180       0x70 ./Sources/LIN_Stack/coreapi/lin_common_proto.o
 .debug_aranges
                0x000001f0       0x40 ./Sources/LIN_Stack/diagnostic/lin_diagnostic_service.o
 .debug_aranges
                0x00000230       0xa0 ./Sources/LIN_Stack/lowlevel/lin.o
 .debug_aranges
                0x000002d0       0x50 ./Sources/LIN_Stack/transport/lin_commontl_proto.o
 .debug_aranges
                0x00000320       0x70 ./Sources/LIN_Stack/transport/lin_commontl_api.o
 .debug_aranges
                0x00000390       0x20 ./Sources/driver/clock/clock.o
 .debug_aranges
                0x000003b0       0x68 ./Sources/driver/eeprom/eeprom.o
 .debug_aranges
                0x00000418       0x28 ./Sources/driver/ftm/ftm.o
 .debug_aranges
                0x00000440       0x20 ./Sources/driver/gpio/gpio.o
 .debug_aranges
                0x00000460       0x40 ./Sources/driver/watchdog/watchdog.o
 .debug_aranges
                0x000004a0       0x20 ./Sources/lin_cfg/lin_cfg.o
 .debug_aranges
                0x000004c0       0x28 ./Sources/main.o
 .debug_aranges
                0x000004e8       0x20 D:/CW11.0/CW MCU v11.0/MCU/ARM_GCC_Support/ewl/lib/armv6-m\libc.a(exit.o)
 .debug_aranges
                0x00000508       0x20 D:/CW11.0/CW MCU v11.0/MCU/ARM_GCC_Support/ewl/lib/armv6-m\libc.a(memset.o)
 .debug_aranges
                0x00000528       0x20 D:/CW11.0/CW MCU v11.0/MCU/ARM_GCC_Support/ewl/lib/armv6-m\libc.a(__filll_mem.o)
 .debug_aranges
                0x00000548       0x28 D:/CW11.0/CW MCU v11.0/MCU/ARM_GCC_Support/ewl/lib/armv6-m\librt.a(gcc_ctor_dtor.o)
 .debug_aranges
                0x00000570       0x58 D:/CW11.0/CW MCU v11.0/MCU/ARM_GCC_Support/ewl/lib/armv6-m\librt.a(__arm_eabi_init.o)
 .debug_aranges
                0x000005c8       0x30 D:/CW11.0/CW MCU v11.0/MCU/ARM_GCC_Support/ewl/lib/armv6-m\librt.a(ROMCopy.o)

.debug_macinfo  0x00000000   0x22c7aa
 .debug_macinfo
                0x00000000    0x1a1a7 ./Project_Settings/Startup_Code/kinetis_sysinit.o
 .debug_macinfo
                0x0001a1a7     0x3e6d ./Project_Settings/Startup_Code/__arm_start.o
 .debug_macinfo
                0x0001e014     0x3456 ./Project_Settings/Startup_Code/__arm_end.o
 .debug_macinfo
                0x0002146a    0x23602 ./Sources/LIN_Stack/bsp/UART/lin_lld_uart.o
 .debug_macinfo
                0x00044a6c    0x2351c ./Sources/LIN_Stack/bsp/UART/lin_lld_timesrv.o
 .debug_macinfo
                0x00067f88    0x234c5 ./Sources/LIN_Stack/bsp/UART/lin_isr.o
 .debug_macinfo
                0x0008b44d    0x23443 ./Sources/LIN_Stack/coreapi/lin_lin21_proto.o
 .debug_macinfo
                0x000ae890    0x23773 ./Sources/LIN_Stack/coreapi/lin_common_proto.o
 .debug_macinfo
                0x000d2003    0x23c44 ./Sources/LIN_Stack/diagnostic/lin_diagnostic_service.o
 .debug_macinfo
                0x000f5c47    0x234c9 ./Sources/LIN_Stack/lowlevel/lin.o
 .debug_macinfo
                0x00119110    0x23cb8 ./Sources/LIN_Stack/transport/lin_commontl_proto.o
 .debug_macinfo
                0x0013cdc8    0x23758 ./Sources/LIN_Stack/transport/lin_commontl_api.o
 .debug_macinfo
                0x00160520    0x1a1a7 ./Sources/driver/clock/clock.o
 .debug_macinfo
                0x0017a6c7    0x1a6ed ./Sources/driver/eeprom/eeprom.o
 .debug_macinfo
                0x00194db4    0x1a3dc ./Sources/driver/ftm/ftm.o
 .debug_macinfo
                0x001af190    0x1a640 ./Sources/driver/gpio/gpio.o
 .debug_macinfo
                0x001c97d0    0x1a256 ./Sources/driver/watchdog/watchdog.o
 .debug_macinfo
                0x001e3a26    0x233d6 ./Sources/lin_cfg/lin_cfg.o
 .debug_macinfo
                0x00206dfc    0x259ae ./Sources/main.o

.debug_line     0x00000000     0x4743
 .debug_line    0x00000000      0x200 ./Project_Settings/Startup_Code/kinetis_sysinit.o
 .debug_line    0x00000200      0x290 ./Project_Settings/Startup_Code/__arm_start.o
 .debug_line    0x00000490      0x25a ./Project_Settings/Startup_Code/__arm_end.o
 .debug_line    0x000006ea      0x5ac ./Sources/LIN_Stack/bsp/UART/lin_lld_uart.o
 .debug_line    0x00000c96      0x362 ./Sources/LIN_Stack/bsp/UART/lin_lld_timesrv.o
 .debug_line    0x00000ff8      0x302 ./Sources/LIN_Stack/bsp/UART/lin_isr.o
 .debug_line    0x000012fa      0x35a ./Sources/LIN_Stack/coreapi/lin_lin21_proto.o
 .debug_line    0x00001654      0x4a3 ./Sources/LIN_Stack/coreapi/lin_common_proto.o
 .debug_line    0x00001af7      0x44d ./Sources/LIN_Stack/diagnostic/lin_diagnostic_service.o
 .debug_line    0x00001f44      0x42d ./Sources/LIN_Stack/lowlevel/lin.o
 .debug_line    0x00002371      0x5e2 ./Sources/LIN_Stack/transport/lin_commontl_proto.o
 .debug_line    0x00002953      0x4ac ./Sources/LIN_Stack/transport/lin_commontl_api.o
 .debug_line    0x00002dff      0x1d9 ./Sources/driver/clock/clock.o
 .debug_line    0x00002fd8      0x458 ./Sources/driver/eeprom/eeprom.o
 .debug_line    0x00003430      0x295 ./Sources/driver/ftm/ftm.o
 .debug_line    0x000036c5      0x1f1 ./Sources/driver/gpio/gpio.o
 .debug_line    0x000038b6      0x288 ./Sources/driver/watchdog/watchdog.o
 .debug_line    0x00003b3e      0x2d3 ./Sources/lin_cfg/lin_cfg.o
 .debug_line    0x00003e11      0x4df ./Sources/main.o
 .debug_line    0x000042f0       0x8d D:/CW11.0/CW MCU v11.0/MCU/ARM_GCC_Support/ewl/lib/armv6-m\libc.a(exit.o)
 .debug_line    0x0000437d       0x90 D:/CW11.0/CW MCU v11.0/MCU/ARM_GCC_Support/ewl/lib/armv6-m\libc.a(memset.o)
 .debug_line    0x0000440d       0xf6 D:/CW11.0/CW MCU v11.0/MCU/ARM_GCC_Support/ewl/lib/armv6-m\libc.a(__filll_mem.o)
 .debug_line    0x00004503       0x6c D:/CW11.0/CW MCU v11.0/MCU/ARM_GCC_Support/ewl/lib/armv6-m\librt.a(gcc_ctor_dtor.o)
 .debug_line    0x0000456f      0x117 D:/CW11.0/CW MCU v11.0/MCU/ARM_GCC_Support/ewl/lib/armv6-m\librt.a(__arm_eabi_init.o)
 .debug_line    0x00004686       0xbd D:/CW11.0/CW MCU v11.0/MCU/ARM_GCC_Support/ewl/lib/armv6-m\librt.a(ROMCopy.o)

.debug_str      0x00000000     0x271d
 .debug_str     0x00000000      0x1da ./Project_Settings/Startup_Code/kinetis_sysinit.o
                                0x201 (size before relaxing)
 .debug_str     0x000001da       0x85 ./Project_Settings/Startup_Code/__arm_start.o
                                0x195 (size before relaxing)
 .debug_str     0x0000025f       0x3a ./Project_Settings/Startup_Code/__arm_end.o
                                 0xcc (size before relaxing)
 .debug_str     0x00000299      0x7de ./Sources/LIN_Stack/bsp/UART/lin_lld_uart.o
                                0x94b (size before relaxing)
 .debug_str     0x00000a77      0x382 ./Sources/LIN_Stack/bsp/UART/lin_lld_timesrv.o
                                0x50a (size before relaxing)
 .debug_str     0x00000df9       0x4e ./Sources/LIN_Stack/bsp/UART/lin_isr.o
                                0x215 (size before relaxing)
 .debug_str     0x00000e47      0x267 ./Sources/LIN_Stack/coreapi/lin_lin21_proto.o
                                0x3c1 (size before relaxing)
 .debug_str     0x000010ae      0x4cd ./Sources/LIN_Stack/coreapi/lin_common_proto.o
                                0xa48 (size before relaxing)
 .debug_str     0x0000157b      0x121 ./Sources/LIN_Stack/diagnostic/lin_diagnostic_service.o
                                0x283 (size before relaxing)
 .debug_str     0x0000169c      0x225 ./Sources/LIN_Stack/lowlevel/lin.o
                                0x380 (size before relaxing)
 .debug_str     0x000018c1      0x193 ./Sources/LIN_Stack/transport/lin_commontl_proto.o
                                0x69a (size before relaxing)
 .debug_str     0x00001a54      0x1a7 ./Sources/LIN_Stack/transport/lin_commontl_api.o
                                0x6a2 (size before relaxing)
 .debug_str     0x00001bfb       0x42 ./Sources/driver/clock/clock.o
                                0x155 (size before relaxing)
 .debug_str     0x00001c3d      0x2a3 ./Sources/driver/eeprom/eeprom.o
                                0x3da (size before relaxing)
 .debug_str     0x00001ee0       0xdf ./Sources/driver/ftm/ftm.o
                                0x59f (size before relaxing)
 .debug_str     0x00001fbf      0x146 ./Sources/driver/gpio/gpio.o
                                0x290 (size before relaxing)
 .debug_str     0x00002105       0xd4 ./Sources/driver/watchdog/watchdog.o
                                0x1f6 (size before relaxing)
 .debug_str     0x000021d9      0x137 ./Sources/lin_cfg/lin_cfg.o
                                0xba1 (size before relaxing)
 .debug_str     0x00002310       0xb6 ./Sources/main.o
                                0x1de (size before relaxing)
 .debug_str     0x000023c6       0x4e D:/CW11.0/CW MCU v11.0/MCU/ARM_GCC_Support/ewl/lib/armv6-m\libc.a(exit.o)
                                0x157 (size before relaxing)
 .debug_str     0x00002414       0x23 D:/CW11.0/CW MCU v11.0/MCU/ARM_GCC_Support/ewl/lib/armv6-m\libc.a(memset.o)
                                0x140 (size before relaxing)
 .debug_str     0x00002437       0x2d D:/CW11.0/CW MCU v11.0/MCU/ARM_GCC_Support/ewl/lib/armv6-m\libc.a(__filll_mem.o)
                                0x152 (size before relaxing)
 .debug_str     0x00002464      0x126 D:/CW11.0/CW MCU v11.0/MCU/ARM_GCC_Support/ewl/lib/armv6-m\librt.a(gcc_ctor_dtor.o)
                                0x181 (size before relaxing)
 .debug_str     0x0000258a       0xf8 D:/CW11.0/CW MCU v11.0/MCU/ARM_GCC_Support/ewl/lib/armv6-m\librt.a(__arm_eabi_init.o)
                                0x1b5 (size before relaxing)
 .debug_str     0x00002682       0x9b D:/CW11.0/CW MCU v11.0/MCU/ARM_GCC_Support/ewl/lib/armv6-m\librt.a(ROMCopy.o)
                                0x13c (size before relaxing)

.comment        0x00000000       0x79
 .comment       0x00000000       0x79 ./Project_Settings/Startup_Code/kinetis_sysinit.o
                                 0x7a (size before relaxing)
 .comment       0x00000000       0x7a ./Project_Settings/Startup_Code/__arm_start.o
 .comment       0x00000000       0x7a ./Project_Settings/Startup_Code/__arm_end.o
 .comment       0x00000000       0x7a ./Sources/LIN_Stack/bsp/UART/lin_lld_uart.o
 .comment       0x00000000       0x7a ./Sources/LIN_Stack/bsp/UART/lin_lld_timesrv.o
 .comment       0x00000000       0x7a ./Sources/LIN_Stack/bsp/UART/lin_isr.o
 .comment       0x00000000       0x7a ./Sources/LIN_Stack/coreapi/lin_lin21_proto.o
 .comment       0x00000000       0x7a ./Sources/LIN_Stack/coreapi/lin_common_proto.o
 .comment       0x00000000       0x7a ./Sources/LIN_Stack/diagnostic/lin_diagnostic_service.o
 .comment       0x00000000       0x7a ./Sources/LIN_Stack/lowlevel/lin.o
 .comment       0x00000000       0x7a ./Sources/LIN_Stack/transport/lin_commontl_proto.o
 .comment       0x00000000       0x7a ./Sources/LIN_Stack/transport/lin_commontl_api.o
 .comment       0x00000000       0x7a ./Sources/driver/clock/clock.o
 .comment       0x00000000       0x7a ./Sources/driver/eeprom/eeprom.o
 .comment       0x00000000       0x7a ./Sources/driver/ftm/ftm.o
 .comment       0x00000000       0x7a ./Sources/driver/gpio/gpio.o
 .comment       0x00000000       0x7a ./Sources/driver/watchdog/watchdog.o
 .comment       0x00000000       0x7a ./Sources/lin_cfg/lin_cfg.o
 .comment       0x00000000       0x7a ./Sources/main.o
 .comment       0x00000000       0x7a D:/CW11.0/CW MCU v11.0/MCU/ARM_GCC_Support/ewl/lib/armv6-m\libc.a(exit.o)
 .comment       0x00000000       0x7a D:/CW11.0/CW MCU v11.0/MCU/ARM_GCC_Support/ewl/lib/armv6-m\libc.a(memset.o)
 .comment       0x00000000       0x7a D:/CW11.0/CW MCU v11.0/MCU/ARM_GCC_Support/ewl/lib/armv6-m\libc.a(__filll_mem.o)
 .comment       0x00000000       0x7a D:/CW11.0/CW MCU v11.0/MCU/ARM_GCC_Support/ewl/lib/armv6-m\librt.a(gcc_ctor_dtor.o)
 .comment       0x00000000       0x7a D:/CW11.0/CW MCU v11.0/MCU/ARM_GCC_Support/ewl/lib/armv6-m\librt.a(__arm_eabi_init.o)
 .comment       0x00000000       0x7a D:/CW11.0/CW MCU v11.0/MCU/ARM_GCC_Support/ewl/lib/armv6-m\librt.a(ROMCopy.o)

.debug_frame    0x00000000     0x1094
 .debug_frame   0x00000000       0x48 ./Project_Settings/Startup_Code/kinetis_sysinit.o
 .debug_frame   0x00000048       0x4c ./Project_Settings/Startup_Code/__arm_start.o
 .debug_frame   0x00000094       0x30 ./Project_Settings/Startup_Code/__arm_end.o
 .debug_frame   0x000000c4      0x1ac ./Sources/LIN_Stack/bsp/UART/lin_lld_uart.o
 .debug_frame   0x00000270       0x48 ./Sources/LIN_Stack/bsp/UART/lin_lld_timesrv.o
 .debug_frame   0x000002b8       0x4c ./Sources/LIN_Stack/bsp/UART/lin_isr.o
 .debug_frame   0x00000304       0x70 ./Sources/LIN_Stack/coreapi/lin_lin21_proto.o
 .debug_frame   0x00000374      0x168 ./Sources/LIN_Stack/coreapi/lin_common_proto.o
 .debug_frame   0x000004dc       0xac ./Sources/LIN_Stack/diagnostic/lin_diagnostic_service.o
 .debug_frame   0x00000588      0x204 ./Sources/LIN_Stack/lowlevel/lin.o
 .debug_frame   0x0000078c       0xf0 ./Sources/LIN_Stack/transport/lin_commontl_proto.o
 .debug_frame   0x0000087c      0x15c ./Sources/LIN_Stack/transport/lin_commontl_api.o
 .debug_frame   0x000009d8       0x2c ./Sources/driver/clock/clock.o
 .debug_frame   0x00000a04      0x150 ./Sources/driver/eeprom/eeprom.o
 .debug_frame   0x00000b54       0x4c ./Sources/driver/ftm/ftm.o
 .debug_frame   0x00000ba0       0x2c ./Sources/driver/gpio/gpio.o
 .debug_frame   0x00000bcc       0xa0 ./Sources/driver/watchdog/watchdog.o
 .debug_frame   0x00000c6c       0x30 ./Sources/lin_cfg/lin_cfg.o
 .debug_frame   0x00000c9c       0x4c ./Sources/main.o
 .debug_frame   0x00000ce8       0x2c D:/CW11.0/CW MCU v11.0/MCU/ARM_GCC_Support/ewl/lib/armv6-m\libc.a(exit.o)
 .debug_frame   0x00000d14       0x28 D:/CW11.0/CW MCU v11.0/MCU/ARM_GCC_Support/ewl/lib/armv6-m\libc.a(memset.o)
 .debug_frame   0x00000d3c       0x2c D:/CW11.0/CW MCU v11.0/MCU/ARM_GCC_Support/ewl/lib/armv6-m\libc.a(__filll_mem.o)
 .debug_frame   0x00000d68       0x20 d:/cw11.0/cw mcu v11.0/cross_tools/arm-none-eabi-gcc-4_7_3/bin/../lib/gcc/arm-none-eabi/4.7.3/armv6-m\libgcc.a(_udivsi3.o)
 .debug_frame   0x00000d88       0x20 d:/cw11.0/cw mcu v11.0/cross_tools/arm-none-eabi-gcc-4_7_3/bin/../lib/gcc/arm-none-eabi/4.7.3/armv6-m\libgcc.a(_divsi3.o)
 .debug_frame   0x00000da8       0x2c d:/cw11.0/cw mcu v11.0/cross_tools/arm-none-eabi-gcc-4_7_3/bin/../lib/gcc/arm-none-eabi/4.7.3/armv6-m\libgcc.a(_fixunsdfsi.o)
 .debug_frame   0x00000dd4       0x3c d:/cw11.0/cw mcu v11.0/cross_tools/arm-none-eabi-gcc-4_7_3/bin/../lib/gcc/arm-none-eabi/4.7.3/armv6-m\libgcc.a(adddf3.o)
 .debug_frame   0x00000e10       0x38 d:/cw11.0/cw mcu v11.0/cross_tools/arm-none-eabi-gcc-4_7_3/bin/../lib/gcc/arm-none-eabi/4.7.3/armv6-m\libgcc.a(subdf3.o)
 .debug_frame   0x00000e48       0x2c d:/cw11.0/cw mcu v11.0/cross_tools/arm-none-eabi-gcc-4_7_3/bin/../lib/gcc/arm-none-eabi/4.7.3/armv6-m\libgcc.a(fixdfsi.o)
 .debug_frame   0x00000e74       0x2c d:/cw11.0/cw mcu v11.0/cross_tools/arm-none-eabi-gcc-4_7_3/bin/../lib/gcc/arm-none-eabi/4.7.3/armv6-m\libgcc.a(floatunsidf.o)
 .debug_frame   0x00000ea0       0x34 d:/cw11.0/cw mcu v11.0/cross_tools/arm-none-eabi-gcc-4_7_3/bin/../lib/gcc/arm-none-eabi/4.7.3/armv6-m\libgcc.a(eqdf2.o)
 .debug_frame   0x00000ed4       0x38 d:/cw11.0/cw mcu v11.0/cross_tools/arm-none-eabi-gcc-4_7_3/bin/../lib/gcc/arm-none-eabi/4.7.3/armv6-m\libgcc.a(gedf2.o)
 .debug_frame   0x00000f0c       0x38 d:/cw11.0/cw mcu v11.0/cross_tools/arm-none-eabi-gcc-4_7_3/bin/../lib/gcc/arm-none-eabi/4.7.3/armv6-m\libgcc.a(ledf2.o)
 .debug_frame   0x00000f44       0x40 D:/CW11.0/CW MCU v11.0/MCU/ARM_GCC_Support/ewl/lib/armv6-m\librt.a(gcc_ctor_dtor.o)
 .debug_frame   0x00000f84       0xbc D:/CW11.0/CW MCU v11.0/MCU/ARM_GCC_Support/ewl/lib/armv6-m\librt.a(__arm_eabi_init.o)
 .debug_frame   0x00001040       0x54 D:/CW11.0/CW MCU v11.0/MCU/ARM_GCC_Support/ewl/lib/armv6-m\librt.a(ROMCopy.o)
