###############################################################################
#
# IAR ELF Linker V8.32.1.169/W32 for ARM                  04/Dec/2019  14:42:28
# Copyright 2007-2018 IAR Systems AB.
#
#    Output file  =  F:\BAOLONG\IAR_PROJECT\IAR_WX1348\Release\Exe\RLS.out
#    Map file     =  F:\BAOLONG\IAR_PROJECT\IAR_WX1348\Release\List\RLS.map
#    Command line =  
#        -f C:\Users\xujun\AppData\Local\Temp\EWC397.tmp
#        (F:\BAOLONG\IAR_PROJECT\IAR_WX1348\Release\Obj\adc.o
#        F:\BAOLONG\IAR_PROJECT\IAR_WX1348\Release\Obj\clock.o
#        F:\BAOLONG\IAR_PROJECT\IAR_WX1348\Release\Obj\config_parameter.o
#        F:\BAOLONG\IAR_PROJECT\IAR_WX1348\Release\Obj\cstartup_M_KEAZN64.o
#        F:\BAOLONG\IAR_PROJECT\IAR_WX1348\Release\Obj\eeprom.o
#        F:\BAOLONG\IAR_PROJECT\IAR_WX1348\Release\Obj\ftm.o
#        F:\BAOLONG\IAR_PROJECT\IAR_WX1348\Release\Obj\gpio.o
#        F:\BAOLONG\IAR_PROJECT\IAR_WX1348\Release\Obj\lin.o
#        F:\BAOLONG\IAR_PROJECT\IAR_WX1348\Release\Obj\lin_app.o
#        F:\BAOLONG\IAR_PROJECT\IAR_WX1348\Release\Obj\lin_cfg.o
#        F:\BAOLONG\IAR_PROJECT\IAR_WX1348\Release\Obj\lin_common_api.o
#        F:\BAOLONG\IAR_PROJECT\IAR_WX1348\Release\Obj\lin_common_proto.o
#        F:\BAOLONG\IAR_PROJECT\IAR_WX1348\Release\Obj\lin_commontl_api.o
#        F:\BAOLONG\IAR_PROJECT\IAR_WX1348\Release\Obj\lin_commontl_proto.o
#        F:\BAOLONG\IAR_PROJECT\IAR_WX1348\Release\Obj\lin_diagnostic_service.o
#        F:\BAOLONG\IAR_PROJECT\IAR_WX1348\Release\Obj\lin_isr.o
#        F:\BAOLONG\IAR_PROJECT\IAR_WX1348\Release\Obj\lin_j2602_api.o
#        F:\BAOLONG\IAR_PROJECT\IAR_WX1348\Release\Obj\lin_j2602_proto.o
#        F:\BAOLONG\IAR_PROJECT\IAR_WX1348\Release\Obj\lin_j2602tl_api.o
#        F:\BAOLONG\IAR_PROJECT\IAR_WX1348\Release\Obj\lin_lin21_api.o
#        F:\BAOLONG\IAR_PROJECT\IAR_WX1348\Release\Obj\lin_lin21_proto.o
#        F:\BAOLONG\IAR_PROJECT\IAR_WX1348\Release\Obj\lin_lin21tl_api.o
#        F:\BAOLONG\IAR_PROJECT\IAR_WX1348\Release\Obj\lin_lld_timesrv.o
#        F:\BAOLONG\IAR_PROJECT\IAR_WX1348\Release\Obj\lin_lld_uart.o
#        F:\BAOLONG\IAR_PROJECT\IAR_WX1348\Release\Obj\low_level_init.o
#        F:\BAOLONG\IAR_PROJECT\IAR_WX1348\Release\Obj\main.o
#        F:\BAOLONG\IAR_PROJECT\IAR_WX1348\Release\Obj\pmc.o
#        F:\BAOLONG\IAR_PROJECT\IAR_WX1348\Release\Obj\rls_app.o
#        F:\BAOLONG\IAR_PROJECT\IAR_WX1348\Release\Obj\rtc.o
#        F:\BAOLONG\IAR_PROJECT\IAR_WX1348\Release\Obj\spi.o --no_out_extension
#        -o F:\BAOLONG\IAR_PROJECT\IAR_WX1348\Release\Exe\RLS.out --redirect
#        _Printf=_PrintfFullNoMb --redirect _Scanf=_ScanfFullNoMb --map
#        F:\BAOLONG\IAR_PROJECT\IAR_WX1348\Release\List\RLS.map --config
#        "D:\IAR Systems\Embedded Workbench
#        8.2\arm\config\linker\NXP\KEAZN64xxx2.icf" --entry __iar_program_start
#        --inline --vfe --text_out locale)
#
###############################################################################

*******************************************************************************
*** RUNTIME MODEL ATTRIBUTES
***

CppFlavor       = *
__SystemLibrary = DLib
__dlib_version  = 6


*******************************************************************************
*** HEAP SELECTION
***

The basic heap was selected because some modules are built with
size limitations (and not runtime checking), and --advanced_heap
was not specified.


*******************************************************************************
*** PLACEMENT SUMMARY
***

"A0":  place at 0x0 { ro section .intvec };
"P2":  place in [from 0x0 to 0x3ff] |
                [from 0x410 to 0xffff] { ro };
define block CSTACK with size = 512, alignment = 8 { };
define block HEAP with size = 512, alignment = 8 { };
"P3":  place in [from 0x1fff'fc00 to 0x1fff'ffff] |
                [from 0x2000'0000 to 0x2000'0bff] {
          rw, block CSTACK, block HEAP };
initialize by copy { rw };

No sections matched the following patterns:

  section .eeprom      in "P4"
  section FlashConfig  in "P1"


  Section            Kind         Address    Size  Object
  -------            ----         -------    ----  ------
"A0":                                        0xb4
  .intvec            ro code          0x0    0xb4  cstartup_M_KEAZN64.o [1]
                                   - 0xb4    0xb4

"P2", part 1 of 2:                          0x148
  .rodata            const           0xb4     0x0  zero_init3.o [4]
  .rodata            const           0xb4     0x0  copy_init3.o [4]
  Initializer bytes  const           0xb4   0x148  <for P3 s0>
                                  - 0x1fc   0x148

"P2", part 2 of 2:                         0x40ac
  .text              ro code        0x410  0x1338  rls_app.o [1]
  .text              ro code       0x1748    0xe0  I32DivModFast.o [4]
  .text              ro code       0x1828   0x564  spi.o [1]
  .text              ro code       0x1d8c    0x6c  clock.o [1]
  .text              ro code       0x1df8   0x36c  eeprom.o [1]
  .text              ro code       0x2164    0x58  adc.o [1]
  .text              ro code       0x21bc   0x2cc  lin_app.o [1]
  .text              ro code       0x2488    0x70  rtc.o [1]
  .text              ro code       0x24f8    0x12  lin_common_api.o [1]
  .text              ro code       0x250a     0x2  cstartup_M_KEAZN64.o [1]
  .text              ro code       0x250c    0xc8  lin.o [1]
  .text              ro code       0x25d4   0x438  lin_lld_uart.o [1]
  .text              ro code       0x2a0c    0x5c  lin_lld_timesrv.o [1]
  .text              ro code       0x2a68   0x330  lin_common_proto.o [1]
  .text              ro code       0x2d98    0xa4  lin_lin21_proto.o [1]
  .text              ro code       0x2e3c   0x74e  lin_commontl_proto.o [1]
  .text              ro code       0x358a    0x20  lin_cfg.o [1]
  .text              ro code       0x35ac    0x4e  ABImemcpy.o [4]
  .text              ro code       0x35fc   0x390  lin_diagnostic_service.o [1]
  .text              ro code       0x398c   0x118  lin_commontl_api.o [1]
  .text              ro code       0x3aa4   0x1a8  DblAddSub.o [3]
  .text              ro code       0x3c4c   0x1a4  config_parameter.o [1]
  .text              ro code       0x3df0   0x1a4  gpio.o [1]
  .text              ro code       0x3f94   0x15c  main.o [1]
  .text              ro code       0x40f0   0x10c  ftm.o [1]
  .text              ro code       0x41fc    0x30  pmc.o [1]
  .text              ro code       0x422c    0x20  IxxToDbl.o [3]
  .text              ro code       0x424c    0x2e  DblToI32.o [3]
  .rodata            const         0x427c    0x4c  config_parameter.o [1]
  .text              ro code       0x42c8    0x44  lin_isr.o [1]
  .rodata            const         0x430c    0x3c  lin_cfg.o [1]
  .text              ro code       0x4348    0x3c  zero_init3.o [4]
  .text              ro code       0x4384    0x30  copy_init3.o [4]
  .rodata            const         0x43b4    0x2c  lin_cfg.o [1]
  .text              ro code       0x43e0    0x28  low_level_init.o [1]
  .text              ro code       0x4408    0x28  data_init.o [4]
  .iar.init_table    const         0x4430    0x24  - Linker created -
  .text              ro code       0x4454    0x1e  cmain.o [4]
  .text              ro code       0x4472     0x8  exit.o [2]
  .text              ro code       0x447c     0xa  cexit.o [4]
  .text              ro code       0x4488     0xc  XXexit.o [4]
  .rodata            const         0x4494    0x1c  config_parameter.o [1]
  .text              ro code       0x44b0     0xc  cstartup_M.o [4]
                                 - 0x44bc  0x40ac

"P3", part 1 of 3:                          0x148
  P3 s0                       0x2000'0000   0x148  <Init block>
    .data            inited   0x2000'0000    0xec  rls_app.o [1]
    .data            inited   0x2000'00ec    0x18  lin_cfg.o [1]
    .data            inited   0x2000'0104    0x18  lin_lld_uart.o [1]
    .data            inited   0x2000'011c    0x10  lin_cfg.o [1]
    .data            inited   0x2000'012c    0x10  lin_cfg.o [1]
    .data            inited   0x2000'013c     0x8  lin_cfg.o [1]
    .data            inited   0x2000'0144     0x1  lin_cfg.o [1]
    .data            inited   0x2000'0145     0x1  lin_cfg.o [1]
                            - 0x2000'0148   0x148

"P3", part 2 of 3:                          0x16c
  .bss               zero     0x2000'0148    0x50  rls_app.o [1]
  .bss               zero     0x2000'0198    0x42  rls_app.o [1]
  .bss               zero     0x2000'01da     0xa  rls_app.o [1]
  .bss               zero     0x2000'01e4    0x40  rls_app.o [1]
  .bss               zero     0x2000'0224    0x10  lin_cfg.o [1]
  .bss               zero     0x2000'0234    0x10  lin_cfg.o [1]
  .bss               zero     0x2000'0244     0xc  ftm.o [1]
  .bss               zero     0x2000'0250     0xc  lin_cfg.o [1]
  .bss               zero     0x2000'025c     0x8  lin_cfg.o [1]
  .bss               zero     0x2000'0264     0x8  lin_cfg.o [1]
  .bss               zero     0x2000'026c     0x8  lin_cfg.o [1]
  .bss               zero     0x2000'0274     0x8  rls_app.o [1]
  .bss               zero     0x2000'027c     0x8  rls_app.o [1]
  .bss               zero     0x2000'0284     0x6  lin_diagnostic_service.o [1]
  .bss               zero     0x2000'028a     0x6  rls_app.o [1]
  .bss               zero     0x2000'0290     0x4  rls_app.o [1]
  .bss               zero     0x2000'0294     0x4  rls_app.o [1]
  .bss               zero     0x2000'0298     0x2  lin_cfg.o [1]
  .bss               zero     0x2000'029a     0x2  lin_cfg.o [1]
  .bss               zero     0x2000'029c     0x2  lin_cfg.o [1]
  .bss               zero     0x2000'029e     0x2  lin_cfg.o [1]
  .bss               zero     0x2000'02a0     0x2  lin_common_proto.o [1]
  .bss               zero     0x2000'02a2     0x1  lin_app.o [1]
  .bss               zero     0x2000'02a3     0x1  lin_app.o [1]
  .bss               zero     0x2000'02a4     0x1  lin_app.o [1]
  .bss               zero     0x2000'02a5     0x1  lin_cfg.o [1]
  .bss               zero     0x2000'02a6     0x1  lin_cfg.o [1]
  .bss               zero     0x2000'02a7     0x1  lin_cfg.o [1]
  .bss               zero     0x2000'02a8     0x1  lin_cfg.o [1]
  .bss               zero     0x2000'02a9     0x1  lin_cfg.o [1]
  .bss               zero     0x2000'02aa     0x1  lin_cfg.o [1]
  .bss               zero     0x2000'02ab     0x1  lin_cfg.o [1]
  .bss               zero     0x2000'02ac     0x1  lin_cfg.o [1]
  .bss               zero     0x2000'02ad     0x1  lin_cfg.o [1]
  .bss               zero     0x2000'02ae     0x1  lin_cfg.o [1]
  .bss               zero     0x2000'02af     0x1  lin_cfg.o [1]
  .bss               zero     0x2000'02b0     0x1  lin_cfg.o [1]
  .bss               zero     0x2000'02b1     0x1  rls_app.o [1]
                            - 0x2000'02b2   0x16a

"P3", part 3 of 3:                          0x200
  CSTACK                      0x2000'02b8   0x200  <Block>
    CSTACK           uninit   0x2000'02b8   0x200  <Block tail>
                            - 0x2000'04b8   0x200

Unused ranges:

         From           To    Size
         ----           --    ----
        0x1fc        0x3ff   0x204
       0x44bc       0xffff  0xbb44
  0x1fff'fc00  0x1fff'ffff   0x400
  0x2000'02b4  0x2000'02b7     0x4
  0x2000'04b8  0x2000'0bff   0x748


*******************************************************************************
*** INIT TABLE
***

          Address      Size
          -------      ----
Zero (__iar_zero_init3)
    1 destination range, total size 0x16a:
          0x2000'0148  0x16a

Copy (__iar_copy_init3)
    1 source range, total size 0x148 (100% of destination):
                 0xb4  0x148
    1 destination range, total size 0x146:
          0x2000'0000  0x146



*******************************************************************************
*** MODULE SUMMARY
***

    Module                    ro code  ro data  rw data
    ------                    -------  -------  -------
command line/config:
    ---------------------------------------------------
    Total:

F:\BAOLONG\IAR_PROJECT\IAR_WX1348\Release\Obj: [1]
    adc.o                          88
    clock.o                       108
    config_parameter.o            420      104
    cstartup_M_KEAZN64.o          182
    eeprom.o                      876
    ftm.o                         268                12
    gpio.o                        420
    lin.o                         200
    lin_app.o                     716                 3
    lin_cfg.o                      32      170      154
    lin_common_api.o               18
    lin_common_proto.o            816                 2
    lin_commontl_api.o            280
    lin_commontl_proto.o        1 870
    lin_diagnostic_service.o      912                 6
    lin_isr.o                      68
    lin_lin21_proto.o             164
    lin_lld_timesrv.o              92
    lin_lld_uart.o              1 080       24       24
    low_level_init.o               40
    main.o                        348
    pmc.o                          48
    rls_app.o                   4 920      236      487
    rtc.o                         112
    spi.o                       1 380
    ---------------------------------------------------
    Total:                     15 458      534      688

dl6M_tln.a: [2]
    exit.o                          8
    ---------------------------------------------------
    Total:                          8

m6M_tl.a: [3]
    DblAddSub.o                   424
    DblToI32.o                     46
    IxxToDbl.o                     32
    ---------------------------------------------------
    Total:                        502

rt6M_tl.a: [4]
    ABImemcpy.o                    78
    I32DivModFast.o               224
    XXexit.o                       12
    cexit.o                        10
    cmain.o                        30
    copy_init3.o                   48
    cstartup_M.o                   12
    data_init.o                    40
    zero_init3.o                   60
    ---------------------------------------------------
    Total:                        514

    Gaps                            8        2
    Linker created                          38      512
-------------------------------------------------------
    Grand Total:               16 490      574    1 200


*******************************************************************************
*** ENTRY LIST
***

Entry                       Address   Size  Type      Object
-----                       -------   ----  ----      ------
.iar.init_table$$Base        0x4430          --   Gb  - Linker created -
.iar.init_table$$Limit       0x4454          --   Gb  - Linker created -
?main                        0x4455         Code  Gb  cmain.o [4]
ADC_Init                     0x2165   0x20  Code  Gb  adc.o [1]
App_Rls_Error           0x2000'027c    0x8  Data  Gb  rls_app.o [1]
Auto_Roof_Process            0x15f5   0x68  Code  Gb  rls_app.o [1]
Brightness_Infrared_Percentage
                        0x2000'0008    0x1  Data  Gb  rls_app.o [1]
Brightness_Light_Percentage
                        0x2000'0007    0x1  Data  Gb  rls_app.o [1]
CSTACK$$Base            0x2000'02b8          --   Gb  - Linker created -
CSTACK$$Limit           0x2000'04b8          --   Gb  - Linker created -
Clk_Init                     0x1d8d   0x3c  Code  Gb  clock.o [1]
DC_WIN_BUFF             0x2000'0148   0x50  Data  Gb  rls_app.o [1]
Delay_Ms                     0x1dd1   0x18  Code  Gb  clock.o [1]
Delay_Nus                    0x1de9   0x10  Code  Gb  clock.o [1]
EEPROM_EraseSector           0x1e4f   0x68  Code  Gb  eeprom.o [1]
EEPROM_ProgramWord           0x1eb7   0x74  Code  Gb  eeprom.o [1]
Enter_Sleep_Flag        0x2000'02a4    0x1  Data  Gb  lin_app.o [1]
FLASH_Init                   0x1df9   0x56  Code  Gb  eeprom.o [1]
FTM0_IRQHandler              0x4137   0xa4  Code  Gb  ftm.o [1]
FTM0_Init                    0x40f1   0x46  Code  Gb  ftm.o [1]
FTM1_IRQHandler              0x42d5   0x30  Code  Gb  lin_isr.o [1]
GPIO_Init                    0x3df1  0x1a4  Code  Gb  gpio.o [1]
G_100msFlag             0x2000'024a    0x1  Data  Gb  ftm.o [1]
G_100ms_counter         0x2000'0246    0x1  Data  Gb  ftm.o [1]
G_10msFlag              0x2000'0248    0x1  Data  Gb  ftm.o [1]
G_10ms_counter          0x2000'0244    0x1  Data  Gb  ftm.o [1]
G_4sFlag                0x2000'024c    0x1  Data  Gb  ftm.o [1]
G_4s_counter            0x2000'024e    0x2  Data  Gb  ftm.o [1]
G_500msFlag             0x2000'024b    0x1  Data  Gb  ftm.o [1]
G_500ms_counter         0x2000'0247    0x1  Data  Gb  ftm.o [1]
G_50msFlag              0x2000'0249    0x1  Data  Gb  ftm.o [1]
G_50ms_counter          0x2000'0245    0x1  Data  Gb  ftm.o [1]
Globle_parameter_Init        0x3c4d  0x114  Code  Gb  config_parameter.o [1]
LI0_response_error_signal
                             0x43b4    0x1  Data  Gb  lin_cfg.o [1]
Light_On_Flag           0x2000'0000    0x2  Data  Gb  rls_app.o [1]
Light_Stastegy_Parameter
                             0x44a8    0x8  Data  Gb  config_parameter.o [1]
Light_cnt               0x2000'0002    0x2  Data  Gb  rls_app.o [1]
Lin_BCM_01_Frame        0x2000'01e8    0x8  Data  Gb  rls_app.o [1]
Lin_BCM_02_Frame        0x2000'019e    0x1  Data  Gb  rls_app.o [1]
Lin_Busy_Flag           0x2000'02a3    0x1  Data  Gb  lin_app.o [1]
Lin_Busy_Process             0x21bd   0x12  Code  Gb  lin_app.o [1]
Lin_RLS_Wakeup_BCM           0x240f   0x14  Code  Gb  lin_app.o [1]
Lin_RLS_data                 0x2319   0xf6  Code  Gb  lin_app.o [1]
MLX75308_A_Adc          0x2000'01f4    0x1  Data  Gb  rls_app.o [1]
MLX75308_B_Adc          0x2000'01f5    0x1  Data  Gb  rls_app.o [1]
MLX75308_Init                 0x4a7  0x152  Code  Gb  rls_app.o [1]
MLX75308_Meansure            0x1d4d   0x40  Code  Gb  spi.o [1]
MLX75308_RxFrame        0x2000'0010   0x18  Data  Gb  rls_app.o [1]
MLX75308_SetPara             0x1a91  0x144  Code  Gb  spi.o [1]
Mcu_wakeup_state        0x2000'0278    0x1  Data  Gb  rls_app.o [1]
Mlx75308_Config_Parameter
                             0x4494   0x14  Data  Gb  config_parameter.o [1]
Mnrval                  0x2000'01a0   0x14  Data  Gb  rls_app.o [1]
PD_Meas_Comp_Ref        0x2000'01b8    0x4  Data  Gb  rls_app.o [1]
PD_Meas_Comp_Ref_Pre    0x2000'01bc    0x4  Data  Gb  rls_app.o [1]
PD_WIN_AVG              0x2000'0204   0x18  Data  Gb  rls_app.o [1]
PMC_Init                     0x41fd   0x30  Code  Gb  pmc.o [1]
RLS_Analysis_Master_Data
                             0x21f9  0x120  Code  Gb  lin_app.o [1]
RLS_AutoLightControl          0x7b5   0xcc  Code  Gb  rls_app.o [1]
RLS_Auto_Light_Task           0x921   0x9e  Code  Gb  rls_app.o [1]
RLS_Auto_Rain_Task           0x11ed  0x106  Code  Gb  rls_app.o [1]
RLS_Battery_State            0x1585   0x5c  Code  Gb  rls_app.o [1]
RLS_Get_Rain_State            0xa4d  0x1fa  Code  Gb  rls_app.o [1]
RLS_Invalid_DataProcess
                              0xcf1   0xa2  Code  Gb  rls_app.o [1]
RLS_Light_Module_Fault_Process
                              0x88d   0x90  Code  Gb  rls_app.o [1]
RLS_Mask_False_Operation
                              0xc61   0x90  Code  Gb  rls_app.o [1]
RLS_Rain_Get_Measure          0x5f9  0x1b0  Code  Gb  rls_app.o [1]
RLS_Rain_Module_Fault_Process
                              0x9c5   0x6a  Code  Gb  rls_app.o [1]
RLS_Rain_State_Mchaine        0xda9  0x3fa  Code  Gb  rls_app.o [1]
RLS_RunMode             0x2000'01fd    0x1  Data  Gb  rls_app.o [1]
RLS_SelfAdaptTask            0x1305  0x1de  Code  Gb  rls_app.o [1]
RLS_Wipe_Auto_On_Function
                             0x14e3   0x52  Code  Gb  rls_app.o [1]
RLS_Wipe_Park_Process        0x11a3   0x4a  Code  Gb  rls_app.o [1]
RLS_Wipe_Sensitivity_Up_Function
                             0x1535   0x46  Code  Gb  rls_app.o [1]
RTC_DisableInt               0x2495    0x4  Code  Gb  rtc.o [1]
RTC_EnableInt                0x2489    0xc  Code  Gb  rtc.o [1]
RTC_IRQHandler               0x24db    0xc  Code  Gb  rtc.o [1]
RTC_Init                     0x2499   0x38  Code  Gb  rtc.o [1]
Rain_Sensitivity        0x2000'01f0    0x1  Data  Gb  rls_app.o [1]
Rain_Stastegy_Parameter
                             0x427c   0x4c  Data  Gb  config_parameter.o [1]
Recover_Process              0x16e9   0x34  Code  Gb  rls_app.o [1]
Region$$Table$$Base          0x4430          --   Gb  - Linker created -
Region$$Table$$Limit         0x4454          --   Gb  - Linker created -
SPI_Rd_Mchan                 0x1bd5  0x170  Code  Gb  spi.o [1]
SPI_Rd_Reg                   0x1a07   0x84  Code  Gb  spi.o [1]
SPI_Wr_Cmd                   0x1829   0xbc  Code  Gb  spi.o [1]
SPI_Wr_Reg                   0x18e5  0x122  Code  Gb  spi.o [1]
Search_Table                  0x411   0x96  Code  Gb  rls_app.o [1]
Sleep_Process                0x1661   0x88  Code  Gb  rls_app.o [1]
Tab_AWG_FW              0x2000'002c   0x40  Data  Gb  rls_app.o [1]
Tab_AWG_IR              0x2000'008c   0x40  Data  Gb  rls_app.o [1]
Tab_Brightness_FW       0x2000'006c   0x20  Data  Gb  rls_app.o [1]
Tab_Brightness_IR       0x2000'00cc   0x20  Data  Gb  rls_app.o [1]
UART0_SCI0_IRQHandler        0x42c9    0xc  Code  Gb  lin_isr.o [1]
__aeabi_d2uiz                0x424d         Code  Gb  DblToI32.o [3]
__aeabi_dadd                 0x3aa5         Code  Gb  DblAddSub.o [3]
__aeabi_idiv                 0x1775         Code  Gb  I32DivModFast.o [4]
__aeabi_idivmod              0x1775         Code  Gb  I32DivModFast.o [4]
__aeabi_memcpy               0x35e1         Code  Gb  ABImemcpy.o [4]
__aeabi_memcpy4              0x35ad         Code  Gb  ABImemcpy.o [4]
__aeabi_memcpy8              0x35ad         Code  Gb  ABImemcpy.o [4]
__aeabi_ui2d                 0x422d         Code  Gb  IxxToDbl.o [3]
__aeabi_uidiv                0x177b         Code  Gb  I32DivModFast.o [4]
__aeabi_uidivmod             0x177b         Code  Gb  I32DivModFast.o [4]
__cmain                      0x4455         Code  Gb  cmain.o [4]
__exit                       0x4489         Code  Gb  XXexit.o [4]
__iar_Memcpy                 0x35ed         Code  Gb  ABImemcpy.o [4]
__iar_copy_init3             0x4385   0x30  Code  Gb  copy_init3.o [4]
__iar_d2uiz                  0x4251         Code  Gb  DblToI32.o [3]
__iar_data_init3             0x4409   0x28  Code  Gb  data_init.o [4]
__iar_program_start          0x44b1         Code  Gb  cstartup_M.o [4]
__iar_zero_init3             0x4349   0x3c  Code  Gb  zero_init3.o [4]
__low_level_init             0x43e1   0x28  Code  Gb  low_level_init.o [1]
__vector_table                  0x0         Data  Gb  cstartup_M_KEAZN64.o [1]
_call_main                   0x4461         Code  Gb  cmain.o [4]
_exit                        0x447d         Code  Gb  cexit.o [4]
_main                        0x446f         Code  Gb  cmain.o [4]
cnt_byte                0x2000'0105    0x1  Data  Lc  lin_lld_uart.o [1]
current_id              0x2000'0106    0x1  Data  Lc  lin_lld_uart.o [1]
diagnostic_Session      0x2000'0284    0x1  Data  Gb  lin_diagnostic_service.o [1]
diagnostic_Session_flg  0x2000'0286    0x1  Data  Gb  lin_diagnostic_service.o [1]
diagnostic_Session_pre  0x2000'0285    0x1  Data  Gb  lin_diagnostic_service.o [1]
diagnostic_Session_timer
                        0x2000'0288    0x2  Data  Gb  lin_diagnostic_service.o [1]
exit                         0x4473    0x8  Code  Gb  exit.o [2]
frame_index             0x2000'02a1    0x1  Data  Gb  lin_common_proto.o [1]
frame_signal_error      0x2000'02a0    0x1  Data  Gb  lin_common_proto.o [1]
frame_timeout_cnt       0x2000'010c    0x2  Data  Lc  lin_lld_uart.o [1]
get_adc_times                0x2185   0x2a  Code  Gb  adc.o [1]
idle_timeout_cnt        0x2000'0110    0x2  Data  Lc  lin_lld_uart.o [1]
l_ifc_init                   0x2503    0x8  Code  Gb  lin_common_api.o [1]
l_status                0x2000'0108    0x4  Data  Lc  lin_lld_uart.o [1]
l_sys_init                   0x24f9    0xa  Code  Gb  lin_common_api.o [1]
ld_read_by_id_callout        0x358b   0x20  Code  Gb  lin_cfg.o [1]
ld_receive_message           0x398d  0x10a  Code  Gb  lin_commontl_api.o [1]
lin_checksum                 0x2599   0x30  Code  Gb  lin.o [1]
lin_condittional_change_nad
                             0x3911   0x32  Code  Gb  lin_diagnostic_service.o [1]
lin_configuration_RAM   0x2000'013c    0x8  Data  Gb  lin_cfg.o [1]
lin_configured_NAD      0x2000'0144    0x1  Data  Gb  lin_cfg.o [1]
lin_diag_services_flag  0x2000'026c    0x8  Data  Gb  lin_cfg.o [1]
lin_diag_services_supported
                             0x43d8    0x8  Data  Gb  lin_cfg.o [1]
lin_diagservice_assign_frame_id_range
                             0x386d   0x72  Code  Gb  lin_diagnostic_service.o [1]
lin_diagservice_read_by_identifier
                             0x38df   0x32  Code  Gb  lin_diagnostic_service.o [1]
lin_diagservice_read_data_by_identifier
                             0x36a1   0x86  Code  Gb  lin_diagnostic_service.o [1]
lin_diagservice_session_control
                             0x3623   0x7e  Code  Gb  lin_diagnostic_service.o [1]
lin_diagservice_session_state
                             0x35fd   0x26  Code  Gb  lin_diagnostic_service.o [1]
lin_diagservice_write_data_by_identifier
                             0x3727  0x140  Code  Gb  lin_diagnostic_service.o [1]
lin_diagsrv_functional_service
                             0x397d   0x10  Code  Gb  lin_diagnostic_service.o [1]
lin_error_in_response   0x2000'02a6    0x1  Data  Gb  lin_cfg.o [1]
lin_flag_handle_tbl     0x2000'025c    0x8  Data  Gb  lin_cfg.o [1]
lin_frame_flag_tbl      0x2000'0264    0x8  Data  Gb  lin_cfg.o [1]
lin_frame_tbl                0x430c   0x3c  Data  Gb  lin_cfg.o [1]
lin_get_frame_index          0x2ca9   0x30  Code  Gb  lin_common_proto.o [1]
lin_goto_idle_state          0x2735    0x2  Code  Gb  lin_lld_uart.o [1]
lin_goto_sleep_flg      0x2000'02a7    0x1  Data  Gb  lin_cfg.o [1]
lin_handle_error             0x2bef   0x60  Code  Gb  lin_common_proto.o [1]
lin_initial_NAD              0x43c8    0x1  Data  Gb  lin_cfg.o [1]
lin_lld_ignore_response
                             0x2519    0x8  Code  Gb  lin.o [1]
lin_lld_init                 0x250d    0xc  Code  Gb  lin.o [1]
lin_lld_response_buffer
                        0x2000'0250    0xc  Data  Gb  lin_cfg.o [1]
lin_lld_rx_response          0x2541    0xa  Code  Gb  lin.o [1]
lin_lld_set_low_power_mode
                             0x2521    0x8  Code  Gb  lin.o [1]
lin_lld_set_response         0x2529   0x18  Code  Gb  lin.o [1]
lin_lld_timer_K_init         0x2a0d   0x44  Code  Gb  lin_lld_timesrv.o [1]
lin_lld_timer_init           0x25c9    0x8  Code  Gb  lin.o [1]
lin_lld_timer_isr            0x2a61    0x8  Code  Gb  lin_lld_timesrv.o [1]
lin_lld_uart_ignore_response
                             0x2631    0x2  Code  Gb  lin_lld_uart.o [1]
lin_lld_uart_init            0x25d5   0x5c  Code  Gb  lin_lld_uart.o [1]
lin_lld_uart_rx_isr          0x278d  0x258  Code  Gb  lin_lld_uart.o [1]
lin_lld_uart_rx_response
                             0x263b   0x12  Code  Gb  lin_lld_uart.o [1]
lin_lld_uart_set_low_power_mode
                             0x2633    0x8  Code  Gb  lin_lld_uart.o [1]
lin_lld_uart_timeout         0x2671   0xc2  Code  Gb  lin_lld_uart.o [1]
lin_lld_uart_tx_response
                             0x264d   0x24  Code  Gb  lin_lld_uart.o [1]
lin_make_res_evnt_frame
                             0x2df7   0x18  Code  Gb  lin_lin21_proto.o [1]
lin_max_frame_res_timeout_val
                             0x43b8   0x10  Data  Gb  lin_cfg.o [1]
lin_pFrameBuf           0x2000'00ec   0x18  Data  Gb  lin_cfg.o [1]
lin_pid_response_callback_handler
                             0x2a69   0x34  Code  Gb  lin_common_proto.o [1]
lin_process_parity           0x254b   0x4e  Code  Gb  lin.o [1]
lin_process_pdu              0x314d  0x138  Code  Lc  lin_commontl_proto.o [1]
lin_process_pid              0x2a9d   0x8c  Code  Gb  lin_common_proto.o [1]
lin_process_uncd_frame       0x2ce5   0x68  Code  Gb  lin_common_proto.o [1]
lin_save_configuration_flg
                        0x2000'02a8    0x1  Data  Gb  lin_cfg.o [1]
lin_successful_transfer
                        0x2000'02a5    0x1  Data  Gb  lin_cfg.o [1]
lin_tl_attach_service        0x3359   0xf0  Code  Gb  lin_commontl_proto.o [1]
lin_tl_get_pdu               0x30c1   0x6a  Code  Gb  lin_commontl_proto.o [1]
lin_tl_handler               0x3291   0xaa  Code  Gb  lin_commontl_proto.o [1]
lin_tl_make_slaveres_pdu
                             0x2e3d  0x27e  Code  Gb  lin_commontl_proto.o [1]
lin_tl_rx_queue         0x2000'012c   0x10  Data  Gb  lin_cfg.o [1]
lin_tl_tx_queue         0x2000'011c   0x10  Data  Gb  lin_cfg.o [1]
lin_update_err_signal        0x2dc9   0x2e  Code  Gb  lin_lin21_proto.o [1]
lin_update_rx                0x2b29   0x60  Code  Gb  lin_common_proto.o [1]
lin_update_tx                0x2b89   0x66  Code  Gb  lin_common_proto.o [1]
lin_update_tx_flags          0x2c59   0x42  Code  Gb  lin_common_proto.o [1]
lin_update_word_status_lin21
                             0x2d99   0x30  Code  Gb  lin_lin21_proto.o [1]
lin_word_status         0x2000'0298    0x2  Data  Gb  lin_cfg.o [1]
main                         0x3f95  0x15c  Code  Gb  main.o [1]
message_cnt                  0x21cf   0x2a  Code  Gb  lin_app.o [1]
pid                     0x2000'0107    0x1  Data  Lc  lin_lld_uart.o [1]
product_id                   0x43cc    0x8  Data  Gb  lin_cfg.o [1]
ptr                     0x2000'0114    0x4  Data  Lc  lin_lld_uart.o [1]
read_data_from_EEPROM        0x20dd   0x74  Code  Gb  eeprom.o [1]
res_frame_timeout_cnt   0x2000'010e    0x2  Data  Lc  lin_lld_uart.o [1]
response_buffer         0x2000'0118    0x4  Data  Lc  lin_lld_uart.o [1]
response_error               0x43d4    0x1  Data  Gb  lin_cfg.o [1]
response_error_bit_offset
                             0x43b6    0x1  Data  Gb  lin_cfg.o [1]
response_error_byte_offset
                             0x43b5    0x1  Data  Gb  lin_cfg.o [1]
state                   0x2000'0104    0x1  Data  Lc  lin_lld_uart.o [1]
tl_check_timeout        0x2000'029e    0x2  Data  Gb  lin_cfg.o [1]
tl_check_timeout_type   0x2000'02ab    0x1  Data  Gb  lin_cfg.o [1]
tl_diag_state           0x2000'02ac    0x1  Data  Gb  lin_cfg.o [1]
tl_frame_counter        0x2000'02aa    0x1  Data  Gb  lin_cfg.o [1]
tl_get_raw                   0x351b   0x70  Code  Gb  lin_commontl_proto.o [1]
tl_no_of_pdu            0x2000'02a9    0x1  Data  Gb  lin_cfg.o [1]
tl_put_raw                   0x3485   0x96  Code  Gb  lin_commontl_proto.o [1]
tl_receive_msg_status   0x2000'02ad    0x1  Data  Gb  lin_cfg.o [1]
tl_rx_msg_status        0x2000'02ae    0x1  Data  Gb  lin_cfg.o [1]
tl_rx_queue_data        0x2000'0234   0x10  Data  Gb  lin_cfg.o [1]
tl_service_status       0x2000'0145    0x1  Data  Gb  lin_cfg.o [1]
tl_slaveresp_cnt        0x2000'02b0    0x1  Data  Gb  lin_cfg.o [1]
tl_tx_msg_index         0x2000'029a    0x2  Data  Gb  lin_cfg.o [1]
tl_tx_msg_size          0x2000'029c    0x2  Data  Gb  lin_cfg.o [1]
tl_tx_msg_status        0x2000'02af    0x1  Data  Gb  lin_cfg.o [1]
tl_tx_queue_data        0x2000'0224   0x10  Data  Gb  lin_cfg.o [1]
u16_Battery_Volt        0x2000'028e    0x2  Data  Gb  rls_app.o [1]
u16_Brightness_FW       0x2000'0028    0x2  Data  Gb  rls_app.o [1]
u16_DC_Comp_Value       0x2000'01c0    0x4  Data  Gb  rls_app.o [1]
u16_DC_PD_dt            0x2000'0290    0x4  Data  Gb  rls_app.o [1]
u16_DC_checkValue       0x2000'01d8    0x2  Data  Gb  rls_app.o [1]
u16_Delta_DC_aft_A      0x2000'01c6    0x2  Data  Gb  rls_app.o [1]
u16_Delta_DC_aft_B      0x2000'01ca    0x2  Data  Gb  rls_app.o [1]
u16_Delta_DC_bre_A      0x2000'01c4    0x2  Data  Gb  rls_app.o [1]
u16_Delta_DC_bre_B      0x2000'01c8    0x2  Data  Gb  rls_app.o [1]
u16_Dt_PD               0x2000'01b4    0x4  Data  Gb  rls_app.o [1]
u16_PDA_Wmax            0x2000'01d4    0x2  Data  Gb  rls_app.o [1]
u16_PDB_Wmax            0x2000'01d6    0x2  Data  Gb  rls_app.o [1]
u16_Pd_Measure_Value    0x2000'021e    0x2  Data  Gb  rls_app.o [1]
u16_Ref_Adc_A           0x2000'0220    0x2  Data  Gb  rls_app.o [1]
u16_Ref_Adc_B           0x2000'0222    0x2  Data  Gb  rls_app.o [1]
u16_SPD_Vehicle         0x2000'021c    0x2  Data  Gb  rls_app.o [1]
u16_Save_DC_aft_A       0x2000'01ce    0x2  Data  Gb  rls_app.o [1]
u16_Save_DC_aft_B       0x2000'01d2    0x2  Data  Gb  rls_app.o [1]
u16_Save_DC_bre_A       0x2000'01cc    0x2  Data  Gb  rls_app.o [1]
u16_Save_DC_bre_B       0x2000'01d0    0x2  Data  Gb  rls_app.o [1]
u8_Automatic_On_Cnt     0x2000'0200    0x1  Data  Gb  rls_app.o [1]
u8_Battery_status       0x2000'028a    0x1  Data  Gb  rls_app.o [1]
u8_Brightness_IR        0x2000'0004    0x1  Data  Gb  rls_app.o [1]
u8_Brightness_IR_Right  0x2000'0005    0x1  Data  Gb  rls_app.o [1]
u8_ClearEnternIntSpeedCnt
                        0x2000'01dd    0x1  Data  Gb  rls_app.o [1]
u8_Cmd_Execution        0x2000'01f1    0x1  Data  Gb  rls_app.o [1]
u8_EnterLowSpeedCnt     0x2000'01e3    0x1  Data  Gb  rls_app.o [1]
u8_ExitLowSpeedCnt      0x2000'01de    0x1  Data  Gb  rls_app.o [1]
u8_HighHoldCnt          0x2000'01e1    0x1  Data  Gb  rls_app.o [1]
u8_HighSpeedHoldCnt     0x2000'01e2    0x1  Data  Gb  rls_app.o [1]
u8_IntDelayTimer        0x2000'01e0    0x1  Data  Gb  rls_app.o [1]
u8_IntSpeedCnt          0x2000'01df    0x1  Data  Gb  rls_app.o [1]
u8_IntSpeedEnterCnt     0x2000'01f8    0x1  Data  Gb  rls_app.o [1]
u8_LightOnTimer         0x2000'0006    0x1  Data  Gb  rls_app.o [1]
u8_LowSpeedCnt          0x2000'01f9    0x1  Data  Gb  rls_app.o [1]
u8_MeasureSureTime      0x2000'019a    0x1  Data  Gb  rls_app.o [1]
u8_MsgCounter           0x2000'02a2    0x1  Data  Gb  lin_app.o [1]
u8_PD_State             0x2000'0198    0x2  Data  Gb  rls_app.o [1]
u8_RLS_StopMsureFlg     0x2000'019b    0x1  Data  Gb  rls_app.o [1]
u8_RainIntensity        0x2000'0294    0x2  Data  Gb  rls_app.o [1]
u8_RainIntensityPre     0x2000'0296    0x2  Data  Gb  rls_app.o [1]
u8_RainIntensity_Max    0x2000'01f6    0x1  Data  Gb  rls_app.o [1]
u8_RainIntensity_Win    0x2000'01e4    0x4  Data  Gb  rls_app.o [1]
u8_Rain_Delta           0x2000'019d    0x1  Data  Gb  rls_app.o [1]
u8_Rain_Invalid_Cnt     0x2000'01f7    0x1  Data  Gb  rls_app.o [1]
u8_Rain_Sensitivity     0x2000'01da    0x1  Data  Gb  rls_app.o [1]
u8_Rain_SensitivityPre  0x2000'0203    0x1  Data  Gb  rls_app.o [1]
u8_Rain_Valid           0x2000'019c    0x1  Data  Gb  rls_app.o [1]
u8_Rain_Value           0x2000'01fa    0x1  Data  Gb  rls_app.o [1]
u8_SensitivityUpCnt     0x2000'0201    0x1  Data  Gb  rls_app.o [1]
u8_SensitivityUpFlg     0x2000'0202    0x1  Data  Gb  rls_app.o [1]
u8_Wipe_Automatic_On_Flg
                        0x2000'01fe    0x1  Data  Gb  rls_app.o [1]
u8_Wipe_Automatic_On_Pre
                        0x2000'01ff    0x1  Data  Gb  rls_app.o [1]
u8_WiperSpeed           0x2000'01fc    0x1  Data  Gb  rls_app.o [1]
u8_WiperSpeed_Expert    0x2000'01fb    0x1  Data  Gb  rls_app.o [1]
u8_Wiper_State          0x2000'01f2    0x1  Data  Gb  rls_app.o [1]
u8_Wiper_StatePre       0x2000'01f3    0x1  Data  Gb  rls_app.o [1]
u8_Wiper_StatePre_Int   0x2000'01db    0x1  Data  Gb  rls_app.o [1]
u8_Wiper_StatePre_Int_Cnt
                        0x2000'01dc    0x1  Data  Gb  rls_app.o [1]
u8_auto_roof_rain_measure_sleep_flg
                        0x2000'027a    0x1  Data  Gb  rls_app.o [1]
u8_high_voltage_cnt     0x2000'028c    0x1  Data  Gb  rls_app.o [1]
u8_light_on_invent_req  0x2000'000a    0x1  Data  Gb  rls_app.o [1]
u8_light_on_req         0x2000'0009    0x1  Data  Gb  rls_app.o [1]
u8_lin_cmd_sleep        0x2000'02b1    0x1  Data  Gb  rls_app.o [1]
u8_low_voltage_cnt      0x2000'028b    0x1  Data  Gb  rls_app.o [1]
u8_polling_mode_enter   0x2000'0274    0x1  Data  Gb  rls_app.o [1]
u8_rain_state_polling_flg
                        0x2000'0279    0x1  Data  Gb  rls_app.o [1]
u8_twilight_on_invent_req
                        0x2000'000c    0x1  Data  Gb  rls_app.o [1]
u8_twilight_on_req      0x2000'000b    0x1  Data  Gb  rls_app.o [1]
u8_wakeup_bcm_cnt_sleep_flg
                        0x2000'027b    0x1  Data  Gb  rls_app.o [1]
u8_wakeup_bcm_timer     0x2000'0276    0x1  Data  Gb  rls_app.o [1]
u8_wakeup_cnt           0x2000'0277    0x1  Data  Gb  rls_app.o [1]
u8_wakeup_timer         0x2000'0275    0x1  Data  Gb  rls_app.o [1]
write_data_from_EEPROM       0x1f39  0x192  Code  Gb  eeprom.o [1]


[1] = F:\BAOLONG\IAR_PROJECT\IAR_WX1348\Release\Obj
[2] = dl6M_tln.a
[3] = m6M_tl.a
[4] = rt6M_tl.a

  16 490 bytes of readonly  code memory
     574 bytes of readonly  data memory
   1 200 bytes of readwrite data memory

Errors: none
Warnings: none
