###############################################################################
#
# IAR ELF Linker V8.32.1.169/W32 for ARM                  20/Dec/2019  16:01:28
# Copyright 2007-2018 IAR Systems AB.
#
#    Output file  =  C:\Users\ae-bk-067\Desktop\iar_boot\Release\Exe\RLS.out
#    Map file     =  C:\Users\ae-bk-067\Desktop\iar_boot\Release\List\RLS.map
#    Command line =  
#        -f C:\Users\AE-BK-~1\AppData\Local\Temp\EW709C.tmp
#        (C:\Users\ae-bk-067\Desktop\iar_boot\Release\Obj\clock.o
#        C:\Users\ae-bk-067\Desktop\iar_boot\Release\Obj\cstartup_M_KEAZN64.o
#        C:\Users\ae-bk-067\Desktop\iar_boot\Release\Obj\eeprom.o
#        C:\Users\ae-bk-067\Desktop\iar_boot\Release\Obj\gpio.o
#        C:\Users\ae-bk-067\Desktop\iar_boot\Release\Obj\lin.o
#        C:\Users\ae-bk-067\Desktop\iar_boot\Release\Obj\lin_cfg.o
#        C:\Users\ae-bk-067\Desktop\iar_boot\Release\Obj\lin_common_api.o
#        C:\Users\ae-bk-067\Desktop\iar_boot\Release\Obj\lin_common_proto.o
#        C:\Users\ae-bk-067\Desktop\iar_boot\Release\Obj\lin_commontl_api.o
#        C:\Users\ae-bk-067\Desktop\iar_boot\Release\Obj\lin_commontl_proto.o
#        C:\Users\ae-bk-067\Desktop\iar_boot\Release\Obj\lin_diagnostic_service.o
#        C:\Users\ae-bk-067\Desktop\iar_boot\Release\Obj\lin_isr.o
#        C:\Users\ae-bk-067\Desktop\iar_boot\Release\Obj\lin_lin21_api.o
#        C:\Users\ae-bk-067\Desktop\iar_boot\Release\Obj\lin_lin21_proto.o
#        C:\Users\ae-bk-067\Desktop\iar_boot\Release\Obj\lin_lin21tl_api.o
#        C:\Users\ae-bk-067\Desktop\iar_boot\Release\Obj\lin_lld_timesrv.o
#        C:\Users\ae-bk-067\Desktop\iar_boot\Release\Obj\lin_lld_uart.o
#        C:\Users\ae-bk-067\Desktop\iar_boot\Release\Obj\low_level_init.o
#        C:\Users\ae-bk-067\Desktop\iar_boot\Release\Obj\main.o
#        --no_out_extension -o
#        C:\Users\ae-bk-067\Desktop\iar_boot\Release\Exe\RLS.out --redirect
#        _Printf=_PrintfFullNoMb --redirect _Scanf=_ScanfFullNoMb --map
#        C:\Users\ae-bk-067\Desktop\iar_boot\Release\List\RLS.map --config
#        "C:\Program Files (x86)\IAR Systems\Embedded Workbench
#        8.2\arm\config\linker\NXP\KEAZN64xxx2.icf" --entry __iar_program_start
#        --inline --vfe --text_out locale)
#
###############################################################################

*******************************************************************************
*** RUNTIME MODEL ATTRIBUTES
***

CppFlavor       = *
__SystemLibrary = DLib
__dlib_version  = 6


*******************************************************************************
*** HEAP SELECTION
***

The basic heap was selected because some modules are built with
size limitations (and not runtime checking), and --advanced_heap
was not specified.


*******************************************************************************
*** PLACEMENT SUMMARY
***

"A0":  place at 0x0 { ro section .intvec };
"P2":  place in [from 0x0 to 0x3ff] |
                [from 0x410 to 0xffff] { ro };
define block CSTACK with size = 512, alignment = 8 { };
define block HEAP with size = 512, alignment = 8 { };
"P3":  place in [from 0x1fff'fc00 to 0x1fff'ffff] |
                [from 0x2000'0000 to 0x2000'0bff] {
          rw, block CSTACK, block HEAP };
initialize by copy { rw };

No sections matched the following patterns:

  section .eeprom      in "P4"
  section FlashConfig  in "P1"


  Section            Kind         Address    Size  Object
  -------            ----         -------    ----  ------
"A0":                                        0xb4
  .intvec            ro code          0x0    0xb4  cstartup_M_KEAZN64.o [1]
                                   - 0xb4    0xb4

"P2", part 1 of 2:                           0x54
  .rodata            const           0xb4     0x0  zero_init3.o [4]
  .rodata            const           0xb4     0x0  copy_init3.o [4]
  Initializer bytes  const           0xb4    0x54  <for P3 s0>
                                  - 0x108    0x54

"P2", part 2 of 2:                         0x27b0
  .text              ro code        0x410   0x718  eeprom.o [1]
  .text              ro code        0xb28    0xe0  I32DivModFast.o [4]
  .text              ro code        0xc08   0x618  lin_commontl_proto.o [1]
  .text              ro code       0x1220   0x600  lin_diagnostic_service.o [1]
  .text              ro code       0x1820   0x154  lin_commontl_api.o [1]
  .text              ro code       0x1974   0x100  rand.o [2]
  .text              ro code       0x1a74   0x598  lin_lld_uart.o [1]
  .text              ro code       0x200c   0x104  lin.o [1]
  .text              ro code       0x2110   0x3f8  lin_common_proto.o [1]
  .text              ro code       0x2508    0x68  lin_lld_timesrv.o [1]
  .text              ro code       0x2570    0xb8  lin_lin21_proto.o [1]
  .text              ro code       0x2628   0x1a8  DblAddSub.o [3]
  .text              ro code       0x27d0   0x10c  main.o [1]
  .text              ro code       0x28dc    0x12  lin_common_api.o [1]
  .text              ro code       0x28ee     0x2  cstartup_M_KEAZN64.o [1]
  .text              ro code       0x28f0    0x68  clock.o [1]
  .text              ro code       0x2958    0x2c  gpio.o [1]
  .text              ro code       0x2984    0x4c  lin_isr.o [1]
  .text              ro code       0x29d0    0x20  IxxToDbl.o [3]
  .text              ro code       0x29f0    0x2e  DblToI32.o [3]
  .rodata            const         0x2a1e     0x1  lin_cfg.o [1]
  .rodata            const         0x2a1f     0x1  lin_cfg.o [1]
  .rodata            const         0x2a20    0x48  lin_cfg.o [1]
  .text              ro code       0x2a68    0x3c  low_level_init.o [1]
  .text              ro code       0x2aa4    0x3c  zero_init3.o [4]
  .text              ro code       0x2ae0    0x30  copy_init3.o [4]
  .text              ro code       0x2b10    0x28  data_init.o [4]
  .iar.init_table    const         0x2b38    0x24  - Linker created -
  .text              ro code       0x2b5c    0x1e  cmain.o [4]
  .text              ro code       0x2b7a     0x8  exit.o [2]
  .rodata            const         0x2b82     0x1  lin_cfg.o [1]
  .rodata            const         0x2b83     0x1  lin_cfg.o [1]
  .text              ro code       0x2b84     0xa  cexit.o [4]
  .text              ro code       0x2b90     0xc  XXexit.o [4]
  .rodata            const         0x2b9c    0x10  lin_cfg.o [1]
  .text              ro code       0x2bac     0xc  cstartup_M.o [4]
  .rodata            const         0x2bb8     0x8  lin_cfg.o [1]
                                 - 0x2bc0  0x27b0

"P3", part 1 of 3:                           0x54
  P3 s0                       0x2000'0000    0x54  <Init block>
    .data            inited   0x2000'0000    0x14  lin_cfg.o [1]
    .data            inited   0x2000'0014    0x10  lin_cfg.o [1]
    .data            inited   0x2000'0024    0x10  lin_cfg.o [1]
    .data            inited   0x2000'0034     0x8  lin_cfg.o [1]
    .data            inited   0x2000'003c     0x8  rand.o [2]
    .data            inited   0x2000'0044     0x4  lin_diagnostic_service.o [1]
    .data            inited   0x2000'0048     0x4  lin_lld_uart.o [1]
    .data            inited   0x2000'004c     0x1  lin_cfg.o [1]
    .data            inited   0x2000'004d     0x1  lin_cfg.o [1]
    .data            inited   0x2000'004e     0x1  lin_lld_uart.o [1]
    .data            inited   0x2000'004f     0x1  lin_lld_uart.o [1]
    .data            inited   0x2000'0050     0x1  lin_lld_uart.o [1]
                            - 0x2000'0054    0x54

"P3", part 2 of 3:                          0x21c
  .bss               zero     0x2000'0054    0x84  rand.o [2]
  .bss               zero     0x2000'00d8    0x64  lin_diagnostic_service.o [1]
  .bss               zero     0x2000'013c    0x64  lin_diagnostic_service.o [1]
  .bss               zero     0x2000'01a0    0x30  lin_cfg.o [1]
  .bss               zero     0x2000'01d0    0x30  lin_cfg.o [1]
  .bss               zero     0x2000'0200     0xc  lin_cfg.o [1]
  .bss               zero     0x2000'020c     0x8  lin_cfg.o [1]
  .bss               zero     0x2000'0214     0x8  lin_cfg.o [1]
  .bss               zero     0x2000'021c     0x8  lin_cfg.o [1]
  .bss               zero     0x2000'0224     0x4  lin_diagnostic_service.o [1]
  .bss               zero     0x2000'0228     0x4  lin_diagnostic_service.o [1]
  .bss               zero     0x2000'022c     0x4  lin_diagnostic_service.o [1]
  .bss               zero     0x2000'0230     0x4  lin_lld_uart.o [1]
  .bss               zero     0x2000'0234     0x4  lin_lld_uart.o [1]
  .bss               zero     0x2000'0238     0x2  lin_cfg.o [1]
  .bss               zero     0x2000'023a     0x2  lin_cfg.o [1]
  .bss               zero     0x2000'023c     0x2  lin_cfg.o [1]
  .bss               zero     0x2000'023e     0x2  lin_cfg.o [1]
  .bss               zero     0x2000'0240     0x2  lin_diagnostic_service.o [1]
  .bss               zero     0x2000'0242     0x2  lin_diagnostic_service.o [1]
  .bss               zero     0x2000'0244     0x2  lin_diagnostic_service.o [1]
  .bss               zero     0x2000'0246     0x2  lin_diagnostic_service.o [1]
  .bss               zero     0x2000'0248     0x2  lin_diagnostic_service.o [1]
  .bss               zero     0x2000'024a     0x2  lin_lld_uart.o [1]
  .bss               zero     0x2000'024c     0x2  lin_lld_uart.o [1]
  .bss               zero     0x2000'024e     0x2  lin_lld_uart.o [1]
  .bss               zero     0x2000'0250     0x2  lin_lld_uart.o [1]
  .bss               zero     0x2000'0252     0x2  main.o [1]
  .bss               zero     0x2000'0254     0x2  main.o [1]
  .bss               zero     0x2000'0256     0x1  lin_cfg.o [1]
  .bss               zero     0x2000'0257     0x1  lin_cfg.o [1]
  .bss               zero     0x2000'0258     0x1  lin_cfg.o [1]
  .bss               zero     0x2000'0259     0x1  lin_cfg.o [1]
  .bss               zero     0x2000'025a     0x1  lin_cfg.o [1]
  .bss               zero     0x2000'025b     0x1  lin_cfg.o [1]
  .bss               zero     0x2000'025c     0x1  lin_cfg.o [1]
  .bss               zero     0x2000'025d     0x1  lin_cfg.o [1]
  .bss               zero     0x2000'025e     0x1  lin_cfg.o [1]
  .bss               zero     0x2000'025f     0x1  lin_cfg.o [1]
  .bss               zero     0x2000'0260     0x1  lin_cfg.o [1]
  .bss               zero     0x2000'0261     0x1  lin_cfg.o [1]
  .bss               zero     0x2000'0262     0x1  lin_common_proto.o [1]
  .bss               zero     0x2000'0263     0x1  lin_common_proto.o [1]
  .bss               zero     0x2000'0264     0x1  lin_diagnostic_service.o [1]
  .bss               zero     0x2000'0265     0x1  lin_diagnostic_service.o [1]
  .bss               zero     0x2000'0266     0x1  lin_diagnostic_service.o [1]
  .bss               zero     0x2000'0267     0x1  lin_diagnostic_service.o [1]
  .bss               zero     0x2000'0268     0x1  lin_diagnostic_service.o [1]
  .bss               zero     0x2000'0269     0x1  lin_lld_uart.o [1]
  .bss               zero     0x2000'026a     0x1  lin_lld_uart.o [1]
  .bss               zero     0x2000'026b     0x1  lin_lld_uart.o [1]
  .bss               zero     0x2000'026c     0x1  main.o [1]
  .bss               zero     0x2000'026d     0x1  main.o [1]
                            - 0x2000'026e   0x21a

"P3", part 3 of 3:                          0x200
  CSTACK                      0x2000'0270   0x200  <Block>
    CSTACK           uninit   0x2000'0270   0x200  <Block tail>
                            - 0x2000'0470   0x200

Unused ranges:

         From           To    Size
         ----           --    ----
        0x108        0x3ff   0x2f8
       0x2bc0       0xffff  0xd440
  0x1fff'fc00  0x1fff'ffff   0x400
  0x2000'0470  0x2000'0bff   0x790


*******************************************************************************
*** INIT TABLE
***

          Address      Size
          -------      ----
Zero (__iar_zero_init3)
    1 destination range, total size 0x21a:
          0x2000'0054  0x21a

Copy (__iar_copy_init3)
    1 source range, total size 0x54 (103% of destination):
                 0xb4   0x54
    1 destination range, total size 0x51:
          0x2000'0000   0x51



*******************************************************************************
*** MODULE SUMMARY
***

    Module                    ro code  ro data  rw data
    ------                    -------  -------  -------
command line/config:
    ---------------------------------------------------
    Total:

C:\Users\ae-bk-067\Desktop\iar_boot\Release\Obj: [1]
    clock.o                       104
    cstartup_M_KEAZN64.o          182
    eeprom.o                    1 816
    gpio.o                         44
    lin.o                         260
    lin_cfg.o                              162      214
    lin_common_api.o               18
    lin_common_proto.o          1 016                 2
    lin_commontl_api.o            340
    lin_commontl_proto.o        1 560
    lin_diagnostic_service.o    1 536        4      231
    lin_isr.o                      76
    lin_lin21_proto.o             184
    lin_lld_timesrv.o             104
    lin_lld_uart.o              1 432        7       26
    low_level_init.o               60
    main.o                        268                 6
    ---------------------------------------------------
    Total:                      9 000      173      479

dl6M_tln.a: [2]
    exit.o                          8
    rand.o                        256        8      140
    ---------------------------------------------------
    Total:                        264        8      140

m6M_tl.a: [3]
    DblAddSub.o                   424
    DblToI32.o                     46
    IxxToDbl.o                     32
    ---------------------------------------------------
    Total:                        502

rt6M_tl.a: [4]
    I32DivModFast.o               224
    XXexit.o                       12
    cexit.o                        10
    cmain.o                        30
    copy_init3.o                   48
    cstartup_M.o                   12
    data_init.o                    40
    zero_init3.o                   60
    ---------------------------------------------------
    Total:                        436

    Gaps                            2
    Linker created                          39      512
-------------------------------------------------------
    Grand Total:               10 204      220    1 131


*******************************************************************************
*** ENTRY LIST
***

Entry                       Address   Size  Type      Object
-----                       -------   ----  ----      ------
.iar.init_table$$Base        0x2b38          --   Gb  - Linker created -
.iar.init_table$$Limit       0x2b5c          --   Gb  - Linker created -
?main                        0x2b5d         Code  Gb  cmain.o [4]
APP_check_value         0x2000'0044    0x4  Data  Gb  lin_diagnostic_service.o [1]
CSTACK$$Base            0x2000'0270          --   Gb  - Linker created -
CSTACK$$Limit           0x2000'0470          --   Gb  - Linker created -
Clk_Init                     0x28f1   0x68  Code  Gb  clock.o [1]
EEPROM_EraseSector            0x781   0x68  Code  Gb  eeprom.o [1]
EEPROM_ProgramWord            0x7ed   0x78  Code  Gb  eeprom.o [1]
FLASH_EraseSector             0x48f   0x74  Code  Gb  eeprom.o [1]
FLASH_Init                    0x421   0x6e  Code  Gb  eeprom.o [1]
FLASH_LaunchCMD               0x503   0x22  Code  Gb  eeprom.o [1]
FLASH_Program                 0x5e5   0xd2  Code  Gb  eeprom.o [1]
FLASH_Program1LongWord        0x6d9   0x92  Code  Gb  eeprom.o [1]
FLASH_Program2LongWords
                              0x525   0xb2  Code  Gb  eeprom.o [1]
FTM1_IRQHandler              0x298d   0x36  Code  Gb  lin_isr.o [1]
GPIO_Init                    0x2959   0x2c  Code  Gb  gpio.o [1]
LI0_response_error_signal
                             0x2a1e    0x1  Data  Gb  lin_cfg.o [1]
Lin_Sys_Init                 0x27e3   0x48  Code  Gb  main.o [1]
Region$$Table$$Base          0x2b38          --   Gb  - Linker created -
Region$$Table$$Limit         0x2b5c          --   Gb  - Linker created -
Strart_next_rx               0x1fb1   0x1e  Code  Gb  lin_lld_uart.o [1]
UART0_SCI0_IRQHandler        0x2985    0x8  Code  Gb  lin_isr.o [1]
WDOG_Feed                     0x411   0x10  Code  Gb  eeprom.o [1]
_Rand_idx               0x2000'00d4    0x4  Data  Lc  rand.o [2]
_Rand_rv                0x2000'0054   0x80  Data  Lc  rand.o [2]
_Randinit               0x2000'003c    0x1  Data  Gb  rand.o [2]
_Randseed               0x2000'0040    0x4  Data  Gb  rand.o [2]
__aeabi_d2uiz                0x29f1         Code  Gb  DblToI32.o [3]
__aeabi_dadd                 0x2629         Code  Gb  DblAddSub.o [3]
__aeabi_idiv                  0xb55         Code  Gb  I32DivModFast.o [4]
__aeabi_idivmod               0xb55         Code  Gb  I32DivModFast.o [4]
__aeabi_ui2d                 0x29d1         Code  Gb  IxxToDbl.o [3]
__aeabi_uidiv                 0xb5b         Code  Gb  I32DivModFast.o [4]
__aeabi_uidivmod              0xb5b         Code  Gb  I32DivModFast.o [4]
__cmain                      0x2b5d         Code  Gb  cmain.o [4]
__exit                       0x2b91         Code  Gb  XXexit.o [4]
__iar_copy_init3             0x2ae1   0x30  Code  Gb  copy_init3.o [4]
__iar_d2uiz                  0x29f5         Code  Gb  DblToI32.o [3]
__iar_data_init3             0x2b11   0x28  Code  Gb  data_init.o [4]
__iar_program_start          0x2bad         Code  Gb  cstartup_M.o [4]
__iar_zero_init3             0x2aa5   0x3c  Code  Gb  zero_init3.o [4]
__low_level_init             0x2a69   0x3c  Code  Gb  low_level_init.o [1]
__vector_table                  0x0         Data  Gb  cstartup_M_KEAZN64.o [1]
_call_main                   0x2b69         Code  Gb  cmain.o [4]
_exit                        0x2b85         Code  Gb  cexit.o [4]
_main                        0x2b77         Code  Gb  cmain.o [4]
boot_APP_check               0x1221   0x44  Code  Gb  lin_diagnostic_service.o [1]
boot_Var_init                0x27d1   0x12  Code  Gb  main.o [1]
boot_flashdata_cn       0x2000'0244    0x2  Data  Gb  lin_diagnostic_service.o [1]
boot_flashdata_last_cn  0x2000'0246    0x2  Data  Gb  lin_diagnostic_service.o [1]
boot_jump_to_APP             0x283d    0x8  Code  Gb  main.o [1]
boot_key                0x2000'022c    0x4  Data  Gb  lin_diagnostic_service.o [1]
boot_rx_ok_id           0x2000'026d    0x1  Data  Gb  main.o [1]
boot_seed               0x2000'0228    0x4  Data  Gb  lin_diagnostic_service.o [1]
boot_status_flag        0x2000'026c    0x1  Data  Gb  main.o [1]
boot_sysinit                 0x282b   0x12  Code  Gb  main.o [1]
boot_up_check                0x1265   0x60  Code  Gb  lin_diagnostic_service.o [1]
boot_up_ret             0x2000'0252    0x2  Data  Gb  main.o [1]
boot_write_flash        0x2000'00d8   0x64  Data  Gb  lin_diagnostic_service.o [1]
cnt_byte                0x2000'026a    0x1  Data  Lc  lin_lld_uart.o [1]
current_id              0x2000'026b    0x1  Data  Lc  lin_lld_uart.o [1]
data_cn1                0x2000'0267    0x1  Data  Gb  lin_diagnostic_service.o [1]
data_cn2                0x2000'0268    0x1  Data  Gb  lin_diagnostic_service.o [1]
diagnostic_Session      0x2000'0264    0x1  Data  Gb  lin_diagnostic_service.o [1]
diagnostic_Session_flg  0x2000'0266    0x1  Data  Gb  lin_diagnostic_service.o [1]
diagnostic_Session_pre  0x2000'0265    0x1  Data  Gb  lin_diagnostic_service.o [1]
diagnostic_Session_timer
                        0x2000'0240    0x2  Data  Gb  lin_diagnostic_service.o [1]
exit                         0x2b7b    0x8  Code  Gb  exit.o [2]
frame_index             0x2000'0263    0x1  Data  Gb  lin_common_proto.o [1]
frame_signal_error      0x2000'0262    0x1  Data  Gb  lin_common_proto.o [1]
frame_timeout_cnt       0x2000'024c    0x2  Data  Lc  lin_lld_uart.o [1]
idle_timeout_cnt        0x2000'0250    0x2  Data  Lc  lin_lld_uart.o [1]
ifc                     0x2000'004e    0x1  Data  Lc  lin_lld_uart.o [1]
l_ifc_init                   0x28e7    0x8  Code  Gb  lin_common_api.o [1]
l_status                0x2000'0269    0x1  Data  Lc  lin_lld_uart.o [1]
l_sys_init                   0x28dd    0xa  Code  Gb  lin_common_api.o [1]
ld_get_raw                   0x1821    0xc  Code  Gb  lin_commontl_api.o [1]
ld_receive_message           0x1831  0x13c  Code  Gb  lin_commontl_api.o [1]
lin_bus_activity_timeout
                             0x2351    0xe  Code  Gb  lin_common_proto.o [1]
lin_checksum                 0x20c7   0x3e  Code  Gb  lin.o [1]
lin_configuration_RAM   0x2000'0034    0x8  Data  Gb  lin_cfg.o [1]
lin_configured_NAD      0x2000'004c    0x1  Data  Gb  lin_cfg.o [1]
lin_diag_services_flag  0x2000'021c    0x8  Data  Gb  lin_cfg.o [1]
lin_diag_services_supported
                             0x2bb8    0x8  Data  Gb  lin_cfg.o [1]
lin_diagservice_exit_transfer
                             0x179d   0x52  Code  Gb  lin_diagnostic_service.o [1]
lin_diagservice_read_data_by_identifier
                             0x139f   0x4e  Code  Gb  lin_diagnostic_service.o [1]
lin_diagservice_request_download
                             0x14e5   0x84  Code  Gb  lin_diagnostic_service.o [1]
lin_diagservice_service_securityaccess
                             0x1431   0xa2  Code  Gb  lin_diagnostic_service.o [1]
lin_diagservice_service_trigger_check
                             0x16fd   0xa0  Code  Gb  lin_diagnostic_service.o [1]
lin_diagservice_session_control
                             0x12c5   0xda  Code  Gb  lin_diagnostic_service.o [1]
lin_diagservice_transfer_data
                             0x1575  0x17a  Code  Gb  lin_diagnostic_service.o [1]
lin_diagservice_transfer_data::length
                        0x2000'0248    0x2  Data  Lc  lin_diagnostic_service.o [1]
lin_error_in_response   0x2000'0257    0x1  Data  Gb  lin_cfg.o [1]
lin_flag_handle_tbl     0x2000'020c    0x8  Data  Gb  lin_cfg.o [1]
lin_frame_flag_tbl      0x2000'0214    0x8  Data  Gb  lin_cfg.o [1]
lin_frame_tbl                0x2a20   0x48  Data  Gb  lin_cfg.o [1]
lin_get_frame_index          0x23fd   0x2a  Code  Gb  lin_common_proto.o [1]
lin_goto_idle_state          0x1c53   0x26  Code  Gb  lin_lld_uart.o [1]
lin_goto_sleep_flg      0x2000'0258    0x1  Data  Gb  lin_cfg.o [1]
lin_handle_error             0x22c7   0x76  Code  Gb  lin_common_proto.o [1]
lin_lld_ignore_response
                             0x2019    0x8  Code  Gb  lin.o [1]
lin_lld_init                 0x200d    0xc  Code  Gb  lin.o [1]
lin_lld_response_buffer
                        0x2000'0200    0xc  Data  Gb  lin_cfg.o [1]
lin_lld_rx_response          0x2049    0xc  Code  Gb  lin.o [1]
lin_lld_set_low_power_mode
                             0x2021    0x8  Code  Gb  lin.o [1]
lin_lld_set_response         0x2029   0x20  Code  Gb  lin.o [1]
lin_lld_timer_K_init         0x2509   0x48  Code  Gb  lin_lld_timesrv.o [1]
lin_lld_timer_init           0x2105    0x8  Code  Gb  lin.o [1]
lin_lld_timer_isr            0x2569    0x8  Code  Gb  lin_lld_timesrv.o [1]
lin_lld_uart_ignore_response
                             0x1aeb    0x8  Code  Gb  lin_lld_uart.o [1]
lin_lld_uart_init            0x1a75   0x76  Code  Gb  lin_lld_uart.o [1]
lin_lld_uart_rx_isr          0x1cc5  0x2de  Code  Gb  lin_lld_uart.o [1]
lin_lld_uart_rx_response
                             0x1afb   0x1a  Code  Gb  lin_lld_uart.o [1]
lin_lld_uart_set_low_power_mode
                             0x1af3    0x8  Code  Gb  lin_lld_uart.o [1]
lin_lld_uart_timeout         0x1b59   0xfa  Code  Gb  lin_lld_uart.o [1]
lin_lld_uart_tx_response
                             0x1b15   0x30  Code  Gb  lin_lld_uart.o [1]
lin_make_res_diag_frame
                             0x23f5    0x8  Code  Gb  lin_common_proto.o [1]
lin_make_res_evnt_frame
                             0x25dd   0x1e  Code  Gb  lin_lin21_proto.o [1]
lin_max_frame_res_timeout_val
                             0x2b9c   0x10  Data  Gb  lin_cfg.o [1]
lin_pFrameBuf           0x2000'0000   0x14  Data  Gb  lin_cfg.o [1]
lin_process_parity           0x2055   0x72  Code  Gb  lin.o [1]
lin_process_pdu               0xd85  0x194  Code  Lc  lin_commontl_proto.o [1]
lin_process_pid              0x2111   0xc4  Code  Gb  lin_common_proto.o [1]
lin_process_uncd_frame       0x242d   0x88  Code  Gb  lin_common_proto.o [1]
lin_save_configuration_flg
                        0x2000'0259    0x1  Data  Gb  lin_cfg.o [1]
lin_successful_transfer
                        0x2000'0256    0x1  Data  Gb  lin_cfg.o [1]
lin_tl_attach_service        0x1015   0xec  Code  Gb  lin_commontl_proto.o [1]
lin_tl_get_pdu                0xd4f   0x30  Code  Gb  lin_commontl_proto.o [1]
lin_tl_handler                0xf2d   0xbc  Code  Gb  lin_commontl_proto.o [1]
lin_tl_make_slaveres_pdu
                              0xc09  0x146  Code  Gb  lin_commontl_proto.o [1]
lin_tl_rx_queue         0x2000'0024   0x10  Data  Gb  lin_cfg.o [1]
lin_tl_tx_queue         0x2000'0014   0x10  Data  Gb  lin_cfg.o [1]
lin_update_err_signal        0x25ab   0x32  Code  Gb  lin_lin21_proto.o [1]
lin_update_rx                0x21d5   0x76  Code  Gb  lin_common_proto.o [1]
lin_update_rx_diag_frame
                             0x23d3   0x1c  Code  Gb  lin_common_proto.o [1]
lin_update_tx                0x224b   0x7c  Code  Gb  lin_common_proto.o [1]
lin_update_tx_flags          0x235f   0x74  Code  Gb  lin_common_proto.o [1]
lin_update_word_status_lin21
                             0x2571   0x3a  Code  Gb  lin_lin21_proto.o [1]
lin_word_status         0x2000'0238    0x2  Data  Gb  lin_cfg.o [1]
main                         0x2845   0x76  Code  Gb  main.o [1]
pUART                   0x2000'0048    0x4  Data  Lc  lin_lld_uart.o [1]
pid                     0x2000'0050    0x1  Data  Lc  lin_lld_uart.o [1]
ptr                     0x2000'0230    0x4  Data  Lc  lin_lld_uart.o [1]
rand                         0x1975   0xec  Code  Gb  rand.o [2]
read_data_from_EEPROM         0xa81   0x96  Code  Gb  eeprom.o [1]
res_frame_timeout_cnt   0x2000'024e    0x2  Data  Lc  lin_lld_uart.o [1]
response_buffer         0x2000'0234    0x4  Data  Lc  lin_lld_uart.o [1]
response_error               0x2b83    0x1  Data  Gb  lin_cfg.o [1]
response_error_bit_offset
                             0x2b82    0x1  Data  Gb  lin_cfg.o [1]
response_error_byte_offset
                             0x2a1f    0x1  Data  Gb  lin_cfg.o [1]
service_flash_read      0x2000'013c   0x64  Data  Gb  lin_diagnostic_service.o [1]
state                   0x2000'004f    0x1  Data  Lc  lin_lld_uart.o [1]
tbit                    0x2000'024a    0x2  Data  Lc  lin_lld_uart.o [1]
tl_check_timeout        0x2000'023e    0x2  Data  Gb  lin_cfg.o [1]
tl_check_timeout_type   0x2000'025c    0x1  Data  Gb  lin_cfg.o [1]
tl_diag_state           0x2000'025d    0x1  Data  Gb  lin_cfg.o [1]
tl_frame_counter        0x2000'025b    0x1  Data  Gb  lin_cfg.o [1]
tl_get_raw                   0x1195   0x8c  Code  Gb  lin_commontl_proto.o [1]
tl_no_of_pdu            0x2000'025a    0x1  Data  Gb  lin_cfg.o [1]
tl_put_raw                   0x1121   0x74  Code  Gb  lin_commontl_proto.o [1]
tl_receive_msg_status   0x2000'025e    0x1  Data  Gb  lin_cfg.o [1]
tl_rx_msg_status        0x2000'025f    0x1  Data  Gb  lin_cfg.o [1]
tl_rx_queue_data        0x2000'01d0   0x30  Data  Gb  lin_cfg.o [1]
tl_service_status       0x2000'004d    0x1  Data  Gb  lin_cfg.o [1]
tl_slaveresp_cnt        0x2000'0261    0x1  Data  Gb  lin_cfg.o [1]
tl_tx_msg_index         0x2000'023a    0x2  Data  Gb  lin_cfg.o [1]
tl_tx_msg_size          0x2000'023c    0x2  Data  Gb  lin_cfg.o [1]
tl_tx_msg_status        0x2000'0260    0x1  Data  Gb  lin_cfg.o [1]
tl_tx_queue_data        0x2000'01a0   0x30  Data  Gb  lin_cfg.o [1]
u16Err_1                0x2000'0254    0x2  Data  Gb  main.o [1]
uds_calc_key                 0x13ed   0x44  Code  Gb  lin_diagnostic_service.o [1]
updata_flash_ID         0x2000'0224    0x4  Data  Gb  lin_diagnostic_service.o [1]
updata_length           0x2000'0242    0x2  Data  Gb  lin_diagnostic_service.o [1]
write_data_from_EEPROM        0x879  0x1fc  Code  Gb  eeprom.o [1]


[1] = C:\Users\ae-bk-067\Desktop\iar_boot\Release\Obj
[2] = dl6M_tln.a
[3] = m6M_tl.a
[4] = rt6M_tl.a

  10 204 bytes of readonly  code memory
     220 bytes of readonly  data memory
   1 131 bytes of readwrite data memory

Errors: none
Warnings: none
