###############################################################################
#
# IAR ELF Linker V8.32.1.169/W32 for ARM                  24/Dec/2019  10:59:20
# Copyright 2007-2018 IAR Systems AB.
#
#    Output file  =  C:\Users\ae-bk-067\Desktop\IAR_WX13481\Debug\Exe\RLS.out
#    Map file     =  C:\Users\ae-bk-067\Desktop\IAR_WX13481\Debug\List\RLS.map
#    Command line =  
#        -f C:\Users\AE-BK-~1\AppData\Local\Temp\EW3049.tmp
#        (C:\Users\ae-bk-067\Desktop\IAR_WX13481\Debug\Obj\adc.o
#        C:\Users\ae-bk-067\Desktop\IAR_WX13481\Debug\Obj\clock.o
#        C:\Users\ae-bk-067\Desktop\IAR_WX13481\Debug\Obj\config_parameter.o
#        C:\Users\ae-bk-067\Desktop\IAR_WX13481\Debug\Obj\cstartup_M_KEAZN64.o
#        C:\Users\ae-bk-067\Desktop\IAR_WX13481\Debug\Obj\eeprom.o
#        C:\Users\ae-bk-067\Desktop\IAR_WX13481\Debug\Obj\ftm.o
#        C:\Users\ae-bk-067\Desktop\IAR_WX13481\Debug\Obj\gpio.o
#        C:\Users\ae-bk-067\Desktop\IAR_WX13481\Debug\Obj\lin.o
#        C:\Users\ae-bk-067\Desktop\IAR_WX13481\Debug\Obj\lin_app.o
#        C:\Users\ae-bk-067\Desktop\IAR_WX13481\Debug\Obj\lin_cfg.o
#        C:\Users\ae-bk-067\Desktop\IAR_WX13481\Debug\Obj\lin_common_api.o
#        C:\Users\ae-bk-067\Desktop\IAR_WX13481\Debug\Obj\lin_common_proto.o
#        C:\Users\ae-bk-067\Desktop\IAR_WX13481\Debug\Obj\lin_commontl_api.o
#        C:\Users\ae-bk-067\Desktop\IAR_WX13481\Debug\Obj\lin_commontl_proto.o
#        C:\Users\ae-bk-067\Desktop\IAR_WX13481\Debug\Obj\lin_diagnostic_service.o
#        C:\Users\ae-bk-067\Desktop\IAR_WX13481\Debug\Obj\lin_isr.o
#        C:\Users\ae-bk-067\Desktop\IAR_WX13481\Debug\Obj\lin_j2602_api.o
#        C:\Users\ae-bk-067\Desktop\IAR_WX13481\Debug\Obj\lin_j2602_proto.o
#        C:\Users\ae-bk-067\Desktop\IAR_WX13481\Debug\Obj\lin_j2602tl_api.o
#        C:\Users\ae-bk-067\Desktop\IAR_WX13481\Debug\Obj\lin_lin21_api.o
#        C:\Users\ae-bk-067\Desktop\IAR_WX13481\Debug\Obj\lin_lin21_proto.o
#        C:\Users\ae-bk-067\Desktop\IAR_WX13481\Debug\Obj\lin_lin21tl_api.o
#        C:\Users\ae-bk-067\Desktop\IAR_WX13481\Debug\Obj\lin_lld_timesrv.o
#        C:\Users\ae-bk-067\Desktop\IAR_WX13481\Debug\Obj\lin_lld_uart.o
#        C:\Users\ae-bk-067\Desktop\IAR_WX13481\Debug\Obj\low_level_init.o
#        C:\Users\ae-bk-067\Desktop\IAR_WX13481\Debug\Obj\main.o
#        C:\Users\ae-bk-067\Desktop\IAR_WX13481\Debug\Obj\pmc.o
#        C:\Users\ae-bk-067\Desktop\IAR_WX13481\Debug\Obj\rls_app.o
#        C:\Users\ae-bk-067\Desktop\IAR_WX13481\Debug\Obj\rtc.o
#        C:\Users\ae-bk-067\Desktop\IAR_WX13481\Debug\Obj\spi.o
#        C:\Users\ae-bk-067\Desktop\IAR_WX13481\Debug\Obj\watchdog.o
#        --no_out_extension -o
#        C:\Users\ae-bk-067\Desktop\IAR_WX13481\Debug\Exe\RLS.out --redirect
#        _Printf=_PrintfFullNoMb --redirect _Scanf=_ScanfFullNoMb --map
#        C:\Users\ae-bk-067\Desktop\IAR_WX13481\Debug\List\RLS.map --config
#        "C:\Program Files (x86)\IAR Systems\Embedded Workbench
#        8.2\arm\config\linker\NXP\KEAZN64xxx2.icf" --semihosting --entry
#        __iar_program_start --vfe --text_out locale)
#
###############################################################################

*******************************************************************************
*** RUNTIME MODEL ATTRIBUTES
***

CppFlavor       = *
__SystemLibrary = DLib
__dlib_version  = 6


*******************************************************************************
*** HEAP SELECTION
***

The basic heap was selected because some modules are built with
size limitations (and not runtime checking), and --advanced_heap
was not specified.


*******************************************************************************
*** PLACEMENT SUMMARY
***

"A0":  place at 0x5000 { ro section .intvec };
"P2":  place in [from 0x410 to 0x3ff] { ro };
define block CSTACK with size = 512, alignment = 8 { };
define block HEAP with size = 512, alignment = 8 { };
"P3":  place in [from 0x1fff'fc00 to 0x1fff'ffff] |
                [from 0x2000'0000 to 0x2000'0bff] {
          rw, block CSTACK, block HEAP };
initialize by copy { rw };

No sections matched the following patterns:

  section .eeprom      in "P4"
  section FlashConfig  in "P1"


  Section            Kind         Address    Size  Object
  -------            ----         -------    ----  ------
"A0":                                        0xb4
  .intvec            ro code       0x5000    0xb4  cstartup_M_KEAZN64.o [1]
                                 - 0x50b4    0xb4

"P2":                                      0x5d64
  .text              ro code       0x50b4  0x56a0  adc.o [1]
  .text              ro code       0xa754    0xe0  I32DivModFast.o [4]
  .text              ro code       0xa834    0x20  IxxToDbl.o [3]
  .text              ro code       0xa854   0x1a8  DblAddSub.o [3]
  .text              ro code       0xa9fc    0x2e  DblToI32.o [3]
  .text              ro code       0xaa2a     0x2  cstartup_M_KEAZN64.o [1]
  .text              ro code       0xaa2c   0x100  rand.o [2]
  .text              ro code       0xab2c     0x2  IntDivZer.o [4]
  .rodata            const         0xab2e     0x1  adc.o [1]
  .rodata            const         0xab2f     0x1  adc.o [1]
  .rodata            const         0xab30    0x4c  adc.o [1]
  .rodata            const         0xab7c    0x3c  adc.o [1]
  .text              ro code       0xabb8    0x3c  zero_init3.o [4]
  .text              ro code       0xabf4    0x30  copy_init3.o [4]
  .text              ro code       0xac24    0x28  data_init.o [4]
  .iar.init_table    const         0xac4c    0x24  - Linker created -
  .text              ro code       0xac70    0x1e  cmain.o [4]
  .text              ro code       0xac8e     0x8  exit.o [2]
  .rodata            const         0xac96     0x1  adc.o [1]
  .rodata            const         0xac97     0x1  adc.o [1]
  .text              ro code       0xac98     0xa  cexit.o [4]
  .rodata            const         0xaca2     0x1  adc.o [1]
  .text              ro code       0xaca4    0x14  exit.o [5]
  .rodata            const         0xacb8    0x14  adc.o [1]
  .rodata            const         0xaccc    0x10  adc.o [1]
  .rodata            const         0xacdc     0xc  adc.o [1]
  .text              ro code       0xace8     0xc  cstartup_M.o [4]
  .rodata            const         0xacf4     0x8  adc.o [1]
  .rodata            const         0xacfc     0x8  adc.o [1]
  .rodata            const         0xad04     0x0  zero_init3.o [4]
  .rodata            const         0xad04     0x0  copy_init3.o [4]
  Initializer bytes  const         0xad04   0x114  <for P3 s0>
                                 - 0xae18  0x5d64

"P3", part 1 of 3:                          0x114
  P3 s0                       0x2000'0000   0x114  <Init block>
    .data            inited   0x2000'0000    0x40  adc.o [1]
    .data            inited   0x2000'0040    0x40  adc.o [1]
    .data            inited   0x2000'0080    0x20  adc.o [1]
    .data            inited   0x2000'00a0    0x20  adc.o [1]
    .data            inited   0x2000'00c0    0x18  adc.o [1]
    .data            inited   0x2000'00d8    0x10  adc.o [1]
    .data            inited   0x2000'00e8    0x10  adc.o [1]
    .data            inited   0x2000'00f8     0x8  adc.o [1]
    .data            inited   0x2000'0100     0x8  rand.o [2]
    .data            inited   0x2000'0108     0x4  adc.o [1]
    .data            inited   0x2000'010c     0x1  adc.o [1]
    .data            inited   0x2000'010d     0x1  adc.o [1]
    .data            inited   0x2000'010e     0x1  adc.o [1]
    .data            inited   0x2000'010f     0x1  adc.o [1]
    .data            inited   0x2000'0110     0x1  adc.o [1]
                            - 0x2000'0114   0x114

"P3", part 2 of 3:                          0x278
  .bss               zero     0x2000'0114    0x84  rand.o [2]
  .bss               zero     0x2000'0198    0x50  adc.o [1]
  .bss               zero     0x2000'01e8    0x30  adc.o [1]
  .bss               zero     0x2000'0218    0x30  adc.o [1]
  .bss               zero     0x2000'0248    0x18  adc.o [1]
  .bss               zero     0x2000'0260    0x18  adc.o [1]
  .bss               zero     0x2000'0278    0x14  adc.o [1]
  .bss               zero     0x2000'028c     0xc  adc.o [1]
  .bss               zero     0x2000'0298     0xc  adc.o [1]
  .bss               zero     0x2000'02a4     0x8  adc.o [1]
  .bss               zero     0x2000'02ac     0x8  adc.o [1]
  .bss               zero     0x2000'02b4     0x8  adc.o [1]
  .bss               zero     0x2000'02bc     0x8  adc.o [1]
  .bss               zero     0x2000'02c4     0x4  adc.o [1]
  .bss               zero     0x2000'02c8     0x4  adc.o [1]
  .bss               zero     0x2000'02cc     0x4  adc.o [1]
  .bss               zero     0x2000'02d0     0x4  adc.o [1]
  .bss               zero     0x2000'02d4     0x4  adc.o [1]
  .bss               zero     0x2000'02d8     0x4  adc.o [1]
  .bss               zero     0x2000'02dc     0x4  adc.o [1]
  .bss               zero     0x2000'02e0     0x4  adc.o [1]
  .bss               zero     0x2000'02e4     0x4  adc.o [1]
  .bss               zero     0x2000'02e8     0x4  adc.o [1]
  .bss               zero     0x2000'02ec     0x4  adc.o [1]
  .bss               zero     0x2000'02f0     0x2  adc.o [1]
  .bss               zero     0x2000'02f2     0x2  adc.o [1]
  .bss               zero     0x2000'02f4     0x2  adc.o [1]
  .bss               zero     0x2000'02f6     0x2  adc.o [1]
  .bss               zero     0x2000'02f8     0x2  adc.o [1]
  .bss               zero     0x2000'02fa     0x2  adc.o [1]
  .bss               zero     0x2000'02fc     0x2  adc.o [1]
  .bss               zero     0x2000'02fe     0x2  adc.o [1]
  .bss               zero     0x2000'0300     0x2  adc.o [1]
  .bss               zero     0x2000'0302     0x2  adc.o [1]
  .bss               zero     0x2000'0304     0x2  adc.o [1]
  .bss               zero     0x2000'0306     0x2  adc.o [1]
  .bss               zero     0x2000'0308     0x2  adc.o [1]
  .bss               zero     0x2000'030a     0x2  adc.o [1]
  .bss               zero     0x2000'030c     0x2  adc.o [1]
  .bss               zero     0x2000'030e     0x2  adc.o [1]
  .bss               zero     0x2000'0310     0x2  adc.o [1]
  .bss               zero     0x2000'0312     0x2  adc.o [1]
  .bss               zero     0x2000'0314     0x2  adc.o [1]
  .bss               zero     0x2000'0316     0x2  adc.o [1]
  .bss               zero     0x2000'0318     0x2  adc.o [1]
  .bss               zero     0x2000'031a     0x2  adc.o [1]
  .bss               zero     0x2000'031c     0x2  adc.o [1]
  .bss               zero     0x2000'031e     0x2  adc.o [1]
  .bss               zero     0x2000'0320     0x2  adc.o [1]
  .bss               zero     0x2000'0322     0x2  adc.o [1]
  .bss               zero     0x2000'0324     0x2  adc.o [1]
  .bss               zero     0x2000'0326     0x2  adc.o [1]
  .bss               zero     0x2000'0328     0x2  adc.o [1]
  .bss               zero     0x2000'032a     0x2  adc.o [1]
  .bss               zero     0x2000'032c     0x2  adc.o [1]
  .bss               zero     0x2000'032e     0x2  adc.o [1]
  .bss               zero     0x2000'0330     0x2  adc.o [1]
  .bss               zero     0x2000'0332     0x1  adc.o [1]
  .bss               zero     0x2000'0333     0x1  adc.o [1]
  .bss               zero     0x2000'0334     0x1  adc.o [1]
  .bss               zero     0x2000'0335     0x1  adc.o [1]
  .bss               zero     0x2000'0336     0x1  adc.o [1]
  .bss               zero     0x2000'0337     0x1  adc.o [1]
  .bss               zero     0x2000'0338     0x1  adc.o [1]
  .bss               zero     0x2000'0339     0x1  adc.o [1]
  .bss               zero     0x2000'033a     0x1  adc.o [1]
  .bss               zero     0x2000'033b     0x1  adc.o [1]
  .bss               zero     0x2000'033c     0x1  adc.o [1]
  .bss               zero     0x2000'033d     0x1  adc.o [1]
  .bss               zero     0x2000'033e     0x1  adc.o [1]
  .bss               zero     0x2000'033f     0x1  adc.o [1]
  .bss               zero     0x2000'0340     0x1  adc.o [1]
  .bss               zero     0x2000'0341     0x1  adc.o [1]
  .bss               zero     0x2000'0342     0x1  adc.o [1]
  .bss               zero     0x2000'0343     0x1  adc.o [1]
  .bss               zero     0x2000'0344     0x1  adc.o [1]
  .bss               zero     0x2000'0345     0x1  adc.o [1]
  .bss               zero     0x2000'0346     0x1  adc.o [1]
  .bss               zero     0x2000'0347     0x1  adc.o [1]
  .bss               zero     0x2000'0348     0x1  adc.o [1]
  .bss               zero     0x2000'0349     0x1  adc.o [1]
  .bss               zero     0x2000'034a     0x1  adc.o [1]
  .bss               zero     0x2000'034b     0x1  adc.o [1]
  .bss               zero     0x2000'034c     0x1  adc.o [1]
  .bss               zero     0x2000'034d     0x1  adc.o [1]
  .bss               zero     0x2000'034e     0x1  adc.o [1]
  .bss               zero     0x2000'034f     0x1  adc.o [1]
  .bss               zero     0x2000'0350     0x1  adc.o [1]
  .bss               zero     0x2000'0351     0x1  adc.o [1]
  .bss               zero     0x2000'0352     0x1  adc.o [1]
  .bss               zero     0x2000'0353     0x1  adc.o [1]
  .bss               zero     0x2000'0354     0x1  adc.o [1]
  .bss               zero     0x2000'0355     0x1  adc.o [1]
  .bss               zero     0x2000'0356     0x1  adc.o [1]
  .bss               zero     0x2000'0357     0x1  adc.o [1]
  .bss               zero     0x2000'0358     0x1  adc.o [1]
  .bss               zero     0x2000'0359     0x1  adc.o [1]
  .bss               zero     0x2000'035a     0x1  adc.o [1]
  .bss               zero     0x2000'035b     0x1  adc.o [1]
  .bss               zero     0x2000'035c     0x1  adc.o [1]
  .bss               zero     0x2000'035d     0x1  adc.o [1]
  .bss               zero     0x2000'035e     0x1  adc.o [1]
  .bss               zero     0x2000'035f     0x1  adc.o [1]
  .bss               zero     0x2000'0360     0x1  adc.o [1]
  .bss               zero     0x2000'0361     0x1  adc.o [1]
  .bss               zero     0x2000'0362     0x1  adc.o [1]
  .bss               zero     0x2000'0363     0x1  adc.o [1]
  .bss               zero     0x2000'0364     0x1  adc.o [1]
  .bss               zero     0x2000'0365     0x1  adc.o [1]
  .bss               zero     0x2000'0366     0x1  adc.o [1]
  .bss               zero     0x2000'0367     0x1  adc.o [1]
  .bss               zero     0x2000'0368     0x1  adc.o [1]
  .bss               zero     0x2000'0369     0x1  adc.o [1]
  .bss               zero     0x2000'036a     0x1  adc.o [1]
  .bss               zero     0x2000'036b     0x1  adc.o [1]
  .bss               zero     0x2000'036c     0x1  adc.o [1]
  .bss               zero     0x2000'036d     0x1  adc.o [1]
  .bss               zero     0x2000'036e     0x1  adc.o [1]
  .bss               zero     0x2000'036f     0x1  adc.o [1]
  .bss               zero     0x2000'0370     0x1  adc.o [1]
  .bss               zero     0x2000'0371     0x1  adc.o [1]
  .bss               zero     0x2000'0372     0x1  adc.o [1]
  .bss               zero     0x2000'0373     0x1  adc.o [1]
  .bss               zero     0x2000'0374     0x1  adc.o [1]
  .bss               zero     0x2000'0375     0x1  adc.o [1]
  .bss               zero     0x2000'0376     0x1  adc.o [1]
  .bss               zero     0x2000'0377     0x1  adc.o [1]
  .bss               zero     0x2000'0378     0x1  adc.o [1]
  .bss               zero     0x2000'0379     0x1  adc.o [1]
  .bss               zero     0x2000'037a     0x1  adc.o [1]
  .bss               zero     0x2000'037b     0x1  adc.o [1]
  .bss               zero     0x2000'037c     0x1  adc.o [1]
  .bss               zero     0x2000'037d     0x1  adc.o [1]
  .bss               zero     0x2000'037e     0x1  adc.o [1]
  .bss               zero     0x2000'037f     0x1  adc.o [1]
  .bss               zero     0x2000'0380     0x1  adc.o [1]
  .bss               zero     0x2000'0381     0x1  adc.o [1]
  .bss               zero     0x2000'0382     0x1  adc.o [1]
  .bss               zero     0x2000'0383     0x1  adc.o [1]
  .bss               zero     0x2000'0384     0x1  adc.o [1]
  .bss               zero     0x2000'0385     0x1  adc.o [1]
  .bss               zero     0x2000'0386     0x1  adc.o [1]
  .bss               zero     0x2000'0387     0x1  adc.o [1]
  .bss               zero     0x2000'0388     0x1  adc.o [1]
  .bss               zero     0x2000'0389     0x1  adc.o [1]
                            - 0x2000'038a   0x276

"P3", part 3 of 3:                          0x200
  CSTACK                      0x2000'0390   0x200  <Block>
    CSTACK           uninit   0x2000'0390   0x200  <Block tail>
                            - 0x2000'0590   0x200

Unused ranges:

         From           To         Size
         ----           --         ----
        0x410       0x4fff       0x4bf0
       0xae18  0x1fff'ffff  0x1fff'51e8
  0x2000'038c  0x2000'038f          0x4
  0x2000'0590        0x3ff  0xdfff'fe70


*******************************************************************************
*** INIT TABLE
***

          Address      Size
          -------      ----
Zero (__iar_zero_init3)
    1 destination range, total size 0x276:
          0x2000'0114  0x276

Copy (__iar_copy_init3)
    1 source range, total size 0x114 (101% of destination):
               0xad04  0x114
    1 destination range, total size 0x111:
          0x2000'0000  0x111



*******************************************************************************
*** MODULE SUMMARY
***

    Module                ro code  ro data  rw data
    ------                -------  -------  -------
command line/config:
    -----------------------------------------------
    Total:

C:\Users\ae-bk-067\Desktop\IAR_WX13481\Debug\Obj: [1]
    adc.o                  22 176      470      763
    cstartup_M_KEAZN64.o      182
    -----------------------------------------------
    Total:                 22 358      470      763

dl6M_tln.a: [2]
    exit.o                      8
    rand.o                    256        8      140
    -----------------------------------------------
    Total:                    264        8      140

m6M_tl.a: [3]
    DblAddSub.o               424
    DblToI32.o                 46
    IxxToDbl.o                 32
    -----------------------------------------------
    Total:                    502

rt6M_tl.a: [4]
    I32DivModFast.o           224
    IntDivZer.o                 2
    cexit.o                    10
    cmain.o                    30
    copy_init3.o               48
    cstartup_M.o               12
    data_init.o                40
    zero_init3.o               60
    -----------------------------------------------
    Total:                    426

shb_l.a: [5]
    exit.o                     20
    -----------------------------------------------
    Total:                     20

    Gaps                        1
    Linker created                      39      512
---------------------------------------------------
    Grand Total:           23 571      517    1 415


*******************************************************************************
*** ENTRY LIST
***

Entry                       Address   Size  Type      Object
-----                       -------   ----  ----      ------
.iar.init_table$$Base        0xac4c          --   Gb  - Linker created -
.iar.init_table$$Limit       0xac70          --   Gb  - Linker created -
?main                        0xac71         Code  Gb  cmain.o [4]
ADC_Init                     0x50b5   0x26  Code  Gb  adc.o [1]
App_Rls_Error           0x2000'02bc    0x8  Data  Gb  adc.o [1]
Auto_Roof_Process            0x9ce1   0x8a  Code  Gb  adc.o [1]
Brightness_Infrared_Percentage
                        0x2000'0379    0x1  Data  Gb  adc.o [1]
Brightness_Light_Percentage
                        0x2000'0378    0x1  Data  Gb  adc.o [1]
CSTACK$$Base            0x2000'0390          --   Gb  - Linker created -
CSTACK$$Limit           0x2000'0590          --   Gb  - Linker created -
DC_WIN_BUFF             0x2000'0198   0x50  Data  Gb  adc.o [1]
Delay_Ms                     0x5135   0x2c  Code  Gb  adc.o [1]
Delay_Nus                    0x5161   0x18  Code  Gb  adc.o [1]
EEPROM_EraseSector           0x5445   0x68  Code  Gb  adc.o [1]
EEPROM_ProgramWord           0x54bd   0x78  Code  Gb  adc.o [1]
Enter_Sleep_Flag        0x2000'033d    0x1  Data  Gb  adc.o [1]
FLASH_Init                   0x5385   0x6e  Code  Gb  adc.o [1]
FLASH_LaunchCMD              0x5401   0x22  Code  Gb  adc.o [1]
FTM0_IRQHandler              0x588d   0xb2  Code  Gb  adc.o [1]
FTM0_Init                    0x583f   0x4a  Code  Gb  adc.o [1]
FTM1_IRQHandler              0x75eb   0x36  Code  Gb  adc.o [1]
GPIO_Init                    0x594d  0x172  Code  Gb  adc.o [1]
G_100msFlag             0x2000'0338    0x1  Data  Gb  adc.o [1]
G_100ms_counter         0x2000'0334    0x1  Data  Gb  adc.o [1]
G_10msFlag              0x2000'0336    0x1  Data  Gb  adc.o [1]
G_10ms_counter          0x2000'0332    0x1  Data  Gb  adc.o [1]
G_4sFlag                0x2000'033a    0x1  Data  Gb  adc.o [1]
G_4s_counter            0x2000'02f0    0x2  Data  Gb  adc.o [1]
G_500msFlag             0x2000'0339    0x1  Data  Gb  adc.o [1]
G_500ms_counter         0x2000'0335    0x1  Data  Gb  adc.o [1]
G_50msFlag              0x2000'0337    0x1  Data  Gb  adc.o [1]
G_50ms_counter          0x2000'0333    0x1  Data  Gb  adc.o [1]
Globle_parameter_Init        0x5179  0x1ee  Code  Gb  adc.o [1]
LI0_response_error_signal
                             0xab2e    0x1  Data  Gb  adc.o [1]
Light_On_Flag           0x2000'032e    0x2  Data  Gb  adc.o [1]
Light_Stastegy_Parameter
                             0xacf4    0x8  Data  Gb  adc.o [1]
Light_cnt               0x2000'0330    0x2  Data  Gb  adc.o [1]
Lin_BCM_01_Frame        0x2000'02b4    0x8  Data  Gb  adc.o [1]
Lin_BCM_02_Frame        0x2000'0389    0x1  Data  Gb  adc.o [1]
Lin_Busy_Flag           0x2000'033c    0x1  Data  Gb  adc.o [1]
Lin_Busy_Process             0x5c15   0x14  Code  Gb  adc.o [1]
Lin_RLS_Wakeup_BCM           0x5fc5   0x14  Code  Gb  adc.o [1]
Lin_RLS_data                 0x5e51  0x174  Code  Gb  adc.o [1]
MLX75308_A_Adc          0x2000'035b    0x1  Data  Gb  adc.o [1]
MLX75308_B_Adc          0x2000'035c    0x1  Data  Gb  adc.o [1]
MLX75308_Init                0x8065  0x108  Code  Gb  adc.o [1]
MLX75308_Meansure            0xa6bf   0x54  Code  Gb  adc.o [1]
MLX75308_RxFrame        0x2000'0260   0x18  Data  Gb  adc.o [1]
MLX75308_SetPara             0xa2e5  0x214  Code  Gb  adc.o [1]
Mcu_wakeup_state        0x2000'0384    0x1  Data  Gb  adc.o [1]
Mlx75308_Config_Parameter
                             0xacb8   0x14  Data  Gb  adc.o [1]
Mnrval                  0x2000'0278   0x14  Data  Gb  adc.o [1]
PD_Meas_Comp_Ref        0x2000'02e4    0x4  Data  Gb  adc.o [1]
PD_Meas_Comp_Ref_Pre    0x2000'02e8    0x4  Data  Gb  adc.o [1]
PD_WIN_AVG              0x2000'0248   0x18  Data  Gb  adc.o [1]
PMC_Init                     0x7ed1   0x2e  Code  Gb  adc.o [1]
RLS_Analysis_Master_Data
                             0x5c95  0x198  Code  Gb  adc.o [1]
RLS_AutoLightControl         0x8405  0x138  Code  Gb  adc.o [1]
RLS_Auto_Light_Task          0x85fd   0xbc  Code  Gb  adc.o [1]
RLS_Auto_Rain_Task           0x97d9   0x16  Code  Gb  adc.o [1]
RLS_Battery_Measurement
                             0x9c43   0x1c  Code  Gb  adc.o [1]
RLS_Battery_State            0x9c5f   0x64  Code  Gb  adc.o [1]
RLS_Get_Rain_ExpectStage
                             0x8a95  0x1d2  Code  Gb  adc.o [1]
RLS_Get_Rain_State           0x879d  0x2be  Code  Gb  adc.o [1]
RLS_Invalid_DataProcess
                             0x8d99  0x162  Code  Gb  adc.o [1]
RLS_Light_Module_Fault_Process
                             0x854d   0x92  Code  Gb  adc.o [1]
RLS_Mask_False_Operation
                             0x8c71  0x124  Code  Gb  adc.o [1]
RLS_Rain_Get_Measure         0x8199  0x244  Code  Gb  adc.o [1]
RLS_Rain_Module_Fault_Process
                             0x86c9   0x86  Code  Gb  adc.o [1]
RLS_Rain_State_Mchaine       0x8f3d  0x7f4  Code  Gb  adc.o [1]
RLS_RunMode             0x2000'036e    0x1  Data  Gb  adc.o [1]
RLS_SelfAdaptTask            0x97ef  0x302  Code  Gb  adc.o [1]
RLS_Wipe_Auto_On_Function
                             0x9b15   0xb6  Code  Gb  adc.o [1]
RLS_Wipe_Park_Process        0x9739   0x72  Code  Gb  adc.o [1]
RLS_Wipe_Sensitivity_Up_Function
                             0x9bdd   0x66  Code  Gb  adc.o [1]
RTC_DisableInt               0x9e7b    0xc  Code  Gb  adc.o [1]
RTC_EnableInt                0x9e6f    0xc  Code  Gb  adc.o [1]
RTC_IRQHandler               0x9ed3    0xc  Code  Gb  adc.o [1]
RTC_Init                     0x9e91   0x42  Code  Gb  adc.o [1]
Rain_Sensitivity        0x2000'0353    0x1  Data  Gb  adc.o [1]
Rain_Stastegy_Parameter
                             0xab30   0x4c  Data  Gb  adc.o [1]
Recover_Process              0x9e35   0x3a  Code  Gb  adc.o [1]
Region$$Table$$Base          0xac4c          --   Gb  - Linker created -
Region$$Table$$Limit         0xac70          --   Gb  - Linker created -
SPI_Rd_Mchan                 0xa4f9  0x1c6  Code  Gb  adc.o [1]
SPI_Rd_Reg                   0xa22d   0xaa  Code  Gb  adc.o [1]
SPI_Wr_Cmd                   0x9f0d  0x10e  Code  Gb  adc.o [1]
SPI_Wr_Reg                   0xa051  0x1d0  Code  Gb  adc.o [1]
Search_Table                 0x7f35  0x12e  Code  Gb  adc.o [1]
Sleep_Process                0x9d85   0xa4  Code  Gb  adc.o [1]
Tab_AWG_FW              0x2000'0000   0x40  Data  Gb  adc.o [1]
Tab_AWG_IR              0x2000'0040   0x40  Data  Gb  adc.o [1]
Tab_Brightness_FW       0x2000'0080   0x20  Data  Gb  adc.o [1]
Tab_Brightness_IR       0x2000'00a0   0x20  Data  Gb  adc.o [1]
UART0_SCI0_IRQHandler        0x75df    0xc  Code  Gb  adc.o [1]
WDG_IRQHandler               0xa725    0xc  Code  Gb  adc.o [1]
WDOG_Feed                    0xa715   0x10  Code  Gb  adc.o [1]
_Rand_idx               0x2000'0194    0x4  Data  Lc  rand.o [2]
_Rand_rv                0x2000'0114   0x80  Data  Lc  rand.o [2]
_Randinit               0x2000'0100    0x1  Data  Gb  rand.o [2]
_Randseed               0x2000'0104    0x4  Data  Gb  rand.o [2]
__aeabi_d2uiz                0xa9fd         Code  Gb  DblToI32.o [3]
__aeabi_dadd                 0xa855         Code  Gb  DblAddSub.o [3]
__aeabi_idiv                 0xa781         Code  Gb  I32DivModFast.o [4]
__aeabi_idiv0                0xab2d         Code  Gb  IntDivZer.o [4]
__aeabi_idivmod              0xa781         Code  Gb  I32DivModFast.o [4]
__aeabi_ui2d                 0xa835         Code  Gb  IxxToDbl.o [3]
__aeabi_uidiv                0xa787         Code  Gb  I32DivModFast.o [4]
__aeabi_uidivmod             0xa787         Code  Gb  I32DivModFast.o [4]
__cmain                      0xac71         Code  Gb  cmain.o [4]
__exit                       0xaca5   0x14  Code  Gb  exit.o [5]
__iar_copy_init3             0xabf5   0x30  Code  Gb  copy_init3.o [4]
__iar_d2uiz                  0xaa01         Code  Gb  DblToI32.o [3]
__iar_data_init3             0xac25   0x28  Code  Gb  data_init.o [4]
__iar_program_start          0xace9         Code  Gb  cstartup_M.o [4]
__iar_zero_init3             0xabb9   0x3c  Code  Gb  zero_init3.o [4]
__low_level_init             0x7d31    0xa  Code  Gb  adc.o [1]
__vector_table               0x5000         Data  Gb  cstartup_M_KEAZN64.o [1]
_call_main                   0xac7d         Code  Gb  cmain.o [4]
_exit                        0xac99         Code  Gb  cexit.o [4]
_main                        0xac8b         Code  Gb  cmain.o [4]
boot_jump_to_APP             0x6fdd    0x8  Code  Gb  adc.o [1]
boot_key                0x2000'02c8    0x4  Data  Gb  adc.o [1]
boot_seed               0x2000'02c4    0x4  Data  Gb  adc.o [1]
boot_status_flag        0x2000'034f    0x1  Data  Gb  adc.o [1]
boot_up_ret             0x2000'02fc    0x2  Data  Gb  adc.o [1]
diagnostic_Session      0x2000'034c    0x1  Data  Gb  adc.o [1]
diagnostic_Session_flg  0x2000'034e    0x1  Data  Gb  adc.o [1]
diagnostic_Session_pre  0x2000'034d    0x1  Data  Gb  adc.o [1]
diagnostic_Session_timer
                        0x2000'02fa    0x2  Data  Gb  adc.o [1]
exit                         0xac8f    0x8  Code  Gb  exit.o [2]
frame_index             0x2000'034b    0x1  Data  Gb  adc.o [1]
frame_signal_error      0x2000'034a    0x1  Data  Gb  adc.o [1]
get_adc                      0x50db   0x16  Code  Gb  adc.o [1]
get_adc_times                0x50f1   0x32  Code  Gb  adc.o [1]
l_ifc_init                   0x6017    0x8  Code  Gb  adc.o [1]
l_sys_init                   0x600d    0xa  Code  Gb  adc.o [1]
ld_get_raw                   0x6499    0xc  Code  Gb  adc.o [1]
ld_read_by_id_callout        0x5fdd   0x30  Code  Gb  adc.o [1]
ld_receive_message           0x64d1  0x13c  Code  Gb  adc.o [1]
lin_bus_activity_timeout
                             0x6301    0xe  Code  Gb  adc.o [1]
lin_checksum                 0x5bbf   0x3e  Code  Gb  adc.o [1]
lin_condittional_change_nad
                             0x756d   0x60  Code  Gb  adc.o [1]
lin_configuration_RAM   0x2000'00f8    0x8  Data  Gb  adc.o [1]
lin_configured_NAD      0x2000'010c    0x1  Data  Gb  adc.o [1]
lin_diag_services_flag  0x2000'0298    0xc  Data  Gb  adc.o [1]
lin_diag_services_supported
                             0xacdc    0xc  Data  Gb  adc.o [1]
lin_diagservice_assign_frame_id_range
                             0x7489   0x9c  Code  Gb  adc.o [1]
lin_diagservice_read_by_identifier
                             0x7525   0x48  Code  Gb  adc.o [1]
lin_diagservice_read_data_by_identifier
                             0x71b5   0xc0  Code  Gb  adc.o [1]
lin_diagservice_service_securityaccess
                             0x7105   0xa8  Code  Gb  adc.o [1]
lin_diagservice_session_control
                             0x6fe5   0xd2  Code  Gb  adc.o [1]
lin_diagservice_session_state
                             0x6f95   0x36  Code  Gb  adc.o [1]
lin_diagservice_write_data_by_identifier
                             0x7291  0x1f0  Code  Gb  adc.o [1]
lin_diagsrv_functional_service
                             0x75d1    0xe  Code  Gb  adc.o [1]
lin_error_in_response   0x2000'033f    0x1  Data  Gb  adc.o [1]
lin_flag_handle_tbl     0x2000'02a4    0x8  Data  Gb  adc.o [1]
lin_frame_flag_tbl      0x2000'02ac    0x8  Data  Gb  adc.o [1]
lin_frame_tbl                0xab7c   0x3c  Data  Gb  adc.o [1]
lin_get_frame_index          0x63ad   0x2a  Code  Gb  adc.o [1]
lin_goto_idle_state          0x7951   0x26  Code  Gb  adc.o [1]
lin_goto_sleep_flg      0x2000'0340    0x1  Data  Gb  adc.o [1]
lin_handle_error             0x6275   0x76  Code  Gb  adc.o [1]
lin_initial_NAD              0xac97    0x1  Data  Gb  adc.o [1]
lin_lld_ignore_response
                             0x5add    0x8  Code  Gb  adc.o [1]
lin_lld_init                 0x5ad1    0xc  Code  Gb  adc.o [1]
lin_lld_response_buffer
                        0x2000'028c    0xc  Data  Gb  adc.o [1]
lin_lld_rx_response          0x5b41    0xc  Code  Gb  adc.o [1]
lin_lld_set_low_power_mode
                             0x5ae5    0x8  Code  Gb  adc.o [1]
lin_lld_set_response         0x5aed   0x20  Code  Gb  adc.o [1]
lin_lld_timer_K_init         0x76cd   0x48  Code  Gb  adc.o [1]
lin_lld_timer_init           0x5bfd    0x8  Code  Gb  adc.o [1]
lin_lld_timer_isr            0x7719    0x8  Code  Gb  adc.o [1]
lin_lld_uart_ignore_response
                             0x77a5    0x8  Code  Gb  adc.o [1]
lin_lld_uart_init            0x7721   0x76  Code  Gb  adc.o [1]
lin_lld_uart_rx_isr          0x79c5  0x366  Code  Gb  adc.o [1]
lin_lld_uart_rx_response
                             0x77b9   0x1a  Code  Gb  adc.o [1]
lin_lld_uart_set_low_power_mode
                             0x77ad    0x8  Code  Gb  adc.o [1]
lin_lld_uart_timeout         0x7851   0xfc  Code  Gb  adc.o [1]
lin_lld_uart_tx_response
                             0x77e9   0x30  Code  Gb  adc.o [1]
lin_make_res_diag_frame
                             0x63a5    0x8  Code  Gb  adc.o [1]
lin_make_res_evnt_frame
                             0x76a5   0x1e  Code  Gb  adc.o [1]
lin_max_frame_res_timeout_val
                             0xaccc   0x10  Data  Gb  adc.o [1]
lin_pFrameBuf           0x2000'00c0   0x18  Data  Gb  adc.o [1]
lin_pid_response_callback_handler
                             0x6049   0x54  Code  Gb  adc.o [1]
lin_process_parity           0x5b4d   0x72  Code  Gb  adc.o [1]
lin_process_pid              0x609d   0xc4  Code  Gb  adc.o [1]
lin_process_uncd_frame       0x63e5   0x88  Code  Gb  adc.o [1]
lin_save_configuration_flg
                        0x2000'0341    0x1  Data  Gb  adc.o [1]
lin_successful_transfer
                        0x2000'033e    0x1  Data  Gb  adc.o [1]
lin_tl_attach_service        0x6d51  0x126  Code  Gb  adc.o [1]
lin_tl_get_pdu               0x6a55   0x30  Code  Gb  adc.o [1]
lin_tl_handler               0x6c45   0xe6  Code  Gb  adc.o [1]
lin_tl_make_slaveres_pdu
                             0x6615  0x432  Code  Gb  adc.o [1]
lin_tl_rx_queue         0x2000'00e8   0x10  Data  Gb  adc.o [1]
lin_tl_tx_queue         0x2000'00d8   0x10  Data  Gb  adc.o [1]
lin_update_err_signal        0x766d   0x32  Code  Gb  adc.o [1]
lin_update_rx                0x6175   0x72  Code  Gb  adc.o [1]
lin_update_rx_diag_frame
                             0x6389   0x1c  Code  Gb  adc.o [1]
lin_update_tx                0x61f5   0x7c  Code  Gb  adc.o [1]
lin_update_tx_flags          0x630f   0x74  Code  Gb  adc.o [1]
lin_update_word_status_lin21
                             0x7629   0x3a  Code  Gb  adc.o [1]
lin_word_status         0x2000'02f2    0x2  Data  Gb  adc.o [1]
main                         0x7d6d  0x164  Code  Gb  adc.o [1]
message_cnt                  0x5c35   0x30  Code  Gb  adc.o [1]
product_id                   0xacfc    0x8  Data  Gb  adc.o [1]
rand                         0xaa2d   0xec  Code  Gb  rand.o [2]
read_data_from_EEPROM        0x57a9   0x96  Code  Gb  adc.o [1]
response_error               0xaca2    0x1  Data  Gb  adc.o [1]
response_error_bit_offset
                             0xac96    0x1  Data  Gb  adc.o [1]
response_error_byte_offset
                             0xab2f    0x1  Data  Gb  adc.o [1]
tl_check_timeout        0x2000'02f8    0x2  Data  Gb  adc.o [1]
tl_check_timeout_type   0x2000'0344    0x1  Data  Gb  adc.o [1]
tl_diag_state           0x2000'0345    0x1  Data  Gb  adc.o [1]
tl_frame_counter        0x2000'0343    0x1  Data  Gb  adc.o [1]
tl_get_raw                   0x6f09   0x8c  Code  Gb  adc.o [1]
tl_no_of_pdu            0x2000'0342    0x1  Data  Gb  adc.o [1]
tl_put_raw                   0x6e95   0x74  Code  Gb  adc.o [1]
tl_receive_msg_status   0x2000'0346    0x1  Data  Gb  adc.o [1]
tl_rx_msg_status        0x2000'0347    0x1  Data  Gb  adc.o [1]
tl_rx_queue_data        0x2000'0218   0x30  Data  Gb  adc.o [1]
tl_service_status       0x2000'010d    0x1  Data  Gb  adc.o [1]
tl_slaveresp_cnt        0x2000'0349    0x1  Data  Gb  adc.o [1]
tl_tx_msg_index         0x2000'02f4    0x2  Data  Gb  adc.o [1]
tl_tx_msg_size          0x2000'02f6    0x2  Data  Gb  adc.o [1]
tl_tx_msg_status        0x2000'0348    0x1  Data  Gb  adc.o [1]
tl_tx_queue_data        0x2000'01e8   0x30  Data  Gb  adc.o [1]
u16_Battery_Volt        0x2000'032c    0x2  Data  Gb  adc.o [1]
u16_Brightness_FW       0x2000'0308    0x2  Data  Gb  adc.o [1]
u16_DC_Comp_Value       0x2000'02ec    0x4  Data  Gb  adc.o [1]
u16_DC_PD_dt            0x2000'02d8    0x4  Data  Gb  adc.o [1]
u16_DC_checkValue       0x2000'0326    0x2  Data  Gb  adc.o [1]
u16_Delta_DC_aft_A      0x2000'030e    0x2  Data  Gb  adc.o [1]
u16_Delta_DC_aft_B      0x2000'0312    0x2  Data  Gb  adc.o [1]
u16_Delta_DC_bre_A      0x2000'030c    0x2  Data  Gb  adc.o [1]
u16_Delta_DC_bre_B      0x2000'0310    0x2  Data  Gb  adc.o [1]
u16_Dt_PD               0x2000'02e0    0x4  Data  Gb  adc.o [1]
u16_PDA_Wmax            0x2000'031e    0x2  Data  Gb  adc.o [1]
u16_PDB_Wmax            0x2000'0320    0x2  Data  Gb  adc.o [1]
u16_Pd_Measure_Value    0x2000'030a    0x2  Data  Gb  adc.o [1]
u16_Ref_Adc_A           0x2000'0328    0x2  Data  Gb  adc.o [1]
u16_Ref_Adc_B           0x2000'032a    0x2  Data  Gb  adc.o [1]
u16_SPD_Vehicle         0x2000'0306    0x2  Data  Gb  adc.o [1]
u16_Save_DC_aft_A       0x2000'0316    0x2  Data  Gb  adc.o [1]
u16_Save_DC_aft_B       0x2000'031a    0x2  Data  Gb  adc.o [1]
u16_Save_DC_bre_A       0x2000'0314    0x2  Data  Gb  adc.o [1]
u16_Save_DC_bre_B       0x2000'0318    0x2  Data  Gb  adc.o [1]
u8_Automatic_On_Cnt     0x2000'0373    0x1  Data  Gb  adc.o [1]
u8_Battery_status       0x2000'0377    0x1  Data  Gb  adc.o [1]
u8_Brightness_IR        0x2000'0354    0x1  Data  Gb  adc.o [1]
u8_Brightness_IR_Right  0x2000'0355    0x1  Data  Gb  adc.o [1]
u8_ClearEnternIntSpeedCnt
                        0x2000'0361    0x1  Data  Gb  adc.o [1]
u8_Cmd_Execution        0x2000'0356    0x1  Data  Gb  adc.o [1]
u8_EnterLowSpeedCnt     0x2000'0369    0x1  Data  Gb  adc.o [1]
u8_ExitLowSpeedCnt      0x2000'0364    0x1  Data  Gb  adc.o [1]
u8_HighHoldCnt          0x2000'0367    0x1  Data  Gb  adc.o [1]
u8_HighSpeedHoldCnt     0x2000'0368    0x1  Data  Gb  adc.o [1]
u8_IntDelayTimer        0x2000'0366    0x1  Data  Gb  adc.o [1]
u8_IntSpeedCnt          0x2000'0365    0x1  Data  Gb  adc.o [1]
u8_IntSpeedEnterCnt     0x2000'0362    0x1  Data  Gb  adc.o [1]
u8_LightOnTimer         0x2000'0370    0x1  Data  Gb  adc.o [1]
u8_LowSpeedCnt          0x2000'0363    0x1  Data  Gb  adc.o [1]
u8_MeasureSureTime      0x2000'035f    0x1  Data  Gb  adc.o [1]
u8_MsgCounter           0x2000'033b    0x1  Data  Gb  adc.o [1]
u8_PD_State             0x2000'031c    0x2  Data  Gb  adc.o [1]
u8_RLS_StopMsureFlg     0x2000'0360    0x1  Data  Gb  adc.o [1]
u8_RainIntensity        0x2000'0322    0x2  Data  Gb  adc.o [1]
u8_RainIntensityPre     0x2000'0324    0x2  Data  Gb  adc.o [1]
u8_RainIntensity_Max    0x2000'035d    0x1  Data  Gb  adc.o [1]
u8_RainIntensity_Win    0x2000'02dc    0x4  Data  Gb  adc.o [1]
u8_Rain_Delta           0x2000'036f    0x1  Data  Gb  adc.o [1]
u8_Rain_Invalid_Cnt     0x2000'035e    0x1  Data  Gb  adc.o [1]
u8_Rain_Sensitivity     0x2000'0352    0x1  Data  Gb  adc.o [1]
u8_Rain_SensitivityPre  0x2000'0376    0x1  Data  Gb  adc.o [1]
u8_Rain_Valid           0x2000'036a    0x1  Data  Gb  adc.o [1]
u8_Rain_Value           0x2000'036b    0x1  Data  Gb  adc.o [1]
u8_SensitivityUpCnt     0x2000'0374    0x1  Data  Gb  adc.o [1]
u8_SensitivityUpFlg     0x2000'0375    0x1  Data  Gb  adc.o [1]
u8_Wipe_Automatic_On_Flg
                        0x2000'0371    0x1  Data  Gb  adc.o [1]
u8_Wipe_Automatic_On_Pre
                        0x2000'0372    0x1  Data  Gb  adc.o [1]
u8_WiperSpeed           0x2000'036d    0x1  Data  Gb  adc.o [1]
u8_WiperSpeed_Expert    0x2000'036c    0x1  Data  Gb  adc.o [1]
u8_Wiper_State          0x2000'0357    0x1  Data  Gb  adc.o [1]
u8_Wiper_StatePre       0x2000'0358    0x1  Data  Gb  adc.o [1]
u8_Wiper_StatePre_Int   0x2000'0359    0x1  Data  Gb  adc.o [1]
u8_Wiper_StatePre_Int_Cnt
                        0x2000'035a    0x1  Data  Gb  adc.o [1]
u8_auto_roof_rain_measure_sleep_flg
                        0x2000'0387    0x1  Data  Gb  adc.o [1]
u8_high_voltage_cnt     0x2000'037b    0x1  Data  Gb  adc.o [1]
u8_light_on_invent_req  0x2000'037d    0x1  Data  Gb  adc.o [1]
u8_light_on_req         0x2000'037c    0x1  Data  Gb  adc.o [1]
u8_lin_cmd_sleep        0x2000'0386    0x1  Data  Gb  adc.o [1]
u8_low_voltage_cnt      0x2000'037a    0x1  Data  Gb  adc.o [1]
u8_polling_mode_enter   0x2000'0380    0x1  Data  Gb  adc.o [1]
u8_rain_state_polling_flg
                        0x2000'0385    0x1  Data  Gb  adc.o [1]
u8_twilight_on_invent_req
                        0x2000'037f    0x1  Data  Gb  adc.o [1]
u8_twilight_on_req      0x2000'037e    0x1  Data  Gb  adc.o [1]
u8_wakeup_bcm_cnt_sleep_flg
                        0x2000'0388    0x1  Data  Gb  adc.o [1]
u8_wakeup_bcm_timer     0x2000'0382    0x1  Data  Gb  adc.o [1]
u8_wakeup_cnt           0x2000'0383    0x1  Data  Gb  adc.o [1]
u8_wakeup_timer         0x2000'0381    0x1  Data  Gb  adc.o [1]
uds_calc_key                 0x70bd   0x44  Code  Gb  adc.o [1]
write_data_from_EEPROM       0x55a9  0x1fc  Code  Gb  adc.o [1]


[1] = C:\Users\ae-bk-067\Desktop\IAR_WX13481\Debug\Obj
[2] = dl6M_tln.a
[3] = m6M_tl.a
[4] = rt6M_tl.a
[5] = shb_l.a

  23 571 bytes of readonly  code memory
     517 bytes of readonly  data memory
   1 415 bytes of readwrite data memory

Errors: none
Warnings: none
