###############################################################################
#
# IAR ELF Linker V8.32.1.169/W32 for ARM                  24/Dec/2019  11:39:39
# Copyright 2007-2018 IAR Systems AB.
#
#    Output file  =  C:\Users\ae-bk-067\Desktop\iar_boot\Debug\Exe\RLS.out
#    Map file     =  C:\Users\ae-bk-067\Desktop\iar_boot\Debug\List\RLS.map
#    Command line =  
#        -f C:\Users\AE-BK-~1\AppData\Local\Temp\EW1A9F.tmp
#        (C:\Users\ae-bk-067\Desktop\iar_boot\Debug\Obj\clock.o
#        C:\Users\ae-bk-067\Desktop\iar_boot\Debug\Obj\cstartup_M_KEAZN64.o
#        C:\Users\ae-bk-067\Desktop\iar_boot\Debug\Obj\eeprom.o
#        C:\Users\ae-bk-067\Desktop\iar_boot\Debug\Obj\gpio.o
#        C:\Users\ae-bk-067\Desktop\iar_boot\Debug\Obj\lin.o
#        C:\Users\ae-bk-067\Desktop\iar_boot\Debug\Obj\lin_cfg.o
#        C:\Users\ae-bk-067\Desktop\iar_boot\Debug\Obj\lin_common_api.o
#        C:\Users\ae-bk-067\Desktop\iar_boot\Debug\Obj\lin_common_proto.o
#        C:\Users\ae-bk-067\Desktop\iar_boot\Debug\Obj\lin_commontl_api.o
#        C:\Users\ae-bk-067\Desktop\iar_boot\Debug\Obj\lin_commontl_proto.o
#        C:\Users\ae-bk-067\Desktop\iar_boot\Debug\Obj\lin_diagnostic_service.o
#        C:\Users\ae-bk-067\Desktop\iar_boot\Debug\Obj\lin_isr.o
#        C:\Users\ae-bk-067\Desktop\iar_boot\Debug\Obj\lin_lin21_api.o
#        C:\Users\ae-bk-067\Desktop\iar_boot\Debug\Obj\lin_lin21_proto.o
#        C:\Users\ae-bk-067\Desktop\iar_boot\Debug\Obj\lin_lin21tl_api.o
#        C:\Users\ae-bk-067\Desktop\iar_boot\Debug\Obj\lin_lld_timesrv.o
#        C:\Users\ae-bk-067\Desktop\iar_boot\Debug\Obj\lin_lld_uart.o
#        C:\Users\ae-bk-067\Desktop\iar_boot\Debug\Obj\low_level_init.o
#        C:\Users\ae-bk-067\Desktop\iar_boot\Debug\Obj\main.o
#        --no_out_extension -o
#        C:\Users\ae-bk-067\Desktop\iar_boot\Debug\Exe\RLS.out --redirect
#        _Printf=_PrintfFullNoMb --redirect _Scanf=_ScanfFullNoMb --map
#        C:\Users\ae-bk-067\Desktop\iar_boot\Debug\List\RLS.map --config
#        "C:\Program Files (x86)\IAR Systems\Embedded Workbench
#        8.2\arm\config\linker\NXP\KEAZN64xxx2.icf" --semihosting --entry
#        __iar_program_start --vfe --text_out locale)
#
###############################################################################

*******************************************************************************
*** RUNTIME MODEL ATTRIBUTES
***

CppFlavor       = *
__SystemLibrary = DLib
__dlib_version  = 6


*******************************************************************************
*** HEAP SELECTION
***

The basic heap was selected because some modules are built with
size limitations (and not runtime checking), and --advanced_heap
was not specified.


*******************************************************************************
*** PLACEMENT SUMMARY
***

"A0":  place at 0x5000 { ro section .intvec };
"P2":  place in [from 0x410 to 0x3ff] { ro };
define block CSTACK with size = 512, alignment = 8 { };
define block HEAP with size = 512, alignment = 8 { };
"P3":  place in [from 0x1fff'fc00 to 0x1fff'ffff] |
                [from 0x2000'0000 to 0x2000'0bff] {
          rw, block CSTACK, block HEAP };
initialize by copy { rw };

No sections matched the following patterns:

  section .eeprom      in "P4"
  section FlashConfig  in "P1"


  Section            Kind         Address    Size  Object
  -------            ----         -------    ----  ------
"A0":                                        0xb4
  .intvec            ro code       0x5000    0xb4  cstartup_M_KEAZN64.o [1]
                                 - 0x50b4    0xb4

"P2":                                      0x2830
  .text              ro code       0x50b4  0x2294  clock.o [1]
  .text              ro code       0x7348    0xe0  I32DivModFast.o [4]
  .text              ro code       0x7428   0x100  rand.o [2]
  .text              ro code       0x7528    0x20  IxxToDbl.o [3]
  .text              ro code       0x7548   0x1a8  DblAddSub.o [3]
  .text              ro code       0x76f0    0x2e  DblToI32.o [3]
  .text              ro code       0x771e     0x2  cstartup_M_KEAZN64.o [1]
  .text              ro code       0x7720     0x2  IntDivZer.o [4]
  .rodata            const         0x7722     0x1  clock.o [1]
  .rodata            const         0x7723     0x1  clock.o [1]
  .rodata            const         0x7724    0x48  clock.o [1]
  .text              ro code       0x776c    0x3c  zero_init3.o [4]
  .text              ro code       0x77a8    0x30  copy_init3.o [4]
  .text              ro code       0x77d8    0x28  data_init.o [4]
  .iar.init_table    const         0x7800    0x24  - Linker created -
  .text              ro code       0x7824    0x1e  cmain.o [4]
  .text              ro code       0x7842     0x8  exit.o [2]
  .rodata            const         0x784a     0x1  clock.o [1]
  .rodata            const         0x784b     0x1  clock.o [1]
  .text              ro code       0x784c     0xa  cexit.o [4]
  .text              ro code       0x7858    0x14  exit.o [5]
  .rodata            const         0x786c    0x10  clock.o [1]
  .text              ro code       0x787c     0xc  cstartup_M.o [4]
  .rodata            const         0x7888     0x8  clock.o [1]
  .rodata            const         0x7890     0x0  zero_init3.o [4]
  .rodata            const         0x7890     0x0  copy_init3.o [4]
  Initializer bytes  const         0x7890    0x54  <for P3 s0>
                                 - 0x78e4  0x2830

"P3", part 1 of 3:                           0x54
  P3 s0                       0x2000'0000    0x54  <Init block>
    .data            inited   0x2000'0000    0x14  clock.o [1]
    .data            inited   0x2000'0014    0x10  clock.o [1]
    .data            inited   0x2000'0024    0x10  clock.o [1]
    .data            inited   0x2000'0034     0x8  clock.o [1]
    .data            inited   0x2000'003c     0x8  rand.o [2]
    .data            inited   0x2000'0044     0x4  clock.o [1]
    .data            inited   0x2000'0048     0x4  clock.o [1]
    .data            inited   0x2000'004c     0x1  clock.o [1]
    .data            inited   0x2000'004d     0x1  clock.o [1]
    .data            inited   0x2000'004e     0x1  clock.o [1]
    .data            inited   0x2000'004f     0x1  clock.o [1]
    .data            inited   0x2000'0050     0x1  clock.o [1]
                            - 0x2000'0054    0x54

"P3", part 2 of 3:                          0x21c
  .bss               zero     0x2000'0054    0x84  rand.o [2]
  .bss               zero     0x2000'00d8    0x64  clock.o [1]
  .bss               zero     0x2000'013c    0x64  clock.o [1]
  .bss               zero     0x2000'01a0    0x30  clock.o [1]
  .bss               zero     0x2000'01d0    0x30  clock.o [1]
  .bss               zero     0x2000'0200     0xc  clock.o [1]
  .bss               zero     0x2000'020c     0x8  clock.o [1]
  .bss               zero     0x2000'0214     0x8  clock.o [1]
  .bss               zero     0x2000'021c     0x8  clock.o [1]
  .bss               zero     0x2000'0224     0x4  clock.o [1]
  .bss               zero     0x2000'0228     0x4  clock.o [1]
  .bss               zero     0x2000'022c     0x4  clock.o [1]
  .bss               zero     0x2000'0230     0x4  clock.o [1]
  .bss               zero     0x2000'0234     0x4  clock.o [1]
  .bss               zero     0x2000'0238     0x2  clock.o [1]
  .bss               zero     0x2000'023a     0x2  clock.o [1]
  .bss               zero     0x2000'023c     0x2  clock.o [1]
  .bss               zero     0x2000'023e     0x2  clock.o [1]
  .bss               zero     0x2000'0240     0x2  clock.o [1]
  .bss               zero     0x2000'0242     0x2  clock.o [1]
  .bss               zero     0x2000'0244     0x2  clock.o [1]
  .bss               zero     0x2000'0246     0x2  clock.o [1]
  .bss               zero     0x2000'0248     0x2  clock.o [1]
  .bss               zero     0x2000'024a     0x2  clock.o [1]
  .bss               zero     0x2000'024c     0x2  clock.o [1]
  .bss               zero     0x2000'024e     0x2  clock.o [1]
  .bss               zero     0x2000'0250     0x2  clock.o [1]
  .bss               zero     0x2000'0252     0x2  clock.o [1]
  .bss               zero     0x2000'0254     0x2  clock.o [1]
  .bss               zero     0x2000'0256     0x1  clock.o [1]
  .bss               zero     0x2000'0257     0x1  clock.o [1]
  .bss               zero     0x2000'0258     0x1  clock.o [1]
  .bss               zero     0x2000'0259     0x1  clock.o [1]
  .bss               zero     0x2000'025a     0x1  clock.o [1]
  .bss               zero     0x2000'025b     0x1  clock.o [1]
  .bss               zero     0x2000'025c     0x1  clock.o [1]
  .bss               zero     0x2000'025d     0x1  clock.o [1]
  .bss               zero     0x2000'025e     0x1  clock.o [1]
  .bss               zero     0x2000'025f     0x1  clock.o [1]
  .bss               zero     0x2000'0260     0x1  clock.o [1]
  .bss               zero     0x2000'0261     0x1  clock.o [1]
  .bss               zero     0x2000'0262     0x1  clock.o [1]
  .bss               zero     0x2000'0263     0x1  clock.o [1]
  .bss               zero     0x2000'0264     0x1  clock.o [1]
  .bss               zero     0x2000'0265     0x1  clock.o [1]
  .bss               zero     0x2000'0266     0x1  clock.o [1]
  .bss               zero     0x2000'0267     0x1  clock.o [1]
  .bss               zero     0x2000'0268     0x1  clock.o [1]
  .bss               zero     0x2000'0269     0x1  clock.o [1]
  .bss               zero     0x2000'026a     0x1  clock.o [1]
  .bss               zero     0x2000'026b     0x1  clock.o [1]
  .bss               zero     0x2000'026c     0x1  clock.o [1]
  .bss               zero     0x2000'026d     0x1  clock.o [1]
                            - 0x2000'026e   0x21a

"P3", part 3 of 3:                          0x200
  CSTACK                      0x2000'0270   0x200  <Block>
    CSTACK           uninit   0x2000'0270   0x200  <Block tail>
                            - 0x2000'0470   0x200

Unused ranges:

         From           To         Size
         ----           --         ----
        0x410       0x4fff       0x4bf0
       0x78e4  0x1fff'ffff  0x1fff'871c
  0x2000'0470        0x3ff  0xdfff'ff90


*******************************************************************************
*** INIT TABLE
***

          Address      Size
          -------      ----
Zero (__iar_zero_init3)
    1 destination range, total size 0x21a:
          0x2000'0054  0x21a

Copy (__iar_copy_init3)
    1 source range, total size 0x54 (103% of destination):
               0x7890   0x54
    1 destination range, total size 0x51:
          0x2000'0000   0x51



*******************************************************************************
*** MODULE SUMMARY
***

    Module                ro code  ro data  rw data
    ------                -------  -------  -------
command line/config:
    -----------------------------------------------
    Total:

C:\Users\ae-bk-067\Desktop\iar_boot\Debug\Obj: [1]
    clock.o                 8 852      173      479
    cstartup_M_KEAZN64.o      182
    -----------------------------------------------
    Total:                  9 034      173      479

dl6M_tln.a: [2]
    exit.o                      8
    rand.o                    256        8      140
    -----------------------------------------------
    Total:                    264        8      140

m6M_tl.a: [3]
    DblAddSub.o               424
    DblToI32.o                 46
    IxxToDbl.o                 32
    -----------------------------------------------
    Total:                    502

rt6M_tl.a: [4]
    I32DivModFast.o           224
    IntDivZer.o                 2
    cexit.o                    10
    cmain.o                    30
    copy_init3.o               48
    cstartup_M.o               12
    data_init.o                40
    zero_init3.o               60
    -----------------------------------------------
    Total:                    426

shb_l.a: [5]
    exit.o                     20
    -----------------------------------------------
    Total:                     20

    Gaps                        2
    Linker created                      39      512
---------------------------------------------------
    Grand Total:           10 248      220    1 131


*******************************************************************************
*** ENTRY LIST
***

Entry                       Address   Size  Type      Object
-----                       -------   ----  ----      ------
.iar.init_table$$Base        0x7800          --   Gb  - Linker created -
.iar.init_table$$Limit       0x7824          --   Gb  - Linker created -
?main                        0x7825         Code  Gb  cmain.o [4]
APP_check_value         0x2000'0044    0x4  Data  Gb  clock.o [1]
CSTACK$$Base            0x2000'0270          --   Gb  - Linker created -
CSTACK$$Limit           0x2000'0470          --   Gb  - Linker created -
Clk_Init                     0x50b5   0x4c  Code  Gb  clock.o [1]
EEPROM_EraseSector           0x548d   0x68  Code  Gb  clock.o [1]
EEPROM_ProgramWord           0x54f9   0x78  Code  Gb  clock.o [1]
FLASH_EraseSector            0x517f   0x74  Code  Gb  clock.o [1]
FLASH_Init                   0x5111   0x6e  Code  Gb  clock.o [1]
FLASH_LaunchCMD              0x51f3   0x22  Code  Gb  clock.o [1]
FLASH_Program                0x52f1   0xd2  Code  Gb  clock.o [1]
FLASH_Program1LongWord       0x53f1   0x92  Code  Gb  clock.o [1]
FLASH_Program2LongWords
                             0x5215   0xb2  Code  Gb  clock.o [1]
FTM1_IRQHandler              0x6ad5   0x36  Code  Gb  clock.o [1]
GPIO_Init                    0x5823   0x20  Code  Gb  clock.o [1]
LI0_response_error_signal
                             0x7722    0x1  Data  Gb  clock.o [1]
Lin_Sys_Init                 0x71f5   0x48  Code  Gb  clock.o [1]
Region$$Table$$Base          0x7800          --   Gb  - Linker created -
Region$$Table$$Limit         0x7824          --   Gb  - Linker created -
Strart_next_rx               0x7195   0x1e  Code  Gb  clock.o [1]
UART0_SCI0_IRQHandler        0x6acd    0x8  Code  Gb  clock.o [1]
WDOG_Feed                    0x5101   0x10  Code  Gb  clock.o [1]
_Rand_idx               0x2000'00d4    0x4  Data  Lc  rand.o [2]
_Rand_rv                0x2000'0054   0x80  Data  Lc  rand.o [2]
_Randinit               0x2000'003c    0x1  Data  Gb  rand.o [2]
_Randseed               0x2000'0040    0x4  Data  Gb  rand.o [2]
__aeabi_d2uiz                0x76f1         Code  Gb  DblToI32.o [3]
__aeabi_dadd                 0x7549         Code  Gb  DblAddSub.o [3]
__aeabi_idiv                 0x7375         Code  Gb  I32DivModFast.o [4]
__aeabi_idiv0                0x7721         Code  Gb  IntDivZer.o [4]
__aeabi_idivmod              0x7375         Code  Gb  I32DivModFast.o [4]
__aeabi_ui2d                 0x7529         Code  Gb  IxxToDbl.o [3]
__aeabi_uidiv                0x737b         Code  Gb  I32DivModFast.o [4]
__aeabi_uidivmod             0x737b         Code  Gb  I32DivModFast.o [4]
__cmain                      0x7825         Code  Gb  cmain.o [4]
__exit                       0x7859   0x14  Code  Gb  exit.o [5]
__iar_copy_init3             0x77a9   0x30  Code  Gb  copy_init3.o [4]
__iar_d2uiz                  0x76f5         Code  Gb  DblToI32.o [3]
__iar_data_init3             0x77d9   0x28  Code  Gb  data_init.o [4]
__iar_program_start          0x787d         Code  Gb  cstartup_M.o [4]
__iar_zero_init3             0x776d   0x3c  Code  Gb  zero_init3.o [4]
__low_level_init             0x71b3   0x22  Code  Gb  clock.o [1]
__vector_table               0x5000         Data  Gb  cstartup_M_KEAZN64.o [1]
_call_main                   0x7831         Code  Gb  cmain.o [4]
_exit                        0x784d         Code  Gb  cexit.o [4]
_main                        0x783f         Code  Gb  cmain.o [4]
boot_APP_check               0x64dd   0x44  Code  Gb  clock.o [1]
boot_Var_init                0x71d9   0x12  Code  Gb  clock.o [1]
boot_flashdata_cn       0x2000'0244    0x2  Data  Gb  clock.o [1]
boot_flashdata_last_cn  0x2000'0246    0x2  Data  Gb  clock.o [1]
boot_jump_to_APP             0x7271    0x8  Code  Gb  clock.o [1]
boot_key                0x2000'022c    0x4  Data  Gb  clock.o [1]
boot_rx_ok_id           0x2000'026d    0x1  Data  Gb  clock.o [1]
boot_seed               0x2000'0228    0x4  Data  Gb  clock.o [1]
boot_status_flag        0x2000'026c    0x1  Data  Gb  clock.o [1]
boot_sysinit                 0x723d   0x12  Code  Gb  clock.o [1]
boot_up_check                0x6525   0x60  Code  Gb  clock.o [1]
boot_up_ret             0x2000'0252    0x2  Data  Gb  clock.o [1]
boot_write_flash        0x2000'00d8   0x64  Data  Gb  clock.o [1]
data_cn1                0x2000'0267    0x1  Data  Gb  clock.o [1]
data_cn2                0x2000'0268    0x1  Data  Gb  clock.o [1]
diagnostic_Session      0x2000'0264    0x1  Data  Gb  clock.o [1]
diagnostic_Session_flg  0x2000'0266    0x1  Data  Gb  clock.o [1]
diagnostic_Session_pre  0x2000'0265    0x1  Data  Gb  clock.o [1]
diagnostic_Session_timer
                        0x2000'0240    0x2  Data  Gb  clock.o [1]
exit                         0x7843    0x8  Code  Gb  exit.o [2]
frame_index             0x2000'0263    0x1  Data  Gb  clock.o [1]
frame_signal_error      0x2000'0262    0x1  Data  Gb  clock.o [1]
l_ifc_init                   0x595f    0x8  Code  Gb  clock.o [1]
l_sys_init                   0x5955    0xa  Code  Gb  clock.o [1]
ld_get_raw                   0x5d59    0xc  Code  Gb  clock.o [1]
ld_receive_message           0x5d91  0x13c  Code  Gb  clock.o [1]
lin_bus_activity_timeout
                             0x5bc1    0xe  Code  Gb  clock.o [1]
lin_checksum                 0x590f   0x3e  Code  Gb  clock.o [1]
lin_configuration_RAM   0x2000'0034    0x8  Data  Gb  clock.o [1]
lin_configured_NAD      0x2000'004c    0x1  Data  Gb  clock.o [1]
lin_diag_services_flag  0x2000'021c    0x8  Data  Gb  clock.o [1]
lin_diag_services_supported
                             0x7888    0x8  Data  Gb  clock.o [1]
lin_diagservice_exit_transfer
                             0x6a6d   0x52  Code  Gb  clock.o [1]
lin_diagservice_read_data_by_identifier
                             0x666f   0x4e  Code  Gb  clock.o [1]
lin_diagservice_request_download
                             0x67b5   0x84  Code  Gb  clock.o [1]
lin_diagservice_service_securityaccess
                             0x6701   0xa2  Code  Gb  clock.o [1]
lin_diagservice_service_trigger_check
                             0x69cd   0xa0  Code  Gb  clock.o [1]
lin_diagservice_session_control
                             0x6595   0xda  Code  Gb  clock.o [1]
lin_diagservice_transfer_data
                             0x6845  0x17a  Code  Gb  clock.o [1]
lin_diagservice_transfer_data::length
                        0x2000'0248    0x2  Data  Lc  clock.o [1]
lin_error_in_response   0x2000'0257    0x1  Data  Gb  clock.o [1]
lin_flag_handle_tbl     0x2000'020c    0x8  Data  Gb  clock.o [1]
lin_frame_flag_tbl      0x2000'0214    0x8  Data  Gb  clock.o [1]
lin_frame_tbl                0x7724   0x48  Data  Gb  clock.o [1]
lin_get_frame_index          0x5c6d   0x2a  Code  Gb  clock.o [1]
lin_goto_idle_state          0x6e35   0x26  Code  Gb  clock.o [1]
lin_goto_sleep_flg      0x2000'0258    0x1  Data  Gb  clock.o [1]
lin_handle_error             0x5b35   0x76  Code  Gb  clock.o [1]
lin_lld_ignore_response
                             0x5859    0x8  Code  Gb  clock.o [1]
lin_lld_init                 0x584d    0xc  Code  Gb  clock.o [1]
lin_lld_response_buffer
                        0x2000'0200    0xc  Data  Gb  clock.o [1]
lin_lld_rx_response          0x5891    0xc  Code  Gb  clock.o [1]
lin_lld_set_low_power_mode
                             0x5861    0x8  Code  Gb  clock.o [1]
lin_lld_set_response         0x5869   0x20  Code  Gb  clock.o [1]
lin_lld_timer_K_init         0x6bb5   0x48  Code  Gb  clock.o [1]
lin_lld_timer_init           0x594d    0x8  Code  Gb  clock.o [1]
lin_lld_timer_isr            0x6bfd    0x8  Code  Gb  clock.o [1]
lin_lld_uart_ignore_response
                             0x6c81    0x8  Code  Gb  clock.o [1]
lin_lld_uart_init            0x6c05   0x76  Code  Gb  clock.o [1]
lin_lld_uart_rx_isr          0x6ea9  0x2de  Code  Gb  clock.o [1]
lin_lld_uart_rx_response
                             0x6c9d   0x1a  Code  Gb  clock.o [1]
lin_lld_uart_set_low_power_mode
                             0x6c89    0x8  Code  Gb  clock.o [1]
lin_lld_uart_timeout         0x6d35   0xfa  Code  Gb  clock.o [1]
lin_lld_uart_tx_response
                             0x6cc9   0x30  Code  Gb  clock.o [1]
lin_make_res_diag_frame
                             0x5c65    0x8  Code  Gb  clock.o [1]
lin_make_res_evnt_frame
                             0x6b91   0x1e  Code  Gb  clock.o [1]
lin_max_frame_res_timeout_val
                             0x786c   0x10  Data  Gb  clock.o [1]
lin_pFrameBuf           0x2000'0000   0x14  Data  Gb  clock.o [1]
lin_process_parity           0x589d   0x72  Code  Gb  clock.o [1]
lin_process_pid              0x5967   0xc4  Code  Gb  clock.o [1]
lin_process_uncd_frame       0x5ca5   0x88  Code  Gb  clock.o [1]
lin_save_configuration_flg
                        0x2000'0259    0x1  Data  Gb  clock.o [1]
lin_successful_transfer
                        0x2000'0256    0x1  Data  Gb  clock.o [1]
lin_tl_attach_service        0x62e5   0xec  Code  Gb  clock.o [1]
lin_tl_get_pdu               0x601b   0x30  Code  Gb  clock.o [1]
lin_tl_handler               0x61fd   0xbc  Code  Gb  clock.o [1]
lin_tl_make_slaveres_pdu
                             0x5ed5  0x146  Code  Gb  clock.o [1]
lin_tl_rx_queue         0x2000'0024   0x10  Data  Gb  clock.o [1]
lin_tl_tx_queue         0x2000'0014   0x10  Data  Gb  clock.o [1]
lin_update_err_signal        0x6b53   0x32  Code  Gb  clock.o [1]
lin_update_rx                0x5a39   0x76  Code  Gb  clock.o [1]
lin_update_rx_diag_frame
                             0x5c43   0x1c  Code  Gb  clock.o [1]
lin_update_tx                0x5ab5   0x7c  Code  Gb  clock.o [1]
lin_update_tx_flags          0x5bcf   0x74  Code  Gb  clock.o [1]
lin_update_word_status_lin21
                             0x6b19   0x3a  Code  Gb  clock.o [1]
lin_word_status         0x2000'0238    0x2  Data  Gb  clock.o [1]
main                         0x7279   0x8c  Code  Gb  clock.o [1]
rand                         0x7429   0xec  Code  Gb  rand.o [2]
read_data_from_EEPROM        0x578d   0x96  Code  Gb  clock.o [1]
response_error               0x784b    0x1  Data  Gb  clock.o [1]
response_error_bit_offset
                             0x784a    0x1  Data  Gb  clock.o [1]
response_error_byte_offset
                             0x7723    0x1  Data  Gb  clock.o [1]
service_flash_read      0x2000'013c   0x64  Data  Gb  clock.o [1]
tl_check_timeout        0x2000'023e    0x2  Data  Gb  clock.o [1]
tl_check_timeout_type   0x2000'025c    0x1  Data  Gb  clock.o [1]
tl_diag_state           0x2000'025d    0x1  Data  Gb  clock.o [1]
tl_frame_counter        0x2000'025b    0x1  Data  Gb  clock.o [1]
tl_get_raw                   0x6451   0x8c  Code  Gb  clock.o [1]
tl_no_of_pdu            0x2000'025a    0x1  Data  Gb  clock.o [1]
tl_put_raw                   0x63dd   0x74  Code  Gb  clock.o [1]
tl_receive_msg_status   0x2000'025e    0x1  Data  Gb  clock.o [1]
tl_rx_msg_status        0x2000'025f    0x1  Data  Gb  clock.o [1]
tl_rx_queue_data        0x2000'01d0   0x30  Data  Gb  clock.o [1]
tl_service_status       0x2000'004d    0x1  Data  Gb  clock.o [1]
tl_slaveresp_cnt        0x2000'0261    0x1  Data  Gb  clock.o [1]
tl_tx_msg_index         0x2000'023a    0x2  Data  Gb  clock.o [1]
tl_tx_msg_size          0x2000'023c    0x2  Data  Gb  clock.o [1]
tl_tx_msg_status        0x2000'0260    0x1  Data  Gb  clock.o [1]
tl_tx_queue_data        0x2000'01a0   0x30  Data  Gb  clock.o [1]
u16Err_1                0x2000'0254    0x2  Data  Gb  clock.o [1]
uds_calc_key                 0x66bd   0x44  Code  Gb  clock.o [1]
updata_flash_ID         0x2000'0224    0x4  Data  Gb  clock.o [1]
updata_length           0x2000'0242    0x2  Data  Gb  clock.o [1]
write_data_from_EEPROM       0x558d  0x1fc  Code  Gb  clock.o [1]


[1] = C:\Users\ae-bk-067\Desktop\iar_boot\Debug\Obj
[2] = dl6M_tln.a
[3] = m6M_tl.a
[4] = rt6M_tl.a
[5] = shb_l.a

  10 248 bytes of readonly  code memory
     220 bytes of readonly  data memory
   1 131 bytes of readwrite data memory

Errors: none
Warnings: none
