###############################################################################
#
# IAR ELF Linker V8.40.2.214/W32 for ARM                  09/Dec/2019  16:26:06
# Copyright 2007-2019 IAR Systems AB.
#
#    Output file  =
#        C:\Users\xujj\Desktop\IAR_bootloader\IAR_bootloader\Debug\Exe\RLS.out
#    Map file     =
#        C:\Users\xujj\Desktop\IAR_bootloader\IAR_bootloader\Debug\List\RLS.map
#    Command line =
#        -f C:\Users\xujj\AppData\Local\Temp\EW3D15.tmp
#        (C:\Users\xujj\Desktop\IAR_bootloader\IAR_bootloader\Debug\Obj\clock.o
#        C:\Users\xujj\Desktop\IAR_bootloader\IAR_bootloader\Debug\Obj\cstartup_M_KEAZN64.o
#        C:\Users\xujj\Desktop\IAR_bootloader\IAR_bootloader\Debug\Obj\eeprom.o
#        C:\Users\xujj\Desktop\IAR_bootloader\IAR_bootloader\Debug\Obj\gpio.o
#        C:\Users\xujj\Desktop\IAR_bootloader\IAR_bootloader\Debug\Obj\lin.o
#        C:\Users\xujj\Desktop\IAR_bootloader\IAR_bootloader\Debug\Obj\lin_cfg.o
#        C:\Users\xujj\Desktop\IAR_bootloader\IAR_bootloader\Debug\Obj\lin_common_api.o
#        C:\Users\xujj\Desktop\IAR_bootloader\IAR_bootloader\Debug\Obj\lin_common_proto.o
#        C:\Users\xujj\Desktop\IAR_bootloader\IAR_bootloader\Debug\Obj\lin_commontl_api.o
#        C:\Users\xujj\Desktop\IAR_bootloader\IAR_bootloader\Debug\Obj\lin_commontl_proto.o
#        C:\Users\xujj\Desktop\IAR_bootloader\IAR_bootloader\Debug\Obj\lin_diagnostic_service.o
#        C:\Users\xujj\Desktop\IAR_bootloader\IAR_bootloader\Debug\Obj\lin_isr.o
#        C:\Users\xujj\Desktop\IAR_bootloader\IAR_bootloader\Debug\Obj\lin_lin21_api.o
#        C:\Users\xujj\Desktop\IAR_bootloader\IAR_bootloader\Debug\Obj\lin_lin21_proto.o
#        C:\Users\xujj\Desktop\IAR_bootloader\IAR_bootloader\Debug\Obj\lin_lin21tl_api.o
#        C:\Users\xujj\Desktop\IAR_bootloader\IAR_bootloader\Debug\Obj\lin_lld_timesrv.o
#        C:\Users\xujj\Desktop\IAR_bootloader\IAR_bootloader\Debug\Obj\lin_lld_uart.o
#        C:\Users\xujj\Desktop\IAR_bootloader\IAR_bootloader\Debug\Obj\low_level_init.o
#        C:\Users\xujj\Desktop\IAR_bootloader\IAR_bootloader\Debug\Obj\main.o
#        --no_out_extension -o
#        C:\Users\xujj\Desktop\IAR_bootloader\IAR_bootloader\Debug\Exe\RLS.out
#        --redirect _Printf=_PrintfFullNoMb --redirect _Scanf=_ScanfFullNoMb
#        --map
#        C:\Users\xujj\Desktop\IAR_bootloader\IAR_bootloader\Debug\List\RLS.map
#        --config "C:\Program Files (x86)\IAR Systems\Embedded Workbench
#        8.3\arm\config\linker\NXP\KEAZN64xxx2.icf" --semihosting --entry
#        __iar_program_start --vfe --text_out locale)
#
###############################################################################

*******************************************************************************
*** RUNTIME MODEL ATTRIBUTES
***

CppFlavor       = *
__SystemLibrary = DLib
__dlib_version  = 6


*******************************************************************************
*** HEAP SELECTION
***

The basic heap was selected because some modules are built with
size limitations (and not runtime checking), and --advanced_heap
was not specified.


*******************************************************************************
*** PLACEMENT SUMMARY
***

"A0":  place at address 0x0 { ro section .intvec };
"P2":  place in [from 0x0 to 0x3ff] |
                [from 0x410 to 0xffff] { ro };
define block CSTACK with size = 512, alignment = 8 { };
define block HEAP with size = 512, alignment = 8 { };
"P3":  place in [from 0x1fff'fc00 to 0x1fff'ffff] |
                [from 0x2000'0000 to 0x2000'0bff] {
          rw, block CSTACK, block HEAP };
initialize by copy { rw };

No sections matched the following patterns:

  section .eeprom      in "P4"
  section FlashConfig  in "P1"


  Section            Kind         Address    Size  Object
  -------            ----         -------    ----  ------
"A0":                                        0xb4
  .intvec            ro code          0x0    0xb4  cstartup_M_KEAZN64.o [1]
                                   - 0xb4    0xb4

"P2", part 1 of 2:                          0x18c
  .text              ro code         0xb4    0xe0  I32DivModFast.o [4]
  Initializer bytes  const          0x194    0xac  <for P3 s0>
                                  - 0x240   0x18c

"P2", part 2 of 2:                         0x20e4
  .text              ro code        0x410  0x1cd0  clock.o [1]
  .text              ro code       0x20e0    0x14  memset.o [4]
  .text              ro code       0x20f4    0x4e  ABImemcpy.o [4]
  .text              ro code       0x2142     0x2  cstartup_M_KEAZN64.o [1]
  .text              ro code       0x2144    0x20  IxxToDbl.o [3]
  .text              ro code       0x2164   0x1a8  DblAddSub.o [3]
  .text              ro code       0x230c    0x2e  DblToI32.o [3]
  .rodata            const         0x233a     0x1  clock.o [1]
  .text              ro code       0x233c     0x2  IntDivZer.o [4]
  .text              ro code       0x2340    0x4e  ABImemset.o [4]
  .rodata            const         0x2390    0x48  clock.o [1]
  .text              ro code       0x23d8    0x3c  zero_init3.o [4]
  .text              ro code       0x2414    0x30  copy_init3.o [4]
  .text              ro code       0x2444    0x28  data_init.o [4]
  .iar.init_table    const         0x246c    0x24  - Linker created -
  .text              ro code       0x2490    0x1e  cmain.o [4]
  .text              ro code       0x24ae     0x8  exit.o [2]
  .text              ro code       0x24b8     0xa  cexit.o [4]
  .text              ro code       0x24c4    0x14  exit.o [5]
  .rodata            const         0x24d8    0x10  clock.o [1]
  .text              ro code       0x24e8     0xc  cstartup_M.o [4]
  .rodata            const         0x24f4     0x0  zero_init3.o [4]
  .rodata            const         0x24f4     0x0  copy_init3.o [4]
                                 - 0x24f4  0x20e4

"P3", part 1 of 3:                           0xac
  P3 s0                       0x1fff'fc00    0xac  <Init block>
    .data            inited   0x1fff'fc00    0x44  clock.o [1]
    .data            inited   0x1fff'fc44    0x1c  clock.o [1]
    .data            inited   0x1fff'fc60    0x1a  clock.o [1]
    .data            inited   0x1fff'fc7c    0x18  clock.o [1]
    .data            inited   0x1fff'fc94    0x14  clock.o [1]
    .data            inited   0x1fff'fca8     0x4  clock.o [1]
                            - 0x1fff'fcac    0xac

"P3", part 2 of 3:                           0xd0
  .bss               zero     0x1fff'fcac    0x3a  clock.o [1]
  .bss               zero     0x1fff'fce8    0x34  clock.o [1]
  .bss               zero     0x1fff'fd1c    0x30  clock.o [1]
  .bss               zero     0x1fff'fd4c    0x30  clock.o [1]
                            - 0x1fff'fd7c    0xd0

"P3", part 3 of 3:                          0x200
  CSTACK                      0x1fff'fd80   0x200  <Block>
    CSTACK           uninit   0x1fff'fd80   0x200  <Block tail>
                            - 0x1fff'ff80   0x200

Unused ranges:

         From           To    Size
         ----           --    ----
        0x240        0x3ff   0x1c0
       0x24f4       0xffff  0xdb0c
  0x1fff'fd7c  0x1fff'fd7f     0x4
  0x1fff'ff80  0x1fff'ffff    0x80
  0x2000'0000  0x2000'0bff   0xc00


*******************************************************************************
*** INIT TABLE
***

          Address      Size
          -------      ----
Zero (__iar_zero_init3)
    1 destination range, total size 0xd0:
          0x1fff'fcac  0xd0

Copy (__iar_copy_init3)
    1 source range, total size 0xac:
                0x194  0xac
    1 destination range, total size 0xac:
          0x1fff'fc00  0xac



*******************************************************************************
*** MODULE SUMMARY
***

    Module                ro code  ro data  rw data
    ------                -------  -------  -------
command line/config:
    -----------------------------------------------
    Total:

C:\Users\xujj\Desktop\IAR_bootloader\IAR_bootloader\Debug\Obj: [1]
    clock.o                 7'376      261      376
    cstartup_M_KEAZN64.o      182
    -----------------------------------------------
    Total:                  7'558      261      376

dl6M_tln.a: [2]
    exit.o                      8
    -----------------------------------------------
    Total:                      8

m6M_tl.a: [3]
    DblAddSub.o               424
    DblToI32.o                 46
    IxxToDbl.o                 32
    -----------------------------------------------
    Total:                    502

rt6M_tl.a: [4]
    ABImemcpy.o                78
    ABImemset.o                78
    I32DivModFast.o           224
    IntDivZer.o                 2
    cexit.o                    10
    cmain.o                    30
    copy_init3.o               48
    cstartup_M.o               12
    data_init.o                40
    memset.o                   20
    zero_init3.o               60
    -----------------------------------------------
    Total:                    602

shb_l.a: [5]
    exit.o                     20
    -----------------------------------------------
    Total:                     20

    Gaps                        7        2        4
    Linker created                      36      512
---------------------------------------------------
    Grand Total:            8'697      299      892


*******************************************************************************
*** ENTRY LIST
***

Entry                       Address   Size  Type      Object
-----                       -------   ----  ----      ------
.iar.init_table$$Base        0x246c          --   Gb  - Linker created -
.iar.init_table$$Limit       0x2490          --   Gb  - Linker created -
?main                        0x2491         Code  Gb  cmain.o [4]
APP_check_value         0x1fff'fca8    0x4  Data  Gb  clock.o [1]
CSTACK$$Base            0x1fff'fd80          --   Gb  - Linker created -
CSTACK$$Limit           0x1fff'ff80          --   Gb  - Linker created -
Clk_Init                      0x411   0x3c  Code  Gb  clock.o [1]
DRIVE_flag              0x1fff'fc20    0x1  Data  Gb  clock.o [1]
EEPROM_EraseSector            0x709   0x68  Code  Gb  clock.o [1]
EEPROM_ProgramWord            0x779   0x74  Code  Gb  clock.o [1]
FLASH_EraseSector             0x4b3   0x72  Code  Gb  clock.o [1]
FLASH_Init                    0x45d   0x56  Code  Gb  clock.o [1]
FLASH_Program                 0x5c1   0x8c  Code  Gb  clock.o [1]
FLASH_Program1LongWord        0x669   0x84  Code  Gb  clock.o [1]
FLASH_Program2LongWords
                              0x525   0x9c  Code  Gb  clock.o [1]
FTM1_IRQHandler              0x1b23   0x30  Code  Gb  clock.o [1]
GPIO_Init                     0xa79   0x1e  Code  Gb  clock.o [1]
LI0_response_error_signal
                             0x233a    0x1  Data  Gb  clock.o [1]
Lin_Sys_Init                 0x1ffd   0x22  Code  Gb  clock.o [1]
Region$$Table$$Base          0x246c          --   Gb  - Linker created -
Region$$Table$$Limit         0x2490          --   Gb  - Linker created -
UART0_SCI0_IRQHandler        0x1b1b    0x8  Code  Gb  clock.o [1]
WDOG_Feed                     0x44d   0x10  Code  Gb  clock.o [1]
__aeabi_d2uiz                0x230d         Code  Gb  DblToI32.o [3]
__aeabi_dadd                 0x2165         Code  Gb  DblAddSub.o [3]
__aeabi_idiv                   0xe1         Code  Gb  I32DivModFast.o [4]
__aeabi_idiv0                0x233d         Code  Gb  IntDivZer.o [4]
__aeabi_idivmod                0xe1         Code  Gb  I32DivModFast.o [4]
__aeabi_memcpy               0x2129         Code  Gb  ABImemcpy.o [4]
__aeabi_memcpy4              0x20f5         Code  Gb  ABImemcpy.o [4]
__aeabi_memcpy8              0x20f5         Code  Gb  ABImemcpy.o [4]
__aeabi_memset               0x2341         Code  Gb  ABImemset.o [4]
__aeabi_ui2d                 0x2145         Code  Gb  IxxToDbl.o [3]
__aeabi_uidiv                  0xe7         Code  Gb  I32DivModFast.o [4]
__aeabi_uidivmod               0xe7         Code  Gb  I32DivModFast.o [4]
__cmain                      0x2491         Code  Gb  cmain.o [4]
__exit                       0x24c5   0x14  Code  Gb  exit.o [5]
__iar_Memcpy                 0x2135         Code  Gb  ABImemcpy.o [4]
__iar_Memset4_word           0x2361         Code  Gb  ABImemset.o [4]
__iar_Memset_word            0x234d         Code  Gb  ABImemset.o [4]
__iar_copy_init3             0x2415   0x30  Code  Gb  copy_init3.o [4]
__iar_d2uiz                  0x2311         Code  Gb  DblToI32.o [3]
__iar_data_init3             0x2445   0x28  Code  Gb  data_init.o [4]
__iar_program_start          0x24e9         Code  Gb  cstartup_M.o [4]
__iar_zero_init3             0x23d9   0x3c  Code  Gb  zero_init3.o [4]
__low_level_init             0x1fc5   0x1c  Code  Gb  clock.o [1]
__vector_table                  0x0         Data  Gb  cstartup_M_KEAZN64.o [1]
_call_main                   0x249d         Code  Gb  cmain.o [4]
_exit                        0x24b9         Code  Gb  cexit.o [4]
_main                        0x24ab         Code  Gb  cmain.o [4]
boot_APP_check                0xa15   0x4a  Code  Gb  clock.o [1]
boot_Var_init                0x1fe1   0x16  Code  Gb  clock.o [1]
boot_eraser_flag        0x1fff'fc74    0x1  Data  Gb  clock.o [1]
boot_flashdata_cn       0x1fff'fc30    0x2  Data  Gb  clock.o [1]
boot_flashdata_last_cn  0x1fff'fce4    0x2  Data  Gb  clock.o [1]
boot_reboot             0x1fff'fc76    0x1  Data  Gb  clock.o [1]
boot_up_check                 0xa5f   0x1a  Code  Gb  clock.o [1]
boot_write_flash        0x1fff'fce8   0x34  Data  Gb  clock.o [1]
data_cn1                0x1fff'fcac    0x1  Data  Gb  clock.o [1]
data_cn2                0x1fff'fcad    0x1  Data  Gb  clock.o [1]
diagnostic_Session      0x1fff'fc6c    0x1  Data  Gb  clock.o [1]
diagnostic_Session_flg  0x1fff'fc6e    0x1  Data  Gb  clock.o [1]
diagnostic_Session_pre  0x1fff'fc6d    0x1  Data  Gb  clock.o [1]
diagnostic_Session_timer
                        0x1fff'fc2e    0x2  Data  Gb  clock.o [1]
exit                         0x24af    0x8  Code  Gb  exit.o [2]
frame_index             0x1fff'fc1f    0x1  Data  Gb  clock.o [1]
frame_signal_error      0x1fff'fc4e    0x1  Data  Gb  clock.o [1]
ld_get_raw                    0xddd    0xc  Code  Gb  clock.o [1]
ld_receive_message            0xdf9   0xfe  Code  Gb  clock.o [1]
lin_checksum                  0xb07   0x30  Code  Gb  clock.o [1]
lin_configuration_RAM   0x1fff'fc44    0x8  Data  Gb  clock.o [1]
lin_configured_NAD      0x1fff'fc12    0x1  Data  Gb  clock.o [1]
lin_diag_services_flag  0x1fff'fc8c    0x8  Data  Gb  clock.o [1]
lin_diagservice_exit_transfer
                             0x1a39   0xe2  Code  Gb  clock.o [1]
lin_diagservice_read_data_by_identifier
                             0x1461   0x3e  Code  Gb  clock.o [1]
lin_diagservice_request_download
                             0x14d1  0x148  Code  Gb  clock.o [1]
lin_diagservice_service_securityaccess
                             0x149f   0x32  Code  Gb  clock.o [1]
lin_diagservice_service_trigger_check
                             0x1805  0x22e  Code  Gb  clock.o [1]
lin_diagservice_session_control
                             0x13d3   0x8e  Code  Gb  clock.o [1]
lin_diagservice_transfer_data
                             0x161d  0x1e0  Code  Gb  clock.o [1]
lin_error_in_response   0x1fff'fc10    0x1  Data  Gb  clock.o [1]
lin_flag_handle_tbl     0x1fff'fc50    0x8  Data  Gb  clock.o [1]
lin_frame_flag_tbl      0x1fff'fc58    0x8  Data  Gb  clock.o [1]
lin_frame_tbl                0x2390   0x48  Data  Gb  clock.o [1]
lin_get_frame_index           0xd33   0x38  Code  Gb  clock.o [1]
lin_goto_idle_state          0x1d61   0x20  Code  Gb  clock.o [1]
lin_goto_sleep_flg      0x1fff'fc11    0x1  Data  Gb  clock.o [1]
lin_handle_error              0xc7d   0x50  Code  Gb  clock.o [1]
lin_lld_response_buffer
                        0x1fff'fc60    0xc  Data  Gb  clock.o [1]
lin_lld_set_response          0xaa1   0x18  Code  Gb  clock.o [1]
lin_lld_timer_K_init         0x1bc5   0x44  Code  Gb  clock.o [1]
lin_lld_uart_init            0x1c09   0x4a  Code  Gb  clock.o [1]
lin_lld_uart_rx_isr          0x1dad  0x218  Code  Gb  clock.o [1]
lin_lld_uart_rx_response
                             0x1c53   0x14  Code  Gb  clock.o [1]
lin_lld_uart_timeout         0x1ca9   0xb4  Code  Gb  clock.o [1]
lin_lld_uart_tx_response
                             0x1c71   0x26  Code  Gb  clock.o [1]
lin_make_res_evnt_frame
                             0x1ba9   0x18  Code  Gb  clock.o [1]
lin_max_frame_res_timeout_val
                             0x24d8   0x10  Data  Gb  clock.o [1]
lin_pFrameBuf           0x1fff'fc94   0x14  Data  Gb  clock.o [1]
lin_process_parity            0xab9   0x4e  Code  Gb  clock.o [1]
lin_process_pid               0xb37   0x88  Code  Gb  clock.o [1]
lin_process_uncd_frame        0xd71   0x64  Code  Gb  clock.o [1]
lin_save_configuration_flg
                        0x1fff'fc4d    0x1  Data  Gb  clock.o [1]
lin_successful_transfer
                        0x1fff'fc4c    0x1  Data  Gb  clock.o [1]
lin_tl_attach_service        0x11b5   0x9c  Code  Gb  clock.o [1]
lin_tl_get_pdu               0x101d   0x1a  Code  Gb  clock.o [1]
lin_tl_handler               0x1041  0x174  Code  Gb  clock.o [1]
lin_tl_make_slaveres_pdu
                              0xef7  0x126  Code  Gb  clock.o [1]
lin_tl_rx_queue         0x1fff'fc7c   0x10  Data  Gb  clock.o [1]
lin_tl_tx_queue         0x1fff'fc00   0x10  Data  Gb  clock.o [1]
lin_update_err_signal        0x1b87   0x22  Code  Gb  clock.o [1]
lin_update_rx                 0xbc9   0x4c  Code  Gb  clock.o [1]
lin_update_rx_diag_frame
                              0xd17   0x1c  Code  Gb  clock.o [1]
lin_update_tx                 0xc19   0x58  Code  Gb  clock.o [1]
lin_update_tx_flags           0xcd1   0x46  Code  Gb  clock.o [1]
lin_update_word_status_lin21
                             0x1b59   0x2e  Code  Gb  clock.o [1]
lin_word_status         0x1fff'fc22    0x2  Data  Gb  clock.o [1]
main                         0x202d   0x84  Code  Gb  clock.o [1]
memset                       0x20e1   0x14  Code  Gb  memset.o [4]
read_data_from_EEPROM         0x99d   0x74  Code  Gb  clock.o [1]
service_flash_read      0x1fff'fcb0   0x34  Data  Gb  clock.o [1]
tl_check_timeout        0x1fff'fc2c    0x2  Data  Gb  clock.o [1]
tl_check_timeout_type   0x1fff'fc18    0x1  Data  Gb  clock.o [1]
tl_diag_state           0x1fff'fc19    0x1  Data  Gb  clock.o [1]
tl_frame_counter        0x1fff'fc17    0x1  Data  Gb  clock.o [1]
tl_get_raw                   0x132f   0xa4  Code  Gb  clock.o [1]
tl_last_RSID            0x1fff'fc14    0x1  Data  Gb  clock.o [1]
tl_last_cfg_result      0x1fff'fc13    0x1  Data  Gb  clock.o [1]
tl_ld_error_code        0x1fff'fc15    0x1  Data  Gb  clock.o [1]
tl_no_of_pdu            0x1fff'fc16    0x1  Data  Gb  clock.o [1]
tl_put_raw                   0x1261   0xce  Code  Gb  clock.o [1]
tl_receive_msg_status   0x1fff'fc1b    0x1  Data  Gb  clock.o [1]
tl_rx_msg_index         0x1fff'fc24    0x2  Data  Gb  clock.o [1]
tl_rx_msg_size          0x1fff'fc26    0x2  Data  Gb  clock.o [1]
tl_rx_msg_status        0x1fff'fc1c    0x1  Data  Gb  clock.o [1]
tl_rx_queue_data        0x1fff'fd4c   0x30  Data  Gb  clock.o [1]
tl_service_status       0x1fff'fc1a    0x1  Data  Gb  clock.o [1]
tl_slaveresp_cnt        0x1fff'fc1e    0x1  Data  Gb  clock.o [1]
tl_tx_msg_index         0x1fff'fc28    0x2  Data  Gb  clock.o [1]
tl_tx_msg_size          0x1fff'fc2a    0x2  Data  Gb  clock.o [1]
tl_tx_msg_status        0x1fff'fc1d    0x1  Data  Gb  clock.o [1]
tl_tx_queue_data        0x1fff'fd1c   0x30  Data  Gb  clock.o [1]
tx_ok                   0x1fff'fc75    0x1  Data  Gb  clock.o [1]
u16Err_1                0x1fff'fc78    0x2  Data  Gb  clock.o [1]
updata_flash_ID         0x1fff'fc38    0x2  Data  Gb  clock.o [1]
updata_length           0x1fff'fc3a    0x2  Data  Gb  clock.o [1]
write_data_from_EEPROM        0x7f1  0x19e  Code  Gb  clock.o [1]


[1] = C:\Users\xujj\Desktop\IAR_bootloader\IAR_bootloader\Debug\Obj
[2] = dl6M_tln.a
[3] = m6M_tl.a
[4] = rt6M_tl.a
[5] = shb_l.a

  8'697 bytes of readonly  code memory
    299 bytes of readonly  data memory
    892 bytes of readwrite data memory

Errors: none
Warnings: none
